../Core/Src/_ADCn_INx_NF.c:248:6:init_ADC1_IN1_struct	4	static
../Core/Src/_ADCn_INx_NF.c:262:6:init_ADC1_IN1_FO_biquad_filter	8	static
../Core/Src/_ADCn_INx_NF.c:273:6:update_ADC1_IN1_FO_biquad_filter	8	static
../Core/Src/_ADCn_INx_NF.c:281:6:init_ADC1_IN2_struct	4	static
../Core/Src/_ADCn_INx_NF.c:296:6:init_ADC1_IN2_FO_biquad_filter	8	static
../Core/Src/_ADCn_INx_NF.c:307:6:update_ADC1_IN2_FO_biquad_filter	8	static
../Core/Src/_ADCn_INx_NF.c:315:6:init_ADC2_IN3_struct	4	static
../Core/Src/_ADCn_INx_NF.c:330:6:init_ADC2_IN3_FO_biquad_filter	8	static
../Core/Src/_ADCn_INx_NF.c:341:6:update_ADC2_IN3_FO_biquad_filter	8	static
../Core/Src/_ADCn_INx_NF.c:349:6:init_ADC2_IN4_struct	4	static
../Core/Src/_ADCn_INx_NF.c:364:6:init_ADC2_IN4_FO_biquad_filter	8	static
../Core/Src/_ADCn_INx_NF.c:375:6:update_ADC2_IN4_FO_biquad_filter	8	static
../Core/Src/_ADCn_INx_NF.c:383:6:init_ADC3_IN1_struct	4	static
../Core/Src/_ADCn_INx_NF.c:397:6:init_ADC3_IN1_FO_biquad_filter	8	static
../Core/Src/_ADCn_INx_NF.c:408:6:update_ADC3_IN1_FO_biquad_filter	8	static
../Core/Src/_ADCn_INx_NF.c:416:6:init_ADC3_IN2_struct	4	static
../Core/Src/_ADCn_INx_NF.c:430:6:init_ADC3_IN2_FO_biquad_filter	8	static
../Core/Src/_ADCn_INx_NF.c:441:6:update_ADC3_IN2_FO_biquad_filter	8	static
