../Core/Src/_ADCn_INx_NF.c:249:6:init_ADC1_IN1_struct	4	static
../Core/Src/_ADCn_INx_NF.c:255:6:init_ADC1_IN1_FO_biquad_filter	8	static
../Core/Src/_ADCn_INx_NF.c:266:6:update_ADC1_IN1_FO_biquad_filter	8	static
../Core/Src/_ADCn_INx_NF.c:273:6:init_ADC1_IN2_struct	4	static
../Core/Src/_ADCn_INx_NF.c:279:6:init_ADC1_IN2_FO_biquad_filter	8	static
../Core/Src/_ADCn_INx_NF.c:290:6:update_ADC1_IN2_FO_biquad_filter	8	static
../Core/Src/_ADCn_INx_NF.c:297:6:init_ADC2_IN3_struct	4	static
../Core/Src/_ADCn_INx_NF.c:303:6:init_ADC2_IN3_FO_biquad_filter	8	static
../Core/Src/_ADCn_INx_NF.c:314:6:update_ADC2_IN3_FO_biquad_filter	8	static
../Core/Src/_ADCn_INx_NF.c:322:6:init_ADC2_IN4_struct	4	static
../Core/Src/_ADCn_INx_NF.c:328:6:init_ADC2_IN4_FO_biquad_filter	8	static
../Core/Src/_ADCn_INx_NF.c:339:6:update_ADC2_IN4_FO_biquad_filter	8	static
../Core/Src/_ADCn_INx_NF.c:347:6:init_ADC3_IN1_struct	4	static
../Core/Src/_ADCn_INx_NF.c:353:6:init_ADC3_IN1_FO_biquad_filter	8	static
../Core/Src/_ADCn_INx_NF.c:364:6:update_ADC3_IN1_FO_biquad_filter	8	static
../Core/Src/_ADCn_INx_NF.c:372:6:init_ADC3_IN2_struct	4	static
../Core/Src/_ADCn_INx_NF.c:378:6:init_ADC3_IN2_FO_biquad_filter	8	static
../Core/Src/_ADCn_INx_NF.c:389:6:update_ADC3_IN2_FO_biquad_filter	8	static
