../Core/Src/main.c:122:5:main	32	static
../Core/Src/main.c:330:6:SystemClock_Config	88	static
../Core/Src/main.c:376:13:MX_ADC1_Init	56	static
../Core/Src/main.c:453:13:MX_ADC2_Init	40	static
../Core/Src/main.c:521:13:MX_ADC3_Init	40	static
../Core/Src/main.c:589:13:MX_FMAC_Init	8	static
../Core/Src/main.c:615:13:MX_TIM6_Init	24	static
../Core/Src/main.c:653:13:MX_TIM7_Init	24	static
../Core/Src/main.c:691:13:MX_TIM20_Init	40	static
../Core/Src/main.c:737:13:MX_DMA_Init	24	static
../Core/Src/main.c:763:13:MX_GPIO_Init	24	static
../Core/Src/main.c:779:25:HAL_ADC_ConvHalfCpltCallback	16	static
../Core/Src/main.c:812:25:HAL_ADC_ConvCpltCallback	16	static
../Core/Src/main.c:852:6:Error_Handler	4	static,ignoring_inline_asm
