../Core/Src/main.c:207:5:main	32	static
../Core/Src/main.c:423:6:SystemClock_Config	88	static
../Core/Src/main.c:469:13:MX_ADC1_Init	56	static
../Core/Src/main.c:546:13:MX_ADC2_Init	40	static
../Core/Src/main.c:614:13:MX_ADC3_Init	40	static
../Core/Src/main.c:682:13:MX_DAC1_Init	56	static
../Core/Src/main.c:737:13:MX_FMAC_Init	8	static
../Core/Src/main.c:763:13:MX_TIM6_Init	24	static
../Core/Src/main.c:801:13:MX_TIM7_Init	24	static
../Core/Src/main.c:839:13:MX_TIM20_Init	40	static
../Core/Src/main.c:885:13:MX_DMA_Init	24	static
../Core/Src/main.c:917:13:MX_GPIO_Init	48	static
../Core/Src/main.c:950:6:EXT12_IRQHandler	56	static
../Core/Src/main.c:1098:6:HAL_GPIO_EXTI_Callback	16	static
../Core/Src/main.c:1113:25:HAL_ADC_ConvHalfCpltCallback	16	static
../Core/Src/main.c:1146:25:HAL_ADC_ConvCpltCallback	16	static
../Core/Src/main.c:1186:6:Error_Handler	4	static,ignoring_inline_asm
