../Core/Src/_ADCn_INx_NF.c:247:6:init_ADC1_IN1_struct	4	static
../Core/Src/_ADCn_INx_NF.c:253:6:init_ADC1_IN1_FO_biquad_filter	8	static
../Core/Src/_ADCn_INx_NF.c:264:6:update_ADC1_IN1_FO_biquad_filter	8	static
../Core/Src/_ADCn_INx_NF.c:271:6:init_ADC1_IN2_struct	4	static
../Core/Src/_ADCn_INx_NF.c:277:6:init_ADC1_IN2_FO_biquad_filter	8	static
../Core/Src/_ADCn_INx_NF.c:288:6:update_ADC1_IN2_FO_biquad_filter	8	static
../Core/Src/_ADCn_INx_NF.c:295:6:init_ADC2_IN3_struct	4	static
../Core/Src/_ADCn_INx_NF.c:301:6:init_ADC2_IN3_FO_biquad_filter	8	static
../Core/Src/_ADCn_INx_NF.c:312:6:update_ADC2_IN3_FO_biquad_filter	8	static
../Core/Src/_ADCn_INx_NF.c:320:6:init_ADC2_IN4_struct	4	static
../Core/Src/_ADCn_INx_NF.c:326:6:init_ADC2_IN4_FO_biquad_filter	8	static
../Core/Src/_ADCn_INx_NF.c:337:6:update_ADC2_IN4_FO_biquad_filter	8	static
../Core/Src/_ADCn_INx_NF.c:345:6:init_ADC3_IN1_struct	4	static
../Core/Src/_ADCn_INx_NF.c:351:6:init_ADC3_IN1_FO_biquad_filter	8	static
../Core/Src/_ADCn_INx_NF.c:362:6:update_ADC3_IN1_FO_biquad_filter	8	static
../Core/Src/_ADCn_INx_NF.c:370:6:init_ADC3_IN2_struct	4	static
../Core/Src/_ADCn_INx_NF.c:376:6:init_ADC3_IN2_FO_biquad_filter	8	static
../Core/Src/_ADCn_INx_NF.c:387:6:update_ADC3_IN2_FO_biquad_filter	8	static
