Archive member included to satisfy reference by file (symbol)

C:\Users\moshte\Desktop\moshte\Firmware projects\CubeIDE\Workspace\semgdaq_\Drivers\CMSIS\Lib\GCC\libarm_cortexM4lf_math.a(arm_biquad_cascade_df2t_f32.o)
                              ./Core/Src/_ADCn_INx_NF.o (arm_biquad_cascade_df2T_f32)
C:\Users\moshte\Desktop\moshte\Firmware projects\CubeIDE\Workspace\semgdaq_\Drivers\CMSIS\Lib\GCC\libarm_cortexM4lf_math.a(arm_biquad_cascade_df2t_init_f32.o)
                              ./Core/Src/_ADCn_INx_NF.o (arm_biquad_cascade_df2T_init_f32)
C:/ST/STM32CubeIDE_1.14.0/STM32CubeIDE/plugins/com.st.stm32cube.ide.mcu.externaltools.gnu-tools-for-stm32.11.3.rel1.win32_1.1.100.202309141235/tools/bin/../lib/gcc/arm-none-eabi/11.3.1/../../../../arm-none-eabi/lib/thumb/v7e-m+fp/hard\libc_nano.a(libc_a-exit.o)
                              C:/ST/STM32CubeIDE_1.14.0/STM32CubeIDE/plugins/com.st.stm32cube.ide.mcu.externaltools.gnu-tools-for-stm32.11.3.rel1.win32_1.1.100.202309141235/tools/bin/../lib/gcc/arm-none-eabi/11.3.1/../../../../arm-none-eabi/lib/thumb/v7e-m+fp/hard/crt0.o (exit)
C:/ST/STM32CubeIDE_1.14.0/STM32CubeIDE/plugins/com.st.stm32cube.ide.mcu.externaltools.gnu-tools-for-stm32.11.3.rel1.win32_1.1.100.202309141235/tools/bin/../lib/gcc/arm-none-eabi/11.3.1/../../../../arm-none-eabi/lib/thumb/v7e-m+fp/hard\libc_nano.a(libc_a-findfp.o)
                              C:/ST/STM32CubeIDE_1.14.0/STM32CubeIDE/plugins/com.st.stm32cube.ide.mcu.externaltools.gnu-tools-for-stm32.11.3.rel1.win32_1.1.100.202309141235/tools/bin/../lib/gcc/arm-none-eabi/11.3.1/../../../../arm-none-eabi/lib/thumb/v7e-m+fp/hard\libc_nano.a(libc_a-exit.o) (__stdio_exit_handler)
C:/ST/STM32CubeIDE_1.14.0/STM32CubeIDE/plugins/com.st.stm32cube.ide.mcu.externaltools.gnu-tools-for-stm32.11.3.rel1.win32_1.1.100.202309141235/tools/bin/../lib/gcc/arm-none-eabi/11.3.1/../../../../arm-none-eabi/lib/thumb/v7e-m+fp/hard\libc_nano.a(libc_a-fwalk.o)
                              C:/ST/STM32CubeIDE_1.14.0/STM32CubeIDE/plugins/com.st.stm32cube.ide.mcu.externaltools.gnu-tools-for-stm32.11.3.rel1.win32_1.1.100.202309141235/tools/bin/../lib/gcc/arm-none-eabi/11.3.1/../../../../arm-none-eabi/lib/thumb/v7e-m+fp/hard\libc_nano.a(libc_a-findfp.o) (_fwalk_sglue)
C:/ST/STM32CubeIDE_1.14.0/STM32CubeIDE/plugins/com.st.stm32cube.ide.mcu.externaltools.gnu-tools-for-stm32.11.3.rel1.win32_1.1.100.202309141235/tools/bin/../lib/gcc/arm-none-eabi/11.3.1/../../../../arm-none-eabi/lib/thumb/v7e-m+fp/hard\libc_nano.a(libc_a-stdio.o)
                              C:/ST/STM32CubeIDE_1.14.0/STM32CubeIDE/plugins/com.st.stm32cube.ide.mcu.externaltools.gnu-tools-for-stm32.11.3.rel1.win32_1.1.100.202309141235/tools/bin/../lib/gcc/arm-none-eabi/11.3.1/../../../../arm-none-eabi/lib/thumb/v7e-m+fp/hard\libc_nano.a(libc_a-findfp.o) (__sread)
C:/ST/STM32CubeIDE_1.14.0/STM32CubeIDE/plugins/com.st.stm32cube.ide.mcu.externaltools.gnu-tools-for-stm32.11.3.rel1.win32_1.1.100.202309141235/tools/bin/../lib/gcc/arm-none-eabi/11.3.1/../../../../arm-none-eabi/lib/thumb/v7e-m+fp/hard\libc_nano.a(libc_a-memset.o)
                              C:/ST/STM32CubeIDE_1.14.0/STM32CubeIDE/plugins/com.st.stm32cube.ide.mcu.externaltools.gnu-tools-for-stm32.11.3.rel1.win32_1.1.100.202309141235/tools/bin/../lib/gcc/arm-none-eabi/11.3.1/../../../../arm-none-eabi/lib/thumb/v7e-m+fp/hard/crt0.o (memset)
C:/ST/STM32CubeIDE_1.14.0/STM32CubeIDE/plugins/com.st.stm32cube.ide.mcu.externaltools.gnu-tools-for-stm32.11.3.rel1.win32_1.1.100.202309141235/tools/bin/../lib/gcc/arm-none-eabi/11.3.1/../../../../arm-none-eabi/lib/thumb/v7e-m+fp/hard\libc_nano.a(libc_a-closer.o)
                              C:/ST/STM32CubeIDE_1.14.0/STM32CubeIDE/plugins/com.st.stm32cube.ide.mcu.externaltools.gnu-tools-for-stm32.11.3.rel1.win32_1.1.100.202309141235/tools/bin/../lib/gcc/arm-none-eabi/11.3.1/../../../../arm-none-eabi/lib/thumb/v7e-m+fp/hard\libc_nano.a(libc_a-stdio.o) (_close_r)
C:/ST/STM32CubeIDE_1.14.0/STM32CubeIDE/plugins/com.st.stm32cube.ide.mcu.externaltools.gnu-tools-for-stm32.11.3.rel1.win32_1.1.100.202309141235/tools/bin/../lib/gcc/arm-none-eabi/11.3.1/../../../../arm-none-eabi/lib/thumb/v7e-m+fp/hard\libc_nano.a(libc_a-reent.o)
                              C:/ST/STM32CubeIDE_1.14.0/STM32CubeIDE/plugins/com.st.stm32cube.ide.mcu.externaltools.gnu-tools-for-stm32.11.3.rel1.win32_1.1.100.202309141235/tools/bin/../lib/gcc/arm-none-eabi/11.3.1/../../../../arm-none-eabi/lib/thumb/v7e-m+fp/hard\libc_nano.a(libc_a-closer.o) (errno)
C:/ST/STM32CubeIDE_1.14.0/STM32CubeIDE/plugins/com.st.stm32cube.ide.mcu.externaltools.gnu-tools-for-stm32.11.3.rel1.win32_1.1.100.202309141235/tools/bin/../lib/gcc/arm-none-eabi/11.3.1/../../../../arm-none-eabi/lib/thumb/v7e-m+fp/hard\libc_nano.a(libc_a-impure.o)
[...]
Memory Configuration

Name             Origin             Length             Attributes
RAM              0x0000000020000000 0x000000000001c000 xrw
FLASH            0x0000000008000000 0x0000000000080000 xr
*default*        0x0000000000000000 0xffffffffffffffff

Linker script and memory map

LOAD C:/ST/STM32CubeIDE_1.14.0/STM32CubeIDE/plugins/com.st.stm32cube.ide.mcu.externaltools.gnu-tools-for-stm32.11.3.rel1.win32_1.1.100.202309141235/tools/bin/../lib/gcc/arm-none-eabi/11.3.1/thumb/v7e-m+fp/hard/crti.o
LOAD C:/ST/STM32CubeIDE_1.14.0/STM32CubeIDE/plugins/com.st.stm32cube.ide.mcu.externaltools.gnu-tools-for-stm32.11.3.rel1.win32_1.1.100.202309141235/tools/bin/../lib/gcc/arm-none-eabi/11.3.1/thumb/v7e-m+fp/hard/crtbegin.o
LOAD C:/ST/STM32CubeIDE_1.14.0/STM32CubeIDE/plugins/com.st.stm32cube.ide.mcu.externaltools.gnu-tools-for-stm32.11.3.rel1.win32_1.1.100.202309141235/tools/bin/../lib/gcc/arm-none-eabi/11.3.1/../../../../arm-none-eabi/lib/thumb/v7e-m+fp/hard/crt0.o
LOAD ./Core/Src/_ADCn_INx_NF.o
LOAD ./Core/Src/_DMA_Sort.o
LOAD ./Core/Src/main.o
LOAD ./Core/Src/stm32g4xx_hal_msp.o
LOAD ./Core/Src/stm32g4xx_it.o
LOAD ./Core/Src/syscalls.o
LOAD ./Core/Src/sysmem.o
LOAD ./Core/Src/system_stm32g4xx.o
LOAD ./Core/Startup/startup_stm32g4a1vetx.o
LOAD ./Drivers/STM32G4xx_HAL_Driver/Src/stm32g4xx_hal.o
LOAD ./Drivers/STM32G4xx_HAL_Driver/Src/stm32g4xx_hal_adc.o
LOAD ./Drivers/STM32G4xx_HAL_Driver/Src/stm32g4xx_hal_adc_ex.o
LOAD ./Drivers/STM32G4xx_HAL_Driver/Src/stm32g4xx_hal_cortex.o
LOAD ./Drivers/STM32G4xx_HAL_Driver/Src/stm32g4xx_hal_dma.o
LOAD ./Drivers/STM32G4xx_HAL_Driver/Src/stm32g4xx_hal_dma_ex.o
LOAD ./Drivers/STM32G4xx_HAL_Driver/Src/stm32g4xx_hal_exti.o
LOAD ./Drivers/STM32G4xx_HAL_Driver/Src/stm32g4xx_hal_flash.o
LOAD ./Drivers/STM32G4xx_HAL_Driver/Src/stm32g4xx_hal_flash_ex.o
LOAD ./Drivers/STM32G4xx_HAL_Driver/Src/stm32g4xx_hal_flash_ramfunc.o
LOAD ./Drivers/STM32G4xx_HAL_Driver/Src/stm32g4xx_hal_fmac.o
LOAD ./Drivers/STM32G4xx_HAL_Driver/Src/stm32g4xx_hal_gpio.o
LOAD ./Drivers/STM32G4xx_HAL_Driver/Src/stm32g4xx_hal_pwr.o
LOAD ./Drivers/STM32G4xx_HAL_Driver/Src/stm32g4xx_hal_pwr_ex.o
LOAD ./Drivers/STM32G4xx_HAL_Driver/Src/stm32g4xx_hal_rcc.o
LOAD ./Drivers/STM32G4xx_HAL_Driver/Src/stm32g4xx_hal_rcc_ex.o
LOAD ./Drivers/STM32G4xx_HAL_Driver/Src/stm32g4xx_hal_tim.o
LOAD ./Drivers/STM32G4xx_HAL_Driver/Src/stm32g4xx_hal_tim_ex.o
LOAD ./Drivers/STM32G4xx_HAL_Driver/Src/stm32g4xx_ll_adc.o
LOAD C:\Users\moshte\Desktop\moshte\Firmware projects\CubeIDE\Workspace\semgdaq_\Drivers\CMSIS\Lib\GCC\libarm_cortexM4lf_math.a
START GROUP
LOAD C:/ST/STM32CubeIDE_1.14.0/STM32CubeIDE/plugins/com.st.stm32cube.ide.mcu.externaltools.gnu-tools-for-stm32.11.3.rel1.win32_1.1.100.202309141235/tools/bin/../lib/gcc/arm-none-eabi/11.3.1/../../../../arm-none-eabi/lib/thumb/v7e-m+fp/hard\libc_nano.a
LOAD C:/ST/STM32CubeIDE_1.14.0/STM32CubeIDE/plugins/com.st.stm32cube.ide.mcu.externaltools.gnu-tools-for-stm32.11.3.rel1.win32_1.1.100.202309141235/tools/bin/../lib/gcc/arm-none-eabi/11.3.1/../../../../arm-none-eabi/lib/thumb/v7e-m+fp/hard\libm.a
END GROUP
START GROUP
LOAD C:/ST/STM32CubeIDE_1.14.0/STM32CubeIDE/plugins/com.st.stm32cube.ide.mcu.externaltools.gnu-tools-for-stm32.11.3.rel1.win32_1.1.100.202309141235/tools/bin/../lib/gcc/arm-none-eabi/11.3.1/thumb/v7e-m+fp/hard\libgcc.a
LOAD C:/ST/STM32CubeIDE_1.14.0/STM32CubeIDE/plugins/com.st.stm32cube.ide.mcu.externaltools.gnu-tools-for-stm32.11.3.rel1.win32_1.1.100.202309141235/tools/bin/../lib/gcc/arm-none-eabi/11.3.1/../../../../arm-none-eabi/lib/thumb/v7e-m+fp/hard\libc_nano.a
END GROUP
START GROUP
LOAD C:/ST/STM32CubeIDE_1.14.0/STM32CubeIDE/plugins/com.st.stm32cube.ide.mcu.externaltools.gnu-tools-for-stm32.11.3.rel1.win32_1.1.100.202309141235/tools/bin/../lib/gcc/arm-none-eabi/11.3.1/thumb/v7e-m+fp/hard\libgcc.a
LOAD C:/ST/STM32CubeIDE_1.14.0/STM32CubeIDE/plugins/com.st.stm32cube.ide.mcu.externaltools.gnu-tools-for-stm32.11.3.rel1.win32_1.1.100.202309141235/tools/bin/../lib/gcc/arm-none-eabi/11.3.1/../../../../arm-none-eabi/lib/thumb/v7e-m+fp/hard\libc_nano.a
LOAD C:/ST/STM32CubeIDE_1.14.0/STM32CubeIDE/plugins/com.st.stm32cube.ide.mcu.externaltools.gnu-tools-for-stm32.11.3.rel1.win32_1.1.100.202309141235/tools/bin/../lib/gcc/arm-none-eabi/11.3.1/../../../../arm-none-eabi/lib/thumb/v7e-m+fp/hard\libnosys.a
END GROUP
START GROUP
LOAD C:/ST/STM32CubeIDE_1.14.0/STM32CubeIDE/plugins/com.st.stm32cube.ide.mcu.externaltools.gnu-tools-for-stm32.11.3.rel1.win32_1.1.100.202309141235/tools/bin/../lib/gcc/arm-none-eabi/11.3.1/thumb/v7e-m+fp/hard\libgcc.a
LOAD C:/ST/STM32CubeIDE_1.14.0/STM32CubeIDE/plugins/com.st.stm32cube.ide.mcu.externaltools.gnu-tools-for-stm32.11.3.rel1.win32_1.1.100.202309141235/tools/bin/../lib/gcc/arm-none-eabi/11.3.1/../../../../arm-none-eabi/lib/thumb/v7e-m+fp/hard\libc_nano.a
LOAD C:/ST/STM32CubeIDE_1.14.0/STM32CubeIDE/plugins/com.st.stm32cube.ide.mcu.externaltools.gnu-tools-for-stm32.11.3.rel1.win32_1.1.100.202309141235/tools/bin/../lib/gcc/arm-none-eabi/11.3.1/../../../../arm-none-eabi/lib/thumb/v7e-m+fp/hard\libnosys.a
END GROUP
LOAD C:/ST/STM32CubeIDE_1.14.0/STM32CubeIDE/plugins/com.st.stm32cube.ide.mcu.externaltools.gnu-tools-for-stm32.11.3.rel1.win32_1.1.100.202309141235/tools/bin/../lib/gcc/arm-none-eabi/11.3.1/thumb/v7e-m+fp/hard/crtend.o
LOAD C:/ST/STM32CubeIDE_1.14.0/STM32CubeIDE/plugins/com.st.stm32cube.ide.mcu.externaltools.gnu-tools-for-stm32.11.3.rel1.win32_1.1.100.202309141235/tools/bin/../lib/gcc/arm-none-eabi/11.3.1/thumb/v7e-m+fp/hard/crtn.o
                0x000000002001c000                _estack = (ORIGIN (RAM) + LENGTH (RAM))
                0x0000000000000200                _Min_Heap_Size = 0x200
                0x0000000000000400                _Min_Stack_Size = 0x400

.isr_vector     0x0000000008000000      0x1d8
                0x0000000008000000                . = ALIGN (0x4)
 *(.isr_vector)
 .isr_vector    0x0000000008000000      0x1d8 ./Core/Startup/startup_stm32g4a1vetx.o
                0x0000000008000000                g_pfnVectors
                0x00000000080001d8                . = ALIGN (0x4)

.text           0x00000000080001d8     0x518c
                0x00000000080001d8                . = ALIGN (0x4)
 *(.text)
 .text          0x00000000080001d8       0x40 C:/ST/STM32CubeIDE_1.14.0/STM32CubeIDE/plugins/com.st.stm32cube.ide.mcu.externaltools.gnu-tools-for-stm32.11.3.rel1.win32_1.1.100.202309141235/tools/bin/../lib/gcc/arm-none-eabi/11.3.1/thumb/v7e-m+fp/hard/crtbegin.o
 *(.text*)
 .text.init_ADC1_IN1_struct
                0x0000000008000218       0x24 ./Core/Src/_ADCn_INx_NF.o
                0x0000000008000218                init_ADC1_IN1_struct
 .text.init_ADC1_IN1_FO_biquad_filter
                0x000000000800023c       0x24 ./Core/Src/_ADCn_INx_NF.o
                0x000000000800023c                init_ADC1_IN1_FO_biquad_filter
 .text.update_ADC1_IN1_FO_biquad_filter
                0x0000000008000260       0x30 ./Core/Src/_ADCn_INx_NF.o
                0x0000000008000260                update_ADC1_IN1_FO_biquad_filter
 .text.init_ADC1_IN2_struct
                0x0000000008000290       0x24 ./Core/Src/_ADCn_INx_NF.o
                0x0000000008000290                init_ADC1_IN2_struct
 .text.init_ADC1_IN2_FO_biquad_filter
                0x00000000080002b4       0x24 ./Core/Src/_ADCn_INx_NF.o
                0x00000000080002b4                init_ADC1_IN2_FO_biquad_filter
 .text.update_ADC1_IN2_FO_biquad_filter
                0x00000000080002d8       0x30 ./Core/Src/_ADCn_INx_NF.o
                0x00000000080002d8                update_ADC1_IN2_FO_biquad_filter
 .text.init_ADC2_IN3_struct
                0x0000000008000308       0x24 ./Core/Src/_ADCn_INx_NF.o
                0x0000000008000308                init_ADC2_IN3_struct
 .text.init_ADC2_IN3_FO_biquad_filter
                0x000000000800032c       0x24 ./Core/Src/_ADCn_INx_NF.o
                0x000000000800032c                init_ADC2_IN3_FO_biquad_filter
 .text.update_ADC2_IN3_FO_biquad_filter
                0x0000000008000350       0x30 ./Core/Src/_ADCn_INx_NF.o
                0x0000000008000350                update_ADC2_IN3_FO_biquad_filter
 .text.init_ADC2_IN4_struct
                0x0000000008000380       0x24 ./Core/Src/_ADCn_INx_NF.o
                0x0000000008000380                init_ADC2_IN4_struct
 .text.init_ADC2_IN4_FO_biquad_filter
                0x00000000080003a4       0x24 ./Core/Src/_ADCn_INx_NF.o
                0x00000000080003a4                init_ADC2_IN4_FO_biquad_filter
 .text.update_ADC2_IN4_FO_biquad_filter
                0x00000000080003c8       0x30 ./Core/Src/_ADCn_INx_NF.o
                0x00000000080003c8                update_ADC2_IN4_FO_biquad_filter
 .text.init_ADC3_IN1_struct
                0x00000000080003f8       0x24 ./Core/Src/_ADCn_INx_NF.o
                0x00000000080003f8                init_ADC3_IN1_struct
 .text.init_ADC3_IN1_FO_biquad_filter
                0x000000000800041c       0x24 ./Core/Src/_ADCn_INx_NF.o
                0x000000000800041c                init_ADC3_IN1_FO_biquad_filter
 .text.update_ADC3_IN1_FO_biquad_filter
                0x0000000008000440       0x30 ./Core/Src/_ADCn_INx_NF.o
                0x0000000008000440                update_ADC3_IN1_FO_biquad_filter
 .text.init_ADC3_IN2_struct
                0x0000000008000470       0x24 ./Core/Src/_ADCn_INx_NF.o
                0x0000000008000470                init_ADC3_IN2_struct
 .text.init_ADC3_IN2_FO_biquad_filter
                0x0000000008000494       0x24 ./Core/Src/_ADCn_INx_NF.o
                0x0000000008000494                init_ADC3_IN2_FO_biquad_filter
 .text.update_ADC3_IN2_FO_biquad_filter
                0x00000000080004b8       0x30 ./Core/Src/_ADCn_INx_NF.o
                0x00000000080004b8                update_ADC3_IN2_FO_biquad_filter
 .text.ADC1_DMA_sort_uhb
                0x00000000080004e8       0x98 ./Core/Src/_DMA_Sort.o
                0x00000000080004e8                ADC1_DMA_sort_uhb
 .text.ADC1_DMA_sort_lhb
                0x0000000008000580       0xa0 ./Core/Src/_DMA_Sort.o
                0x0000000008000580                ADC1_DMA_sort_lhb
 .text.ADC2_DMA_sort_uhb
                0x0000000008000620       0x98 ./Core/Src/_DMA_Sort.o
                0x0000000008000620                ADC2_DMA_sort_uhb
 .text.ADC2_DMA_sort_lhb
                0x00000000080006b8       0xa0 ./Core/Src/_DMA_Sort.o
                0x00000000080006b8                ADC2_DMA_sort_lhb
 .text.ADC3_DMA_sort_uhb
                0x0000000008000758       0x98 ./Core/Src/_DMA_Sort.o
                0x0000000008000758                ADC3_DMA_sort_uhb
 .text.ADC3_DMA_sort_lhb
                0x00000000080007f0       0xa0 ./Core/Src/_DMA_Sort.o
                0x00000000080007f0                ADC3_DMA_sort_lhb
 .text.main     0x0000000008000890       0xe0 ./Core/Src/main.o
                0x0000000008000890                main
 .text.SystemClock_Config
                0x0000000008000970       0x94 ./Core/Src/main.o
                0x0000000008000970                SystemClock_Config
 .text.MX_ADC1_Init
                0x0000000008000a04      0x114 ./Core/Src/main.o
 .text.MX_ADC2_Init
                0x0000000008000b18       0xf0 ./Core/Src/main.o
 .text.MX_ADC3_Init
                0x0000000008000c08       0xf0 ./Core/Src/main.o
 .text.MX_FMAC_Init
                0x0000000008000cf8       0x28 ./Core/Src/main.o
 .text.MX_TIM6_Init
                0x0000000008000d20       0x6c ./Core/Src/main.o
 .text.MX_TIM7_Init
                0x0000000008000d8c       0x6c ./Core/Src/main.o
 .text.MX_TIM20_Init
                0x0000000008000df8       0xa8 ./Core/Src/main.o
 .text.MX_DMA_Init
                0x0000000008000ea0       0x74 ./Core/Src/main.o
 .text.MX_GPIO_Init
                0x0000000008000f14       0x78 ./Core/Src/main.o
 .text.HAL_ADC_ConvHalfCpltCallback
                0x0000000008000f8c      0x11c ./Core/Src/main.o
                0x0000000008000f8c                HAL_ADC_ConvHalfCpltCallback
 .text.HAL_ADC_ConvCpltCallback
                0x00000000080010a8      0x128 ./Core/Src/main.o
                0x00000000080010a8                HAL_ADC_ConvCpltCallback
 .text.Error_Handler
                0x00000000080011d0        0xa ./Core/Src/main.o
                0x00000000080011d0                Error_Handler
 *fill*         0x00000000080011da        0x2 
 .text.HAL_MspInit
                0x00000000080011dc       0x48 ./Core/Src/stm32g4xx_hal_msp.o
                0x00000000080011dc                HAL_MspInit
 .text.HAL_ADC_MspInit
                0x0000000008001224      0x31c ./Core/Src/stm32g4xx_hal_msp.o
                0x0000000008001224                HAL_ADC_MspInit
 .text.HAL_FMAC_MspInit
                0x0000000008001540       0x40 ./Core/Src/stm32g4xx_hal_msp.o
                0x0000000008001540                HAL_FMAC_MspInit
 .text.HAL_TIM_Base_MspInit
                0x0000000008001580       0x90 ./Core/Src/stm32g4xx_hal_msp.o
                0x0000000008001580                HAL_TIM_Base_MspInit
 .text.NMI_Handler
                0x0000000008001610        0x6 ./Core/Src/stm32g4xx_it.o
                0x0000000008001610                NMI_Handler
 .text.HardFault_Handler
                0x0000000008001616        0x6 ./Core/Src/stm32g4xx_it.o
                0x0000000008001616                HardFault_Handler
 .text.MemManage_Handler
                0x000000000800161c        0x6 ./Core/Src/stm32g4xx_it.o
                0x000000000800161c                MemManage_Handler
 .text.BusFault_Handler
                0x0000000008001622        0x6 ./Core/Src/stm32g4xx_it.o
                0x0000000008001622                BusFault_Handler
 .text.UsageFault_Handler
                0x0000000008001628        0x6 ./Core/Src/stm32g4xx_it.o
                0x0000000008001628                UsageFault_Handler
 .text.SVC_Handler
                0x000000000800162e        0xe ./Core/Src/stm32g4xx_it.o
                0x000000000800162e                SVC_Handler
 .text.DebugMon_Handler
                0x000000000800163c        0xe ./Core/Src/stm32g4xx_it.o
                0x000000000800163c                DebugMon_Handler
 .text.PendSV_Handler
                0x000000000800164a        0xe ./Core/Src/stm32g4xx_it.o
                0x000000000800164a                PendSV_Handler
 .text.SysTick_Handler
                0x0000000008001658        0xc ./Core/Src/stm32g4xx_it.o
                0x0000000008001658                SysTick_Handler
 .text.DMA1_Channel1_IRQHandler
                0x0000000008001664       0x14 ./Core/Src/stm32g4xx_it.o
                0x0000000008001664                DMA1_Channel1_IRQHandler
 .text.DMA1_Channel2_IRQHandler
                0x0000000008001678       0x14 ./Core/Src/stm32g4xx_it.o
                0x0000000008001678                DMA1_Channel2_IRQHandler
 .text.DMA1_Channel3_IRQHandler
                0x000000000800168c       0x14 ./Core/Src/stm32g4xx_it.o
                0x000000000800168c                DMA1_Channel3_IRQHandler
 .text.SystemInit
                0x00000000080016a0       0x24 ./Core/Src/system_stm32g4xx.o
                0x00000000080016a0                SystemInit
 .text.Reset_Handler
                0x00000000080016c4       0x50 ./Core/Startup/startup_stm32g4a1vetx.o
                0x00000000080016c4                Reset_Handler
 .text.Default_Handler
                0x0000000008001714        0x2 ./Core/Startup/startup_stm32g4a1vetx.o
                0x0000000008001714                RTC_Alarm_IRQHandler
                0x0000000008001714                EXTI2_IRQHandler
                0x0000000008001714                TIM8_TRG_COM_IRQHandler
                0x0000000008001714                TIM8_CC_IRQHandler
                0x0000000008001714                TIM1_CC_IRQHandler
                0x0000000008001714                USB_HP_IRQHandler
                0x0000000008001714                CORDIC_IRQHandler
                0x0000000008001714                DMA2_Channel8_IRQHandler
                0x0000000008001714                EXTI3_IRQHandler
                0x0000000008001714                I2C3_ER_IRQHandler
                0x0000000008001714                EXTI0_IRQHandler
                0x0000000008001714                I2C2_EV_IRQHandler
                0x0000000008001714                FPU_IRQHandler
                0x0000000008001714                FDCAN1_IT1_IRQHandler
                0x0000000008001714                TIM1_UP_TIM16_IRQHandler
                0x0000000008001714                ADC1_2_IRQHandler
                0x0000000008001714                SPI1_IRQHandler
                0x0000000008001714                TIM6_DAC_IRQHandler
                0x0000000008001714                TIM8_UP_IRQHandler
                0x0000000008001714                DMA2_Channel2_IRQHandler
                0x0000000008001714                DMA1_Channel4_IRQHandler
                0x0000000008001714                TIM20_TRG_COM_IRQHandler
                0x0000000008001714                USART3_IRQHandler
                0x0000000008001714                DMA1_Channel7_IRQHandler
                0x0000000008001714                UART5_IRQHandler
                0x0000000008001714                ADC3_IRQHandler
                0x0000000008001714                TIM4_IRQHandler
                0x0000000008001714                DMA2_Channel1_IRQHandler
                0x0000000008001714                QUADSPI_IRQHandler
                0x0000000008001714                I2C1_EV_IRQHandler
                0x0000000008001714                DMA1_Channel6_IRQHandler
                0x0000000008001714                UART4_IRQHandler
                0x0000000008001714                DMA2_Channel4_IRQHandler
                0x0000000008001714                TIM3_IRQHandler
                0x0000000008001714                RCC_IRQHandler
                0x0000000008001714                TIM20_UP_IRQHandler
                0x0000000008001714                Default_Handler
                0x0000000008001714                DMA2_Channel7_IRQHandler
                0x0000000008001714                RTC_TAMP_LSECSS_IRQHandler
                0x0000000008001714                FMAC_IRQHandler
                0x0000000008001714                EXTI15_10_IRQHandler
                0x0000000008001714                DMA1_Channel8_IRQHandler
                0x0000000008001714                TIM7_IRQHandler
                0x0000000008001714                UCPD1_IRQHandler
                0x0000000008001714                I2C3_EV_IRQHandler
                0x0000000008001714                EXTI9_5_IRQHandler
                0x0000000008001714                RTC_WKUP_IRQHandler
                0x0000000008001714                PVD_PVM_IRQHandler
                0x0000000008001714                SPI2_IRQHandler
                0x0000000008001714                DMA2_Channel5_IRQHandler
                0x0000000008001714                CRS_IRQHandler
                0x0000000008001714                DMA1_Channel5_IRQHandler
                0x0000000008001714                USB_LP_IRQHandler
                0x0000000008001714                EXTI4_IRQHandler
                0x0000000008001714                RNG_IRQHandler
                0x0000000008001714                TIM1_TRG_COM_TIM17_IRQHandler
                0x0000000008001714                FDCAN2_IT1_IRQHandler
                0x0000000008001714                WWDG_IRQHandler
                0x0000000008001714                FDCAN2_IT0_IRQHandler
                0x0000000008001714                LPUART1_IRQHandler
                0x0000000008001714                DMA2_Channel6_IRQHandler
                0x0000000008001714                FDCAN1_IT0_IRQHandler
                0x0000000008001714                TIM2_IRQHandler
                0x0000000008001714                COMP1_2_3_IRQHandler
                0x0000000008001714                EXTI1_IRQHandler
                0x0000000008001714                AES_IRQHandler
                0x0000000008001714                USART2_IRQHandler
                0x0000000008001714                TIM20_BRK_IRQHandler
                0x0000000008001714                I2C2_ER_IRQHandler
                0x0000000008001714                TIM8_BRK_IRQHandler
                0x0000000008001714                FLASH_IRQHandler
                0x0000000008001714                TIM20_CC_IRQHandler
                0x0000000008001714                USART1_IRQHandler
                0x0000000008001714                SPI3_IRQHandler
                0x0000000008001714                I2C1_ER_IRQHandler
                0x0000000008001714                LPTIM1_IRQHandler
                0x0000000008001714                DMAMUX_OVR_IRQHandler
                0x0000000008001714                USBWakeUp_IRQHandler
                0x0000000008001714                SAI1_IRQHandler
                0x0000000008001714                DMA2_Channel3_IRQHandler
                0x0000000008001714                COMP4_IRQHandler
                0x0000000008001714                TIM1_BRK_TIM15_IRQHandler
 .text.HAL_Init
                0x0000000008001716       0x30 ./Drivers/STM32G4xx_HAL_Driver/Src/stm32g4xx_hal.o
                0x0000000008001716                HAL_Init
 *fill*         0x0000000008001746        0x2 
 .text.HAL_InitTick
                0x0000000008001748       0x74 ./Drivers/STM32G4xx_HAL_Driver/Src/stm32g4xx_hal.o
                0x0000000008001748                HAL_InitTick
 .text.HAL_IncTick
                0x00000000080017bc       0x24 ./Drivers/STM32G4xx_HAL_Driver/Src/stm32g4xx_hal.o
                0x00000000080017bc                HAL_IncTick
 .text.HAL_GetTick
                0x00000000080017e0       0x18 ./Drivers/STM32G4xx_HAL_Driver/Src/stm32g4xx_hal.o
                0x00000000080017e0                HAL_GetTick
 .text.LL_ADC_SetCommonClock
                0x00000000080017f8       0x26 ./Drivers/STM32G4xx_HAL_Driver/Src/stm32g4xx_hal_adc.o
 .text.LL_ADC_SetCommonPathInternalCh
                0x000000000800181e       0x26 ./Drivers/STM32G4xx_HAL_Driver/Src/stm32g4xx_hal_adc.o
 .text.LL_ADC_GetCommonPathInternalCh
                0x0000000008001844       0x1c ./Drivers/STM32G4xx_HAL_Driver/Src/stm32g4xx_hal_adc.o
 .text.LL_ADC_SetOffset
                0x0000000008001860       0x48 ./Drivers/STM32G4xx_HAL_Driver/Src/stm32g4xx_hal_adc.o
 .text.LL_ADC_GetOffsetChannel
                0x00000000080018a8       0x2c ./Drivers/STM32G4xx_HAL_Driver/Src/stm32g4xx_hal_adc.o
 .text.LL_ADC_SetOffsetState
                0x00000000080018d4       0x36 ./Drivers/STM32G4xx_HAL_Driver/Src/stm32g4xx_hal_adc.o
 .text.LL_ADC_SetOffsetSign
                0x000000000800190a       0x36 ./Drivers/STM32G4xx_HAL_Driver/Src/stm32g4xx_hal_adc.o
 .text.LL_ADC_SetOffsetSaturation
                0x0000000008001940       0x36 ./Drivers/STM32G4xx_HAL_Driver/Src/stm32g4xx_hal_adc.o
 .text.LL_ADC_SetSamplingTimeCommonConfig
                0x0000000008001976       0x26 ./Drivers/STM32G4xx_HAL_Driver/Src/stm32g4xx_hal_adc.o
 .text.LL_ADC_REG_IsTriggerSourceSWStart
                0x000000000800199c       0x26 ./Drivers/STM32G4xx_HAL_Driver/Src/stm32g4xx_hal_adc.o
 .text.LL_ADC_REG_SetSequencerRanks
                0x00000000080019c2       0x58 ./Drivers/STM32G4xx_HAL_Driver/Src/stm32g4xx_hal_adc.o
 .text.LL_ADC_SetChannelSamplingTime
                0x0000000008001a1a       0x56 ./Drivers/STM32G4xx_HAL_Driver/Src/stm32g4xx_hal_adc.o
 .text.LL_ADC_SetChannelSingleDiff
                0x0000000008001a70       0x48 ./Drivers/STM32G4xx_HAL_Driver/Src/stm32g4xx_hal_adc.o
 .text.LL_ADC_GetMultimode
                0x0000000008001ab8       0x1c ./Drivers/STM32G4xx_HAL_Driver/Src/stm32g4xx_hal_adc.o
 .text.LL_ADC_DisableDeepPowerDown
                0x0000000008001ad4       0x24 ./Drivers/STM32G4xx_HAL_Driver/Src/stm32g4xx_hal_adc.o
 .text.LL_ADC_IsDeepPowerDownEnabled
                0x0000000008001af8       0x28 ./Drivers/STM32G4xx_HAL_Driver/Src/stm32g4xx_hal_adc.o
 .text.LL_ADC_EnableInternalRegulator
                0x0000000008001b20       0x28 ./Drivers/STM32G4xx_HAL_Driver/Src/stm32g4xx_hal_adc.o
 .text.LL_ADC_IsInternalRegulatorEnabled
                0x0000000008001b48       0x28 ./Drivers/STM32G4xx_HAL_Driver/Src/stm32g4xx_hal_adc.o
 .text.LL_ADC_Enable
                0x0000000008001b70       0x28 ./Drivers/STM32G4xx_HAL_Driver/Src/stm32g4xx_hal_adc.o
 .text.LL_ADC_IsEnabled
                0x0000000008001b98       0x26 ./Drivers/STM32G4xx_HAL_Driver/Src/stm32g4xx_hal_adc.o
 .text.LL_ADC_REG_StartConversion
                0x0000000008001bbe       0x28 ./Drivers/STM32G4xx_HAL_Driver/Src/stm32g4xx_hal_adc.o
 .text.LL_ADC_REG_IsConversionOngoing
                0x0000000008001be6       0x26 ./Drivers/STM32G4xx_HAL_Driver/Src/stm32g4xx_hal_adc.o
 .text.LL_ADC_INJ_IsConversionOngoing
                0x0000000008001c0c       0x26 ./Drivers/STM32G4xx_HAL_Driver/Src/stm32g4xx_hal_adc.o
 *fill*         0x0000000008001c32        0x2 
 .text.HAL_ADC_Init
                0x0000000008001c34      0x35c ./Drivers/STM32G4xx_HAL_Driver/Src/stm32g4xx_hal_adc.o
                0x0000000008001c34                HAL_ADC_Init
 .text.HAL_ADC_Start_DMA
                0x0000000008001f90      0x194 ./Drivers/STM32G4xx_HAL_Driver/Src/stm32g4xx_hal_adc.o
                0x0000000008001f90                HAL_ADC_Start_DMA
 .text.HAL_ADC_ErrorCallback
                0x0000000008002124       0x14 ./Drivers/STM32G4xx_HAL_Driver/Src/stm32g4xx_hal_adc.o
                0x0000000008002124                HAL_ADC_ErrorCallback
 .text.HAL_ADC_ConfigChannel
                0x0000000008002138      0x858 ./Drivers/STM32G4xx_HAL_Driver/Src/stm32g4xx_hal_adc.o
                0x0000000008002138                HAL_ADC_ConfigChannel
 .text.ADC_Enable
                0x0000000008002990      0x12c ./Drivers/STM32G4xx_HAL_Driver/Src/stm32g4xx_hal_adc.o
                0x0000000008002990                ADC_Enable
 .text.ADC_DMAConvCplt
                0x0000000008002abc       0xd8 ./Drivers/STM32G4xx_HAL_Driver/Src/stm32g4xx_hal_adc.o
                0x0000000008002abc                ADC_DMAConvCplt
 .text.ADC_DMAHalfConvCplt
                0x0000000008002b94       0x1c ./Drivers/STM32G4xx_HAL_Driver/Src/stm32g4xx_hal_adc.o
                0x0000000008002b94                ADC_DMAHalfConvCplt
 .text.ADC_DMAError
                0x0000000008002bb0       0x34 ./Drivers/STM32G4xx_HAL_Driver/Src/stm32g4xx_hal_adc.o
                0x0000000008002bb0                ADC_DMAError
 .text.LL_ADC_IsEnabled
                0x0000000008002be4       0x26 ./Drivers/STM32G4xx_HAL_Driver/Src/stm32g4xx_hal_adc_ex.o
 .text.LL_ADC_REG_IsConversionOngoing
                0x0000000008002c0a       0x26 ./Drivers/STM32G4xx_HAL_Driver/Src/stm32g4xx_hal_adc_ex.o
 .text.HAL_ADCEx_MultiModeConfigChannel
                0x0000000008002c30      0x1d0 ./Drivers/STM32G4xx_HAL_Driver/Src/stm32g4xx_hal_adc_ex.o
                0x0000000008002c30                HAL_ADCEx_MultiModeConfigChannel
 .text.__NVIC_SetPriorityGrouping
                0x0000000008002e00       0x48 ./Drivers/STM32G4xx_HAL_Driver/Src/stm32g4xx_hal_cortex.o
 .text.__NVIC_GetPriorityGrouping
                0x0000000008002e48       0x1c ./Drivers/STM32G4xx_HAL_Driver/Src/stm32g4xx_hal_cortex.o
 .text.__NVIC_EnableIRQ
                0x0000000008002e64       0x3c ./Drivers/STM32G4xx_HAL_Driver/Src/stm32g4xx_hal_cortex.o
 .text.__NVIC_SetPriority
                0x0000000008002ea0       0x54 ./Drivers/STM32G4xx_HAL_Driver/Src/stm32g4xx_hal_cortex.o
 .text.NVIC_EncodePriority
                0x0000000008002ef4       0x66 ./Drivers/STM32G4xx_HAL_Driver/Src/stm32g4xx_hal_cortex.o
 *fill*         0x0000000008002f5a        0x2 
 .text.SysTick_Config
                0x0000000008002f5c       0x44 ./Drivers/STM32G4xx_HAL_Driver/Src/stm32g4xx_hal_cortex.o
 .text.HAL_NVIC_SetPriorityGrouping
                0x0000000008002fa0       0x16 ./Drivers/STM32G4xx_HAL_Driver/Src/stm32g4xx_hal_cortex.o
                0x0000000008002fa0                HAL_NVIC_SetPriorityGrouping
 .text.HAL_NVIC_SetPriority
                0x0000000008002fb6       0x34 ./Drivers/STM32G4xx_HAL_Driver/Src/stm32g4xx_hal_cortex.o
                0x0000000008002fb6                HAL_NVIC_SetPriority
 .text.HAL_NVIC_EnableIRQ
                0x0000000008002fea       0x1c ./Drivers/STM32G4xx_HAL_Driver/Src/stm32g4xx_hal_cortex.o
                0x0000000008002fea                HAL_NVIC_EnableIRQ
 .text.HAL_SYSTICK_Config
                0x0000000008003006       0x18 ./Drivers/STM32G4xx_HAL_Driver/Src/stm32g4xx_hal_cortex.o
                0x0000000008003006                HAL_SYSTICK_Config
 *fill*         0x000000000800301e        0x2 
 .text.HAL_DMA_Init
                0x0000000008003020      0x150 ./Drivers/STM32G4xx_HAL_Driver/Src/stm32g4xx_hal_dma.o
                0x0000000008003020                HAL_DMA_Init
 .text.HAL_DMA_Start_IT
                0x0000000008003170       0xf6 ./Drivers/STM32G4xx_HAL_Driver/Src/stm32g4xx_hal_dma.o
                0x0000000008003170                HAL_DMA_Start_IT
 .text.HAL_DMA_IRQHandler
                0x0000000008003266      0x15e ./Drivers/STM32G4xx_HAL_Driver/Src/stm32g4xx_hal_dma.o
                0x0000000008003266                HAL_DMA_IRQHandler
 .text.DMA_SetConfig
                0x00000000080033c4       0x7c ./Drivers/STM32G4xx_HAL_Driver/Src/stm32g4xx_hal_dma.o
 .text.DMA_CalcDMAMUXChannelBaseAndMask
                0x0000000008003440       0x7c ./Drivers/STM32G4xx_HAL_Driver/Src/stm32g4xx_hal_dma.o
 .text.DMA_CalcDMAMUXRequestGenBaseAndMask
                0x00000000080034bc       0x48 ./Drivers/STM32G4xx_HAL_Driver/Src/stm32g4xx_hal_dma.o
 .text.HAL_FMAC_Init
                0x0000000008003504       0x82 ./Drivers/STM32G4xx_HAL_Driver/Src/stm32g4xx_hal_fmac.o
                0x0000000008003504                HAL_FMAC_Init
 .text.FMAC_Reset
                0x0000000008003586       0x5e ./Drivers/STM32G4xx_HAL_Driver/Src/stm32g4xx_hal_fmac.o
 .text.FMAC_ResetDataPointers
                0x00000000080035e4       0x1c ./Drivers/STM32G4xx_HAL_Driver/Src/stm32g4xx_hal_fmac.o
 .text.FMAC_ResetInputStateAndDataPointers
                0x0000000008003600       0x2e ./Drivers/STM32G4xx_HAL_Driver/Src/stm32g4xx_hal_fmac.o
 .text.FMAC_ResetOutputStateAndDataPointers
                0x000000000800362e       0x2e ./Drivers/STM32G4xx_HAL_Driver/Src/stm32g4xx_hal_fmac.o
 .text.HAL_GPIO_Init
                0x000000000800365c      0x304 ./Drivers/STM32G4xx_HAL_Driver/Src/stm32g4xx_hal_gpio.o
                0x000000000800365c                HAL_GPIO_Init
 .text.HAL_PWREx_ControlVoltageScaling
                0x0000000008003960      0x148 ./Drivers/STM32G4xx_HAL_Driver/Src/stm32g4xx_hal_pwr_ex.o
                0x0000000008003960                HAL_PWREx_ControlVoltageScaling
 .text.HAL_PWREx_DisableUCPDDeadBattery
                0x0000000008003aa8       0x20 ./Drivers/STM32G4xx_HAL_Driver/Src/stm32g4xx_hal_pwr_ex.o
                0x0000000008003aa8                HAL_PWREx_DisableUCPDDeadBattery
 .text.HAL_RCC_OscConfig
                0x0000000008003ac8      0x624 ./Drivers/STM32G4xx_HAL_Driver/Src/stm32g4xx_hal_rcc.o
                0x0000000008003ac8                HAL_RCC_OscConfig
 .text.HAL_RCC_ClockConfig
                0x00000000080040ec      0x278 ./Drivers/STM32G4xx_HAL_Driver/Src/stm32g4xx_hal_rcc.o
                0x00000000080040ec                HAL_RCC_ClockConfig
 .text.HAL_RCC_GetSysClockFreq
                0x0000000008004364       0xc0 ./Drivers/STM32G4xx_HAL_Driver/Src/stm32g4xx_hal_rcc.o
                0x0000000008004364                HAL_RCC_GetSysClockFreq
 .text.RCC_GetSysClockFreqFromPLLSource
                0x0000000008004424       0x88 ./Drivers/STM32G4xx_HAL_Driver/Src/stm32g4xx_hal_rcc.o
 .text.HAL_RCCEx_PeriphCLKConfig
                0x00000000080044ac      0x478 ./Drivers/STM32G4xx_HAL_Driver/Src/stm32g4xx_hal_rcc_ex.o
                0x00000000080044ac                HAL_RCCEx_PeriphCLKConfig
 .text.HAL_TIM_Base_Init
                0x0000000008004924       0xae ./Drivers/STM32G4xx_HAL_Driver/Src/stm32g4xx_hal_tim.o
                0x0000000008004924                HAL_TIM_Base_Init
 .text.HAL_TIM_SlaveConfigSynchro
                0x00000000080049d2       0x84 ./Drivers/STM32G4xx_HAL_Driver/Src/stm32g4xx_hal_tim.o
                0x00000000080049d2                HAL_TIM_SlaveConfigSynchro
 *fill*         0x0000000008004a56        0x2 
 .text.TIM_Base_SetConfig
                0x0000000008004a58      0x154 ./Drivers/STM32G4xx_HAL_Driver/Src/stm32g4xx_hal_tim.o
                0x0000000008004a58                TIM_Base_SetConfig
 .text.TIM_SlaveTimer_SetConfig
                0x0000000008004bac      0x19c ./Drivers/STM32G4xx_HAL_Driver/Src/stm32g4xx_hal_tim.o
 .text.TIM_TI1_ConfigInputStage
                0x0000000008004d48       0x5e ./Drivers/STM32G4xx_HAL_Driver/Src/stm32g4xx_hal_tim.o
 .text.TIM_TI2_ConfigInputStage
                0x0000000008004da6       0x60 ./Drivers/STM32G4xx_HAL_Driver/Src/stm32g4xx_hal_tim.o
 .text.TIM_ETR_SetConfig
                0x0000000008004e06       0x40 ./Drivers/STM32G4xx_HAL_Driver/Src/stm32g4xx_hal_tim.o
                0x0000000008004e06                TIM_ETR_SetConfig
 *fill*         0x0000000008004e46        0x2 
 .text.HAL_TIMEx_MasterConfigSynchronization
                0x0000000008004e48      0x11c ./Drivers/STM32G4xx_HAL_Driver/Src/stm32g4xx_hal_tim_ex.o
                0x0000000008004e48                HAL_TIMEx_MasterConfigSynchronization
 .text.arm_biquad_cascade_df2T_f32
                0x0000000008004f64      0x376 C:\Users\moshte\Desktop\moshte\Firmware projects\CubeIDE\Workspace\semgdaq_\Drivers\CMSIS\Lib\GCC\libarm_cortexM4lf_math.a(arm_biquad_cascade_df2t_f32.o)
                0x0000000008004f64                arm_biquad_cascade_df2T_f32
 *fill*         0x00000000080052da        0x2 
 .text.arm_biquad_cascade_df2T_init_f32
                0x00000000080052dc       0x18 C:\Users\moshte\Desktop\moshte\Firmware projects\CubeIDE\Workspace\semgdaq_\Drivers\CMSIS\Lib\GCC\libarm_cortexM4lf_math.a(arm_biquad_cascade_df2t_init_f32.o)
                0x00000000080052dc                arm_biquad_cascade_df2T_init_f32
 .text.memset   0x00000000080052f4       0x10 C:/ST/STM32CubeIDE_1.14.0/STM32CubeIDE/plugins/com.st.stm32cube.ide.mcu.externaltools.gnu-tools-for-stm32.11.3.rel1.win32_1.1.100.202309141235/tools/bin/../lib/gcc/arm-none-eabi/11.3.1/../../../../arm-none-eabi/lib/thumb/v7e-m+fp/hard\libc_nano.a(libc_a-memset.o)
                0x00000000080052f4                memset
 .text.__libc_init_array
                0x0000000008005304       0x48 C:/ST/STM32CubeIDE_1.14.0/STM32CubeIDE/plugins/com.st.stm32cube.ide.mcu.externaltools.gnu-tools-for-stm32.11.3.rel1.win32_1.1.100.202309141235/tools/bin/../lib/gcc/arm-none-eabi/11.3.1/../../../../arm-none-eabi/lib/thumb/v7e-m+fp/hard\libc_nano.a(libc_a-init.o)
                0x0000000008005304                __libc_init_array
 *(.glue_7)
 .glue_7        0x000000000800534c        0x0 linker stubs
 *(.glue_7t)
 .glue_7t       0x000000000800534c        0x0 linker stubs
 *(.eh_frame)
 .eh_frame      0x000000000800534c        0x0 C:/ST/STM32CubeIDE_1.14.0/STM32CubeIDE/plugins/com.st.stm32cube.ide.mcu.externaltools.gnu-tools-for-stm32.11.3.rel1.win32_1.1.100.202309141235/tools/bin/../lib/gcc/arm-none-eabi/11.3.1/thumb/v7e-m+fp/hard/crtbegin.o
 *(.init)
 .init          0x000000000800534c        0x4 C:/ST/STM32CubeIDE_1.14.0/STM32CubeIDE/plugins/com.st.stm32cube.ide.mcu.externaltools.gnu-tools-for-stm32.11.3.rel1.win32_1.1.100.202309141235/tools/bin/../lib/gcc/arm-none-eabi/11.3.1/thumb/v7e-m+fp/hard/crti.o
                0x000000000800534c                _init
 .init          0x0000000008005350        0x8 C:/ST/STM32CubeIDE_1.14.0/STM32CubeIDE/plugins/com.st.stm32cube.ide.mcu.externaltools.gnu-tools-for-stm32.11.3.rel1.win32_1.1.100.202309141235/tools/bin/../lib/gcc/arm-none-eabi/11.3.1/thumb/v7e-m+fp/hard/crtn.o
 *(.fini)
 .fini          0x0000000008005358        0x4 C:/ST/STM32CubeIDE_1.14.0/STM32CubeIDE/plugins/com.st.stm32cube.ide.mcu.externaltools.gnu-tools-for-stm32.11.3.rel1.win32_1.1.100.202309141235/tools/bin/../lib/gcc/arm-none-eabi/11.3.1/thumb/v7e-m+fp/hard/crti.o
                0x0000000008005358                _fini
 .fini          0x000000000800535c        0x8 C:/ST/STM32CubeIDE_1.14.0/STM32CubeIDE/plugins/com.st.stm32cube.ide.mcu.externaltools.gnu-tools-for-stm32.11.3.rel1.win32_1.1.100.202309141235/tools/bin/../lib/gcc/arm-none-eabi/11.3.1/thumb/v7e-m+fp/hard/crtn.o
                0x0000000008005364                . = ALIGN (0x4)
                0x0000000008005364                _etext = .

.vfp11_veneer   0x0000000008005364        0x0
 .vfp11_veneer  0x0000000008005364        0x0 linker stubs

.v4_bx          0x0000000008005364        0x0
 .v4_bx         0x0000000008005364        0x0 linker stubs

.iplt           0x0000000008005364        0x0
 .iplt          0x0000000008005364        0x0 C:/ST/STM32CubeIDE_1.14.0/STM32CubeIDE/plugins/com.st.stm32cube.ide.mcu.externaltools.gnu-tools-for-stm32.11.3.rel1.win32_1.1.100.202309141235/tools/bin/../lib/gcc/arm-none-eabi/11.3.1/thumb/v7e-m+fp/hard/crtbegin.o

.rodata         0x0000000008005364       0x10
                0x0000000008005364                . = ALIGN (0x4)
 *(.rodata)
 *(.rodata*)
 .rodata.AHBPrescTable
                0x0000000008005364       0x10 ./Core/Src/system_stm32g4xx.o
                0x0000000008005364                AHBPrescTable
                0x0000000008005374                . = ALIGN (0x4)

.rel.dyn        0x0000000008005374        0x0
 .rel.iplt      0x0000000008005374        0x0 C:/ST/STM32CubeIDE_1.14.0/STM32CubeIDE/plugins/com.st.stm32cube.ide.mcu.externaltools.gnu-tools-for-stm32.11.3.rel1.win32_1.1.100.202309141235/tools/bin/../lib/gcc/arm-none-eabi/11.3.1/thumb/v7e-m+fp/hard/crtbegin.o

.ARM.extab      0x0000000008005374        0x0
                0x0000000008005374                . = ALIGN (0x4)
 *(.ARM.extab* .gnu.linkonce.armextab.*)
                0x0000000008005374                . = ALIGN (0x4)

.ARM            0x0000000008005374        0x0
                0x0000000008005374                . = ALIGN (0x4)
                0x0000000008005374                __exidx_start = .
 *(.ARM.exidx*)
                0x0000000008005374                __exidx_end = .
                0x0000000008005374                . = ALIGN (0x4)

.preinit_array  0x0000000008005374        0x0
                0x0000000008005374                . = ALIGN (0x4)
                0x0000000008005374                PROVIDE (__preinit_array_start = .)
 *(.preinit_array*)
                0x0000000008005374                PROVIDE (__preinit_array_end = .)
                0x0000000008005374                . = ALIGN (0x4)

.init_array     0x0000000008005374        0x4
                0x0000000008005374                . = ALIGN (0x4)
                0x0000000008005374                PROVIDE (__init_array_start = .)
 *(SORT_BY_NAME(.init_array.*))
 *(.init_array*)
 .init_array    0x0000000008005374        0x4 C:/ST/STM32CubeIDE_1.14.0/STM32CubeIDE/plugins/com.st.stm32cube.ide.mcu.externaltools.gnu-tools-for-stm32.11.3.rel1.win32_1.1.100.202309141235/tools/bin/../lib/gcc/arm-none-eabi/11.3.1/thumb/v7e-m+fp/hard/crtbegin.o
                0x0000000008005378                PROVIDE (__init_array_end = .)
                0x0000000008005378                . = ALIGN (0x4)

.fini_array     0x0000000008005378        0x4
                0x0000000008005378                . = ALIGN (0x4)
                [!provide]                        PROVIDE (__fini_array_start = .)
 *(SORT_BY_NAME(.fini_array.*))
 *(.fini_array*)
 .fini_array    0x0000000008005378        0x4 C:/ST/STM32CubeIDE_1.14.0/STM32CubeIDE/plugins/com.st.stm32cube.ide.mcu.externaltools.gnu-tools-for-stm32.11.3.rel1.win32_1.1.100.202309141235/tools/bin/../lib/gcc/arm-none-eabi/11.3.1/thumb/v7e-m+fp/hard/crtbegin.o
                [!provide]                        PROVIDE (__fini_array_end = .)
                0x000000000800537c                . = ALIGN (0x4)
                0x000000000800537c                _sidata = LOADADDR (.data)

.data           0x0000000020000000     0x7854 load address 0x000000000800537c
                0x0000000020000000                . = ALIGN (0x4)
                0x0000000020000000                _sdata = .
 *(.data)
 *(.data*)
 .data.ADC1_IN1_coeffs
                0x0000000020000000       0x28 ./Core/Src/_ADCn_INx_NF.o
                0x0000000020000000                ADC1_IN1_coeffs
 .data.ADC1_IN1_NF_arg
                0x0000000020000028     0x13e4 ./Core/Src/_ADCn_INx_NF.o
                0x0000000020000028                ADC1_IN1_NF_arg
 .data.ADC1_IN2_coeffs
                0x000000002000140c       0x28 ./Core/Src/_ADCn_INx_NF.o
                0x000000002000140c                ADC1_IN2_coeffs
 .data.ADC1_IN2_NF_arg
                0x0000000020001434     0x13e4 ./Core/Src/_ADCn_INx_NF.o
                0x0000000020001434                ADC1_IN2_NF_arg
 .data.ADC2_IN3_coeffs
                0x0000000020002818       0x28 ./Core/Src/_ADCn_INx_NF.o
                0x0000000020002818                ADC2_IN3_coeffs
 .data.ADC2_IN3_NF_arg
                0x0000000020002840     0x13e4 ./Core/Src/_ADCn_INx_NF.o
                0x0000000020002840                ADC2_IN3_NF_arg
 .data.ADC2_IN4_coeffs
                0x0000000020003c24       0x28 ./Core/Src/_ADCn_INx_NF.o
                0x0000000020003c24                ADC2_IN4_coeffs
 .data.ADC2_IN4_NF_arg
                0x0000000020003c4c     0x13e4 ./Core/Src/_ADCn_INx_NF.o
                0x0000000020003c4c                ADC2_IN4_NF_arg
 .data.ADC3_IN1_coeffs
                0x0000000020005030       0x28 ./Core/Src/_ADCn_INx_NF.o
                0x0000000020005030                ADC3_IN1_coeffs
 .data.ADC3_IN1_NF_arg
                0x0000000020005058     0x13e4 ./Core/Src/_ADCn_INx_NF.o
                0x0000000020005058                ADC3_IN1_NF_arg
 .data.ADC3_IN2_coeffs
                0x000000002000643c       0x28 ./Core/Src/_ADCn_INx_NF.o
                0x000000002000643c                ADC3_IN2_coeffs
 .data.ADC3_IN2_NF_arg
                0x0000000020006464     0x13e4 ./Core/Src/_ADCn_INx_NF.o
                0x0000000020006464                ADC3_IN2_NF_arg
 .data.SystemCoreClock
                0x0000000020007848        0x4 ./Core/Src/system_stm32g4xx.o
                0x0000000020007848                SystemCoreClock
 .data.uwTickPrio
                0x000000002000784c        0x4 ./Drivers/STM32G4xx_HAL_Driver/Src/stm32g4xx_hal.o
                0x000000002000784c                uwTickPrio
 .data.uwTickFreq
                0x0000000020007850        0x4 ./Drivers/STM32G4xx_HAL_Driver/Src/stm32g4xx_hal.o
                0x0000000020007850                uwTickFreq
 *(.RamFunc)
 *(.RamFunc*)
                0x0000000020007854                . = ALIGN (0x4)
                0x0000000020007854                _edata = .

.igot.plt       0x0000000020007854        0x0 load address 0x000000000800cbd0
 .igot.plt      0x0000000020007854        0x0 C:/ST/STM32CubeIDE_1.14.0/STM32CubeIDE/plugins/com.st.stm32cube.ide.mcu.externaltools.gnu-tools-for-stm32.11.3.rel1.win32_1.1.100.202309141235/tools/bin/../lib/gcc/arm-none-eabi/11.3.1/thumb/v7e-m+fp/hard/crtbegin.o
                0x0000000020007854                . = ALIGN (0x4)

.bss            0x0000000020007854      0x414 load address 0x000000000800cbd0
                0x0000000020007854                _sbss = .
                0x0000000020007854                __bss_start__ = _sbss
 *(.bss)
 .bss           0x0000000020007854       0x1c C:/ST/STM32CubeIDE_1.14.0/STM32CubeIDE/plugins/com.st.stm32cube.ide.mcu.externaltools.gnu-tools-for-stm32.11.3.rel1.win32_1.1.100.202309141235/tools/bin/../lib/gcc/arm-none-eabi/11.3.1/thumb/v7e-m+fp/hard/crtbegin.o
 *(.bss*)
 .bss.ADC1_IN1_States
                0x0000000020007870       0x10 ./Core/Src/_ADCn_INx_NF.o
                0x0000000020007870                ADC1_IN1_States
 .bss.ADC1_IN2_States
                0x0000000020007880       0x10 ./Core/Src/_ADCn_INx_NF.o
                0x0000000020007880                ADC1_IN2_States
 .bss.ADC2_IN3_States
                0x0000000020007890       0x10 ./Core/Src/_ADCn_INx_NF.o
                0x0000000020007890                ADC2_IN3_States
 .bss.ADC2_IN4_States
                0x00000000200078a0       0x10 ./Core/Src/_ADCn_INx_NF.o
                0x00000000200078a0                ADC2_IN4_States
 .bss.ADC3_IN1_States
                0x00000000200078b0       0x10 ./Core/Src/_ADCn_INx_NF.o
                0x00000000200078b0                ADC3_IN1_States
 .bss.ADC3_IN2_States
                0x00000000200078c0       0x10 ./Core/Src/_ADCn_INx_NF.o
                0x00000000200078c0                ADC3_IN2_States
 .bss.hadc1     0x00000000200078d0       0x6c ./Core/Src/main.o
                0x00000000200078d0                hadc1
 .bss.hadc2     0x000000002000793c       0x6c ./Core/Src/main.o
                0x000000002000793c                hadc2
 .bss.hadc3     0x00000000200079a8       0x6c ./Core/Src/main.o
                0x00000000200079a8                hadc3
 .bss.hdma_adc1
                0x0000000020007a14       0x60 ./Core/Src/main.o
                0x0000000020007a14                hdma_adc1
 .bss.hdma_adc2
                0x0000000020007a74       0x60 ./Core/Src/main.o
                0x0000000020007a74                hdma_adc2
 .bss.hdma_adc3
                0x0000000020007ad4       0x60 ./Core/Src/main.o
                0x0000000020007ad4                hdma_adc3
 .bss.hfmac     0x0000000020007b34       0x38 ./Core/Src/main.o
                0x0000000020007b34                hfmac
 .bss.htim6     0x0000000020007b6c       0x4c ./Core/Src/main.o
                0x0000000020007b6c                htim6
 .bss.htim7     0x0000000020007bb8       0x4c ./Core/Src/main.o
                0x0000000020007bb8                htim7
 .bss.htim20    0x0000000020007c04       0x4c ./Core/Src/main.o
                0x0000000020007c04                htim20
 .bss.ADC1_DMA_sort_ptr
                0x0000000020007c50        0x4 ./Core/Src/main.o
                0x0000000020007c50                ADC1_DMA_sort_ptr
 .bss.ADC2_DMA_sort_ptr
                0x0000000020007c54        0x4 ./Core/Src/main.o
                0x0000000020007c54                ADC2_DMA_sort_ptr
 .bss.ADC3_DMA_sort_ptr
                0x0000000020007c58        0x4 ./Core/Src/main.o
                0x0000000020007c58                ADC3_DMA_sort_ptr
 .bss.ADC_status
                0x0000000020007c5c        0x1 ./Core/Src/main.o
                0x0000000020007c5c                ADC_status
 *fill*         0x0000000020007c5d        0x3 
 .bss.HAL_RCC_ADC12_CLK_ENABLED
                0x0000000020007c60        0x4 ./Core/Src/stm32g4xx_hal_msp.o
 .bss.uwTick    0x0000000020007c64        0x4 ./Drivers/STM32G4xx_HAL_Driver/Src/stm32g4xx_hal.o
                0x0000000020007c64                uwTick
 *(COMMON)
                0x0000000020007c68                . = ALIGN (0x4)
                0x0000000020007c68                _ebss = .
                0x0000000020007c68                __bss_end__ = _ebss

._user_heap_stack
                0x0000000020007c68      0x600 load address 0x000000000800cbd0
                0x0000000020007c68                . = ALIGN (0x8)
                [!provide]                        PROVIDE (end = .)
                0x0000000020007c68                PROVIDE (_end = .)
                0x0000000020007e68                . = (. + _Min_Heap_Size)
 *fill*         0x0000000020007c68      0x200 
                0x0000000020008268                . = (. + _Min_Stack_Size)
 *fill*         0x0000000020007e68      0x400 
                0x0000000020008268                . = ALIGN (0x8)

/DISCARD/
 libc.a(*)
 libm.a(*)
 libgcc.a(*)

.ARM.attributes
                0x0000000000000000       0x30
 *(.ARM.attributes)
 .ARM.attributes
                0x0000000000000000       0x1e C:/ST/STM32CubeIDE_1.14.0/STM32CubeIDE/plugins/com.st.stm32cube.ide.mcu.externaltools.gnu-tools-for-stm32.11.3.rel1.win32_1.1.100.202309141235/tools/bin/../lib/gcc/arm-none-eabi/11.3.1/thumb/v7e-m+fp/hard/crti.o
 .ARM.attributes
                0x000000000000001e       0x34 C:/ST/STM32CubeIDE_1.14.0/STM32CubeIDE/plugins/com.st.stm32cube.ide.mcu.externaltools.gnu-tools-for-stm32.11.3.rel1.win32_1.1.100.202309141235/tools/bin/../lib/gcc/arm-none-eabi/11.3.1/thumb/v7e-m+fp/hard/crtbegin.o
 .ARM.attributes
                0x0000000000000052       0x34 ./Core/Src/_ADCn_INx_NF.o
 .ARM.attributes
                0x0000000000000086       0x34 ./Core/Src/_DMA_Sort.o
 .ARM.attributes
                0x00000000000000ba       0x34 ./Core/Src/main.o
 .ARM.attributes
                0x00000000000000ee       0x34 ./Core/Src/stm32g4xx_hal_msp.o
 .ARM.attributes
                0x0000000000000122       0x34 ./Core/Src/stm32g4xx_it.o
 .ARM.attributes
                0x0000000000000156       0x34 ./Core/Src/system_stm32g4xx.o
 .ARM.attributes
                0x000000000000018a       0x21 ./Core/Startup/startup_stm32g4a1vetx.o
 .ARM.attributes
                0x00000000000001ab       0x34 ./Drivers/STM32G4xx_HAL_Driver/Src/stm32g4xx_hal.o
 .ARM.attributes
                0x00000000000001df       0x34 ./Drivers/STM32G4xx_HAL_Driver/Src/stm32g4xx_hal_adc.o
 .ARM.attributes
                0x0000000000000213       0x34 ./Drivers/STM32G4xx_HAL_Driver/Src/stm32g4xx_hal_adc_ex.o
 .ARM.attributes
                0x0000000000000247       0x34 ./Drivers/STM32G4xx_HAL_Driver/Src/stm32g4xx_hal_cortex.o
 .ARM.attributes
                0x000000000000027b       0x34 ./Drivers/STM32G4xx_HAL_Driver/Src/stm32g4xx_hal_dma.o
 .ARM.attributes
                0x00000000000002af       0x34 ./Drivers/STM32G4xx_HAL_Driver/Src/stm32g4xx_hal_fmac.o
 .ARM.attributes
                0x00000000000002e3       0x34 ./Drivers/STM32G4xx_HAL_Driver/Src/stm32g4xx_hal_gpio.o
 .ARM.attributes
                0x0000000000000317       0x34 ./Drivers/STM32G4xx_HAL_Driver/Src/stm32g4xx_hal_pwr_ex.o
 .ARM.attributes
                0x000000000000034b       0x34 ./Drivers/STM32G4xx_HAL_Driver/Src/stm32g4xx_hal_rcc.o
 .ARM.attributes
                0x000000000000037f       0x34 ./Drivers/STM32G4xx_HAL_Driver/Src/stm32g4xx_hal_rcc_ex.o
 .ARM.attributes
                0x00000000000003b3       0x34 ./Drivers/STM32G4xx_HAL_Driver/Src/stm32g4xx_hal_tim.o
 .ARM.attributes
                0x00000000000003e7       0x34 ./Drivers/STM32G4xx_HAL_Driver/Src/stm32g4xx_hal_tim_ex.o
 .ARM.attributes
                0x000000000000041b       0x34 C:\Users\moshte\Desktop\moshte\Firmware projects\CubeIDE\Workspace\semgdaq_\Drivers\CMSIS\Lib\GCC\libarm_cortexM4lf_math.a(arm_biquad_cascade_df2t_f32.o)
 .ARM.attributes
                0x000000000000044f       0x34 C:\Users\moshte\Desktop\moshte\Firmware projects\CubeIDE\Workspace\semgdaq_\Drivers\CMSIS\Lib\GCC\libarm_cortexM4lf_math.a(arm_biquad_cascade_df2t_init_f32.o)
 .ARM.attributes
                0x0000000000000483       0x34 C:/ST/STM32CubeIDE_1.14.0/STM32CubeIDE/plugins/com.st.stm32cube.ide.mcu.externaltools.gnu-tools-for-stm32.11.3.rel1.win32_1.1.100.202309141235/tools/bin/../lib/gcc/arm-none-eabi/11.3.1/../../../../arm-none-eabi/lib/thumb/v7e-m+fp/hard\libc_nano.a(libc_a-memset.o)
 .ARM.attributes
                0x00000000000004b7       0x34 C:/ST/STM32CubeIDE_1.14.0/STM32CubeIDE/plugins/com.st.stm32cube.ide.mcu.externaltools.gnu-tools-for-stm32.11.3.rel1.win32_1.1.100.202309141235/tools/bin/../lib/gcc/arm-none-eabi/11.3.1/../../../../arm-none-eabi/lib/thumb/v7e-m+fp/hard\libc_nano.a(libc_a-init.o)
 .ARM.attributes
                0x00000000000004eb       0x1e C:/ST/STM32CubeIDE_1.14.0/STM32CubeIDE/plugins/com.st.stm32cube.ide.mcu.externaltools.gnu-tools-for-stm32.11.3.rel1.win32_1.1.100.202309141235/tools/bin/../lib/gcc/arm-none-eabi/11.3.1/thumb/v7e-m+fp/hard/crtn.o
OUTPUT(semgdaq_.elf elf32-littlearm)
LOAD linker stubs
LOAD C:/ST/STM32CubeIDE_1.14.0/STM32CubeIDE/plugins/com.st.stm32cube.ide.mcu.externaltools.gnu-tools-for-stm32.11.3.rel1.win32_1.1.100.202309141235/tools/bin/../lib/gcc/arm-none-eabi/11.3.1/../../../../arm-none-eabi/lib/thumb/v7e-m+fp/hard\libc.a
LOAD C:/ST/STM32CubeIDE_1.14.0/STM32CubeIDE/plugins/com.st.stm32cube.ide.mcu.externaltools.gnu-tools-for-stm32.11.3.rel1.win32_1.1.100.202309141235/tools/bin/../lib/gcc/arm-none-eabi/11.3.1/../../../../arm-none-eabi/lib/thumb/v7e-m+fp/hard\libm.a
LOAD C:/ST/STM32CubeIDE_1.14.0/STM32CubeIDE/plugins/com.st.stm32cube.ide.mcu.externaltools.gnu-tools-for-stm32.11.3.rel1.win32_1.1.100.202309141235/tools/bin/../lib/gcc/arm-none-eabi/11.3.1/thumb/v7e-m+fp/hard\libgcc.a

.comment        0x0000000000000000       0xb8
 .comment       0x0000000000000000       0x43 C:/ST/STM32CubeIDE_1.14.0/STM32CubeIDE/plugins/com.st.stm32cube.ide.mcu.externaltools.gnu-tools-for-stm32.11.3.rel1.win32_1.1.100.202309141235/tools/bin/../lib/gcc/arm-none-eabi/11.3.1/thumb/v7e-m+fp/hard/crtbegin.o
                                         0x44 (size before relaxing)
 .comment       0x0000000000000043       0x44 ./Core/Src/_ADCn_INx_NF.o
 .comment       0x0000000000000043       0x44 ./Core/Src/_DMA_Sort.o
 .comment       0x0000000000000043       0x44 ./Core/Src/main.o
 .comment       0x0000000000000043       0x44 ./Core/Src/stm32g4xx_hal_msp.o
 .comment       0x0000000000000043       0x44 ./Core/Src/stm32g4xx_it.o
 .comment       0x0000000000000043       0x44 ./Core/Src/system_stm32g4xx.o
 .comment       0x0000000000000043       0x44 ./Drivers/STM32G4xx_HAL_Driver/Src/stm32g4xx_hal.o
 .comment       0x0000000000000043       0x44 ./Drivers/STM32G4xx_HAL_Driver/Src/stm32g4xx_hal_adc.o
 .comment       0x0000000000000043       0x44 ./Drivers/STM32G4xx_HAL_Driver/Src/stm32g4xx_hal_adc_ex.o
 .comment       0x0000000000000043       0x44 ./Drivers/STM32G4xx_HAL_Driver/Src/stm32g4xx_hal_cortex.o
 .comment       0x0000000000000043       0x44 ./Drivers/STM32G4xx_HAL_Driver/Src/stm32g4xx_hal_dma.o
 .comment       0x0000000000000043       0x44 ./Drivers/STM32G4xx_HAL_Driver/Src/stm32g4xx_hal_fmac.o
 .comment       0x0000000000000043       0x44 ./Drivers/STM32G4xx_HAL_Driver/Src/stm32g4xx_hal_gpio.o
 .comment       0x0000000000000043       0x44 ./Drivers/STM32G4xx_HAL_Driver/Src/stm32g4xx_hal_pwr_ex.o
 .comment       0x0000000000000043       0x44 ./Drivers/STM32G4xx_HAL_Driver/Src/stm32g4xx_hal_rcc.o
 .comment       0x0000000000000043       0x44 ./Drivers/STM32G4xx_HAL_Driver/Src/stm32g4xx_hal_rcc_ex.o
 .comment       0x0000000000000043       0x44 ./Drivers/STM32G4xx_HAL_Driver/Src/stm32g4xx_hal_tim.o
 .comment       0x0000000000000043       0x44 ./Drivers/STM32G4xx_HAL_Driver/Src/stm32g4xx_hal_tim_ex.o
 .comment       0x0000000000000043       0x75 C:\Users\moshte\Desktop\moshte\Firmware projects\CubeIDE\Workspace\semgdaq_\Drivers\CMSIS\Lib\GCC\libarm_cortexM4lf_math.a(arm_biquad_cascade_df2t_f32.o)
                                         0x76 (size before relaxing)
 .comment       0x00000000000000b8       0x76 C:\Users\moshte\Desktop\moshte\Firmware projects\CubeIDE\Workspace\semgdaq_\Drivers\CMSIS\Lib\GCC\libarm_cortexM4lf_math.a(arm_biquad_cascade_df2t_init_f32.o)

.debug_info     0x0000000000000000    0x144d4
 .debug_info    0x0000000000000000      0x92e ./Core/Src/_ADCn_INx_NF.o
 .debug_info    0x000000000000092e      0x40a ./Core/Src/_DMA_Sort.o
 .debug_info    0x0000000000000d38     0x1cda ./Core/Src/main.o
 .debug_info    0x0000000000002a12     0x15f0 ./Core/Src/stm32g4xx_hal_msp.o
 .debug_info    0x0000000000004002      0x4a4 ./Core/Src/stm32g4xx_it.o
 .debug_info    0x00000000000044a6      0x58e ./Core/Src/system_stm32g4xx.o
 .debug_info    0x0000000000004a34       0x23 ./Core/Startup/startup_stm32g4a1vetx.o
 .debug_info    0x0000000000004a57      0xb2f ./Drivers/STM32G4xx_HAL_Driver/Src/stm32g4xx_hal.o
 .debug_info    0x0000000000005586     0x2063 ./Drivers/STM32G4xx_HAL_Driver/Src/stm32g4xx_hal_adc.o
 .debug_info    0x00000000000075e9     0x1d80 ./Drivers/STM32G4xx_HAL_Driver/Src/stm32g4xx_hal_adc_ex.o
 .debug_info    0x0000000000009369      0xd47 ./Drivers/STM32G4xx_HAL_Driver/Src/stm32g4xx_hal_cortex.o
 .debug_info    0x000000000000a0b0      0x85f ./Drivers/STM32G4xx_HAL_Driver/Src/stm32g4xx_hal_dma.o
 .debug_info    0x000000000000a90f     0x11a4 ./Drivers/STM32G4xx_HAL_Driver/Src/stm32g4xx_hal_fmac.o
 .debug_info    0x000000000000bab3      0x763 ./Drivers/STM32G4xx_HAL_Driver/Src/stm32g4xx_hal_gpio.o
 .debug_info    0x000000000000c216      0x93f ./Drivers/STM32G4xx_HAL_Driver/Src/stm32g4xx_hal_pwr_ex.o
 .debug_info    0x000000000000cb55      0xb82 ./Drivers/STM32G4xx_HAL_Driver/Src/stm32g4xx_hal_rcc.o
 .debug_info    0x000000000000d6d7      0xc39 ./Drivers/STM32G4xx_HAL_Driver/Src/stm32g4xx_hal_rcc_ex.o
 .debug_info    0x000000000000e310     0x2c52 ./Drivers/STM32G4xx_HAL_Driver/Src/stm32g4xx_hal_tim.o
 .debug_info    0x0000000000010f62     0x1d95 ./Drivers/STM32G4xx_HAL_Driver/Src/stm32g4xx_hal_tim_ex.o
 .debug_info    0x0000000000012cf7      0xc72 C:\Users\moshte\Desktop\moshte\Firmware projects\CubeIDE\Workspace\semgdaq_\Drivers\CMSIS\Lib\GCC\libarm_cortexM4lf_math.a(arm_biquad_cascade_df2t_f32.o)
 .debug_info    0x0000000000013969      0xb6b C:\Users\moshte\Desktop\moshte\Firmware projects\CubeIDE\Workspace\semgdaq_\Drivers\CMSIS\Lib\GCC\libarm_cortexM4lf_math.a(arm_biquad_cascade_df2t_init_f32.o)

.debug_abbrev   0x0000000000000000     0x2d77
 .debug_abbrev  0x0000000000000000      0x19e ./Core/Src/_ADCn_INx_NF.o
 .debug_abbrev  0x000000000000019e      0x103 ./Core/Src/_DMA_Sort.o
 .debug_abbrev  0x00000000000002a1      0x386 ./Core/Src/main.o
 .debug_abbrev  0x0000000000000627      0x293 ./Core/Src/stm32g4xx_hal_msp.o
 .debug_abbrev  0x00000000000008ba      0x16c ./Core/Src/stm32g4xx_it.o
 .debug_abbrev  0x0000000000000a26      0x11a ./Core/Src/system_stm32g4xx.o
 .debug_abbrev  0x0000000000000b40       0x12 ./Core/Startup/startup_stm32g4a1vetx.o
 .debug_abbrev  0x0000000000000b52      0x271 ./Drivers/STM32G4xx_HAL_Driver/Src/stm32g4xx_hal.o
 .debug_abbrev  0x0000000000000dc3      0x2d3 ./Drivers/STM32G4xx_HAL_Driver/Src/stm32g4xx_hal_adc.o
 .debug_abbrev  0x0000000000001096      0x2ee ./Drivers/STM32G4xx_HAL_Driver/Src/stm32g4xx_hal_adc_ex.o
 .debug_abbrev  0x0000000000001384      0x31c ./Drivers/STM32G4xx_HAL_Driver/Src/stm32g4xx_hal_cortex.o
 .debug_abbrev  0x00000000000016a0      0x1e2 ./Drivers/STM32G4xx_HAL_Driver/Src/stm32g4xx_hal_dma.o
 .debug_abbrev  0x0000000000001882      0x246 ./Drivers/STM32G4xx_HAL_Driver/Src/stm32g4xx_hal_fmac.o
 .debug_abbrev  0x0000000000001ac8      0x1cb ./Drivers/STM32G4xx_HAL_Driver/Src/stm32g4xx_hal_gpio.o
 .debug_abbrev  0x0000000000001c93      0x22c ./Drivers/STM32G4xx_HAL_Driver/Src/stm32g4xx_hal_pwr_ex.o
 .debug_abbrev  0x0000000000001ebf      0x2c9 ./Drivers/STM32G4xx_HAL_Driver/Src/stm32g4xx_hal_rcc.o
 .debug_abbrev  0x0000000000002188      0x258 ./Drivers/STM32G4xx_HAL_Driver/Src/stm32g4xx_hal_rcc_ex.o
 .debug_abbrev  0x00000000000023e0      0x2a7 ./Drivers/STM32G4xx_HAL_Driver/Src/stm32g4xx_hal_tim.o
 .debug_abbrev  0x0000000000002687      0x2c5 ./Drivers/STM32G4xx_HAL_Driver/Src/stm32g4xx_hal_tim_ex.o
 .debug_abbrev  0x000000000000294c      0x215 C:\Users\moshte\Desktop\moshte\Firmware projects\CubeIDE\Workspace\semgdaq_\Drivers\CMSIS\Lib\GCC\libarm_cortexM4lf_math.a(arm_biquad_cascade_df2t_f32.o)
 .debug_abbrev  0x0000000000002b61      0x216 C:\Users\moshte\Desktop\moshte\Firmware projects\CubeIDE\Workspace\semgdaq_\Drivers\CMSIS\Lib\GCC\libarm_cortexM4lf_math.a(arm_biquad_cascade_df2t_init_f32.o)

.debug_aranges  0x0000000000000000     0x1430
 .debug_aranges
                0x0000000000000000       0xa8 ./Core/Src/_ADCn_INx_NF.o
 .debug_aranges
                0x00000000000000a8       0x48 ./Core/Src/_DMA_Sort.o
 .debug_aranges
                0x00000000000000f0       0x88 ./Core/Src/main.o
 .debug_aranges
                0x0000000000000178       0x50 ./Core/Src/stm32g4xx_hal_msp.o
 .debug_aranges
                0x00000000000001c8       0x78 ./Core/Src/stm32g4xx_it.o
 .debug_aranges
                0x0000000000000240       0x28 ./Core/Src/system_stm32g4xx.o
 .debug_aranges
                0x0000000000000268       0x28 ./Core/Startup/startup_stm32g4a1vetx.o
 .debug_aranges
                0x0000000000000290      0x148 ./Drivers/STM32G4xx_HAL_Driver/Src/stm32g4xx_hal.o
 .debug_aranges
                0x00000000000003d8      0x248 ./Drivers/STM32G4xx_HAL_Driver/Src/stm32g4xx_hal_adc.o
 .debug_aranges
                0x0000000000000620      0x1c0 ./Drivers/STM32G4xx_HAL_Driver/Src/stm32g4xx_hal_adc_ex.o
 .debug_aranges
                0x00000000000007e0      0x118 ./Drivers/STM32G4xx_HAL_Driver/Src/stm32g4xx_hal_cortex.o
 .debug_aranges
                0x00000000000008f8       0x90 ./Drivers/STM32G4xx_HAL_Driver/Src/stm32g4xx_hal_dma.o
 .debug_aranges
                0x0000000000000988      0x168 ./Drivers/STM32G4xx_HAL_Driver/Src/stm32g4xx_hal_fmac.o
 .debug_aranges
                0x0000000000000af0       0x58 ./Drivers/STM32G4xx_HAL_Driver/Src/stm32g4xx_hal_gpio.o
 .debug_aranges
                0x0000000000000b48      0x140 ./Drivers/STM32G4xx_HAL_Driver/Src/stm32g4xx_hal_pwr_ex.o
 .debug_aranges
                0x0000000000000c88       0x98 ./Drivers/STM32G4xx_HAL_Driver/Src/stm32g4xx_hal_rcc.o
 .debug_aranges
                0x0000000000000d20       0xb0 ./Drivers/STM32G4xx_HAL_Driver/Src/stm32g4xx_hal_rcc_ex.o
 .debug_aranges
                0x0000000000000dd0      0x3e0 ./Drivers/STM32G4xx_HAL_Driver/Src/stm32g4xx_hal_tim.o
 .debug_aranges
                0x00000000000011b0      0x240 ./Drivers/STM32G4xx_HAL_Driver/Src/stm32g4xx_hal_tim_ex.o
 .debug_aranges
                0x00000000000013f0       0x20 C:\Users\moshte\Desktop\moshte\Firmware projects\CubeIDE\Workspace\semgdaq_\Drivers\CMSIS\Lib\GCC\libarm_cortexM4lf_math.a(arm_biquad_cascade_df2t_f32.o)
 .debug_aranges
                0x0000000000001410       0x20 C:\Users\moshte\Desktop\moshte\Firmware projects\CubeIDE\Workspace\semgdaq_\Drivers\CMSIS\Lib\GCC\libarm_cortexM4lf_math.a(arm_biquad_cascade_df2t_init_f32.o)

.debug_rnglists
                0x0000000000000000      0xf5c
 .debug_rnglists
                0x0000000000000000       0x79 ./Core/Src/_ADCn_INx_NF.o
 .debug_rnglists
                0x0000000000000079       0x37 ./Core/Src/_DMA_Sort.o
 .debug_rnglists
                0x00000000000000b0       0x69 ./Core/Src/main.o
 .debug_rnglists
                0x0000000000000119       0x3a ./Core/Src/stm32g4xx_hal_msp.o
 .debug_rnglists
                0x0000000000000153       0x55 ./Core/Src/stm32g4xx_it.o
 .debug_rnglists
                0x00000000000001a8       0x1a ./Core/Src/system_stm32g4xx.o
 .debug_rnglists
                0x00000000000001c2       0x19 ./Core/Startup/startup_stm32g4a1vetx.o
 .debug_rnglists
                0x00000000000001db       0xf1 ./Drivers/STM32G4xx_HAL_Driver/Src/stm32g4xx_hal.o
 .debug_rnglists
                0x00000000000002cc      0x1c0 ./Drivers/STM32G4xx_HAL_Driver/Src/stm32g4xx_hal_adc.o
 .debug_rnglists
                0x000000000000048c      0x15a ./Drivers/STM32G4xx_HAL_Driver/Src/stm32g4xx_hal_adc_ex.o
 .debug_rnglists
                0x00000000000005e6       0xce ./Drivers/STM32G4xx_HAL_Driver/Src/stm32g4xx_hal_cortex.o
 .debug_rnglists
                0x00000000000006b4       0x71 ./Drivers/STM32G4xx_HAL_Driver/Src/stm32g4xx_hal_dma.o
 .debug_rnglists
                0x0000000000000725      0x118 ./Drivers/STM32G4xx_HAL_Driver/Src/stm32g4xx_hal_fmac.o
 .debug_rnglists
                0x000000000000083d       0x3f ./Drivers/STM32G4xx_HAL_Driver/Src/stm32g4xx_hal_gpio.o
 .debug_rnglists
                0x000000000000087c       0xf1 ./Drivers/STM32G4xx_HAL_Driver/Src/stm32g4xx_hal_pwr_ex.o
 .debug_rnglists
                0x000000000000096d       0x74 ./Drivers/STM32G4xx_HAL_Driver/Src/stm32g4xx_hal_rcc.o
 .debug_rnglists
                0x00000000000009e1       0x87 ./Drivers/STM32G4xx_HAL_Driver/Src/stm32g4xx_hal_rcc_ex.o
 .debug_rnglists
                0x0000000000000a68      0x328 ./Drivers/STM32G4xx_HAL_Driver/Src/stm32g4xx_hal_tim.o
 .debug_rnglists
                0x0000000000000d90      0x1cc ./Drivers/STM32G4xx_HAL_Driver/Src/stm32g4xx_hal_tim_ex.o

.debug_macro    0x0000000000000000    0x215aa
 .debug_macro   0x0000000000000000      0x2fb ./Core/Src/_ADCn_INx_NF.o
 .debug_macro   0x00000000000002fb      0xaae ./Core/Src/_ADCn_INx_NF.o
 .debug_macro   0x0000000000000da9       0x16 ./Core/Src/_ADCn_INx_NF.o
 .debug_macro   0x0000000000000dbf       0x22 ./Core/Src/_ADCn_INx_NF.o
 .debug_macro   0x0000000000000de1      0x161 ./Core/Src/_ADCn_INx_NF.o
 .debug_macro   0x0000000000000f42       0x2e ./Core/Src/_ADCn_INx_NF.o
 .debug_macro   0x0000000000000f70       0x28 ./Core/Src/_ADCn_INx_NF.o
 .debug_macro   0x0000000000000f98       0x22 ./Core/Src/_ADCn_INx_NF.o
 .debug_macro   0x0000000000000fba       0x8e ./Core/Src/_ADCn_INx_NF.o
 .debug_macro   0x0000000000001048       0x51 ./Core/Src/_ADCn_INx_NF.o
 .debug_macro   0x0000000000001099      0x103 ./Core/Src/_ADCn_INx_NF.o
 .debug_macro   0x000000000000119c       0x6a ./Core/Src/_ADCn_INx_NF.o
 .debug_macro   0x0000000000001206      0x1df ./Core/Src/_ADCn_INx_NF.o
 .debug_macro   0x00000000000013e5       0x1c ./Core/Src/_ADCn_INx_NF.o
 .debug_macro   0x0000000000001401       0x22 ./Core/Src/_ADCn_INx_NF.o
 .debug_macro   0x0000000000001423       0xfb ./Core/Src/_ADCn_INx_NF.o
 .debug_macro   0x000000000000151e     0x1011 ./Core/Src/_ADCn_INx_NF.o
 .debug_macro   0x000000000000252f      0x11f ./Core/Src/_ADCn_INx_NF.o
 .debug_macro   0x000000000000264e    0x12222 ./Core/Src/_ADCn_INx_NF.o
 .debug_macro   0x0000000000014870       0x6d ./Core/Src/_ADCn_INx_NF.o
 .debug_macro   0x00000000000148dd     0x354d ./Core/Src/_ADCn_INx_NF.o
 .debug_macro   0x0000000000017e2a      0x174 ./Core/Src/_ADCn_INx_NF.o
 .debug_macro   0x0000000000017f9e       0x5c ./Core/Src/_ADCn_INx_NF.o
 .debug_macro   0x0000000000017ffa     0x157b ./Core/Src/_ADCn_INx_NF.o
 .debug_macro   0x0000000000019575      0x5cf ./Core/Src/_ADCn_INx_NF.o
 .debug_macro   0x0000000000019b44      0x1b6 ./Core/Src/_ADCn_INx_NF.o
 .debug_macro   0x0000000000019cfa      0x2d0 ./Core/Src/_ADCn_INx_NF.o
 .debug_macro   0x0000000000019fca      0x4a2 ./Core/Src/_ADCn_INx_NF.o
 .debug_macro   0x000000000001a46c      0x18b ./Core/Src/_ADCn_INx_NF.o
 .debug_macro   0x000000000001a5f7       0x43 ./Core/Src/_ADCn_INx_NF.o
 .debug_macro   0x000000000001a63a      0x23d ./Core/Src/_ADCn_INx_NF.o
 .debug_macro   0x000000000001a877     0x1112 ./Core/Src/_ADCn_INx_NF.o
 .debug_macro   0x000000000001b989      0x72e ./Core/Src/_ADCn_INx_NF.o
 .debug_macro   0x000000000001c0b7      0x391 ./Core/Src/_ADCn_INx_NF.o
 .debug_macro   0x000000000001c448      0x211 ./Core/Src/_ADCn_INx_NF.o
 .debug_macro   0x000000000001c659      0x416 ./Core/Src/_ADCn_INx_NF.o
 .debug_macro   0x000000000001ca6f      0x10e ./Core/Src/_ADCn_INx_NF.o
 .debug_macro   0x000000000001cb7d      0x1ae ./Core/Src/_ADCn_INx_NF.o
 .debug_macro   0x000000000001cd2b      0x122 ./Core/Src/_ADCn_INx_NF.o
 .debug_macro   0x000000000001ce4d      0x3d1 ./Core/Src/_ADCn_INx_NF.o
 .debug_macro   0x000000000001d21e      0xbe8 ./Core/Src/_ADCn_INx_NF.o
 .debug_macro   0x000000000001de06      0x4ee ./Core/Src/_ADCn_INx_NF.o
 .debug_macro   0x000000000001e2f4      0x321 ./Core/Src/_ADCn_INx_NF.o
 .debug_macro   0x000000000001e615       0x61 ./Core/Src/_ADCn_INx_NF.o
 .debug_macro   0x000000000001e676       0x2a ./Core/Src/_ADCn_INx_NF.o
 .debug_macro   0x000000000001e6a0       0x43 ./Core/Src/_ADCn_INx_NF.o
 .debug_macro   0x000000000001e6e3       0x34 ./Core/Src/_ADCn_INx_NF.o
 .debug_macro   0x000000000001e717       0x16 ./Core/Src/_ADCn_INx_NF.o
 .debug_macro   0x000000000001e72d       0x43 ./Core/Src/_ADCn_INx_NF.o
 .debug_macro   0x000000000001e770       0x34 ./Core/Src/_ADCn_INx_NF.o
 .debug_macro   0x000000000001e7a4       0x10 ./Core/Src/_ADCn_INx_NF.o
 .debug_macro   0x000000000001e7b4       0x58 ./Core/Src/_ADCn_INx_NF.o
 .debug_macro   0x000000000001e80c       0x8e ./Core/Src/_ADCn_INx_NF.o
 .debug_macro   0x000000000001e89a       0x1c ./Core/Src/_ADCn_INx_NF.o
 .debug_macro   0x000000000001e8b6      0x177 ./Core/Src/_ADCn_INx_NF.o
 .debug_macro   0x000000000001ea2d      0x369 ./Core/Src/_ADCn_INx_NF.o
 .debug_macro   0x000000000001ed96       0x10 ./Core/Src/_ADCn_INx_NF.o
 .debug_macro   0x000000000001eda6       0x35 ./Core/Src/_ADCn_INx_NF.o
 .debug_macro   0x000000000001eddb       0x20 ./Core/Src/_ADCn_INx_NF.o
 .debug_macro   0x000000000001edfb      0x19b ./Core/Src/_ADCn_INx_NF.o
 .debug_macro   0x000000000001ef96      0x201 ./Core/Src/_ADCn_INx_NF.o
 .debug_macro   0x000000000001f197       0xc8 ./Core/Src/_ADCn_INx_NF.o
 .debug_macro   0x000000000001f25f      0x1f0 ./Core/Src/_DMA_Sort.o
 .debug_macro   0x000000000001f44f      0x305 ./Core/Src/main.o
 .debug_macro   0x000000000001f754      0x1f1 ./Core/Src/stm32g4xx_hal_msp.o
 .debug_macro   0x000000000001f945      0x1fb ./Core/Src/stm32g4xx_it.o
 .debug_macro   0x000000000001fb40      0x1e7 ./Core/Src/system_stm32g4xx.o
 .debug_macro   0x000000000001fd27      0x235 ./Drivers/STM32G4xx_HAL_Driver/Src/stm32g4xx_hal.o
 .debug_macro   0x000000000001ff5c      0x204 ./Drivers/STM32G4xx_HAL_Driver/Src/stm32g4xx_hal_adc.o
 .debug_macro   0x0000000000020160      0x1f3 ./Drivers/STM32G4xx_HAL_Driver/Src/stm32g4xx_hal_adc_ex.o
 .debug_macro   0x0000000000020353      0x1e7 ./Drivers/STM32G4xx_HAL_Driver/Src/stm32g4xx_hal_cortex.o
 .debug_macro   0x000000000002053a      0x1e7 ./Drivers/STM32G4xx_HAL_Driver/Src/stm32g4xx_hal_dma.o
 .debug_macro   0x0000000000020721      0x274 ./Drivers/STM32G4xx_HAL_Driver/Src/stm32g4xx_hal_fmac.o
 .debug_macro   0x0000000000020995      0x1ee ./Drivers/STM32G4xx_HAL_Driver/Src/stm32g4xx_hal_gpio.o
 .debug_macro   0x0000000000020b83      0x211 ./Drivers/STM32G4xx_HAL_Driver/Src/stm32g4xx_hal_pwr_ex.o
 .debug_macro   0x0000000000020d94      0x229 ./Drivers/STM32G4xx_HAL_Driver/Src/stm32g4xx_hal_rcc.o
 .debug_macro   0x0000000000020fbd      0x211 ./Drivers/STM32G4xx_HAL_Driver/Src/stm32g4xx_hal_rcc_ex.o
 .debug_macro   0x00000000000211ce      0x1ef ./Drivers/STM32G4xx_HAL_Driver/Src/stm32g4xx_hal_tim.o
 .debug_macro   0x00000000000213bd      0x1ed ./Drivers/STM32G4xx_HAL_Driver/Src/stm32g4xx_hal_tim_ex.o

.debug_line     0x0000000000000000    0x160b2
 .debug_line    0x0000000000000000      0xb49 ./Core/Src/_ADCn_INx_NF.o
 .debug_line    0x0000000000000b49      0xb3d ./Core/Src/_DMA_Sort.o
 .debug_line    0x0000000000001686      0xe44 ./Core/Src/main.o
 .debug_line    0x00000000000024ca      0x9ba ./Core/Src/stm32g4xx_hal_msp.o
 .debug_line    0x0000000000002e84      0x8a0 ./Core/Src/stm32g4xx_it.o
 .debug_line    0x0000000000003724      0x7ff ./Core/Src/system_stm32g4xx.o
 .debug_line    0x0000000000003f23       0x7b ./Core/Startup/startup_stm32g4a1vetx.o
 .debug_line    0x0000000000003f9e      0xbbe ./Drivers/STM32G4xx_HAL_Driver/Src/stm32g4xx_hal.o
 .debug_line    0x0000000000004b5c     0x2239 ./Drivers/STM32G4xx_HAL_Driver/Src/stm32g4xx_hal_adc.o
 .debug_line    0x0000000000006d95     0x1bfb ./Drivers/STM32G4xx_HAL_Driver/Src/stm32g4xx_hal_adc_ex.o
 .debug_line    0x0000000000008990      0xd29 ./Drivers/STM32G4xx_HAL_Driver/Src/stm32g4xx_hal_cortex.o
 .debug_line    0x00000000000096b9      0xee2 ./Drivers/STM32G4xx_HAL_Driver/Src/stm32g4xx_hal_dma.o
 .debug_line    0x000000000000a59b     0x14cf ./Drivers/STM32G4xx_HAL_Driver/Src/stm32g4xx_hal_fmac.o
 .debug_line    0x000000000000ba6a      0xbb9 ./Drivers/STM32G4xx_HAL_Driver/Src/stm32g4xx_hal_gpio.o
 .debug_line    0x000000000000c623      0xd2d ./Drivers/STM32G4xx_HAL_Driver/Src/stm32g4xx_hal_pwr_ex.o
 .debug_line    0x000000000000d350      0xf86 ./Drivers/STM32G4xx_HAL_Driver/Src/stm32g4xx_hal_rcc.o
 .debug_line    0x000000000000e2d6     0x1259 ./Drivers/STM32G4xx_HAL_Driver/Src/stm32g4xx_hal_rcc_ex.o
 .debug_line    0x000000000000f52f     0x4010 ./Drivers/STM32G4xx_HAL_Driver/Src/stm32g4xx_hal_tim.o
 .debug_line    0x000000000001353f     0x214f ./Drivers/STM32G4xx_HAL_Driver/Src/stm32g4xx_hal_tim_ex.o
 .debug_line    0x000000000001568e      0x79b C:\Users\moshte\Desktop\moshte\Firmware projects\CubeIDE\Workspace\semgdaq_\Drivers\CMSIS\Lib\GCC\libarm_cortexM4lf_math.a(arm_biquad_cascade_df2t_f32.o)
 .debug_line    0x0000000000015e29      0x289 C:\Users\moshte\Desktop\moshte\Firmware projects\CubeIDE\Workspace\semgdaq_\Drivers\CMSIS\Lib\GCC\libarm_cortexM4lf_math.a(arm_biquad_cascade_df2t_init_f32.o)

.debug_str      0x0000000000000000    0xe1841
 .debug_str     0x0000000000000000    0xdaa4d ./Core/Src/_ADCn_INx_NF.o
                                      0xdb0a4 (size before relaxing)
 .debug_str     0x00000000000daa4d       0x84 ./Core/Src/_DMA_Sort.o
                                      0xd6514 (size before relaxing)
 .debug_str     0x00000000000daad1     0x146e ./Core/Src/main.o
                                      0xdc283 (size before relaxing)
 .debug_str     0x00000000000dbf3f      0x351 ./Core/Src/stm32g4xx_hal_msp.o
                                      0xd7242 (size before relaxing)
 .debug_str     0x00000000000dc290      0x127 ./Core/Src/stm32g4xx_it.o
                                      0xd66ef (size before relaxing)
 .debug_str     0x00000000000dc3b7       0xdb ./Core/Src/system_stm32g4xx.o
                                      0xd6505 (size before relaxing)
 .debug_str     0x00000000000dc492       0x34 ./Core/Startup/startup_stm32g4a1vetx.o
                                         0x86 (size before relaxing)
 .debug_str     0x00000000000dc4c6      0x5e7 ./Drivers/STM32G4xx_HAL_Driver/Src/stm32g4xx_hal.o
                                      0xd7119 (size before relaxing)
 .debug_str     0x00000000000dcaad      0xab9 ./Drivers/STM32G4xx_HAL_Driver/Src/stm32g4xx_hal_adc.o
                                      0xd7532 (size before relaxing)
 .debug_str     0x00000000000dd566      0x691 ./Drivers/STM32G4xx_HAL_Driver/Src/stm32g4xx_hal_adc_ex.o
                                      0xd74d8 (size before relaxing)
 .debug_str     0x00000000000ddbf7      0x331 ./Drivers/STM32G4xx_HAL_Driver/Src/stm32g4xx_hal_cortex.o
                                      0xd6d9d (size before relaxing)
 .debug_str     0x00000000000ddf28      0x285 ./Drivers/STM32G4xx_HAL_Driver/Src/stm32g4xx_hal_dma.o
                                      0xd68df (size before relaxing)
 .debug_str     0x00000000000de1ad      0x9f9 ./Drivers/STM32G4xx_HAL_Driver/Src/stm32g4xx_hal_fmac.o
                                      0xd7263 (size before relaxing)
 .debug_str     0x00000000000deba6      0x15f ./Drivers/STM32G4xx_HAL_Driver/Src/stm32g4xx_hal_gpio.o
                                      0xd6690 (size before relaxing)
 .debug_str     0x00000000000ded05      0x495 ./Drivers/STM32G4xx_HAL_Driver/Src/stm32g4xx_hal_pwr_ex.o
                                      0xd69f3 (size before relaxing)
 .debug_str     0x00000000000df19a      0x4e0 ./Drivers/STM32G4xx_HAL_Driver/Src/stm32g4xx_hal_rcc.o
                                      0xd6bfe (size before relaxing)
 .debug_str     0x00000000000df67a      0x40b ./Drivers/STM32G4xx_HAL_Driver/Src/stm32g4xx_hal_rcc_ex.o
                                      0xd6c3b (size before relaxing)
 .debug_str     0x00000000000dfa85      0xee7 ./Drivers/STM32G4xx_HAL_Driver/Src/stm32g4xx_hal_tim.o
                                      0xd7a03 (size before relaxing)
 .debug_str     0x00000000000e096c      0x8f7 ./Drivers/STM32G4xx_HAL_Driver/Src/stm32g4xx_hal_tim_ex.o
                                      0xd7677 (size before relaxing)
 .debug_str     0x00000000000e1263      0x58a C:\Users\moshte\Desktop\moshte\Firmware projects\CubeIDE\Workspace\semgdaq_\Drivers\CMSIS\Lib\GCC\libarm_cortexM4lf_math.a(arm_biquad_cascade_df2t_f32.o)
                                        0x6ea (size before relaxing)
 .debug_str     0x00000000000e17ed       0x54 C:\Users\moshte\Desktop\moshte\Firmware projects\CubeIDE\Workspace\semgdaq_\Drivers\CMSIS\Lib\GCC\libarm_cortexM4lf_math.a(arm_biquad_cascade_df2t_init_f32.o)
                                        0x6e1 (size before relaxing)

.debug_frame    0x0000000000000000     0x554c
 .debug_frame   0x0000000000000000      0x220 ./Core/Src/_ADCn_INx_NF.o
 .debug_frame   0x0000000000000220      0x100 ./Core/Src/_DMA_Sort.o
 .debug_frame   0x0000000000000320      0x1f0 ./Core/Src/main.o
 .debug_frame   0x0000000000000510      0x120 ./Core/Src/stm32g4xx_hal_msp.o
 .debug_frame   0x0000000000000630      0x158 ./Core/Src/stm32g4xx_it.o
 .debug_frame   0x0000000000000788       0x58 ./Core/Src/system_stm32g4xx.o
 .debug_frame   0x00000000000007e0      0x500 ./Drivers/STM32G4xx_HAL_Driver/Src/stm32g4xx_hal.o
 .debug_frame   0x0000000000000ce0      0xacc ./Drivers/STM32G4xx_HAL_Driver/Src/stm32g4xx_hal_adc.o
 .debug_frame   0x00000000000017ac      0x81c ./Drivers/STM32G4xx_HAL_Driver/Src/stm32g4xx_hal_adc_ex.o
 .debug_frame   0x0000000000001fc8      0x498 ./Drivers/STM32G4xx_HAL_Driver/Src/stm32g4xx_hal_cortex.o
 .debug_frame   0x0000000000002460      0x24c ./Drivers/STM32G4xx_HAL_Driver/Src/stm32g4xx_hal_dma.o
 .debug_frame   0x00000000000026ac      0x640 ./Drivers/STM32G4xx_HAL_Driver/Src/stm32g4xx_hal_fmac.o
 .debug_frame   0x0000000000002cec      0x14c ./Drivers/STM32G4xx_HAL_Driver/Src/stm32g4xx_hal_gpio.o
 .debug_frame   0x0000000000002e38      0x4fc ./Drivers/STM32G4xx_HAL_Driver/Src/stm32g4xx_hal_pwr_ex.o
 .debug_frame   0x0000000000003334      0x23c ./Drivers/STM32G4xx_HAL_Driver/Src/stm32g4xx_hal_rcc.o
 .debug_frame   0x0000000000003570      0x2ac ./Drivers/STM32G4xx_HAL_Driver/Src/stm32g4xx_hal_rcc_ex.o
 .debug_frame   0x000000000000381c     0x121c ./Drivers/STM32G4xx_HAL_Driver/Src/stm32g4xx_hal_tim.o
 .debug_frame   0x0000000000004a38      0xa68 ./Drivers/STM32G4xx_HAL_Driver/Src/stm32g4xx_hal_tim_ex.o
 .debug_frame   0x00000000000054a0       0x38 C:\Users\moshte\Desktop\moshte\Firmware projects\CubeIDE\Workspace\semgdaq_\Drivers\CMSIS\Lib\GCC\libarm_cortexM4lf_math.a(arm_biquad_cascade_df2t_f32.o)
 .debug_frame   0x00000000000054d8       0x28 C:\Users\moshte\Desktop\moshte\Firmware projects\CubeIDE\Workspace\semgdaq_\Drivers\CMSIS\Lib\GCC\libarm_cortexM4lf_math.a(arm_biquad_cascade_df2t_init_f32.o)
 .debug_frame   0x0000000000005500       0x20 C:/ST/STM32CubeIDE_1.14.0/STM32CubeIDE/plugins/com.st.stm32cube.ide.mcu.externaltools.gnu-tools-for-stm32.11.3.rel1.win32_1.1.100.202309141235/tools/bin/../lib/gcc/arm-none-eabi/11.3.1/../../../../arm-none-eabi/lib/thumb/v7e-m+fp/hard\libc_nano.a(libc_a-memset.o)
 .debug_frame   0x0000000000005520       0x2c C:/ST/STM32CubeIDE_1.14.0/STM32CubeIDE/plugins/com.st.stm32cube.ide.mcu.externaltools.gnu-tools-for-stm32.11.3.rel1.win32_1.1.100.202309141235/tools/bin/../lib/gcc/arm-none-eabi/11.3.1/../../../../arm-none-eabi/lib/thumb/v7e-m+fp/hard\libc_nano.a(libc_a-init.o)

.debug_line_str
                0x0000000000000000       0x7a
 .debug_line_str
                0x0000000000000000       0x7a ./Core/Startup/startup_stm32g4a1vetx.o
                                         0x92 (size before relaxing)

.debug_loc      0x0000000000000000      0xd34
 .debug_loc     0x0000000000000000      0xc59 C:\Users\moshte\Desktop\moshte\Firmware projects\CubeIDE\Workspace\semgdaq_\Drivers\CMSIS\Lib\GCC\libarm_cortexM4lf_math.a(arm_biquad_cascade_df2t_f32.o)
 .debug_loc     0x0000000000000c59       0xdb C:\Users\moshte\Desktop\moshte\Firmware projects\CubeIDE\Workspace\semgdaq_\Drivers\CMSIS\Lib\GCC\libarm_cortexM4lf_math.a(arm_biquad_cascade_df2t_init_f32.o)

.debug_ranges   0x0000000000000000       0x20
 .debug_ranges  0x0000000000000000       0x10 C:\Users\moshte\Desktop\moshte\Firmware projects\CubeIDE\Workspace\semgdaq_\Drivers\CMSIS\Lib\GCC\libarm_cortexM4lf_math.a(arm_biquad_cascade_df2t_f32.o)
 .debug_ranges  0x0000000000000010       0x10 C:\Users\moshte\Desktop\moshte\Firmware projects\CubeIDE\Workspace\semgdaq_\Drivers\CMSIS\Lib\GCC\libarm_cortexM4lf_math.a(arm_biquad_cascade_df2t_init_f32.o)
