Archive member included to satisfy reference by file (symbol)

C:\Users\moshte\Desktop\moshte\Firmware projects\CubeIDE\Workspace\semgdaq_\Firmware\semgdaq\Drivers\CMSIS\Lib\GCC\libarm_cortexM4lf_math.a(arm_rfft_fast_init_f32.o)
                              ./Core/Src/_ADCn_INx_STFT.o (arm_rfft_fast_init_f32)
C:\Users\moshte\Desktop\moshte\Firmware projects\CubeIDE\Workspace\semgdaq_\Firmware\semgdaq\Drivers\CMSIS\Lib\GCC\libarm_cortexM4lf_math.a(arm_rfft_fast_f32.o)
                              ./Core/Src/_ADCn_INx_STFT.o (arm_rfft_fast_f32)
C:\Users\moshte\Desktop\moshte\Firmware projects\CubeIDE\Workspace\semgdaq_\Firmware\semgdaq\Drivers\CMSIS\Lib\GCC\libarm_cortexM4lf_math.a(arm_cfft_f32.o)
                              C:\Users\moshte\Desktop\moshte\Firmware projects\CubeIDE\Workspace\semgdaq_\Firmware\semgdaq\Drivers\CMSIS\Lib\GCC\libarm_cortexM4lf_math.a(arm_rfft_fast_f32.o) (arm_cfft_f32)
C:\Users\moshte\Desktop\moshte\Firmware projects\CubeIDE\Workspace\semgdaq_\Firmware\semgdaq\Drivers\CMSIS\Lib\GCC\libarm_cortexM4lf_math.a(arm_bitreversal2.o)
                              C:\Users\moshte\Desktop\moshte\Firmware projects\CubeIDE\Workspace\semgdaq_\Firmware\semgdaq\Drivers\CMSIS\Lib\GCC\libarm_cortexM4lf_math.a(arm_cfft_f32.o) (arm_bitreversal_32)
C:\Users\moshte\Desktop\moshte\Firmware projects\CubeIDE\Workspace\semgdaq_\Firmware\semgdaq\Drivers\CMSIS\Lib\GCC\libarm_cortexM4lf_math.a(arm_mat_mult_f32.o)
                              ./Core/Src/_ADCn_INx_AR.o (arm_mat_mult_f32)
C:\Users\moshte\Desktop\moshte\Firmware projects\CubeIDE\Workspace\semgdaq_\Firmware\semgdaq\Drivers\CMSIS\Lib\GCC\libarm_cortexM4lf_math.a(arm_mat_inverse_f32.o)
                              ./Core/Src/_ADCn_INx_AR.o (arm_mat_inverse_f32)
C:\Users\moshte\Desktop\moshte\Firmware projects\CubeIDE\Workspace\semgdaq_\Firmware\semgdaq\Drivers\CMSIS\Lib\GCC\libarm_cortexM4lf_math.a(arm_mat_init_f32.o)
                              ./Core/Src/_ADCn_INx_AR.o (arm_mat_init_f32)
C:\Users\moshte\Desktop\moshte\Firmware projects\CubeIDE\Workspace\semgdaq_\Firmware\semgdaq\Drivers\CMSIS\Lib\GCC\libarm_cortexM4lf_math.a(arm_biquad_cascade_df2t_f32.o)
                              ./Core/Src/_ADCn_INx_NF.o (arm_biquad_cascade_df2T_f32)
C:\Users\moshte\Desktop\moshte\Firmware projects\CubeIDE\Workspace\semgdaq_\Firmware\semgdaq\Drivers\CMSIS\Lib\GCC\libarm_cortexM4lf_math.a(arm_biquad_cascade_df2t_init_f32.o)
                              ./Core/Src/_ADCn_INx_NF.o (arm_biquad_cascade_df2T_init_f32)
C:\Users\moshte\Desktop\moshte\Firmware projects\CubeIDE\Workspace\semgdaq_\Firmware\semgdaq\Drivers\CMSIS\Lib\GCC\libarm_cortexM4lf_math.a(arm_dot_prod_f32.o)
                              ./Core/Src/_ADCn_INx_AR.o (arm_dot_prod_f32)
C:\Users\moshte\Desktop\moshte\Firmware projects\CubeIDE\Workspace\semgdaq_\Firmware\semgdaq\Drivers\CMSIS\Lib\GCC\libarm_cortexM4lf_math.a(arm_common_tables.o)
                              C:\Users\moshte\Desktop\moshte\Firmware projects\CubeIDE\Workspace\semgdaq_\Firmware\semgdaq\Drivers\CMSIS\Lib\GCC\libarm_cortexM4lf_math.a(arm_rfft_fast_init_f32.o) (twiddleCoef_rfft_4096)
C:\Users\moshte\Desktop\moshte\Firmware projects\CubeIDE\Workspace\semgdaq_\Firmware\semgdaq\Drivers\CMSIS\Lib\GCC\libarm_cortexM4lf_math.a(arm_cfft_radix8_f32.o)
                              C:\Users\moshte\Desktop\moshte\Firmware projects\CubeIDE\Workspace\semgdaq_\Firmware\semgdaq\Drivers\CMSIS\Lib\GCC\libarm_cortexM4lf_math.a(arm_cfft_f32.o) (arm_radix8_butterfly_f32)
C:/ST/STM32CubeIDE_1.14.0/STM32CubeIDE/plugins/com.st.stm32cube.ide.mcu.externaltools.gnu-tools-for-stm32.11.3.rel1.win32_1.1.100.202309141235/tools/bin/../lib/gcc/arm-none-eabi/11.3.1/../../../../arm-none-eabi/lib/thumb/v7e-m+fp/hard\libc_nano.a(libc_a-exit.o)
                              C:/ST/STM32CubeIDE_1.14.0/STM32CubeIDE/plugins/com.st.stm32cube.ide.mcu.externaltools.gnu-tools-for-stm32.11.3.rel1.win32_1.1.100.202309141235/tools/bin/../lib/gcc/arm-none-eabi/11.3.1/../../../../arm-none-eabi/lib/thumb/v7e-m+fp/hard/crt0.o (exit)
C:/ST/STM32CubeIDE_1.14.0/STM32CubeIDE/plugins/com.st.stm32cube.ide.mcu.externaltools.gnu-tools-for-stm32.11.3.rel1.win32_1.1.100.202309141235/tools/bin/../lib/gcc/arm-none-eabi/11.3.1/../../../../arm-none-eabi/lib/thumb/v7e-m+fp/hard\libc_nano.a(libc_a-nano-vfprintf_float.o)
                              (_printf_float)
C:/ST/STM32CubeIDE_1.14.0/STM32CubeIDE/plugins/com.st.stm32cube.ide.mcu.externaltools.gnu-tools-for-stm32.11.3.rel1.win32_1.1.100.202309141235/tools/bin/../lib/gcc/arm-none-eabi/11.3.1/../../../../arm-none-eabi/lib/thumb/v7e-m+fp/hard\libc_nano.a(libc_a-nano-vfprintf_i.o)
                              C:/ST/STM32CubeIDE_1.14.0/STM32CubeIDE/plugins/com.st.stm32cube.ide.mcu.externaltools.gnu-tools-for-stm32.11.3.rel1.win32_1.1.100.202309141235/tools/bin/../lib/gcc/arm-none-eabi/11.3.1/../../../../arm-none-eabi/lib/thumb/v7e-m+fp/hard\libc_nano.a(libc_a-nano-vfprintf_float.o) (_printf_common)
[...]
Memory Configuration

Name             Origin             Length             Attributes
RAM              0x0000000020000000 0x000000000001c000 xrw
FLASH            0x0000000008000000 0x0000000000080000 xr
*default*        0x0000000000000000 0xffffffffffffffff

Linker script and memory map

LOAD C:/ST/STM32CubeIDE_1.14.0/STM32CubeIDE/plugins/com.st.stm32cube.ide.mcu.externaltools.gnu-tools-for-stm32.11.3.rel1.win32_1.1.100.202309141235/tools/bin/../lib/gcc/arm-none-eabi/11.3.1/thumb/v7e-m+fp/hard/crti.o
LOAD C:/ST/STM32CubeIDE_1.14.0/STM32CubeIDE/plugins/com.st.stm32cube.ide.mcu.externaltools.gnu-tools-for-stm32.11.3.rel1.win32_1.1.100.202309141235/tools/bin/../lib/gcc/arm-none-eabi/11.3.1/thumb/v7e-m+fp/hard/crtbegin.o
LOAD C:/ST/STM32CubeIDE_1.14.0/STM32CubeIDE/plugins/com.st.stm32cube.ide.mcu.externaltools.gnu-tools-for-stm32.11.3.rel1.win32_1.1.100.202309141235/tools/bin/../lib/gcc/arm-none-eabi/11.3.1/../../../../arm-none-eabi/lib/thumb/v7e-m+fp/hard/crt0.o
LOAD ./Core/Src/_ADCn_INx_AR.o
LOAD ./Core/Src/_ADCn_INx_DAC1_Cond.o
LOAD ./Core/Src/_ADCn_INx_MA.o
LOAD ./Core/Src/_ADCn_INx_NF.o
LOAD ./Core/Src/_ADCn_INx_Offset.o
LOAD ./Core/Src/_ADCn_INx_SD_BL.o
LOAD ./Core/Src/_ADCn_INx_SSC.o
LOAD ./Core/Src/_ADCn_INx_STFT.o
LOAD ./Core/Src/_ADCn_INx_TKEO.o
LOAD ./Core/Src/_ADCn_INx_Trans.o
LOAD ./Core/Src/_DMA_Sort.o
LOAD ./Core/Src/main.o
LOAD ./Core/Src/stm32g4xx_hal_msp.o
LOAD ./Core/Src/stm32g4xx_it.o
LOAD ./Core/Src/syscalls.o
LOAD ./Core/Src/sysmem.o
LOAD ./Core/Src/system_stm32g4xx.o
LOAD ./Core/Startup/startup_stm32g4a1vetx.o
LOAD ./Drivers/STM32G4xx_HAL_Driver/Src/stm32g4xx_hal.o
LOAD ./Drivers/STM32G4xx_HAL_Driver/Src/stm32g4xx_hal_adc.o
LOAD ./Drivers/STM32G4xx_HAL_Driver/Src/stm32g4xx_hal_adc_ex.o
LOAD ./Drivers/STM32G4xx_HAL_Driver/Src/stm32g4xx_hal_cortex.o
LOAD ./Drivers/STM32G4xx_HAL_Driver/Src/stm32g4xx_hal_dac.o
LOAD ./Drivers/STM32G4xx_HAL_Driver/Src/stm32g4xx_hal_dac_ex.o
LOAD ./Drivers/STM32G4xx_HAL_Driver/Src/stm32g4xx_hal_dma.o
LOAD ./Drivers/STM32G4xx_HAL_Driver/Src/stm32g4xx_hal_dma_ex.o
LOAD ./Drivers/STM32G4xx_HAL_Driver/Src/stm32g4xx_hal_exti.o
LOAD ./Drivers/STM32G4xx_HAL_Driver/Src/stm32g4xx_hal_flash.o
LOAD ./Drivers/STM32G4xx_HAL_Driver/Src/stm32g4xx_hal_flash_ex.o
LOAD ./Drivers/STM32G4xx_HAL_Driver/Src/stm32g4xx_hal_flash_ramfunc.o
LOAD ./Drivers/STM32G4xx_HAL_Driver/Src/stm32g4xx_hal_fmac.o
LOAD ./Drivers/STM32G4xx_HAL_Driver/Src/stm32g4xx_hal_gpio.o
LOAD ./Drivers/STM32G4xx_HAL_Driver/Src/stm32g4xx_hal_i2c.o
LOAD ./Drivers/STM32G4xx_HAL_Driver/Src/stm32g4xx_hal_i2c_ex.o
LOAD ./Drivers/STM32G4xx_HAL_Driver/Src/stm32g4xx_hal_pwr.o
LOAD ./Drivers/STM32G4xx_HAL_Driver/Src/stm32g4xx_hal_pwr_ex.o
LOAD ./Drivers/STM32G4xx_HAL_Driver/Src/stm32g4xx_hal_rcc.o
LOAD ./Drivers/STM32G4xx_HAL_Driver/Src/stm32g4xx_hal_rcc_ex.o
LOAD ./Drivers/STM32G4xx_HAL_Driver/Src/stm32g4xx_hal_tim.o
LOAD ./Drivers/STM32G4xx_HAL_Driver/Src/stm32g4xx_hal_tim_ex.o
LOAD ./Drivers/STM32G4xx_HAL_Driver/Src/stm32g4xx_hal_uart.o
LOAD ./Drivers/STM32G4xx_HAL_Driver/Src/stm32g4xx_hal_uart_ex.o
LOAD ./Drivers/STM32G4xx_HAL_Driver/Src/stm32g4xx_ll_adc.o
LOAD C:\Users\moshte\Desktop\moshte\Firmware projects\CubeIDE\Workspace\semgdaq_\Firmware\semgdaq\Drivers\CMSIS\Lib\GCC\libarm_cortexM4lf_math.a
START GROUP
LOAD C:/ST/STM32CubeIDE_1.14.0/STM32CubeIDE/plugins/com.st.stm32cube.ide.mcu.externaltools.gnu-tools-for-stm32.11.3.rel1.win32_1.1.100.202309141235/tools/bin/../lib/gcc/arm-none-eabi/11.3.1/../../../../arm-none-eabi/lib/thumb/v7e-m+fp/hard\libc_nano.a
LOAD C:/ST/STM32CubeIDE_1.14.0/STM32CubeIDE/plugins/com.st.stm32cube.ide.mcu.externaltools.gnu-tools-for-stm32.11.3.rel1.win32_1.1.100.202309141235/tools/bin/../lib/gcc/arm-none-eabi/11.3.1/../../../../arm-none-eabi/lib/thumb/v7e-m+fp/hard\libm.a
END GROUP
START GROUP
LOAD C:/ST/STM32CubeIDE_1.14.0/STM32CubeIDE/plugins/com.st.stm32cube.ide.mcu.externaltools.gnu-tools-for-stm32.11.3.rel1.win32_1.1.100.202309141235/tools/bin/../lib/gcc/arm-none-eabi/11.3.1/thumb/v7e-m+fp/hard\libgcc.a
LOAD C:/ST/STM32CubeIDE_1.14.0/STM32CubeIDE/plugins/com.st.stm32cube.ide.mcu.externaltools.gnu-tools-for-stm32.11.3.rel1.win32_1.1.100.202309141235/tools/bin/../lib/gcc/arm-none-eabi/11.3.1/../../../../arm-none-eabi/lib/thumb/v7e-m+fp/hard\libc_nano.a
END GROUP
START GROUP
LOAD C:/ST/STM32CubeIDE_1.14.0/STM32CubeIDE/plugins/com.st.stm32cube.ide.mcu.externaltools.gnu-tools-for-stm32.11.3.rel1.win32_1.1.100.202309141235/tools/bin/../lib/gcc/arm-none-eabi/11.3.1/thumb/v7e-m+fp/hard\libgcc.a
LOAD C:/ST/STM32CubeIDE_1.14.0/STM32CubeIDE/plugins/com.st.stm32cube.ide.mcu.externaltools.gnu-tools-for-stm32.11.3.rel1.win32_1.1.100.202309141235/tools/bin/../lib/gcc/arm-none-eabi/11.3.1/../../../../arm-none-eabi/lib/thumb/v7e-m+fp/hard\libc_nano.a
LOAD C:/ST/STM32CubeIDE_1.14.0/STM32CubeIDE/plugins/com.st.stm32cube.ide.mcu.externaltools.gnu-tools-for-stm32.11.3.rel1.win32_1.1.100.202309141235/tools/bin/../lib/gcc/arm-none-eabi/11.3.1/../../../../arm-none-eabi/lib/thumb/v7e-m+fp/hard\libnosys.a
END GROUP
START GROUP
LOAD C:/ST/STM32CubeIDE_1.14.0/STM32CubeIDE/plugins/com.st.stm32cube.ide.mcu.externaltools.gnu-tools-for-stm32.11.3.rel1.win32_1.1.100.202309141235/tools/bin/../lib/gcc/arm-none-eabi/11.3.1/thumb/v7e-m+fp/hard\libgcc.a
LOAD C:/ST/STM32CubeIDE_1.14.0/STM32CubeIDE/plugins/com.st.stm32cube.ide.mcu.externaltools.gnu-tools-for-stm32.11.3.rel1.win32_1.1.100.202309141235/tools/bin/../lib/gcc/arm-none-eabi/11.3.1/../../../../arm-none-eabi/lib/thumb/v7e-m+fp/hard\libc_nano.a
LOAD C:/ST/STM32CubeIDE_1.14.0/STM32CubeIDE/plugins/com.st.stm32cube.ide.mcu.externaltools.gnu-tools-for-stm32.11.3.rel1.win32_1.1.100.202309141235/tools/bin/../lib/gcc/arm-none-eabi/11.3.1/../../../../arm-none-eabi/lib/thumb/v7e-m+fp/hard\libnosys.a
END GROUP
LOAD C:/ST/STM32CubeIDE_1.14.0/STM32CubeIDE/plugins/com.st.stm32cube.ide.mcu.externaltools.gnu-tools-for-stm32.11.3.rel1.win32_1.1.100.202309141235/tools/bin/../lib/gcc/arm-none-eabi/11.3.1/thumb/v7e-m+fp/hard/crtend.o
LOAD C:/ST/STM32CubeIDE_1.14.0/STM32CubeIDE/plugins/com.st.stm32cube.ide.mcu.externaltools.gnu-tools-for-stm32.11.3.rel1.win32_1.1.100.202309141235/tools/bin/../lib/gcc/arm-none-eabi/11.3.1/thumb/v7e-m+fp/hard/crtn.o
                0x000000002001c000                _estack = (ORIGIN (RAM) + LENGTH (RAM))
                0x0000000000000200                _Min_Heap_Size = 0x200
                0x0000000000000400                _Min_Stack_Size = 0x400

.isr_vector     0x0000000008000000      0x1d8
                0x0000000008000000                . = ALIGN (0x4)
 *(.isr_vector)
 .isr_vector    0x0000000008000000      0x1d8 ./Core/Startup/startup_stm32g4a1vetx.o
                0x0000000008000000                g_pfnVectors
                0x00000000080001d8                . = ALIGN (0x4)

.text           0x00000000080001e0    0x1136c
                0x00000000080001e0                . = ALIGN (0x4)
 *(.text)
 .text          0x00000000080001e0       0x40 C:/ST/STM32CubeIDE_1.14.0/STM32CubeIDE/plugins/com.st.stm32cube.ide.mcu.externaltools.gnu-tools-for-stm32.11.3.rel1.win32_1.1.100.202309141235/tools/bin/../lib/gcc/arm-none-eabi/11.3.1/thumb/v7e-m+fp/hard/crtbegin.o
 .text          0x0000000008000220       0xa0 C:/ST/STM32CubeIDE_1.14.0/STM32CubeIDE/plugins/com.st.stm32cube.ide.mcu.externaltools.gnu-tools-for-stm32.11.3.rel1.win32_1.1.100.202309141235/tools/bin/../lib/gcc/arm-none-eabi/11.3.1/../../../../arm-none-eabi/lib/thumb/v7e-m+fp/hard\libc_nano.a(libc_a-memchr.o)
                0x0000000008000220                memchr
 .text          0x00000000080002c0       0x10 C:/ST/STM32CubeIDE_1.14.0/STM32CubeIDE/plugins/com.st.stm32cube.ide.mcu.externaltools.gnu-tools-for-stm32.11.3.rel1.win32_1.1.100.202309141235/tools/bin/../lib/gcc/arm-none-eabi/11.3.1/../../../../arm-none-eabi/lib/thumb/v7e-m+fp/hard\libc_nano.a(libc_a-strlen.o)
                0x00000000080002c0                strlen
 .text          0x00000000080002d0      0x378 C:/ST/STM32CubeIDE_1.14.0/STM32CubeIDE/plugins/com.st.stm32cube.ide.mcu.externaltools.gnu-tools-for-stm32.11.3.rel1.win32_1.1.100.202309141235/tools/bin/../lib/gcc/arm-none-eabi/11.3.1/thumb/v7e-m+fp/hard\libgcc.a(_arm_addsubdf3.o)
                0x00000000080002d0                __aeabi_drsub
                0x00000000080002d8                __aeabi_dsub
                0x00000000080002d8                __subdf3
                0x00000000080002dc                __aeabi_dadd
                0x00000000080002dc                __adddf3
                0x0000000008000554                __floatunsidf
                0x0000000008000554                __aeabi_ui2d
                0x0000000008000574                __floatsidf
                0x0000000008000574                __aeabi_i2d
                0x0000000008000598                __aeabi_f2d
                0x0000000008000598                __extendsfdf2
                0x00000000080005dc                __floatundidf
                0x00000000080005dc                __aeabi_ul2d
                0x00000000080005ec                __floatdidf
                0x00000000080005ec                __aeabi_l2d
 .text          0x0000000008000648      0x424 C:/ST/STM32CubeIDE_1.14.0/STM32CubeIDE/plugins/com.st.stm32cube.ide.mcu.externaltools.gnu-tools-for-stm32.11.3.rel1.win32_1.1.100.202309141235/tools/bin/../lib/gcc/arm-none-eabi/11.3.1/thumb/v7e-m+fp/hard\libgcc.a(_arm_muldivdf3.o)
                0x0000000008000648                __aeabi_dmul
                0x0000000008000648                __muldf3
                0x000000000800089c                __divdf3
                0x000000000800089c                __aeabi_ddiv
 .text          0x0000000008000a6c      0x110 C:/ST/STM32CubeIDE_1.14.0/STM32CubeIDE/plugins/com.st.stm32cube.ide.mcu.externaltools.gnu-tools-for-stm32.11.3.rel1.win32_1.1.100.202309141235/tools/bin/../lib/gcc/arm-none-eabi/11.3.1/thumb/v7e-m+fp/hard\libgcc.a(_arm_cmpdf2.o)
                0x0000000008000a6c                __gtdf2
                0x0000000008000a6c                __gedf2
                0x0000000008000a74                __ltdf2
                0x0000000008000a74                __ledf2
                0x0000000008000a7c                __nedf2
                0x0000000008000a7c                __eqdf2
                0x0000000008000a7c                __cmpdf2
                0x0000000008000af8                __aeabi_cdrcmple
                0x0000000008000b08                __aeabi_cdcmpeq
                0x0000000008000b08                __aeabi_cdcmple
                0x0000000008000b18                __aeabi_dcmpeq
                0x0000000008000b2c                __aeabi_dcmplt
                0x0000000008000b40                __aeabi_dcmple
                0x0000000008000b54                __aeabi_dcmpge
                0x0000000008000b68                __aeabi_dcmpgt
 .text          0x0000000008000b7c       0x2c C:/ST/STM32CubeIDE_1.14.0/STM32CubeIDE/plugins/com.st.stm32cube.ide.mcu.externaltools.gnu-tools-for-stm32.11.3.rel1.win32_1.1.100.202309141235/tools/bin/../lib/gcc/arm-none-eabi/11.3.1/thumb/v7e-m+fp/hard\libgcc.a(_arm_unorddf2.o)
                0x0000000008000b7c                __unorddf2
                0x0000000008000b7c                __aeabi_dcmpun
 .text          0x0000000008000ba8       0x50 C:/ST/STM32CubeIDE_1.14.0/STM32CubeIDE/plugins/com.st.stm32cube.ide.mcu.externaltools.gnu-tools-for-stm32.11.3.rel1.win32_1.1.100.202309141235/tools/bin/../lib/gcc/arm-none-eabi/11.3.1/thumb/v7e-m+fp/hard\libgcc.a(_arm_fixdfsi.o)
                0x0000000008000ba8                __aeabi_d2iz
                0x0000000008000ba8                __fixdfsi
 .text          0x0000000008000bf8       0x40 C:/ST/STM32CubeIDE_1.14.0/STM32CubeIDE/plugins/com.st.stm32cube.ide.mcu.externaltools.gnu-tools-for-stm32.11.3.rel1.win32_1.1.100.202309141235/tools/bin/../lib/gcc/arm-none-eabi/11.3.1/thumb/v7e-m+fp/hard\libgcc.a(_arm_fixunsdfsi.o)
                0x0000000008000bf8                __aeabi_d2uiz
                0x0000000008000bf8                __fixunsdfsi
 .text          0x0000000008000c38       0xa0 C:/ST/STM32CubeIDE_1.14.0/STM32CubeIDE/plugins/com.st.stm32cube.ide.mcu.externaltools.gnu-tools-for-stm32.11.3.rel1.win32_1.1.100.202309141235/tools/bin/../lib/gcc/arm-none-eabi/11.3.1/thumb/v7e-m+fp/hard\libgcc.a(_arm_truncdfsf2.o)
                0x0000000008000c38                __truncdfsf2
                0x0000000008000c38                __aeabi_d2f
 .text          0x0000000008000cd8       0x30 C:/ST/STM32CubeIDE_1.14.0/STM32CubeIDE/plugins/com.st.stm32cube.ide.mcu.externaltools.gnu-tools-for-stm32.11.3.rel1.win32_1.1.100.202309141235/tools/bin/../lib/gcc/arm-none-eabi/11.3.1/thumb/v7e-m+fp/hard\libgcc.a(_aeabi_uldivmod.o)
                0x0000000008000cd8                __aeabi_uldivmod
 .text          0x0000000008000d08      0x2c8 C:/ST/STM32CubeIDE_1.14.0/STM32CubeIDE/plugins/com.st.stm32cube.ide.mcu.externaltools.gnu-tools-for-stm32.11.3.rel1.win32_1.1.100.202309141235/tools/bin/../lib/gcc/arm-none-eabi/11.3.1/thumb/v7e-m+fp/hard\libgcc.a(_udivmoddi4.o)
                0x0000000008000d08                __udivmoddi4
 .text          0x0000000008000fd0        0x4 C:/ST/STM32CubeIDE_1.14.0/STM32CubeIDE/plugins/com.st.stm32cube.ide.mcu.externaltools.gnu-tools-for-stm32.11.3.rel1.win32_1.1.100.202309141235/tools/bin/../lib/gcc/arm-none-eabi/11.3.1/thumb/v7e-m+fp/hard\libgcc.a(_dvmd_tls.o)
                0x0000000008000fd0                __aeabi_idiv0
                0x0000000008000fd0                __aeabi_ldiv0
 *(.text*)
 .text.ADC1_IN1_autocorr_calc
                0x0000000008000fd4       0x6c ./Core/Src/_ADCn_INx_AR.o
                0x0000000008000fd4                ADC1_IN1_autocorr_calc
 .text.ADC1_IN1_autoreg_coeffs
                0x0000000008001040      0x140 ./Core/Src/_ADCn_INx_AR.o
                0x0000000008001040                ADC1_IN1_autoreg_coeffs
 .text.ADC1_IN2_autocorr_calc
                0x0000000008001180       0x6c ./Core/Src/_ADCn_INx_AR.o
                0x0000000008001180                ADC1_IN2_autocorr_calc
 .text.ADC1_IN2_autoreg_coeffs
                0x00000000080011ec      0x140 ./Core/Src/_ADCn_INx_AR.o
                0x00000000080011ec                ADC1_IN2_autoreg_coeffs
 .text.ADC2_IN3_autocorr_calc
                0x000000000800132c       0x6c ./Core/Src/_ADCn_INx_AR.o
                0x000000000800132c                ADC2_IN3_autocorr_calc
 .text.ADC2_IN3_autoreg_coeffs
                0x0000000008001398      0x140 ./Core/Src/_ADCn_INx_AR.o
                0x0000000008001398                ADC2_IN3_autoreg_coeffs
 .text.ADC2_IN4_autocorr_calc
                0x00000000080014d8       0x6c ./Core/Src/_ADCn_INx_AR.o
                0x00000000080014d8                ADC2_IN4_autocorr_calc
 .text.ADC2_IN4_autoreg_coeffs
                0x0000000008001544      0x140 ./Core/Src/_ADCn_INx_AR.o
                0x0000000008001544                ADC2_IN4_autoreg_coeffs
 .text.ADC3_IN1_autocorr_calc
                0x0000000008001684       0x6c ./Core/Src/_ADCn_INx_AR.o
                0x0000000008001684                ADC3_IN1_autocorr_calc
 .text.ADC3_IN1_autoreg_coeffs
                0x00000000080016f0      0x144 ./Core/Src/_ADCn_INx_AR.o
                0x00000000080016f0                ADC3_IN1_autoreg_coeffs
 .text.ADC3_IN2_autocorr_calc
                0x0000000008001834       0x6c ./Core/Src/_ADCn_INx_AR.o
                0x0000000008001834                ADC3_IN2_autocorr_calc
 .text.ADC3_IN2_autoreg_coeffs
                0x00000000080018a0      0x140 ./Core/Src/_ADCn_INx_AR.o
                0x00000000080018a0                ADC3_IN2_autoreg_coeffs
 .text.MA_ADC1_IN1_Init
                0x00000000080019e0       0x62 ./Core/Src/_ADCn_INx_MA.o
                0x00000000080019e0                MA_ADC1_IN1_Init
 *fill*         0x0000000008001a42        0x2 
 .text.MA_ADC1_IN1_Update
                0x0000000008001a44       0xe4 ./Core/Src/_ADCn_INx_MA.o
                0x0000000008001a44                MA_ADC1_IN1_Update
 .text.MA_ADC1_IN2_Init
                0x0000000008001b28       0x62 ./Core/Src/_ADCn_INx_MA.o
                0x0000000008001b28                MA_ADC1_IN2_Init
 *fill*         0x0000000008001b8a        0x2 
 .text.MA_ADC1_IN2_Update
                0x0000000008001b8c       0xe4 ./Core/Src/_ADCn_INx_MA.o
                0x0000000008001b8c                MA_ADC1_IN2_Update
 .text.MA_ADC2_IN3_Init
                0x0000000008001c70       0x62 ./Core/Src/_ADCn_INx_MA.o
                0x0000000008001c70                MA_ADC2_IN3_Init
 *fill*         0x0000000008001cd2        0x2 
 .text.MA_ADC2_IN3_Update
                0x0000000008001cd4       0xe4 ./Core/Src/_ADCn_INx_MA.o
                0x0000000008001cd4                MA_ADC2_IN3_Update
 .text.MA_ADC2_IN4_Init
                0x0000000008001db8       0x62 ./Core/Src/_ADCn_INx_MA.o
                0x0000000008001db8                MA_ADC2_IN4_Init
 *fill*         0x0000000008001e1a        0x2 
 .text.MA_ADC2_IN4_Update
                0x0000000008001e1c       0xe4 ./Core/Src/_ADCn_INx_MA.o
                0x0000000008001e1c                MA_ADC2_IN4_Update
 .text.MA_ADC3_IN1_Init
                0x0000000008001f00       0x62 ./Core/Src/_ADCn_INx_MA.o
                0x0000000008001f00                MA_ADC3_IN1_Init
 *fill*         0x0000000008001f62        0x2 
 .text.MA_ADC3_IN1_Update
                0x0000000008001f64       0xe4 ./Core/Src/_ADCn_INx_MA.o
                0x0000000008001f64                MA_ADC3_IN1_Update
 .text.MA_ADC3_IN2_Init
                0x0000000008002048       0x62 ./Core/Src/_ADCn_INx_MA.o
                0x0000000008002048                MA_ADC3_IN2_Init
 *fill*         0x00000000080020aa        0x2 
 .text.MA_ADC3_IN2_Update
                0x00000000080020ac       0xe4 ./Core/Src/_ADCn_INx_MA.o
                0x00000000080020ac                MA_ADC3_IN2_Update
 .text.init_ADC1_IN1_struct
                0x0000000008002190       0x40 ./Core/Src/_ADCn_INx_NF.o
                0x0000000008002190                init_ADC1_IN1_struct
 .text.init_ADC1_IN1_FO_biquad_filter
                0x00000000080021d0       0x24 ./Core/Src/_ADCn_INx_NF.o
                0x00000000080021d0                init_ADC1_IN1_FO_biquad_filter
 .text.update_ADC1_IN1_FO_biquad_filter
                0x00000000080021f4       0x30 ./Core/Src/_ADCn_INx_NF.o
                0x00000000080021f4                update_ADC1_IN1_FO_biquad_filter
 .text.init_ADC1_IN2_struct
                0x0000000008002224       0x40 ./Core/Src/_ADCn_INx_NF.o
                0x0000000008002224                init_ADC1_IN2_struct
 .text.init_ADC1_IN2_FO_biquad_filter
                0x0000000008002264       0x24 ./Core/Src/_ADCn_INx_NF.o
                0x0000000008002264                init_ADC1_IN2_FO_biquad_filter
 .text.update_ADC1_IN2_FO_biquad_filter
                0x0000000008002288       0x30 ./Core/Src/_ADCn_INx_NF.o
                0x0000000008002288                update_ADC1_IN2_FO_biquad_filter
 .text.init_ADC2_IN3_struct
                0x00000000080022b8       0x40 ./Core/Src/_ADCn_INx_NF.o
                0x00000000080022b8                init_ADC2_IN3_struct
 .text.init_ADC2_IN3_FO_biquad_filter
                0x00000000080022f8       0x24 ./Core/Src/_ADCn_INx_NF.o
                0x00000000080022f8                init_ADC2_IN3_FO_biquad_filter
 .text.update_ADC2_IN3_FO_biquad_filter
                0x000000000800231c       0x30 ./Core/Src/_ADCn_INx_NF.o
                0x000000000800231c                update_ADC2_IN3_FO_biquad_filter
 .text.init_ADC2_IN4_struct
                0x000000000800234c       0x40 ./Core/Src/_ADCn_INx_NF.o
                0x000000000800234c                init_ADC2_IN4_struct
 .text.init_ADC2_IN4_FO_biquad_filter
                0x000000000800238c       0x24 ./Core/Src/_ADCn_INx_NF.o
                0x000000000800238c                init_ADC2_IN4_FO_biquad_filter
 .text.update_ADC2_IN4_FO_biquad_filter
                0x00000000080023b0       0x30 ./Core/Src/_ADCn_INx_NF.o
                0x00000000080023b0                update_ADC2_IN4_FO_biquad_filter
 .text.init_ADC3_IN1_struct
                0x00000000080023e0       0x40 ./Core/Src/_ADCn_INx_NF.o
                0x00000000080023e0                init_ADC3_IN1_struct
 .text.init_ADC3_IN1_FO_biquad_filter
                0x0000000008002420       0x24 ./Core/Src/_ADCn_INx_NF.o
                0x0000000008002420                init_ADC3_IN1_FO_biquad_filter
 .text.update_ADC3_IN1_FO_biquad_filter
                0x0000000008002444       0x30 ./Core/Src/_ADCn_INx_NF.o
                0x0000000008002444                update_ADC3_IN1_FO_biquad_filter
 .text.init_ADC3_IN2_struct
                0x0000000008002474       0x40 ./Core/Src/_ADCn_INx_NF.o
                0x0000000008002474                init_ADC3_IN2_struct
 .text.init_ADC3_IN2_FO_biquad_filter
                0x00000000080024b4       0x24 ./Core/Src/_ADCn_INx_NF.o
                0x00000000080024b4                init_ADC3_IN2_FO_biquad_filter
 .text.update_ADC3_IN2_FO_biquad_filter
                0x00000000080024d8       0x30 ./Core/Src/_ADCn_INx_NF.o
                0x00000000080024d8                update_ADC3_IN2_FO_biquad_filter
 .text.ADC1_IN1_OffsetCalc
                0x0000000008002508       0x60 ./Core/Src/_ADCn_INx_Offset.o
                0x0000000008002508                ADC1_IN1_OffsetCalc
 .text.ADC1_IN2_OffsetCalc
                0x0000000008002568       0x60 ./Core/Src/_ADCn_INx_Offset.o
                0x0000000008002568                ADC1_IN2_OffsetCalc
 .text.ADC2_IN3_OffsetCalc
                0x00000000080025c8       0x60 ./Core/Src/_ADCn_INx_Offset.o
                0x00000000080025c8                ADC2_IN3_OffsetCalc
 .text.ADC2_IN4_OffsetCalc
                0x0000000008002628       0x60 ./Core/Src/_ADCn_INx_Offset.o
                0x0000000008002628                ADC2_IN4_OffsetCalc
 .text.ADC3_IN1_OffsetCalc
                0x0000000008002688       0x60 ./Core/Src/_ADCn_INx_Offset.o
                0x0000000008002688                ADC3_IN1_OffsetCalc
 .text.ADC3_IN2_OffsetCalc
                0x00000000080026e8       0x60 ./Core/Src/_ADCn_INx_Offset.o
                0x00000000080026e8                ADC3_IN2_OffsetCalc
 .text.ADC1_IN1_SD_BL
                0x0000000008002748       0x98 ./Core/Src/_ADCn_INx_SD_BL.o
                0x0000000008002748                ADC1_IN1_SD_BL
 .text.ADC1_IN2_SD_BL
                0x00000000080027e0       0x98 ./Core/Src/_ADCn_INx_SD_BL.o
                0x00000000080027e0                ADC1_IN2_SD_BL
 .text.ADC2_IN3_SD_BL
                0x0000000008002878       0x98 ./Core/Src/_ADCn_INx_SD_BL.o
                0x0000000008002878                ADC2_IN3_SD_BL
 .text.ADC2_IN4_SD_BL
                0x0000000008002910       0x98 ./Core/Src/_ADCn_INx_SD_BL.o
                0x0000000008002910                ADC2_IN4_SD_BL
 .text.ADC3_IN1_SD_BL
                0x00000000080029a8       0x98 ./Core/Src/_ADCn_INx_SD_BL.o
                0x00000000080029a8                ADC3_IN1_SD_BL
 .text.ADC3_IN2_SD_BL
                0x0000000008002a40       0x98 ./Core/Src/_ADCn_INx_SD_BL.o
                0x0000000008002a40                ADC3_IN2_SD_BL
 .text.ADC1_IN1_SSC
                0x0000000008002ad8       0xde ./Core/Src/_ADCn_INx_SSC.o
                0x0000000008002ad8                ADC1_IN1_SSC
 .text.ADC1_IN2_SSC
                0x0000000008002bb6       0xde ./Core/Src/_ADCn_INx_SSC.o
                0x0000000008002bb6                ADC1_IN2_SSC
 .text.ADC2_IN3_SSC
                0x0000000008002c94       0xde ./Core/Src/_ADCn_INx_SSC.o
                0x0000000008002c94                ADC2_IN3_SSC
 .text.ADC2_IN4_SSC
                0x0000000008002d72       0xde ./Core/Src/_ADCn_INx_SSC.o
                0x0000000008002d72                ADC2_IN4_SSC
 .text.ADC3_IN1_SSC
                0x0000000008002e50       0xde ./Core/Src/_ADCn_INx_SSC.o
                0x0000000008002e50                ADC3_IN1_SSC
 .text.ADC3_IN2_SSC
                0x0000000008002f2e       0xde ./Core/Src/_ADCn_INx_SSC.o
                0x0000000008002f2e                ADC3_IN2_SSC
 *fill*         0x000000000800300c        0x4 
 .text.ADC1_IN1_STFT_Update
                0x0000000008003010      0x1bc ./Core/Src/_ADCn_INx_STFT.o
                0x0000000008003010                ADC1_IN1_STFT_Update
 *fill*         0x00000000080031cc        0x4 
 .text.ADC1_IN2_STFT_Update
                0x00000000080031d0      0x1bc ./Core/Src/_ADCn_INx_STFT.o
                0x00000000080031d0                ADC1_IN2_STFT_Update
 *fill*         0x000000000800338c        0x4 
 .text.ADC2_IN3_STFT_Update
                0x0000000008003390      0x1bc ./Core/Src/_ADCn_INx_STFT.o
                0x0000000008003390                ADC2_IN3_STFT_Update
 *fill*         0x000000000800354c        0x4 
 .text.ADC2_IN4_STFT_Update
                0x0000000008003550      0x1c0 ./Core/Src/_ADCn_INx_STFT.o
                0x0000000008003550                ADC2_IN4_STFT_Update
 .text.ADC3_IN1_STFT_Update
                0x0000000008003710      0x1c0 ./Core/Src/_ADCn_INx_STFT.o
                0x0000000008003710                ADC3_IN1_STFT_Update
 .text.ADC3_IN2_STFT_Update
                0x00000000080038d0      0x1c0 ./Core/Src/_ADCn_INx_STFT.o
                0x00000000080038d0                ADC3_IN2_STFT_Update
 .text.ADC1_IN1_TKEO
                0x0000000008003a90      0x188 ./Core/Src/_ADCn_INx_TKEO.o
                0x0000000008003a90                ADC1_IN1_TKEO
 .text.ADC1_IN2_TKEO
                0x0000000008003c18      0x188 ./Core/Src/_ADCn_INx_TKEO.o
                0x0000000008003c18                ADC1_IN2_TKEO
 .text.ADC2_IN3_TKEO
                0x0000000008003da0      0x188 ./Core/Src/_ADCn_INx_TKEO.o
                0x0000000008003da0                ADC2_IN3_TKEO
 .text.ADC2_IN4_TKEO
                0x0000000008003f28      0x188 ./Core/Src/_ADCn_INx_TKEO.o
                0x0000000008003f28                ADC2_IN4_TKEO
 .text.ADC3_IN1_TKEO
                0x00000000080040b0      0x188 ./Core/Src/_ADCn_INx_TKEO.o
                0x00000000080040b0                ADC3_IN1_TKEO
 .text.ADC3_IN2_TKEO
                0x0000000008004238      0x188 ./Core/Src/_ADCn_INx_TKEO.o
                0x0000000008004238                ADC3_IN2_TKEO
 .text.ADC1_DMA_sort_uhb
                0x00000000080043c0      0x1a8 ./Core/Src/_DMA_Sort.o
                0x00000000080043c0                ADC1_DMA_sort_uhb
 .text.ADC1_DMA_sort_lhb
                0x0000000008004568      0x1c0 ./Core/Src/_DMA_Sort.o
                0x0000000008004568                ADC1_DMA_sort_lhb
 .text.ADC2_DMA_sort_uhb
                0x0000000008004728      0x1a8 ./Core/Src/_DMA_Sort.o
                0x0000000008004728                ADC2_DMA_sort_uhb
 .text.ADC2_DMA_sort_lhb
                0x00000000080048d0      0x1c0 ./Core/Src/_DMA_Sort.o
                0x00000000080048d0                ADC2_DMA_sort_lhb
 .text.ADC3_DMA_sort_uhb
                0x0000000008004a90      0x1a8 ./Core/Src/_DMA_Sort.o
                0x0000000008004a90                ADC3_DMA_sort_uhb
 .text.ADC3_DMA_sort_lhb
                0x0000000008004c38      0x1c0 ./Core/Src/_DMA_Sort.o
                0x0000000008004c38                ADC3_DMA_sort_lhb
 .text.main     0x0000000008004df8      0x5ec ./Core/Src/main.o
                0x0000000008004df8                main
 .text.SystemClock_Config
                0x00000000080053e4       0x94 ./Core/Src/main.o
                0x00000000080053e4                SystemClock_Config
 .text.MX_ADC1_Init
                0x0000000008005478      0x114 ./Core/Src/main.o
 .text.MX_ADC2_Init
                0x000000000800558c       0xf0 ./Core/Src/main.o
 .text.MX_ADC3_Init
                0x000000000800567c       0xf0 ./Core/Src/main.o
 .text.MX_DAC1_Init
                0x000000000800576c       0x8c ./Core/Src/main.o
 .text.MX_FMAC_Init
                0x00000000080057f8       0x28 ./Core/Src/main.o
 .text.MX_I2C1_Init
                0x0000000008005820       0x80 ./Core/Src/main.o
 .text.MX_I2C2_Init
                0x00000000080058a0       0x80 ./Core/Src/main.o
 .text.MX_I2C3_Init
                0x0000000008005920       0x80 ./Core/Src/main.o
 .text.MX_TIM6_Init
                0x00000000080059a0       0x6c ./Core/Src/main.o
 .text.MX_TIM7_Init
                0x0000000008005a0c       0x6c ./Core/Src/main.o
 .text.MX_TIM20_Init
                0x0000000008005a78       0xa8 ./Core/Src/main.o
 .text.MX_USART1_UART_Init
                0x0000000008005b20       0x98 ./Core/Src/main.o
 .text.MX_USART2_UART_Init
                0x0000000008005bb8       0x98 ./Core/Src/main.o
 .text.MX_USART3_UART_Init
                0x0000000008005c50       0x98 ./Core/Src/main.o
 .text.MX_DMA_Init
                0x0000000008005ce8      0x10c ./Core/Src/main.o
 .text.MX_GPIO_Init
                0x0000000008005df4       0xf8 ./Core/Src/main.o
 .text.EXT12_IRQHandler
                0x0000000008005eec      0x418 ./Core/Src/main.o
                0x0000000008005eec                EXT12_IRQHandler
 .text.HAL_GPIO_EXTI_Callback
                0x0000000008006304       0x38 ./Core/Src/main.o
                0x0000000008006304                HAL_GPIO_EXTI_Callback
 .text.HAL_ADC_ConvHalfCpltCallback
                0x000000000800633c      0x11c ./Core/Src/main.o
                0x000000000800633c                HAL_ADC_ConvHalfCpltCallback
 .text.HAL_ADC_ConvCpltCallback
                0x0000000008006458      0x144 ./Core/Src/main.o
                0x0000000008006458                HAL_ADC_ConvCpltCallback
 .text.Error_Handler
                0x000000000800659c        0xa ./Core/Src/main.o
                0x000000000800659c                Error_Handler
 *fill*         0x00000000080065a6        0x2 
 .text.HAL_MspInit
                0x00000000080065a8       0x48 ./Core/Src/stm32g4xx_hal_msp.o
                0x00000000080065a8                HAL_MspInit
 .text.HAL_ADC_MspInit
                0x00000000080065f0      0x31c ./Core/Src/stm32g4xx_hal_msp.o
                0x00000000080065f0                HAL_ADC_MspInit
 .text.HAL_DAC_MspInit
                0x000000000800690c      0x138 ./Core/Src/stm32g4xx_hal_msp.o
                0x000000000800690c                HAL_DAC_MspInit
 .text.HAL_FMAC_MspInit
                0x0000000008006a44       0x40 ./Core/Src/stm32g4xx_hal_msp.o
                0x0000000008006a44                HAL_FMAC_MspInit
 .text.HAL_I2C_MspInit
                0x0000000008006a84      0x2dc ./Core/Src/stm32g4xx_hal_msp.o
                0x0000000008006a84                HAL_I2C_MspInit
 .text.HAL_TIM_Base_MspInit
                0x0000000008006d60       0x90 ./Core/Src/stm32g4xx_hal_msp.o
                0x0000000008006d60                HAL_TIM_Base_MspInit
 .text.HAL_UART_MspInit
                0x0000000008006df0      0x378 ./Core/Src/stm32g4xx_hal_msp.o
                0x0000000008006df0                HAL_UART_MspInit
 .text.NMI_Handler
                0x0000000008007168        0x6 ./Core/Src/stm32g4xx_it.o
                0x0000000008007168                NMI_Handler
 .text.HardFault_Handler
                0x000000000800716e        0x6 ./Core/Src/stm32g4xx_it.o
                0x000000000800716e                HardFault_Handler
 .text.MemManage_Handler
                0x0000000008007174        0x6 ./Core/Src/stm32g4xx_it.o
                0x0000000008007174                MemManage_Handler
 .text.BusFault_Handler
                0x000000000800717a        0x6 ./Core/Src/stm32g4xx_it.o
                0x000000000800717a                BusFault_Handler
 .text.UsageFault_Handler
                0x0000000008007180        0x6 ./Core/Src/stm32g4xx_it.o
                0x0000000008007180                UsageFault_Handler
 .text.SVC_Handler
                0x0000000008007186        0xe ./Core/Src/stm32g4xx_it.o
                0x0000000008007186                SVC_Handler
 .text.DebugMon_Handler
                0x0000000008007194        0xe ./Core/Src/stm32g4xx_it.o
                0x0000000008007194                DebugMon_Handler
 .text.PendSV_Handler
                0x00000000080071a2        0xe ./Core/Src/stm32g4xx_it.o
                0x00000000080071a2                PendSV_Handler
 .text.SysTick_Handler
                0x00000000080071b0        0xc ./Core/Src/stm32g4xx_it.o
                0x00000000080071b0                SysTick_Handler
 .text.DMA1_Channel1_IRQHandler
                0x00000000080071bc       0x14 ./Core/Src/stm32g4xx_it.o
                0x00000000080071bc                DMA1_Channel1_IRQHandler
 .text.DMA1_Channel2_IRQHandler
                0x00000000080071d0       0x14 ./Core/Src/stm32g4xx_it.o
                0x00000000080071d0                DMA1_Channel2_IRQHandler
 .text.DMA1_Channel3_IRQHandler
                0x00000000080071e4       0x14 ./Core/Src/stm32g4xx_it.o
                0x00000000080071e4                DMA1_Channel3_IRQHandler
 .text.DMA1_Channel4_IRQHandler
                0x00000000080071f8       0x14 ./Core/Src/stm32g4xx_it.o
                0x00000000080071f8                DMA1_Channel4_IRQHandler
 .text.DMA1_Channel5_IRQHandler
                0x000000000800720c       0x14 ./Core/Src/stm32g4xx_it.o
                0x000000000800720c                DMA1_Channel5_IRQHandler
 .text.DMA1_Channel6_IRQHandler
                0x0000000008007220       0x14 ./Core/Src/stm32g4xx_it.o
                0x0000000008007220                DMA1_Channel6_IRQHandler
 .text.DMA2_Channel1_IRQHandler
                0x0000000008007234       0x14 ./Core/Src/stm32g4xx_it.o
                0x0000000008007234                DMA2_Channel1_IRQHandler
 .text.DMA2_Channel4_IRQHandler
                0x0000000008007248       0x14 ./Core/Src/stm32g4xx_it.o
                0x0000000008007248                DMA2_Channel4_IRQHandler
 .text.DMA2_Channel5_IRQHandler
                0x000000000800725c       0x14 ./Core/Src/stm32g4xx_it.o
                0x000000000800725c                DMA2_Channel5_IRQHandler
 .text.DMA2_Channel6_IRQHandler
                0x0000000008007270       0x14 ./Core/Src/stm32g4xx_it.o
                0x0000000008007270                DMA2_Channel6_IRQHandler
 .text.DMA2_Channel7_IRQHandler
                0x0000000008007284       0x14 ./Core/Src/stm32g4xx_it.o
                0x0000000008007284                DMA2_Channel7_IRQHandler
 .text._getpid  0x0000000008007298       0x10 ./Core/Src/syscalls.o
                0x0000000008007298                _getpid
 .text._kill    0x00000000080072a8       0x20 ./Core/Src/syscalls.o
                0x00000000080072a8                _kill
 .text._exit    0x00000000080072c8       0x14 ./Core/Src/syscalls.o
                0x00000000080072c8                _exit
 .text._read    0x00000000080072dc       0x3a ./Core/Src/syscalls.o
                0x00000000080072dc                _read
 .text._write   0x0000000008007316       0x38 ./Core/Src/syscalls.o
                0x0000000008007316                _write
 .text._close   0x000000000800734e       0x18 ./Core/Src/syscalls.o
                0x000000000800734e                _close
 .text._fstat   0x0000000008007366       0x20 ./Core/Src/syscalls.o
                0x0000000008007366                _fstat
 .text._isatty  0x0000000008007386       0x16 ./Core/Src/syscalls.o
                0x0000000008007386                _isatty
 .text._lseek   0x000000000800739c       0x1a ./Core/Src/syscalls.o
                0x000000000800739c                _lseek
 *fill*         0x00000000080073b6        0x2 
 .text._sbrk    0x00000000080073b8       0x6c ./Core/Src/sysmem.o
                0x00000000080073b8                _sbrk
 .text.SystemInit
                0x0000000008007424       0x24 ./Core/Src/system_stm32g4xx.o
                0x0000000008007424                SystemInit
 .text.Reset_Handler
                0x0000000008007448       0x50 ./Core/Startup/startup_stm32g4a1vetx.o
                0x0000000008007448                Reset_Handler
 .text.Default_Handler
                0x0000000008007498        0x2 ./Core/Startup/startup_stm32g4a1vetx.o
                0x0000000008007498                RTC_Alarm_IRQHandler
                0x0000000008007498                EXTI2_IRQHandler
                0x0000000008007498                TIM8_TRG_COM_IRQHandler
                0x0000000008007498                TIM8_CC_IRQHandler
                0x0000000008007498                TIM1_CC_IRQHandler
                0x0000000008007498                USB_HP_IRQHandler
                0x0000000008007498                CORDIC_IRQHandler
                0x0000000008007498                DMA2_Channel8_IRQHandler
                0x0000000008007498                EXTI3_IRQHandler
                0x0000000008007498                I2C3_ER_IRQHandler
                0x0000000008007498                EXTI0_IRQHandler
                0x0000000008007498                I2C2_EV_IRQHandler
                0x0000000008007498                FPU_IRQHandler
                0x0000000008007498                FDCAN1_IT1_IRQHandler
                0x0000000008007498                TIM1_UP_TIM16_IRQHandler
                0x0000000008007498                ADC1_2_IRQHandler
                0x0000000008007498                SPI1_IRQHandler
                0x0000000008007498                TIM6_DAC_IRQHandler
                0x0000000008007498                TIM8_UP_IRQHandler
                0x0000000008007498                DMA2_Channel2_IRQHandler
                0x0000000008007498                TIM20_TRG_COM_IRQHandler
                0x0000000008007498                USART3_IRQHandler
                0x0000000008007498                DMA1_Channel7_IRQHandler
                0x0000000008007498                UART5_IRQHandler
                0x0000000008007498                ADC3_IRQHandler
                0x0000000008007498                TIM4_IRQHandler
                0x0000000008007498                QUADSPI_IRQHandler
                0x0000000008007498                I2C1_EV_IRQHandler
                0x0000000008007498                UART4_IRQHandler
                0x0000000008007498                TIM3_IRQHandler
                0x0000000008007498                RCC_IRQHandler
                0x0000000008007498                TIM20_UP_IRQHandler
                0x0000000008007498                Default_Handler
                0x0000000008007498                RTC_TAMP_LSECSS_IRQHandler
                0x0000000008007498                FMAC_IRQHandler
                0x0000000008007498                EXTI15_10_IRQHandler
                0x0000000008007498                DMA1_Channel8_IRQHandler
                0x0000000008007498                TIM7_IRQHandler
                0x0000000008007498                UCPD1_IRQHandler
                0x0000000008007498                I2C3_EV_IRQHandler
                0x0000000008007498                EXTI9_5_IRQHandler
                0x0000000008007498                RTC_WKUP_IRQHandler
                0x0000000008007498                PVD_PVM_IRQHandler
                0x0000000008007498                SPI2_IRQHandler
                0x0000000008007498                CRS_IRQHandler
                0x0000000008007498                USB_LP_IRQHandler
                0x0000000008007498                EXTI4_IRQHandler
                0x0000000008007498                RNG_IRQHandler
                0x0000000008007498                TIM1_TRG_COM_TIM17_IRQHandler
                0x0000000008007498                FDCAN2_IT1_IRQHandler
                0x0000000008007498                WWDG_IRQHandler
                0x0000000008007498                FDCAN2_IT0_IRQHandler
                0x0000000008007498                LPUART1_IRQHandler
                0x0000000008007498                FDCAN1_IT0_IRQHandler
                0x0000000008007498                TIM2_IRQHandler
                0x0000000008007498                COMP1_2_3_IRQHandler
                0x0000000008007498                EXTI1_IRQHandler
                0x0000000008007498                AES_IRQHandler
                0x0000000008007498                USART2_IRQHandler
                0x0000000008007498                TIM20_BRK_IRQHandler
                0x0000000008007498                I2C2_ER_IRQHandler
                0x0000000008007498                TIM8_BRK_IRQHandler
                0x0000000008007498                FLASH_IRQHandler
                0x0000000008007498                TIM20_CC_IRQHandler
                0x0000000008007498                USART1_IRQHandler
                0x0000000008007498                SPI3_IRQHandler
                0x0000000008007498                I2C1_ER_IRQHandler
                0x0000000008007498                LPTIM1_IRQHandler
                0x0000000008007498                DMAMUX_OVR_IRQHandler
                0x0000000008007498                USBWakeUp_IRQHandler
                0x0000000008007498                SAI1_IRQHandler
                0x0000000008007498                DMA2_Channel3_IRQHandler
                0x0000000008007498                COMP4_IRQHandler
                0x0000000008007498                TIM1_BRK_TIM15_IRQHandler
 .text.HAL_Init
                0x000000000800749a       0x30 ./Drivers/STM32G4xx_HAL_Driver/Src/stm32g4xx_hal.o
                0x000000000800749a                HAL_Init
 *fill*         0x00000000080074ca        0x2 
 .text.HAL_InitTick
                0x00000000080074cc       0x74 ./Drivers/STM32G4xx_HAL_Driver/Src/stm32g4xx_hal.o
                0x00000000080074cc                HAL_InitTick
 .text.HAL_IncTick
                0x0000000008007540       0x24 ./Drivers/STM32G4xx_HAL_Driver/Src/stm32g4xx_hal.o
                0x0000000008007540                HAL_IncTick
 .text.HAL_GetTick
                0x0000000008007564       0x18 ./Drivers/STM32G4xx_HAL_Driver/Src/stm32g4xx_hal.o
                0x0000000008007564                HAL_GetTick
 .text.HAL_Delay
                0x000000000800757c       0x44 ./Drivers/STM32G4xx_HAL_Driver/Src/stm32g4xx_hal.o
                0x000000000800757c                HAL_Delay
 .text.LL_ADC_SetCommonClock
                0x00000000080075c0       0x26 ./Drivers/STM32G4xx_HAL_Driver/Src/stm32g4xx_hal_adc.o
 .text.LL_ADC_SetCommonPathInternalCh
                0x00000000080075e6       0x26 ./Drivers/STM32G4xx_HAL_Driver/Src/stm32g4xx_hal_adc.o
 .text.LL_ADC_GetCommonPathInternalCh
                0x000000000800760c       0x1c ./Drivers/STM32G4xx_HAL_Driver/Src/stm32g4xx_hal_adc.o
 .text.LL_ADC_SetOffset
                0x0000000008007628       0x48 ./Drivers/STM32G4xx_HAL_Driver/Src/stm32g4xx_hal_adc.o
 .text.LL_ADC_GetOffsetChannel
                0x0000000008007670       0x2c ./Drivers/STM32G4xx_HAL_Driver/Src/stm32g4xx_hal_adc.o
 .text.LL_ADC_SetOffsetState
                0x000000000800769c       0x36 ./Drivers/STM32G4xx_HAL_Driver/Src/stm32g4xx_hal_adc.o
 .text.LL_ADC_SetOffsetSign
                0x00000000080076d2       0x36 ./Drivers/STM32G4xx_HAL_Driver/Src/stm32g4xx_hal_adc.o
 .text.LL_ADC_SetOffsetSaturation
                0x0000000008007708       0x36 ./Drivers/STM32G4xx_HAL_Driver/Src/stm32g4xx_hal_adc.o
 .text.LL_ADC_SetSamplingTimeCommonConfig
                0x000000000800773e       0x26 ./Drivers/STM32G4xx_HAL_Driver/Src/stm32g4xx_hal_adc.o
 .text.LL_ADC_REG_IsTriggerSourceSWStart
                0x0000000008007764       0x26 ./Drivers/STM32G4xx_HAL_Driver/Src/stm32g4xx_hal_adc.o
 .text.LL_ADC_REG_SetSequencerRanks
                0x000000000800778a       0x58 ./Drivers/STM32G4xx_HAL_Driver/Src/stm32g4xx_hal_adc.o
 .text.LL_ADC_SetChannelSamplingTime
                0x00000000080077e2       0x56 ./Drivers/STM32G4xx_HAL_Driver/Src/stm32g4xx_hal_adc.o
 .text.LL_ADC_SetChannelSingleDiff
                0x0000000008007838       0x48 ./Drivers/STM32G4xx_HAL_Driver/Src/stm32g4xx_hal_adc.o
 .text.LL_ADC_GetMultimode
                0x0000000008007880       0x1c ./Drivers/STM32G4xx_HAL_Driver/Src/stm32g4xx_hal_adc.o
 .text.LL_ADC_DisableDeepPowerDown
                0x000000000800789c       0x24 ./Drivers/STM32G4xx_HAL_Driver/Src/stm32g4xx_hal_adc.o
 .text.LL_ADC_IsDeepPowerDownEnabled
                0x00000000080078c0       0x28 ./Drivers/STM32G4xx_HAL_Driver/Src/stm32g4xx_hal_adc.o
 .text.LL_ADC_EnableInternalRegulator
                0x00000000080078e8       0x28 ./Drivers/STM32G4xx_HAL_Driver/Src/stm32g4xx_hal_adc.o
 .text.LL_ADC_IsInternalRegulatorEnabled
                0x0000000008007910       0x28 ./Drivers/STM32G4xx_HAL_Driver/Src/stm32g4xx_hal_adc.o
 .text.LL_ADC_Enable
                0x0000000008007938       0x28 ./Drivers/STM32G4xx_HAL_Driver/Src/stm32g4xx_hal_adc.o
 .text.LL_ADC_IsEnabled
                0x0000000008007960       0x26 ./Drivers/STM32G4xx_HAL_Driver/Src/stm32g4xx_hal_adc.o
 .text.LL_ADC_REG_StartConversion
                0x0000000008007986       0x28 ./Drivers/STM32G4xx_HAL_Driver/Src/stm32g4xx_hal_adc.o
 .text.LL_ADC_REG_IsConversionOngoing
                0x00000000080079ae       0x26 ./Drivers/STM32G4xx_HAL_Driver/Src/stm32g4xx_hal_adc.o
 .text.LL_ADC_INJ_IsConversionOngoing
                0x00000000080079d4       0x26 ./Drivers/STM32G4xx_HAL_Driver/Src/stm32g4xx_hal_adc.o
 *fill*         0x00000000080079fa        0x2 
 .text.HAL_ADC_Init
                0x00000000080079fc      0x35c ./Drivers/STM32G4xx_HAL_Driver/Src/stm32g4xx_hal_adc.o
                0x00000000080079fc                HAL_ADC_Init
 .text.HAL_ADC_Start_DMA
                0x0000000008007d58      0x194 ./Drivers/STM32G4xx_HAL_Driver/Src/stm32g4xx_hal_adc.o
                0x0000000008007d58                HAL_ADC_Start_DMA
 .text.HAL_ADC_ErrorCallback
                0x0000000008007eec       0x14 ./Drivers/STM32G4xx_HAL_Driver/Src/stm32g4xx_hal_adc.o
                0x0000000008007eec                HAL_ADC_ErrorCallback
 .text.HAL_ADC_ConfigChannel
                0x0000000008007f00      0x858 ./Drivers/STM32G4xx_HAL_Driver/Src/stm32g4xx_hal_adc.o
                0x0000000008007f00                HAL_ADC_ConfigChannel
 .text.ADC_Enable
                0x0000000008008758      0x12c ./Drivers/STM32G4xx_HAL_Driver/Src/stm32g4xx_hal_adc.o
                0x0000000008008758                ADC_Enable
 .text.ADC_DMAConvCplt
                0x0000000008008884       0xd8 ./Drivers/STM32G4xx_HAL_Driver/Src/stm32g4xx_hal_adc.o
                0x0000000008008884                ADC_DMAConvCplt
 .text.ADC_DMAHalfConvCplt
                0x000000000800895c       0x1c ./Drivers/STM32G4xx_HAL_Driver/Src/stm32g4xx_hal_adc.o
                0x000000000800895c                ADC_DMAHalfConvCplt
 .text.ADC_DMAError
                0x0000000008008978       0x34 ./Drivers/STM32G4xx_HAL_Driver/Src/stm32g4xx_hal_adc.o
                0x0000000008008978                ADC_DMAError
 .text.LL_ADC_IsEnabled
                0x00000000080089ac       0x26 ./Drivers/STM32G4xx_HAL_Driver/Src/stm32g4xx_hal_adc_ex.o
 .text.LL_ADC_REG_IsConversionOngoing
                0x00000000080089d2       0x26 ./Drivers/STM32G4xx_HAL_Driver/Src/stm32g4xx_hal_adc_ex.o
 .text.HAL_ADCEx_MultiModeConfigChannel
                0x00000000080089f8      0x1d0 ./Drivers/STM32G4xx_HAL_Driver/Src/stm32g4xx_hal_adc_ex.o
                0x00000000080089f8                HAL_ADCEx_MultiModeConfigChannel
 .text.__NVIC_SetPriorityGrouping
                0x0000000008008bc8       0x48 ./Drivers/STM32G4xx_HAL_Driver/Src/stm32g4xx_hal_cortex.o
 .text.__NVIC_GetPriorityGrouping
                0x0000000008008c10       0x1c ./Drivers/STM32G4xx_HAL_Driver/Src/stm32g4xx_hal_cortex.o
 .text.__NVIC_EnableIRQ
                0x0000000008008c2c       0x3c ./Drivers/STM32G4xx_HAL_Driver/Src/stm32g4xx_hal_cortex.o
 .text.__NVIC_SetPriority
                0x0000000008008c68       0x54 ./Drivers/STM32G4xx_HAL_Driver/Src/stm32g4xx_hal_cortex.o
 .text.NVIC_EncodePriority
                0x0000000008008cbc       0x66 ./Drivers/STM32G4xx_HAL_Driver/Src/stm32g4xx_hal_cortex.o
 *fill*         0x0000000008008d22        0x2 
 .text.SysTick_Config
                0x0000000008008d24       0x44 ./Drivers/STM32G4xx_HAL_Driver/Src/stm32g4xx_hal_cortex.o
 .text.HAL_NVIC_SetPriorityGrouping
                0x0000000008008d68       0x16 ./Drivers/STM32G4xx_HAL_Driver/Src/stm32g4xx_hal_cortex.o
                0x0000000008008d68                HAL_NVIC_SetPriorityGrouping
 .text.HAL_NVIC_SetPriority
                0x0000000008008d7e       0x34 ./Drivers/STM32G4xx_HAL_Driver/Src/stm32g4xx_hal_cortex.o
                0x0000000008008d7e                HAL_NVIC_SetPriority
 .text.HAL_NVIC_EnableIRQ
                0x0000000008008db2       0x1c ./Drivers/STM32G4xx_HAL_Driver/Src/stm32g4xx_hal_cortex.o
                0x0000000008008db2                HAL_NVIC_EnableIRQ
 .text.HAL_SYSTICK_Config
                0x0000000008008dce       0x18 ./Drivers/STM32G4xx_HAL_Driver/Src/stm32g4xx_hal_cortex.o
                0x0000000008008dce                HAL_SYSTICK_Config
 .text.HAL_DAC_Init
                0x0000000008008de6       0x44 ./Drivers/STM32G4xx_HAL_Driver/Src/stm32g4xx_hal_dac.o
                0x0000000008008de6                HAL_DAC_Init
 *fill*         0x0000000008008e2a        0x2 
 .text.HAL_DAC_ConfigChannel
                0x0000000008008e2c      0x370 ./Drivers/STM32G4xx_HAL_Driver/Src/stm32g4xx_hal_dac.o
                0x0000000008008e2c                HAL_DAC_ConfigChannel
 .text.HAL_DMA_Init
                0x000000000800919c      0x150 ./Drivers/STM32G4xx_HAL_Driver/Src/stm32g4xx_hal_dma.o
                0x000000000800919c                HAL_DMA_Init
 .text.HAL_DMA_Start_IT
                0x00000000080092ec       0xf6 ./Drivers/STM32G4xx_HAL_Driver/Src/stm32g4xx_hal_dma.o
                0x00000000080092ec                HAL_DMA_Start_IT
 .text.HAL_DMA_IRQHandler
                0x00000000080093e2      0x15e ./Drivers/STM32G4xx_HAL_Driver/Src/stm32g4xx_hal_dma.o
                0x00000000080093e2                HAL_DMA_IRQHandler
 .text.DMA_SetConfig
                0x0000000008009540       0x7c ./Drivers/STM32G4xx_HAL_Driver/Src/stm32g4xx_hal_dma.o
 .text.DMA_CalcDMAMUXChannelBaseAndMask
                0x00000000080095bc       0x7c ./Drivers/STM32G4xx_HAL_Driver/Src/stm32g4xx_hal_dma.o
 .text.DMA_CalcDMAMUXRequestGenBaseAndMask
                0x0000000008009638       0x48 ./Drivers/STM32G4xx_HAL_Driver/Src/stm32g4xx_hal_dma.o
 .text.HAL_FMAC_Init
                0x0000000008009680       0x82 ./Drivers/STM32G4xx_HAL_Driver/Src/stm32g4xx_hal_fmac.o
                0x0000000008009680                HAL_FMAC_Init
 .text.FMAC_Reset
                0x0000000008009702       0x5e ./Drivers/STM32G4xx_HAL_Driver/Src/stm32g4xx_hal_fmac.o
 .text.FMAC_ResetDataPointers
                0x0000000008009760       0x1c ./Drivers/STM32G4xx_HAL_Driver/Src/stm32g4xx_hal_fmac.o
 .text.FMAC_ResetInputStateAndDataPointers
                0x000000000800977c       0x2e ./Drivers/STM32G4xx_HAL_Driver/Src/stm32g4xx_hal_fmac.o
 .text.FMAC_ResetOutputStateAndDataPointers
                0x00000000080097aa       0x2e ./Drivers/STM32G4xx_HAL_Driver/Src/stm32g4xx_hal_fmac.o
 .text.HAL_GPIO_Init
                0x00000000080097d8      0x304 ./Drivers/STM32G4xx_HAL_Driver/Src/stm32g4xx_hal_gpio.o
                0x00000000080097d8                HAL_GPIO_Init
 .text.HAL_GPIO_WritePin
                0x0000000008009adc       0x30 ./Drivers/STM32G4xx_HAL_Driver/Src/stm32g4xx_hal_gpio.o
                0x0000000008009adc                HAL_GPIO_WritePin
 .text.HAL_GPIO_EXTI_IRQHandler
                0x0000000008009b0c       0x30 ./Drivers/STM32G4xx_HAL_Driver/Src/stm32g4xx_hal_gpio.o
                0x0000000008009b0c                HAL_GPIO_EXTI_IRQHandler
 .text.HAL_I2C_Init
                0x0000000008009b3c      0x136 ./Drivers/STM32G4xx_HAL_Driver/Src/stm32g4xx_hal_i2c.o
                0x0000000008009b3c                HAL_I2C_Init
 .text.HAL_I2CEx_ConfigAnalogFilter
                0x0000000008009c72       0x96 ./Drivers/STM32G4xx_HAL_Driver/Src/stm32g4xx_hal_i2c_ex.o
                0x0000000008009c72                HAL_I2CEx_ConfigAnalogFilter
 .text.HAL_I2CEx_ConfigDigitalFilter
                0x0000000008009d08       0x98 ./Drivers/STM32G4xx_HAL_Driver/Src/stm32g4xx_hal_i2c_ex.o
                0x0000000008009d08                HAL_I2CEx_ConfigDigitalFilter
 .text.HAL_PWREx_ControlVoltageScaling
                0x0000000008009da0      0x148 ./Drivers/STM32G4xx_HAL_Driver/Src/stm32g4xx_hal_pwr_ex.o
                0x0000000008009da0                HAL_PWREx_ControlVoltageScaling
 .text.HAL_PWREx_DisableUCPDDeadBattery
                0x0000000008009ee8       0x20 ./Drivers/STM32G4xx_HAL_Driver/Src/stm32g4xx_hal_pwr_ex.o
                0x0000000008009ee8                HAL_PWREx_DisableUCPDDeadBattery
 .text.HAL_RCC_OscConfig
                0x0000000008009f08      0x624 ./Drivers/STM32G4xx_HAL_Driver/Src/stm32g4xx_hal_rcc.o
                0x0000000008009f08                HAL_RCC_OscConfig
 .text.HAL_RCC_ClockConfig
                0x000000000800a52c      0x278 ./Drivers/STM32G4xx_HAL_Driver/Src/stm32g4xx_hal_rcc.o
                0x000000000800a52c                HAL_RCC_ClockConfig
 .text.HAL_RCC_GetSysClockFreq
                0x000000000800a7a4       0xc0 ./Drivers/STM32G4xx_HAL_Driver/Src/stm32g4xx_hal_rcc.o
                0x000000000800a7a4                HAL_RCC_GetSysClockFreq
 .text.HAL_RCC_GetHCLKFreq
                0x000000000800a864       0x18 ./Drivers/STM32G4xx_HAL_Driver/Src/stm32g4xx_hal_rcc.o
                0x000000000800a864                HAL_RCC_GetHCLKFreq
 .text.HAL_RCC_GetPCLK1Freq
                0x000000000800a87c       0x2c ./Drivers/STM32G4xx_HAL_Driver/Src/stm32g4xx_hal_rcc.o
                0x000000000800a87c                HAL_RCC_GetPCLK1Freq
 .text.HAL_RCC_GetPCLK2Freq
                0x000000000800a8a8       0x2c ./Drivers/STM32G4xx_HAL_Driver/Src/stm32g4xx_hal_rcc.o
                0x000000000800a8a8                HAL_RCC_GetPCLK2Freq
 .text.RCC_GetSysClockFreqFromPLLSource
                0x000000000800a8d4       0x88 ./Drivers/STM32G4xx_HAL_Driver/Src/stm32g4xx_hal_rcc.o
 .text.HAL_RCCEx_PeriphCLKConfig
                0x000000000800a95c      0x478 ./Drivers/STM32G4xx_HAL_Driver/Src/stm32g4xx_hal_rcc_ex.o
                0x000000000800a95c                HAL_RCCEx_PeriphCLKConfig
 .text.HAL_TIM_Base_Init
                0x000000000800add4       0xae ./Drivers/STM32G4xx_HAL_Driver/Src/stm32g4xx_hal_tim.o
                0x000000000800add4                HAL_TIM_Base_Init
 .text.HAL_TIM_SlaveConfigSynchro
                0x000000000800ae82       0x84 ./Drivers/STM32G4xx_HAL_Driver/Src/stm32g4xx_hal_tim.o
                0x000000000800ae82                HAL_TIM_SlaveConfigSynchro
 *fill*         0x000000000800af06        0x2 
 .text.TIM_Base_SetConfig
                0x000000000800af08      0x154 ./Drivers/STM32G4xx_HAL_Driver/Src/stm32g4xx_hal_tim.o
                0x000000000800af08                TIM_Base_SetConfig
 .text.TIM_SlaveTimer_SetConfig
                0x000000000800b05c      0x19c ./Drivers/STM32G4xx_HAL_Driver/Src/stm32g4xx_hal_tim.o
 .text.TIM_TI1_ConfigInputStage
                0x000000000800b1f8       0x5e ./Drivers/STM32G4xx_HAL_Driver/Src/stm32g4xx_hal_tim.o
 .text.TIM_TI2_ConfigInputStage
                0x000000000800b256       0x60 ./Drivers/STM32G4xx_HAL_Driver/Src/stm32g4xx_hal_tim.o
 .text.TIM_ETR_SetConfig
                0x000000000800b2b6       0x40 ./Drivers/STM32G4xx_HAL_Driver/Src/stm32g4xx_hal_tim.o
                0x000000000800b2b6                TIM_ETR_SetConfig
 *fill*         0x000000000800b2f6        0x2 
 .text.HAL_TIMEx_MasterConfigSynchronization
                0x000000000800b2f8      0x11c ./Drivers/STM32G4xx_HAL_Driver/Src/stm32g4xx_hal_tim_ex.o
                0x000000000800b2f8                HAL_TIMEx_MasterConfigSynchronization
 .text.HAL_UART_Init
                0x000000000800b414       0xa0 ./Drivers/STM32G4xx_HAL_Driver/Src/stm32g4xx_hal_uart.o
                0x000000000800b414                HAL_UART_Init
 .text.UART_SetConfig
                0x000000000800b4b4      0x5f8 ./Drivers/STM32G4xx_HAL_Driver/Src/stm32g4xx_hal_uart.o
                0x000000000800b4b4                UART_SetConfig
 .text.UART_AdvFeatureConfig
                0x000000000800baac      0x144 ./Drivers/STM32G4xx_HAL_Driver/Src/stm32g4xx_hal_uart.o
                0x000000000800baac                UART_AdvFeatureConfig
 .text.UART_CheckIdleState
                0x000000000800bbf0      0x154 ./Drivers/STM32G4xx_HAL_Driver/Src/stm32g4xx_hal_uart.o
                0x000000000800bbf0                UART_CheckIdleState
 .text.UART_WaitOnFlagUntilTimeout
                0x000000000800bd44       0xda ./Drivers/STM32G4xx_HAL_Driver/Src/stm32g4xx_hal_uart.o
                0x000000000800bd44                UART_WaitOnFlagUntilTimeout
 .text.UART_EndRxTransfer
                0x000000000800be1e       0xcc ./Drivers/STM32G4xx_HAL_Driver/Src/stm32g4xx_hal_uart.o
 .text.HAL_UARTEx_DisableFifoMode
                0x000000000800beea       0x72 ./Drivers/STM32G4xx_HAL_Driver/Src/stm32g4xx_hal_uart_ex.o
                0x000000000800beea                HAL_UARTEx_DisableFifoMode
 .text.HAL_UARTEx_SetTxFifoThreshold
                0x000000000800bf5c       0x7c ./Drivers/STM32G4xx_HAL_Driver/Src/stm32g4xx_hal_uart_ex.o
                0x000000000800bf5c                HAL_UARTEx_SetTxFifoThreshold
 .text.HAL_UARTEx_SetRxFifoThreshold
                0x000000000800bfd8       0x7c ./Drivers/STM32G4xx_HAL_Driver/Src/stm32g4xx_hal_uart_ex.o
                0x000000000800bfd8                HAL_UARTEx_SetRxFifoThreshold
 .text.UARTEx_SetNbDataToProcess
                0x000000000800c054       0x9c ./Drivers/STM32G4xx_HAL_Driver/Src/stm32g4xx_hal_uart_ex.o
 .text.arm_rfft_32_fast_init_f32
                0x000000000800c0f0       0x34 C:\Users\moshte\Desktop\moshte\Firmware projects\CubeIDE\Workspace\semgdaq_\Firmware\semgdaq\Drivers\CMSIS\Lib\GCC\libarm_cortexM4lf_math.a(arm_rfft_fast_init_f32.o)
                0x000000000800c0f0                arm_rfft_32_fast_init_f32
 .text.arm_rfft_64_fast_init_f32
                0x000000000800c124       0x34 C:\Users\moshte\Desktop\moshte\Firmware projects\CubeIDE\Workspace\semgdaq_\Firmware\semgdaq\Drivers\CMSIS\Lib\GCC\libarm_cortexM4lf_math.a(arm_rfft_fast_init_f32.o)
                0x000000000800c124                arm_rfft_64_fast_init_f32
 .text.arm_rfft_256_fast_init_f32
                0x000000000800c158       0x38 C:\Users\moshte\Desktop\moshte\Firmware projects\CubeIDE\Workspace\semgdaq_\Firmware\semgdaq\Drivers\CMSIS\Lib\GCC\libarm_cortexM4lf_math.a(arm_rfft_fast_init_f32.o)
                0x000000000800c158                arm_rfft_256_fast_init_f32
 .text.arm_rfft_512_fast_init_f32
                0x000000000800c190       0x3c C:\Users\moshte\Desktop\moshte\Firmware projects\CubeIDE\Workspace\semgdaq_\Firmware\semgdaq\Drivers\CMSIS\Lib\GCC\libarm_cortexM4lf_math.a(arm_rfft_fast_init_f32.o)
                0x000000000800c190                arm_rfft_512_fast_init_f32
 .text.arm_rfft_1024_fast_init_f32
                0x000000000800c1cc       0x3c C:\Users\moshte\Desktop\moshte\Firmware projects\CubeIDE\Workspace\semgdaq_\Firmware\semgdaq\Drivers\CMSIS\Lib\GCC\libarm_cortexM4lf_math.a(arm_rfft_fast_init_f32.o)
                0x000000000800c1cc                arm_rfft_1024_fast_init_f32
 .text.arm_rfft_2048_fast_init_f32
                0x000000000800c208       0x3c C:\Users\moshte\Desktop\moshte\Firmware projects\CubeIDE\Workspace\semgdaq_\Firmware\semgdaq\Drivers\CMSIS\Lib\GCC\libarm_cortexM4lf_math.a(arm_rfft_fast_init_f32.o)
                0x000000000800c208                arm_rfft_2048_fast_init_f32
 .text.arm_rfft_4096_fast_init_f32
                0x000000000800c244       0x3c C:\Users\moshte\Desktop\moshte\Firmware projects\CubeIDE\Workspace\semgdaq_\Firmware\semgdaq\Drivers\CMSIS\Lib\GCC\libarm_cortexM4lf_math.a(arm_rfft_fast_init_f32.o)
                0x000000000800c244                arm_rfft_4096_fast_init_f32
 .text.arm_rfft_fast_init_f32
                0x000000000800c280       0x68 C:\Users\moshte\Desktop\moshte\Firmware projects\CubeIDE\Workspace\semgdaq_\Firmware\semgdaq\Drivers\CMSIS\Lib\GCC\libarm_cortexM4lf_math.a(arm_rfft_fast_init_f32.o)
                0x000000000800c280                arm_rfft_fast_init_f32
 .text.stage_rfft_f32
                0x000000000800c2e8       0xb4 C:\Users\moshte\Desktop\moshte\Firmware projects\CubeIDE\Workspace\semgdaq_\Firmware\semgdaq\Drivers\CMSIS\Lib\GCC\libarm_cortexM4lf_math.a(arm_rfft_fast_f32.o)
                0x000000000800c2e8                stage_rfft_f32
 .text.merge_rfft_f32
                0x000000000800c39c       0xac C:\Users\moshte\Desktop\moshte\Firmware projects\CubeIDE\Workspace\semgdaq_\Firmware\semgdaq\Drivers\CMSIS\Lib\GCC\libarm_cortexM4lf_math.a(arm_rfft_fast_f32.o)
                0x000000000800c39c                merge_rfft_f32
 .text.arm_rfft_fast_f32
                0x000000000800c448       0x40 C:\Users\moshte\Desktop\moshte\Firmware projects\CubeIDE\Workspace\semgdaq_\Firmware\semgdaq\Drivers\CMSIS\Lib\GCC\libarm_cortexM4lf_math.a(arm_rfft_fast_f32.o)
                0x000000000800c448                arm_rfft_fast_f32
 .text.arm_cfft_radix8by2_f32
                0x000000000800c488      0x1a0 C:\Users\moshte\Desktop\moshte\Firmware projects\CubeIDE\Workspace\semgdaq_\Firmware\semgdaq\Drivers\CMSIS\Lib\GCC\libarm_cortexM4lf_math.a(arm_cfft_f32.o)
                0x000000000800c488                arm_cfft_radix8by2_f32
 .text.arm_cfft_radix8by4_f32
                0x000000000800c628      0x4ac C:\Users\moshte\Desktop\moshte\Firmware projects\CubeIDE\Workspace\semgdaq_\Firmware\semgdaq\Drivers\CMSIS\Lib\GCC\libarm_cortexM4lf_math.a(arm_cfft_f32.o)
                0x000000000800c628                arm_cfft_radix8by4_f32
 .text.arm_cfft_f32
                0x000000000800cad4       0xf0 C:\Users\moshte\Desktop\moshte\Firmware projects\CubeIDE\Workspace\semgdaq_\Firmware\semgdaq\Drivers\CMSIS\Lib\GCC\libarm_cortexM4lf_math.a(arm_cfft_f32.o)
                0x000000000800cad4                arm_cfft_f32
 .text.arm_bitreversal_32
                0x000000000800cbc4       0x40 C:\Users\moshte\Desktop\moshte\Firmware projects\CubeIDE\Workspace\semgdaq_\Firmware\semgdaq\Drivers\CMSIS\Lib\GCC\libarm_cortexM4lf_math.a(arm_bitreversal2.o)
                0x000000000800cbc4                arm_bitreversal_32
 .text.arm_mat_mult_f32
                0x000000000800cc04      0x140 C:\Users\moshte\Desktop\moshte\Firmware projects\CubeIDE\Workspace\semgdaq_\Firmware\semgdaq\Drivers\CMSIS\Lib\GCC\libarm_cortexM4lf_math.a(arm_mat_mult_f32.o)
                0x000000000800cc04                arm_mat_mult_f32
 .text.arm_mat_inverse_f32
                0x000000000800cd44      0x20c C:\Users\moshte\Desktop\moshte\Firmware projects\CubeIDE\Workspace\semgdaq_\Firmware\semgdaq\Drivers\CMSIS\Lib\GCC\libarm_cortexM4lf_math.a(arm_mat_inverse_f32.o)
                0x000000000800cd44                arm_mat_inverse_f32
 .text.arm_mat_init_f32
                0x000000000800cf50        0x8 C:\Users\moshte\Desktop\moshte\Firmware projects\CubeIDE\Workspace\semgdaq_\Firmware\semgdaq\Drivers\CMSIS\Lib\GCC\libarm_cortexM4lf_math.a(arm_mat_init_f32.o)
                0x000000000800cf50                arm_mat_init_f32
 .text.arm_biquad_cascade_df2T_f32
                0x000000000800cf58      0x376 C:\Users\moshte\Desktop\moshte\Firmware projects\CubeIDE\Workspace\semgdaq_\Firmware\semgdaq\Drivers\CMSIS\Lib\GCC\libarm_cortexM4lf_math.a(arm_biquad_cascade_df2t_f32.o)
                0x000000000800cf58                arm_biquad_cascade_df2T_f32
 *fill*         0x000000000800d2ce        0x2 
 .text.arm_biquad_cascade_df2T_init_f32
                0x000000000800d2d0       0x18 C:\Users\moshte\Desktop\moshte\Firmware projects\CubeIDE\Workspace\semgdaq_\Firmware\semgdaq\Drivers\CMSIS\Lib\GCC\libarm_cortexM4lf_math.a(arm_biquad_cascade_df2t_init_f32.o)
                0x000000000800d2d0                arm_biquad_cascade_df2T_init_f32
 .text.arm_dot_prod_f32
                0x000000000800d2e8       0xb0 C:\Users\moshte\Desktop\moshte\Firmware projects\CubeIDE\Workspace\semgdaq_\Firmware\semgdaq\Drivers\CMSIS\Lib\GCC\libarm_cortexM4lf_math.a(arm_dot_prod_f32.o)
                0x000000000800d2e8                arm_dot_prod_f32
 .text.arm_radix8_butterfly_f32
                0x000000000800d398      0x580 C:\Users\moshte\Desktop\moshte\Firmware projects\CubeIDE\Workspace\semgdaq_\Firmware\semgdaq\Drivers\CMSIS\Lib\GCC\libarm_cortexM4lf_math.a(arm_cfft_radix8_f32.o)
                0x000000000800d398                arm_radix8_butterfly_f32
 .text.__cvt    0x000000000800d918       0xc4 C:/ST/STM32CubeIDE_1.14.0/STM32CubeIDE/plugins/com.st.stm32cube.ide.mcu.externaltools.gnu-tools-for-stm32.11.3.rel1.win32_1.1.100.202309141235/tools/bin/../lib/gcc/arm-none-eabi/11.3.1/../../../../arm-none-eabi/lib/thumb/v7e-m+fp/hard\libc_nano.a(libc_a-nano-vfprintf_float.o)
                0x000000000800d918                __cvt
 .text.__exponent
                0x000000000800d9dc       0x7c C:/ST/STM32CubeIDE_1.14.0/STM32CubeIDE/plugins/com.st.stm32cube.ide.mcu.externaltools.gnu-tools-for-stm32.11.3.rel1.win32_1.1.100.202309141235/tools/bin/../lib/gcc/arm-none-eabi/11.3.1/../../../../arm-none-eabi/lib/thumb/v7e-m+fp/hard\libc_nano.a(libc_a-nano-vfprintf_float.o)
                0x000000000800d9dc                __exponent
 .text._printf_float
                0x000000000800da58      0x46c C:/ST/STM32CubeIDE_1.14.0/STM32CubeIDE/plugins/com.st.stm32cube.ide.mcu.externaltools.gnu-tools-for-stm32.11.3.rel1.win32_1.1.100.202309141235/tools/bin/../lib/gcc/arm-none-eabi/11.3.1/../../../../arm-none-eabi/lib/thumb/v7e-m+fp/hard\libc_nano.a(libc_a-nano-vfprintf_float.o)
                0x000000000800da58                _printf_float
 .text._printf_common
                0x000000000800dec4       0xda C:/ST/STM32CubeIDE_1.14.0/STM32CubeIDE/plugins/com.st.stm32cube.ide.mcu.externaltools.gnu-tools-for-stm32.11.3.rel1.win32_1.1.100.202309141235/tools/bin/../lib/gcc/arm-none-eabi/11.3.1/../../../../arm-none-eabi/lib/thumb/v7e-m+fp/hard\libc_nano.a(libc_a-nano-vfprintf_i.o)
                0x000000000800dec4                _printf_common
 *fill*         0x000000000800df9e        0x2 
 .text._printf_i
                0x000000000800dfa0      0x244 C:/ST/STM32CubeIDE_1.14.0/STM32CubeIDE/plugins/com.st.stm32cube.ide.mcu.externaltools.gnu-tools-for-stm32.11.3.rel1.win32_1.1.100.202309141235/tools/bin/../lib/gcc/arm-none-eabi/11.3.1/../../../../arm-none-eabi/lib/thumb/v7e-m+fp/hard\libc_nano.a(libc_a-nano-vfprintf_i.o)
                0x000000000800dfa0                _printf_i
 .text.std      0x000000000800e1e4       0x6c C:/ST/STM32CubeIDE_1.14.0/STM32CubeIDE/plugins/com.st.stm32cube.ide.mcu.externaltools.gnu-tools-for-stm32.11.3.rel1.win32_1.1.100.202309141235/tools/bin/../lib/gcc/arm-none-eabi/11.3.1/../../../../arm-none-eabi/lib/thumb/v7e-m+fp/hard\libc_nano.a(libc_a-findfp.o)
 .text.stdio_exit_handler
                0x000000000800e250       0x18 C:/ST/STM32CubeIDE_1.14.0/STM32CubeIDE/plugins/com.st.stm32cube.ide.mcu.externaltools.gnu-tools-for-stm32.11.3.rel1.win32_1.1.100.202309141235/tools/bin/../lib/gcc/arm-none-eabi/11.3.1/../../../../arm-none-eabi/lib/thumb/v7e-m+fp/hard\libc_nano.a(libc_a-findfp.o)
 .text.cleanup_stdio
                0x000000000800e268       0x40 C:/ST/STM32CubeIDE_1.14.0/STM32CubeIDE/plugins/com.st.stm32cube.ide.mcu.externaltools.gnu-tools-for-stm32.11.3.rel1.win32_1.1.100.202309141235/tools/bin/../lib/gcc/arm-none-eabi/11.3.1/../../../../arm-none-eabi/lib/thumb/v7e-m+fp/hard\libc_nano.a(libc_a-findfp.o)
 .text.global_stdio_init.part.0
                0x000000000800e2a8       0x3c C:/ST/STM32CubeIDE_1.14.0/STM32CubeIDE/plugins/com.st.stm32cube.ide.mcu.externaltools.gnu-tools-for-stm32.11.3.rel1.win32_1.1.100.202309141235/tools/bin/../lib/gcc/arm-none-eabi/11.3.1/../../../../arm-none-eabi/lib/thumb/v7e-m+fp/hard\libc_nano.a(libc_a-findfp.o)
 .text.__sfp_lock_acquire
                0x000000000800e2e4        0xc C:/ST/STM32CubeIDE_1.14.0/STM32CubeIDE/plugins/com.st.stm32cube.ide.mcu.externaltools.gnu-tools-for-stm32.11.3.rel1.win32_1.1.100.202309141235/tools/bin/../lib/gcc/arm-none-eabi/11.3.1/../../../../arm-none-eabi/lib/thumb/v7e-m+fp/hard\libc_nano.a(libc_a-findfp.o)
                0x000000000800e2e4                __sfp_lock_acquire
 .text.__sfp_lock_release
                0x000000000800e2f0        0xc C:/ST/STM32CubeIDE_1.14.0/STM32CubeIDE/plugins/com.st.stm32cube.ide.mcu.externaltools.gnu-tools-for-stm32.11.3.rel1.win32_1.1.100.202309141235/tools/bin/../lib/gcc/arm-none-eabi/11.3.1/../../../../arm-none-eabi/lib/thumb/v7e-m+fp/hard\libc_nano.a(libc_a-findfp.o)
                0x000000000800e2f0                __sfp_lock_release
 .text.__sinit  0x000000000800e2fc       0x30 C:/ST/STM32CubeIDE_1.14.0/STM32CubeIDE/plugins/com.st.stm32cube.ide.mcu.externaltools.gnu-tools-for-stm32.11.3.rel1.win32_1.1.100.202309141235/tools/bin/../lib/gcc/arm-none-eabi/11.3.1/../../../../arm-none-eabi/lib/thumb/v7e-m+fp/hard\libc_nano.a(libc_a-findfp.o)
                0x000000000800e2fc                __sinit
 .text._fwalk_sglue
                0x000000000800e32c       0x3c C:/ST/STM32CubeIDE_1.14.0/STM32CubeIDE/plugins/com.st.stm32cube.ide.mcu.externaltools.gnu-tools-for-stm32.11.3.rel1.win32_1.1.100.202309141235/tools/bin/../lib/gcc/arm-none-eabi/11.3.1/../../../../arm-none-eabi/lib/thumb/v7e-m+fp/hard\libc_nano.a(libc_a-fwalk.o)
                0x000000000800e32c                _fwalk_sglue
 .text.__sread  0x000000000800e368       0x22 C:/ST/STM32CubeIDE_1.14.0/STM32CubeIDE/plugins/com.st.stm32cube.ide.mcu.externaltools.gnu-tools-for-stm32.11.3.rel1.win32_1.1.100.202309141235/tools/bin/../lib/gcc/arm-none-eabi/11.3.1/../../../../arm-none-eabi/lib/thumb/v7e-m+fp/hard\libc_nano.a(libc_a-stdio.o)
                0x000000000800e368                __sread
 .text.__swrite
                0x000000000800e38a       0x38 C:/ST/STM32CubeIDE_1.14.0/STM32CubeIDE/plugins/com.st.stm32cube.ide.mcu.externaltools.gnu-tools-for-stm32.11.3.rel1.win32_1.1.100.202309141235/tools/bin/../lib/gcc/arm-none-eabi/11.3.1/../../../../arm-none-eabi/lib/thumb/v7e-m+fp/hard\libc_nano.a(libc_a-stdio.o)
                0x000000000800e38a                __swrite
 .text.__sseek  0x000000000800e3c2       0x24 C:/ST/STM32CubeIDE_1.14.0/STM32CubeIDE/plugins/com.st.stm32cube.ide.mcu.externaltools.gnu-tools-for-stm32.11.3.rel1.win32_1.1.100.202309141235/tools/bin/../lib/gcc/arm-none-eabi/11.3.1/../../../../arm-none-eabi/lib/thumb/v7e-m+fp/hard\libc_nano.a(libc_a-stdio.o)
                0x000000000800e3c2                __sseek
 .text.__sclose
                0x000000000800e3e6        0x8 C:/ST/STM32CubeIDE_1.14.0/STM32CubeIDE/plugins/com.st.stm32cube.ide.mcu.externaltools.gnu-tools-for-stm32.11.3.rel1.win32_1.1.100.202309141235/tools/bin/../lib/gcc/arm-none-eabi/11.3.1/../../../../arm-none-eabi/lib/thumb/v7e-m+fp/hard\libc_nano.a(libc_a-stdio.o)
                0x000000000800e3e6                __sclose
 .text.memset   0x000000000800e3ee       0x10 C:/ST/STM32CubeIDE_1.14.0/STM32CubeIDE/plugins/com.st.stm32cube.ide.mcu.externaltools.gnu-tools-for-stm32.11.3.rel1.win32_1.1.100.202309141235/tools/bin/../lib/gcc/arm-none-eabi/11.3.1/../../../../arm-none-eabi/lib/thumb/v7e-m+fp/hard\libc_nano.a(libc_a-memset.o)
                0x000000000800e3ee                memset
 *fill*         0x000000000800e3fe        0x2 
 .text._localeconv_r
                0x000000000800e400        0x8 C:/ST/STM32CubeIDE_1.14.0/STM32CubeIDE/plugins/com.st.stm32cube.ide.mcu.externaltools.gnu-tools-for-stm32.11.3.rel1.win32_1.1.100.202309141235/tools/bin/../lib/gcc/arm-none-eabi/11.3.1/../../../../arm-none-eabi/lib/thumb/v7e-m+fp/hard\libc_nano.a(libc_a-localeconv.o)
                0x000000000800e400                _localeconv_r
 .text._close_r
                0x000000000800e408       0x20 C:/ST/STM32CubeIDE_1.14.0/STM32CubeIDE/plugins/com.st.stm32cube.ide.mcu.externaltools.gnu-tools-for-stm32.11.3.rel1.win32_1.1.100.202309141235/tools/bin/../lib/gcc/arm-none-eabi/11.3.1/../../../../arm-none-eabi/lib/thumb/v7e-m+fp/hard\libc_nano.a(libc_a-closer.o)
                0x000000000800e408                _close_r
 .text._lseek_r
                0x000000000800e428       0x24 C:/ST/STM32CubeIDE_1.14.0/STM32CubeIDE/plugins/com.st.stm32cube.ide.mcu.externaltools.gnu-tools-for-stm32.11.3.rel1.win32_1.1.100.202309141235/tools/bin/../lib/gcc/arm-none-eabi/11.3.1/../../../../arm-none-eabi/lib/thumb/v7e-m+fp/hard\libc_nano.a(libc_a-lseekr.o)
                0x000000000800e428                _lseek_r
 .text._read_r  0x000000000800e44c       0x24 C:/ST/STM32CubeIDE_1.14.0/STM32CubeIDE/plugins/com.st.stm32cube.ide.mcu.externaltools.gnu-tools-for-stm32.11.3.rel1.win32_1.1.100.202309141235/tools/bin/../lib/gcc/arm-none-eabi/11.3.1/../../../../arm-none-eabi/lib/thumb/v7e-m+fp/hard\libc_nano.a(libc_a-readr.o)
                0x000000000800e44c                _read_r
 .text._write_r
                0x000000000800e470       0x24 C:/ST/STM32CubeIDE_1.14.0/STM32CubeIDE/plugins/com.st.stm32cube.ide.mcu.externaltools.gnu-tools-for-stm32.11.3.rel1.win32_1.1.100.202309141235/tools/bin/../lib/gcc/arm-none-eabi/11.3.1/../../../../arm-none-eabi/lib/thumb/v7e-m+fp/hard\libc_nano.a(libc_a-writer.o)
                0x000000000800e470                _write_r
 .text.__errno  0x000000000800e494        0xc C:/ST/STM32CubeIDE_1.14.0/STM32CubeIDE/plugins/com.st.stm32cube.ide.mcu.externaltools.gnu-tools-for-stm32.11.3.rel1.win32_1.1.100.202309141235/tools/bin/../lib/gcc/arm-none-eabi/11.3.1/../../../../arm-none-eabi/lib/thumb/v7e-m+fp/hard\libc_nano.a(libc_a-errno.o)
                0x000000000800e494                __errno
 .text.__libc_init_array
                0x000000000800e4a0       0x48 C:/ST/STM32CubeIDE_1.14.0/STM32CubeIDE/plugins/com.st.stm32cube.ide.mcu.externaltools.gnu-tools-for-stm32.11.3.rel1.win32_1.1.100.202309141235/tools/bin/../lib/gcc/arm-none-eabi/11.3.1/../../../../arm-none-eabi/lib/thumb/v7e-m+fp/hard\libc_nano.a(libc_a-init.o)
                0x000000000800e4a0                __libc_init_array
 .text.__retarget_lock_init_recursive
                0x000000000800e4e8        0x2 C:/ST/STM32CubeIDE_1.14.0/STM32CubeIDE/plugins/com.st.stm32cube.ide.mcu.externaltools.gnu-tools-for-stm32.11.3.rel1.win32_1.1.100.202309141235/tools/bin/../lib/gcc/arm-none-eabi/11.3.1/../../../../arm-none-eabi/lib/thumb/v7e-m+fp/hard\libc_nano.a(libc_a-lock.o)
                0x000000000800e4e8                __retarget_lock_init_recursive
 .text.__retarget_lock_acquire_recursive
                0x000000000800e4ea        0x2 C:/ST/STM32CubeIDE_1.14.0/STM32CubeIDE/plugins/com.st.stm32cube.ide.mcu.externaltools.gnu-tools-for-stm32.11.3.rel1.win32_1.1.100.202309141235/tools/bin/../lib/gcc/arm-none-eabi/11.3.1/../../../../arm-none-eabi/lib/thumb/v7e-m+fp/hard\libc_nano.a(libc_a-lock.o)
                0x000000000800e4ea                __retarget_lock_acquire_recursive
 .text.__retarget_lock_release_recursive
                0x000000000800e4ec        0x2 C:/ST/STM32CubeIDE_1.14.0/STM32CubeIDE/plugins/com.st.stm32cube.ide.mcu.externaltools.gnu-tools-for-stm32.11.3.rel1.win32_1.1.100.202309141235/tools/bin/../lib/gcc/arm-none-eabi/11.3.1/../../../../arm-none-eabi/lib/thumb/v7e-m+fp/hard\libc_nano.a(libc_a-lock.o)
                0x000000000800e4ec                __retarget_lock_release_recursive
 .text.quorem   0x000000000800e4ee      0x110 C:/ST/STM32CubeIDE_1.14.0/STM32CubeIDE/plugins/com.st.stm32cube.ide.mcu.externaltools.gnu-tools-for-stm32.11.3.rel1.win32_1.1.100.202309141235/tools/bin/../lib/gcc/arm-none-eabi/11.3.1/../../../../arm-none-eabi/lib/thumb/v7e-m+fp/hard\libc_nano.a(libc_a-dtoa.o)
 *fill*         0x000000000800e5fe        0x2 
 .text._dtoa_r  0x000000000800e600      0xbe4 C:/ST/STM32CubeIDE_1.14.0/STM32CubeIDE/plugins/com.st.stm32cube.ide.mcu.externaltools.gnu-tools-for-stm32.11.3.rel1.win32_1.1.100.202309141235/tools/bin/../lib/gcc/arm-none-eabi/11.3.1/../../../../arm-none-eabi/lib/thumb/v7e-m+fp/hard\libc_nano.a(libc_a-dtoa.o)
                0x000000000800e600                _dtoa_r
 .text._free_r  0x000000000800f1e4       0x98 C:/ST/STM32CubeIDE_1.14.0/STM32CubeIDE/plugins/com.st.stm32cube.ide.mcu.externaltools.gnu-tools-for-stm32.11.3.rel1.win32_1.1.100.202309141235/tools/bin/../lib/gcc/arm-none-eabi/11.3.1/../../../../arm-none-eabi/lib/thumb/v7e-m+fp/hard\libc_nano.a(libc_a-freer.o)
                0x000000000800f1e4                _free_r
 .text.malloc   0x000000000800f27c       0x10 C:/ST/STM32CubeIDE_1.14.0/STM32CubeIDE/plugins/com.st.stm32cube.ide.mcu.externaltools.gnu-tools-for-stm32.11.3.rel1.win32_1.1.100.202309141235/tools/bin/../lib/gcc/arm-none-eabi/11.3.1/../../../../arm-none-eabi/lib/thumb/v7e-m+fp/hard\libc_nano.a(libc_a-malloc.o)
                0x000000000800f27c                malloc
 .text.sbrk_aligned
                0x000000000800f28c       0x40 C:/ST/STM32CubeIDE_1.14.0/STM32CubeIDE/plugins/com.st.stm32cube.ide.mcu.externaltools.gnu-tools-for-stm32.11.3.rel1.win32_1.1.100.202309141235/tools/bin/../lib/gcc/arm-none-eabi/11.3.1/../../../../arm-none-eabi/lib/thumb/v7e-m+fp/hard\libc_nano.a(libc_a-mallocr.o)
 .text._malloc_r
                0x000000000800f2cc      0x100 C:/ST/STM32CubeIDE_1.14.0/STM32CubeIDE/plugins/com.st.stm32cube.ide.mcu.externaltools.gnu-tools-for-stm32.11.3.rel1.win32_1.1.100.202309141235/tools/bin/../lib/gcc/arm-none-eabi/11.3.1/../../../../arm-none-eabi/lib/thumb/v7e-m+fp/hard\libc_nano.a(libc_a-mallocr.o)
                0x000000000800f2cc                _malloc_r
 .text.__malloc_lock
                0x000000000800f3cc        0xc C:/ST/STM32CubeIDE_1.14.0/STM32CubeIDE/plugins/com.st.stm32cube.ide.mcu.externaltools.gnu-tools-for-stm32.11.3.rel1.win32_1.1.100.202309141235/tools/bin/../lib/gcc/arm-none-eabi/11.3.1/../../../../arm-none-eabi/lib/thumb/v7e-m+fp/hard\libc_nano.a(libc_a-mlock.o)
                0x000000000800f3cc                __malloc_lock
 .text.__malloc_unlock
                0x000000000800f3d8        0xc C:/ST/STM32CubeIDE_1.14.0/STM32CubeIDE/plugins/com.st.stm32cube.ide.mcu.externaltools.gnu-tools-for-stm32.11.3.rel1.win32_1.1.100.202309141235/tools/bin/../lib/gcc/arm-none-eabi/11.3.1/../../../../arm-none-eabi/lib/thumb/v7e-m+fp/hard\libc_nano.a(libc_a-mlock.o)
                0x000000000800f3d8                __malloc_unlock
 .text._Balloc  0x000000000800f3e4       0x80 C:/ST/STM32CubeIDE_1.14.0/STM32CubeIDE/plugins/com.st.stm32cube.ide.mcu.externaltools.gnu-tools-for-stm32.11.3.rel1.win32_1.1.100.202309141235/tools/bin/../lib/gcc/arm-none-eabi/11.3.1/../../../../arm-none-eabi/lib/thumb/v7e-m+fp/hard\libc_nano.a(libc_a-mprec.o)
                0x000000000800f3e4                _Balloc
 .text._Bfree   0x000000000800f464       0x44 C:/ST/STM32CubeIDE_1.14.0/STM32CubeIDE/plugins/com.st.stm32cube.ide.mcu.externaltools.gnu-tools-for-stm32.11.3.rel1.win32_1.1.100.202309141235/tools/bin/../lib/gcc/arm-none-eabi/11.3.1/../../../../arm-none-eabi/lib/thumb/v7e-m+fp/hard\libc_nano.a(libc_a-mprec.o)
                0x000000000800f464                _Bfree
 .text.__multadd
                0x000000000800f4a8       0x8c C:/ST/STM32CubeIDE_1.14.0/STM32CubeIDE/plugins/com.st.stm32cube.ide.mcu.externaltools.gnu-tools-for-stm32.11.3.rel1.win32_1.1.100.202309141235/tools/bin/../lib/gcc/arm-none-eabi/11.3.1/../../../../arm-none-eabi/lib/thumb/v7e-m+fp/hard\libc_nano.a(libc_a-mprec.o)
                0x000000000800f4a8                __multadd
 .text.__hi0bits
                0x000000000800f534       0x40 C:/ST/STM32CubeIDE_1.14.0/STM32CubeIDE/plugins/com.st.stm32cube.ide.mcu.externaltools.gnu-tools-for-stm32.11.3.rel1.win32_1.1.100.202309141235/tools/bin/../lib/gcc/arm-none-eabi/11.3.1/../../../../arm-none-eabi/lib/thumb/v7e-m+fp/hard\libc_nano.a(libc_a-mprec.o)
                0x000000000800f534                __hi0bits
 .text.__lo0bits
                0x000000000800f574       0x5a C:/ST/STM32CubeIDE_1.14.0/STM32CubeIDE/plugins/com.st.stm32cube.ide.mcu.externaltools.gnu-tools-for-stm32.11.3.rel1.win32_1.1.100.202309141235/tools/bin/../lib/gcc/arm-none-eabi/11.3.1/../../../../arm-none-eabi/lib/thumb/v7e-m+fp/hard\libc_nano.a(libc_a-mprec.o)
                0x000000000800f574                __lo0bits
 *fill*         0x000000000800f5ce        0x2 
 .text.__i2b    0x000000000800f5d0       0x2c C:/ST/STM32CubeIDE_1.14.0/STM32CubeIDE/plugins/com.st.stm32cube.ide.mcu.externaltools.gnu-tools-for-stm32.11.3.rel1.win32_1.1.100.202309141235/tools/bin/../lib/gcc/arm-none-eabi/11.3.1/../../../../arm-none-eabi/lib/thumb/v7e-m+fp/hard\libc_nano.a(libc_a-mprec.o)
                0x000000000800f5d0                __i2b
 .text.__multiply
                0x000000000800f5fc      0x154 C:/ST/STM32CubeIDE_1.14.0/STM32CubeIDE/plugins/com.st.stm32cube.ide.mcu.externaltools.gnu-tools-for-stm32.11.3.rel1.win32_1.1.100.202309141235/tools/bin/../lib/gcc/arm-none-eabi/11.3.1/../../../../arm-none-eabi/lib/thumb/v7e-m+fp/hard\libc_nano.a(libc_a-mprec.o)
                0x000000000800f5fc                __multiply
 .text.__pow5mult
                0x000000000800f750       0xb4 C:/ST/STM32CubeIDE_1.14.0/STM32CubeIDE/plugins/com.st.stm32cube.ide.mcu.externaltools.gnu-tools-for-stm32.11.3.rel1.win32_1.1.100.202309141235/tools/bin/../lib/gcc/arm-none-eabi/11.3.1/../../../../arm-none-eabi/lib/thumb/v7e-m+fp/hard\libc_nano.a(libc_a-mprec.o)
                0x000000000800f750                __pow5mult
 .text.__lshift
                0x000000000800f804       0xd8 C:/ST/STM32CubeIDE_1.14.0/STM32CubeIDE/plugins/com.st.stm32cube.ide.mcu.externaltools.gnu-tools-for-stm32.11.3.rel1.win32_1.1.100.202309141235/tools/bin/../lib/gcc/arm-none-eabi/11.3.1/../../../../arm-none-eabi/lib/thumb/v7e-m+fp/hard\libc_nano.a(libc_a-mprec.o)
                0x000000000800f804                __lshift
 .text.__mcmp   0x000000000800f8dc       0x38 C:/ST/STM32CubeIDE_1.14.0/STM32CubeIDE/plugins/com.st.stm32cube.ide.mcu.externaltools.gnu-tools-for-stm32.11.3.rel1.win32_1.1.100.202309141235/tools/bin/../lib/gcc/arm-none-eabi/11.3.1/../../../../arm-none-eabi/lib/thumb/v7e-m+fp/hard\libc_nano.a(libc_a-mprec.o)
                0x000000000800f8dc                __mcmp
 .text.__mdiff  0x000000000800f914      0x114 C:/ST/STM32CubeIDE_1.14.0/STM32CubeIDE/plugins/com.st.stm32cube.ide.mcu.externaltools.gnu-tools-for-stm32.11.3.rel1.win32_1.1.100.202309141235/tools/bin/../lib/gcc/arm-none-eabi/11.3.1/../../../../arm-none-eabi/lib/thumb/v7e-m+fp/hard\libc_nano.a(libc_a-mprec.o)
                0x000000000800f914                __mdiff
 .text.__d2b    0x000000000800fa28       0xb4 C:/ST/STM32CubeIDE_1.14.0/STM32CubeIDE/plugins/com.st.stm32cube.ide.mcu.externaltools.gnu-tools-for-stm32.11.3.rel1.win32_1.1.100.202309141235/tools/bin/../lib/gcc/arm-none-eabi/11.3.1/../../../../arm-none-eabi/lib/thumb/v7e-m+fp/hard\libc_nano.a(libc_a-mprec.o)
                0x000000000800fa28                __d2b
 .text.__sflush_r
                0x000000000800fadc      0x10c C:/ST/STM32CubeIDE_1.14.0/STM32CubeIDE/plugins/com.st.stm32cube.ide.mcu.externaltools.gnu-tools-for-stm32.11.3.rel1.win32_1.1.100.202309141235/tools/bin/../lib/gcc/arm-none-eabi/11.3.1/../../../../arm-none-eabi/lib/thumb/v7e-m+fp/hard\libc_nano.a(libc_a-fflush.o)
                0x000000000800fadc                __sflush_r
 .text._fflush_r
                0x000000000800fbe8       0x50 C:/ST/STM32CubeIDE_1.14.0/STM32CubeIDE/plugins/com.st.stm32cube.ide.mcu.externaltools.gnu-tools-for-stm32.11.3.rel1.win32_1.1.100.202309141235/tools/bin/../lib/gcc/arm-none-eabi/11.3.1/../../../../arm-none-eabi/lib/thumb/v7e-m+fp/hard\libc_nano.a(libc_a-fflush.o)
                0x000000000800fbe8                _fflush_r
 .text._sbrk_r  0x000000000800fc38       0x20 C:/ST/STM32CubeIDE_1.14.0/STM32CubeIDE/plugins/com.st.stm32cube.ide.mcu.externaltools.gnu-tools-for-stm32.11.3.rel1.win32_1.1.100.202309141235/tools/bin/../lib/gcc/arm-none-eabi/11.3.1/../../../../arm-none-eabi/lib/thumb/v7e-m+fp/hard\libc_nano.a(libc_a-sbrkr.o)
                0x000000000800fc38                _sbrk_r
 .text.memcpy   0x000000000800fc58       0x1c C:/ST/STM32CubeIDE_1.14.0/STM32CubeIDE/plugins/com.st.stm32cube.ide.mcu.externaltools.gnu-tools-for-stm32.11.3.rel1.win32_1.1.100.202309141235/tools/bin/../lib/gcc/arm-none-eabi/11.3.1/../../../../arm-none-eabi/lib/thumb/v7e-m+fp/hard\libc_nano.a(libc_a-memcpy-stub.o)
                0x000000000800fc58                memcpy
 .text.__assert_func
                0x000000000800fc74       0x3c C:/ST/STM32CubeIDE_1.14.0/STM32CubeIDE/plugins/com.st.stm32cube.ide.mcu.externaltools.gnu-tools-for-stm32.11.3.rel1.win32_1.1.100.202309141235/tools/bin/../lib/gcc/arm-none-eabi/11.3.1/../../../../arm-none-eabi/lib/thumb/v7e-m+fp/hard\libc_nano.a(libc_a-assert.o)
                0x000000000800fc74                __assert_func
 .text._calloc_r
                0x000000000800fcb0       0x2c C:/ST/STM32CubeIDE_1.14.0/STM32CubeIDE/plugins/com.st.stm32cube.ide.mcu.externaltools.gnu-tools-for-stm32.11.3.rel1.win32_1.1.100.202309141235/tools/bin/../lib/gcc/arm-none-eabi/11.3.1/../../../../arm-none-eabi/lib/thumb/v7e-m+fp/hard\libc_nano.a(libc_a-callocr.o)
                0x000000000800fcb0                _calloc_r
 .text.__ascii_mbtowc
                0x000000000800fcdc       0x24 C:/ST/STM32CubeIDE_1.14.0/STM32CubeIDE/plugins/com.st.stm32cube.ide.mcu.externaltools.gnu-tools-for-stm32.11.3.rel1.win32_1.1.100.202309141235/tools/bin/../lib/gcc/arm-none-eabi/11.3.1/../../../../arm-none-eabi/lib/thumb/v7e-m+fp/hard\libc_nano.a(libc_a-mbtowc_r.o)
                0x000000000800fcdc                __ascii_mbtowc
 .text.__ascii_wctomb
                0x000000000800fd00       0x1a C:/ST/STM32CubeIDE_1.14.0/STM32CubeIDE/plugins/com.st.stm32cube.ide.mcu.externaltools.gnu-tools-for-stm32.11.3.rel1.win32_1.1.100.202309141235/tools/bin/../lib/gcc/arm-none-eabi/11.3.1/../../../../arm-none-eabi/lib/thumb/v7e-m+fp/hard\libc_nano.a(libc_a-wctomb_r.o)
                0x000000000800fd00                __ascii_wctomb
 *fill*         0x000000000800fd1a        0x2 
 .text.fprintf  0x000000000800fd1c       0x24 C:/ST/STM32CubeIDE_1.14.0/STM32CubeIDE/plugins/com.st.stm32cube.ide.mcu.externaltools.gnu-tools-for-stm32.11.3.rel1.win32_1.1.100.202309141235/tools/bin/../lib/gcc/arm-none-eabi/11.3.1/../../../../arm-none-eabi/lib/thumb/v7e-m+fp/hard\libc_nano.a(libc_a-fprintf.o)
                0x000000000800fd1c                fiprintf
                0x000000000800fd1c                fprintf
 .text.abort    0x000000000800fd40        0xe C:/ST/STM32CubeIDE_1.14.0/STM32CubeIDE/plugins/com.st.stm32cube.ide.mcu.externaltools.gnu-tools-for-stm32.11.3.rel1.win32_1.1.100.202309141235/tools/bin/../lib/gcc/arm-none-eabi/11.3.1/../../../../arm-none-eabi/lib/thumb/v7e-m+fp/hard\libc_nano.a(libc_a-abort.o)
                0x000000000800fd40                abort
 .text.__sfputc_r
                0x000000000800fd4e       0x2e C:/ST/STM32CubeIDE_1.14.0/STM32CubeIDE/plugins/com.st.stm32cube.ide.mcu.externaltools.gnu-tools-for-stm32.11.3.rel1.win32_1.1.100.202309141235/tools/bin/../lib/gcc/arm-none-eabi/11.3.1/../../../../arm-none-eabi/lib/thumb/v7e-m+fp/hard\libc_nano.a(libc_a-nano-vfprintf.o)
 .text.__sfputs_r
                0x000000000800fd7c       0x24 C:/ST/STM32CubeIDE_1.14.0/STM32CubeIDE/plugins/com.st.stm32cube.ide.mcu.externaltools.gnu-tools-for-stm32.11.3.rel1.win32_1.1.100.202309141235/tools/bin/../lib/gcc/arm-none-eabi/11.3.1/../../../../arm-none-eabi/lib/thumb/v7e-m+fp/hard\libc_nano.a(libc_a-nano-vfprintf.o)
                0x000000000800fd7c                __sfputs_r
 .text._vfprintf_r
                0x000000000800fda0      0x234 C:/ST/STM32CubeIDE_1.14.0/STM32CubeIDE/plugins/com.st.stm32cube.ide.mcu.externaltools.gnu-tools-for-stm32.11.3.rel1.win32_1.1.100.202309141235/tools/bin/../lib/gcc/arm-none-eabi/11.3.1/../../../../arm-none-eabi/lib/thumb/v7e-m+fp/hard\libc_nano.a(libc_a-nano-vfprintf.o)
                0x000000000800fda0                _vfprintf_r
                0x000000000800fda0                _vfiprintf_r
 .text.__swbuf_r
                0x000000000800ffd4       0x7a C:/ST/STM32CubeIDE_1.14.0/STM32CubeIDE/plugins/com.st.stm32cube.ide.mcu.externaltools.gnu-tools-for-stm32.11.3.rel1.win32_1.1.100.202309141235/tools/bin/../lib/gcc/arm-none-eabi/11.3.1/../../../../arm-none-eabi/lib/thumb/v7e-m+fp/hard\libc_nano.a(libc_a-wbuf.o)
                0x000000000800ffd4                __swbuf_r
 *fill*         0x000000000801004e        0x2 
 .text.__swsetup_r
                0x0000000008010050       0xb0 C:/ST/STM32CubeIDE_1.14.0/STM32CubeIDE/plugins/com.st.stm32cube.ide.mcu.externaltools.gnu-tools-for-stm32.11.3.rel1.win32_1.1.100.202309141235/tools/bin/../lib/gcc/arm-none-eabi/11.3.1/../../../../arm-none-eabi/lib/thumb/v7e-m+fp/hard\libc_nano.a(libc_a-wsetup.o)
                0x0000000008010050                __swsetup_r
 .text._raise_r
                0x0000000008010100       0x50 C:/ST/STM32CubeIDE_1.14.0/STM32CubeIDE/plugins/com.st.stm32cube.ide.mcu.externaltools.gnu-tools-for-stm32.11.3.rel1.win32_1.1.100.202309141235/tools/bin/../lib/gcc/arm-none-eabi/11.3.1/../../../../arm-none-eabi/lib/thumb/v7e-m+fp/hard\libc_nano.a(libc_a-signal.o)
                0x0000000008010100                _raise_r
 .text.raise    0x0000000008010150       0x10 C:/ST/STM32CubeIDE_1.14.0/STM32CubeIDE/plugins/com.st.stm32cube.ide.mcu.externaltools.gnu-tools-for-stm32.11.3.rel1.win32_1.1.100.202309141235/tools/bin/../lib/gcc/arm-none-eabi/11.3.1/../../../../arm-none-eabi/lib/thumb/v7e-m+fp/hard\libc_nano.a(libc_a-signal.o)
                0x0000000008010150                raise
 .text._kill_r  0x0000000008010160       0x24 C:/ST/STM32CubeIDE_1.14.0/STM32CubeIDE/plugins/com.st.stm32cube.ide.mcu.externaltools.gnu-tools-for-stm32.11.3.rel1.win32_1.1.100.202309141235/tools/bin/../lib/gcc/arm-none-eabi/11.3.1/../../../../arm-none-eabi/lib/thumb/v7e-m+fp/hard\libc_nano.a(libc_a-signalr.o)
                0x0000000008010160                _kill_r
 .text._getpid_r
                0x0000000008010184        0x4 C:/ST/STM32CubeIDE_1.14.0/STM32CubeIDE/plugins/com.st.stm32cube.ide.mcu.externaltools.gnu-tools-for-stm32.11.3.rel1.win32_1.1.100.202309141235/tools/bin/../lib/gcc/arm-none-eabi/11.3.1/../../../../arm-none-eabi/lib/thumb/v7e-m+fp/hard\libc_nano.a(libc_a-signalr.o)
                0x0000000008010184                _getpid_r
 .text.__swhatbuf_r
                0x0000000008010188       0x4c C:/ST/STM32CubeIDE_1.14.0/STM32CubeIDE/plugins/com.st.stm32cube.ide.mcu.externaltools.gnu-tools-for-stm32.11.3.rel1.win32_1.1.100.202309141235/tools/bin/../lib/gcc/arm-none-eabi/11.3.1/../../../../arm-none-eabi/lib/thumb/v7e-m+fp/hard\libc_nano.a(libc_a-makebuf.o)
                0x0000000008010188                __swhatbuf_r
 .text.__smakebuf_r
                0x00000000080101d4       0x78 C:/ST/STM32CubeIDE_1.14.0/STM32CubeIDE/plugins/com.st.stm32cube.ide.mcu.externaltools.gnu-tools-for-stm32.11.3.rel1.win32_1.1.100.202309141235/tools/bin/../lib/gcc/arm-none-eabi/11.3.1/../../../../arm-none-eabi/lib/thumb/v7e-m+fp/hard\libc_nano.a(libc_a-makebuf.o)
                0x00000000080101d4                __smakebuf_r
 .text._fstat_r
                0x000000000801024c       0x24 C:/ST/STM32CubeIDE_1.14.0/STM32CubeIDE/plugins/com.st.stm32cube.ide.mcu.externaltools.gnu-tools-for-stm32.11.3.rel1.win32_1.1.100.202309141235/tools/bin/../lib/gcc/arm-none-eabi/11.3.1/../../../../arm-none-eabi/lib/thumb/v7e-m+fp/hard\libc_nano.a(libc_a-fstatr.o)
                0x000000000801024c                _fstat_r
 .text._isatty_r
                0x0000000008010270       0x20 C:/ST/STM32CubeIDE_1.14.0/STM32CubeIDE/plugins/com.st.stm32cube.ide.mcu.externaltools.gnu-tools-for-stm32.11.3.rel1.win32_1.1.100.202309141235/tools/bin/../lib/gcc/arm-none-eabi/11.3.1/../../../../arm-none-eabi/lib/thumb/v7e-m+fp/hard\libc_nano.a(libc_a-isattyr.o)
                0x0000000008010270                _isatty_r
 .text.exp      0x0000000008010290       0x90 C:/ST/STM32CubeIDE_1.14.0/STM32CubeIDE/plugins/com.st.stm32cube.ide.mcu.externaltools.gnu-tools-for-stm32.11.3.rel1.win32_1.1.100.202309141235/tools/bin/../lib/gcc/arm-none-eabi/11.3.1/../../../../arm-none-eabi/lib/thumb/v7e-m+fp/hard\libm.a(libm_a-w_exp.o)
                0x0000000008010290                exp
 .text.pow      0x0000000008010320       0xe0 C:/ST/STM32CubeIDE_1.14.0/STM32CubeIDE/plugins/com.st.stm32cube.ide.mcu.externaltools.gnu-tools-for-stm32.11.3.rel1.win32_1.1.100.202309141235/tools/bin/../lib/gcc/arm-none-eabi/11.3.1/../../../../arm-none-eabi/lib/thumb/v7e-m+fp/hard\libm.a(libm_a-w_pow.o)
                0x0000000008010320                pow
 .text.sqrt     0x0000000008010400       0x58 C:/ST/STM32CubeIDE_1.14.0/STM32CubeIDE/plugins/com.st.stm32cube.ide.mcu.externaltools.gnu-tools-for-stm32.11.3.rel1.win32_1.1.100.202309141235/tools/bin/../lib/gcc/arm-none-eabi/11.3.1/../../../../arm-none-eabi/lib/thumb/v7e-m+fp/hard\libm.a(libm_a-w_sqrt.o)
                0x0000000008010400                sqrt
 .text.sqrtf    0x0000000008010458       0x3c C:/ST/STM32CubeIDE_1.14.0/STM32CubeIDE/plugins/com.st.stm32cube.ide.mcu.externaltools.gnu-tools-for-stm32.11.3.rel1.win32_1.1.100.202309141235/tools/bin/../lib/gcc/arm-none-eabi/11.3.1/../../../../arm-none-eabi/lib/thumb/v7e-m+fp/hard\libm.a(libm_a-wf_sqrt.o)
                0x0000000008010458                sqrtf
 .text.finite   0x0000000008010494       0x16 C:/ST/STM32CubeIDE_1.14.0/STM32CubeIDE/plugins/com.st.stm32cube.ide.mcu.externaltools.gnu-tools-for-stm32.11.3.rel1.win32_1.1.100.202309141235/tools/bin/../lib/gcc/arm-none-eabi/11.3.1/../../../../arm-none-eabi/lib/thumb/v7e-m+fp/hard\libm.a(libm_a-s_finite.o)
                0x0000000008010494                finite
 *fill*         0x00000000080104aa        0x2 
 .text.__ieee754_sqrt
                0x00000000080104ac      0x1b4 C:/ST/STM32CubeIDE_1.14.0/STM32CubeIDE/plugins/com.st.stm32cube.ide.mcu.externaltools.gnu-tools-for-stm32.11.3.rel1.win32_1.1.100.202309141235/tools/bin/../lib/gcc/arm-none-eabi/11.3.1/../../../../arm-none-eabi/lib/thumb/v7e-m+fp/hard\libm.a(libm_a-e_sqrt.o)
                0x00000000080104ac                __ieee754_sqrt
 .text.__ieee754_sqrtf
                0x0000000008010660        0x6 C:/ST/STM32CubeIDE_1.14.0/STM32CubeIDE/plugins/com.st.stm32cube.ide.mcu.externaltools.gnu-tools-for-stm32.11.3.rel1.win32_1.1.100.202309141235/tools/bin/../lib/gcc/arm-none-eabi/11.3.1/../../../../arm-none-eabi/lib/thumb/v7e-m+fp/hard\libm.a(libm_a-ef_sqrt.o)
                0x0000000008010660                __ieee754_sqrtf
 *fill*         0x0000000008010666        0x2 
 .text.__ieee754_exp