Archive member included to satisfy reference by file (symbol)

C:\Users\moshte\Desktop\moshte\Firmware projects\CubeIDE\Workspace\semgdaq_\Firmware\semgdaq\Drivers\CMSIS\Lib\GCC\libarm_cortexM4lf_math.a(arm_mat_mult_f32.o)
                              ./Core/Src/_ADCn_INx_AR.o (arm_mat_mult_f32)
C:\Users\moshte\Desktop\moshte\Firmware projects\CubeIDE\Workspace\semgdaq_\Firmware\semgdaq\Drivers\CMSIS\Lib\GCC\libarm_cortexM4lf_math.a(arm_mat_inverse_f32.o)
                              ./Core/Src/_ADCn_INx_AR.o (arm_mat_inverse_f32)
C:\Users\moshte\Desktop\moshte\Firmware projects\CubeIDE\Workspace\semgdaq_\Firmware\semgdaq\Drivers\CMSIS\Lib\GCC\libarm_cortexM4lf_math.a(arm_mat_init_f32.o)
                              ./Core/Src/_ADCn_INx_AR.o (arm_mat_init_f32)
C:\Users\moshte\Desktop\moshte\Firmware projects\CubeIDE\Workspace\semgdaq_\Firmware\semgdaq\Drivers\CMSIS\Lib\GCC\libarm_cortexM4lf_math.a(arm_biquad_cascade_df2t_f32.o)
                              ./Core/Src/_ADCn_INx_NF.o (arm_biquad_cascade_df2T_f32)
C:\Users\moshte\Desktop\moshte\Firmware projects\CubeIDE\Workspace\semgdaq_\Firmware\semgdaq\Drivers\CMSIS\Lib\GCC\libarm_cortexM4lf_math.a(arm_biquad_cascade_df2t_init_f32.o)
                              ./Core/Src/_ADCn_INx_NF.o (arm_biquad_cascade_df2T_init_f32)
C:\Users\moshte\Desktop\moshte\Firmware projects\CubeIDE\Workspace\semgdaq_\Firmware\semgdaq\Drivers\CMSIS\Lib\GCC\libarm_cortexM4lf_math.a(arm_dot_prod_f32.o)
                              ./Core/Src/_ADCn_INx_AR.o (arm_dot_prod_f32)
C:/ST/STM32CubeIDE_1.14.0/STM32CubeIDE/plugins/com.st.stm32cube.ide.mcu.externaltools.gnu-tools-for-stm32.11.3.rel1.win32_1.1.100.202309141235/tools/bin/../lib/gcc/arm-none-eabi/11.3.1/../../../../arm-none-eabi/lib/thumb/v7e-m+fp/hard\libc_nano.a(libc_a-exit.o)
                              C:/ST/STM32CubeIDE_1.14.0/STM32CubeIDE/plugins/com.st.stm32cube.ide.mcu.externaltools.gnu-tools-for-stm32.11.3.rel1.win32_1.1.100.202309141235/tools/bin/../lib/gcc/arm-none-eabi/11.3.1/../../../../arm-none-eabi/lib/thumb/v7e-m+fp/hard/crt0.o (exit)
C:/ST/STM32CubeIDE_1.14.0/STM32CubeIDE/plugins/com.st.stm32cube.ide.mcu.externaltools.gnu-tools-for-stm32.11.3.rel1.win32_1.1.100.202309141235/tools/bin/../lib/gcc/arm-none-eabi/11.3.1/../../../../arm-none-eabi/lib/thumb/v7e-m+fp/hard\libc_nano.a(libc_a-findfp.o)
                              C:/ST/STM32CubeIDE_1.14.0/STM32CubeIDE/plugins/com.st.stm32cube.ide.mcu.externaltools.gnu-tools-for-stm32.11.3.rel1.win32_1.1.100.202309141235/tools/bin/../lib/gcc/arm-none-eabi/11.3.1/../../../../arm-none-eabi/lib/thumb/v7e-m+fp/hard\libc_nano.a(libc_a-exit.o) (__stdio_exit_handler)
C:/ST/STM32CubeIDE_1.14.0/STM32CubeIDE/plugins/com.st.stm32cube.ide.mcu.externaltools.gnu-tools-for-stm32.11.3.rel1.win32_1.1.100.202309141235/tools/bin/../lib/gcc/arm-none-eabi/11.3.1/../../../../arm-none-eabi/lib/thumb/v7e-m+fp/hard\libc_nano.a(libc_a-fwalk.o)
                              C:/ST/STM32CubeIDE_1.14.0/STM32CubeIDE/plugins/com.st.stm32cube.ide.mcu.externaltools.gnu-tools-for-stm32.11.3.rel1.win32_1.1.100.202309141235/tools/bin/../lib/gcc/arm-none-eabi/11.3.1/../../../../arm-none-eabi/lib/thumb/v7e-m+fp/hard\libc_nano.a(libc_a-findfp.o) (_fwalk_sglue)
C:/ST/STM32CubeIDE_1.14.0/STM32CubeIDE/plugins/com.st.stm32cube.ide.mcu.externaltools.gnu-tools-for-stm32.11.3.rel1.win32_1.1.100.202309141235/tools/bin/../lib/gcc/arm-none-eabi/11.3.1/../../../../arm-none-eabi/lib/thumb/v7e-m+fp/hard\libc_nano.a(libc_a-stdio.o)
                              C:/ST/STM32CubeIDE_1.14.0/STM32CubeIDE/plugins/com.st.stm32cube.ide.mcu.externaltools.gnu-tools-for-stm32.11.3.rel1.win32_1.1.100.202309141235/tools/bin/../lib/gcc/arm-none-eabi/11.3.1/../../../../arm-none-eabi/lib/thumb/v7e-m+fp/hard\libc_nano.a(libc_a-findfp.o) (__sread)
C:/ST/STM32CubeIDE_1.14.0/STM32CubeIDE/plugins/com.st.stm32cube.ide.mcu.externaltools.gnu-tools-for-stm32.11.3.rel1.win32_1.1.100.202309141235/tools/bin/../lib/gcc/arm-none-eabi/11.3.1/../../../../arm-none-eabi/lib/thumb/v7e-m+fp/hard\libc_nano.a(libc_a-memset.o)
                              C:/ST/STM32CubeIDE_1.14.0/STM32CubeIDE/plugins/com.st.stm32cube.ide.mcu.externaltools.gnu-tools-for-stm32.11.3.rel1.win32_1.1.100.202309141235/tools/bin/../lib/gcc/arm-none-eabi/11.3.1/../../../../arm-none-eabi/lib/thumb/v7e-m+fp/hard/crt0.o (memset)
C:/ST/STM32CubeIDE_1.14.0/STM32CubeIDE/plugins/com.st.stm32cube.ide.mcu.externaltools.gnu-tools-for-stm32.11.3.rel1.win32_1.1.100.202309141235/tools/bin/../lib/gcc/arm-none-eabi/11.3.1/../../../../arm-none-eabi/lib/thumb/v7e-m+fp/hard\libc_nano.a(libc_a-closer.o)
                              C:/ST/STM32CubeIDE_1.14.0/STM32CubeIDE/plugins/com.st.stm32cube.ide.mcu.externaltools.gnu-tools-for-stm32.11.3.rel1.win32_1.1.100.202309141235/tools/bin/../lib/gcc/arm-none-eabi/11.3.1/../../../../arm-none-eabi/lib/thumb/v7e-m+fp/hard\libc_nano.a(libc_a-stdio.o) (_close_r)
[...]
Memory Configuration

Name             Origin             Length             Attributes
RAM              0x0000000020000000 0x000000000001c000 xrw
FLASH            0x0000000008000000 0x0000000000080000 xr
*default*        0x0000000000000000 0xffffffffffffffff

Linker script and memory map

LOAD C:/ST/STM32CubeIDE_1.14.0/STM32CubeIDE/plugins/com.st.stm32cube.ide.mcu.externaltools.gnu-tools-for-stm32.11.3.rel1.win32_1.1.100.202309141235/tools/bin/../lib/gcc/arm-none-eabi/11.3.1/thumb/v7e-m+fp/hard/crti.o
LOAD C:/ST/STM32CubeIDE_1.14.0/STM32CubeIDE/plugins/com.st.stm32cube.ide.mcu.externaltools.gnu-tools-for-stm32.11.3.rel1.win32_1.1.100.202309141235/tools/bin/../lib/gcc/arm-none-eabi/11.3.1/thumb/v7e-m+fp/hard/crtbegin.o
LOAD C:/ST/STM32CubeIDE_1.14.0/STM32CubeIDE/plugins/com.st.stm32cube.ide.mcu.externaltools.gnu-tools-for-stm32.11.3.rel1.win32_1.1.100.202309141235/tools/bin/../lib/gcc/arm-none-eabi/11.3.1/../../../../arm-none-eabi/lib/thumb/v7e-m+fp/hard/crt0.o
LOAD ./Core/Src/_ADCn_INx_AR.o
LOAD ./Core/Src/_ADCn_INx_MA.o
LOAD ./Core/Src/_ADCn_INx_NF.o
LOAD ./Core/Src/_ADCn_INx_Offset.o
LOAD ./Core/Src/_ADCn_INx_SD_BL.o
LOAD ./Core/Src/_ADCn_INx_SSC.o
LOAD ./Core/Src/_ADCn_INx_TKEO.o
LOAD ./Core/Src/_DMA_Sort.o
LOAD ./Core/Src/main.o
LOAD ./Core/Src/stm32g4xx_hal_msp.o
LOAD ./Core/Src/stm32g4xx_it.o
LOAD ./Core/Src/syscalls.o
LOAD ./Core/Src/sysmem.o
LOAD ./Core/Src/system_stm32g4xx.o
LOAD ./Core/Startup/startup_stm32g4a1vetx.o
LOAD ./Drivers/STM32G4xx_HAL_Driver/Src/stm32g4xx_hal.o
LOAD ./Drivers/STM32G4xx_HAL_Driver/Src/stm32g4xx_hal_adc.o
LOAD ./Drivers/STM32G4xx_HAL_Driver/Src/stm32g4xx_hal_adc_ex.o
LOAD ./Drivers/STM32G4xx_HAL_Driver/Src/stm32g4xx_hal_cortex.o
LOAD ./Drivers/STM32G4xx_HAL_Driver/Src/stm32g4xx_hal_dma.o
LOAD ./Drivers/STM32G4xx_HAL_Driver/Src/stm32g4xx_hal_dma_ex.o
LOAD ./Drivers/STM32G4xx_HAL_Driver/Src/stm32g4xx_hal_exti.o
LOAD ./Drivers/STM32G4xx_HAL_Driver/Src/stm32g4xx_hal_flash.o
LOAD ./Drivers/STM32G4xx_HAL_Driver/Src/stm32g4xx_hal_flash_ex.o
LOAD ./Drivers/STM32G4xx_HAL_Driver/Src/stm32g4xx_hal_flash_ramfunc.o
LOAD ./Drivers/STM32G4xx_HAL_Driver/Src/stm32g4xx_hal_fmac.o
LOAD ./Drivers/STM32G4xx_HAL_Driver/Src/stm32g4xx_hal_gpio.o
LOAD ./Drivers/STM32G4xx_HAL_Driver/Src/stm32g4xx_hal_pwr.o
LOAD ./Drivers/STM32G4xx_HAL_Driver/Src/stm32g4xx_hal_pwr_ex.o
LOAD ./Drivers/STM32G4xx_HAL_Driver/Src/stm32g4xx_hal_rcc.o
LOAD ./Drivers/STM32G4xx_HAL_Driver/Src/stm32g4xx_hal_rcc_ex.o
LOAD ./Drivers/STM32G4xx_HAL_Driver/Src/stm32g4xx_hal_tim.o
LOAD ./Drivers/STM32G4xx_HAL_Driver/Src/stm32g4xx_hal_tim_ex.o
LOAD ./Drivers/STM32G4xx_HAL_Driver/Src/stm32g4xx_ll_adc.o
LOAD C:\Users\moshte\Desktop\moshte\Firmware projects\CubeIDE\Workspace\semgdaq_\Firmware\semgdaq\Drivers\CMSIS\Lib\GCC\libarm_cortexM4lf_math.a
START GROUP
LOAD C:/ST/STM32CubeIDE_1.14.0/STM32CubeIDE/plugins/com.st.stm32cube.ide.mcu.externaltools.gnu-tools-for-stm32.11.3.rel1.win32_1.1.100.202309141235/tools/bin/../lib/gcc/arm-none-eabi/11.3.1/../../../../arm-none-eabi/lib/thumb/v7e-m+fp/hard\libc_nano.a
LOAD C:/ST/STM32CubeIDE_1.14.0/STM32CubeIDE/plugins/com.st.stm32cube.ide.mcu.externaltools.gnu-tools-for-stm32.11.3.rel1.win32_1.1.100.202309141235/tools/bin/../lib/gcc/arm-none-eabi/11.3.1/../../../../arm-none-eabi/lib/thumb/v7e-m+fp/hard\libm.a
END GROUP
START GROUP
LOAD C:/ST/STM32CubeIDE_1.14.0/STM32CubeIDE/plugins/com.st.stm32cube.ide.mcu.externaltools.gnu-tools-for-stm32.11.3.rel1.win32_1.1.100.202309141235/tools/bin/../lib/gcc/arm-none-eabi/11.3.1/thumb/v7e-m+fp/hard\libgcc.a
LOAD C:/ST/STM32CubeIDE_1.14.0/STM32CubeIDE/plugins/com.st.stm32cube.ide.mcu.externaltools.gnu-tools-for-stm32.11.3.rel1.win32_1.1.100.202309141235/tools/bin/../lib/gcc/arm-none-eabi/11.3.1/../../../../arm-none-eabi/lib/thumb/v7e-m+fp/hard\libc_nano.a
END GROUP
START GROUP
LOAD C:/ST/STM32CubeIDE_1.14.0/STM32CubeIDE/plugins/com.st.stm32cube.ide.mcu.externaltools.gnu-tools-for-stm32.11.3.rel1.win32_1.1.100.202309141235/tools/bin/../lib/gcc/arm-none-eabi/11.3.1/thumb/v7e-m+fp/hard\libgcc.a
LOAD C:/ST/STM32CubeIDE_1.14.0/STM32CubeIDE/plugins/com.st.stm32cube.ide.mcu.externaltools.gnu-tools-for-stm32.11.3.rel1.win32_1.1.100.202309141235/tools/bin/../lib/gcc/arm-none-eabi/11.3.1/../../../../arm-none-eabi/lib/thumb/v7e-m+fp/hard\libc_nano.a
LOAD C:/ST/STM32CubeIDE_1.14.0/STM32CubeIDE/plugins/com.st.stm32cube.ide.mcu.externaltools.gnu-tools-for-stm32.11.3.rel1.win32_1.1.100.202309141235/tools/bin/../lib/gcc/arm-none-eabi/11.3.1/../../../../arm-none-eabi/lib/thumb/v7e-m+fp/hard\libnosys.a
END GROUP
START GROUP
LOAD C:/ST/STM32CubeIDE_1.14.0/STM32CubeIDE/plugins/com.st.stm32cube.ide.mcu.externaltools.gnu-tools-for-stm32.11.3.rel1.win32_1.1.100.202309141235/tools/bin/../lib/gcc/arm-none-eabi/11.3.1/thumb/v7e-m+fp/hard\libgcc.a
LOAD C:/ST/STM32CubeIDE_1.14.0/STM32CubeIDE/plugins/com.st.stm32cube.ide.mcu.externaltools.gnu-tools-for-stm32.11.3.rel1.win32_1.1.100.202309141235/tools/bin/../lib/gcc/arm-none-eabi/11.3.1/../../../../arm-none-eabi/lib/thumb/v7e-m+fp/hard\libc_nano.a
LOAD C:/ST/STM32CubeIDE_1.14.0/STM32CubeIDE/plugins/com.st.stm32cube.ide.mcu.externaltools.gnu-tools-for-stm32.11.3.rel1.win32_1.1.100.202309141235/tools/bin/../lib/gcc/arm-none-eabi/11.3.1/../../../../arm-none-eabi/lib/thumb/v7e-m+fp/hard\libnosys.a
END GROUP
LOAD C:/ST/STM32CubeIDE_1.14.0/STM32CubeIDE/plugins/com.st.stm32cube.ide.mcu.externaltools.gnu-tools-for-stm32.11.3.rel1.win32_1.1.100.202309141235/tools/bin/../lib/gcc/arm-none-eabi/11.3.1/thumb/v7e-m+fp/hard/crtend.o
LOAD C:/ST/STM32CubeIDE_1.14.0/STM32CubeIDE/plugins/com.st.stm32cube.ide.mcu.externaltools.gnu-tools-for-stm32.11.3.rel1.win32_1.1.100.202309141235/tools/bin/../lib/gcc/arm-none-eabi/11.3.1/thumb/v7e-m+fp/hard/crtn.o
                0x000000002001c000                _estack = (ORIGIN (RAM) + LENGTH (RAM))
                0x0000000000000200                _Min_Heap_Size = 0x200
                0x0000000000000400                _Min_Stack_Size = 0x400

.isr_vector     0x0000000008000000      0x1d8
                0x0000000008000000                . = ALIGN (0x4)
 *(.isr_vector)
 .isr_vector    0x0000000008000000      0x1d8 ./Core/Startup/startup_stm32g4a1vetx.o
                0x0000000008000000                g_pfnVectors
                0x00000000080001d8                . = ALIGN (0x4)

.text           0x00000000080001d8     0x8f1c
                0x00000000080001d8                . = ALIGN (0x4)
 *(.text)
 .text          0x00000000080001d8       0x40 C:/ST/STM32CubeIDE_1.14.0/STM32CubeIDE/plugins/com.st.stm32cube.ide.mcu.externaltools.gnu-tools-for-stm32.11.3.rel1.win32_1.1.100.202309141235/tools/bin/../lib/gcc/arm-none-eabi/11.3.1/thumb/v7e-m+fp/hard/crtbegin.o
 .text          0x0000000008000218      0x378 C:/ST/STM32CubeIDE_1.14.0/STM32CubeIDE/plugins/com.st.stm32cube.ide.mcu.externaltools.gnu-tools-for-stm32.11.3.rel1.win32_1.1.100.202309141235/tools/bin/../lib/gcc/arm-none-eabi/11.3.1/thumb/v7e-m+fp/hard\libgcc.a(_arm_addsubdf3.o)
                0x0000000008000218                __aeabi_drsub
                0x0000000008000220                __aeabi_dsub
                0x0000000008000220                __subdf3
                0x0000000008000224                __aeabi_dadd
                0x0000000008000224                __adddf3
                0x000000000800049c                __floatunsidf
                0x000000000800049c                __aeabi_ui2d
                0x00000000080004bc                __floatsidf
                0x00000000080004bc                __aeabi_i2d
                0x00000000080004e0                __aeabi_f2d
                0x00000000080004e0                __extendsfdf2
                0x0000000008000524                __floatundidf
                0x0000000008000524                __aeabi_ul2d
                0x0000000008000534                __floatdidf
                0x0000000008000534                __aeabi_l2d
 .text          0x0000000008000590      0x424 C:/ST/STM32CubeIDE_1.14.0/STM32CubeIDE/plugins/com.st.stm32cube.ide.mcu.externaltools.gnu-tools-for-stm32.11.3.rel1.win32_1.1.100.202309141235/tools/bin/../lib/gcc/arm-none-eabi/11.3.1/thumb/v7e-m+fp/hard\libgcc.a(_arm_muldivdf3.o)
                0x0000000008000590                __aeabi_dmul
                0x0000000008000590                __muldf3
                0x00000000080007e4                __divdf3
                0x00000000080007e4                __aeabi_ddiv
 .text          0x00000000080009b4      0x110 C:/ST/STM32CubeIDE_1.14.0/STM32CubeIDE/plugins/com.st.stm32cube.ide.mcu.externaltools.gnu-tools-for-stm32.11.3.rel1.win32_1.1.100.202309141235/tools/bin/../lib/gcc/arm-none-eabi/11.3.1/thumb/v7e-m+fp/hard\libgcc.a(_arm_cmpdf2.o)
                0x00000000080009b4                __gtdf2
                0x00000000080009b4                __gedf2
                0x00000000080009bc                __ltdf2
                0x00000000080009bc                __ledf2
                0x00000000080009c4                __nedf2
                0x00000000080009c4                __eqdf2
                0x00000000080009c4                __cmpdf2
                0x0000000008000a40                __aeabi_cdrcmple
                0x0000000008000a50                __aeabi_cdcmpeq
                0x0000000008000a50                __aeabi_cdcmple
                0x0000000008000a60                __aeabi_dcmpeq
                0x0000000008000a74                __aeabi_dcmplt
                0x0000000008000a88                __aeabi_dcmple
                0x0000000008000a9c                __aeabi_dcmpge
                0x0000000008000ab0                __aeabi_dcmpgt
 .text          0x0000000008000ac4       0x2c C:/ST/STM32CubeIDE_1.14.0/STM32CubeIDE/plugins/com.st.stm32cube.ide.mcu.externaltools.gnu-tools-for-stm32.11.3.rel1.win32_1.1.100.202309141235/tools/bin/../lib/gcc/arm-none-eabi/11.3.1/thumb/v7e-m+fp/hard\libgcc.a(_arm_unorddf2.o)
                0x0000000008000ac4                __unorddf2
                0x0000000008000ac4                __aeabi_dcmpun
 .text          0x0000000008000af0       0xa0 C:/ST/STM32CubeIDE_1.14.0/STM32CubeIDE/plugins/com.st.stm32cube.ide.mcu.externaltools.gnu-tools-for-stm32.11.3.rel1.win32_1.1.100.202309141235/tools/bin/../lib/gcc/arm-none-eabi/11.3.1/thumb/v7e-m+fp/hard\libgcc.a(_arm_truncdfsf2.o)
                0x0000000008000af0                __truncdfsf2
                0x0000000008000af0                __aeabi_d2f
 *(.text*)
 .text.ADC1_IN1_autocorr_calc
                0x0000000008000b90       0x6c ./Core/Src/_ADCn_INx_AR.o
                0x0000000008000b90                ADC1_IN1_autocorr_calc
 .text.ADC1_IN1_autoreg_coeffs
                0x0000000008000bfc      0x140 ./Core/Src/_ADCn_INx_AR.o
                0x0000000008000bfc                ADC1_IN1_autoreg_coeffs
 .text.ADC1_IN2_autocorr_calc
                0x0000000008000d3c       0x6c ./Core/Src/_ADCn_INx_AR.o
                0x0000000008000d3c                ADC1_IN2_autocorr_calc
 .text.ADC1_IN2_autoreg_coeffs
                0x0000000008000da8      0x140 ./Core/Src/_ADCn_INx_AR.o
                0x0000000008000da8                ADC1_IN2_autoreg_coeffs
 .text.ADC2_IN3_autocorr_calc
                0x0000000008000ee8       0x6c ./Core/Src/_ADCn_INx_AR.o
                0x0000000008000ee8                ADC2_IN3_autocorr_calc
 .text.ADC2_IN3_autoreg_coeffs
                0x0000000008000f54      0x140 ./Core/Src/_ADCn_INx_AR.o
                0x0000000008000f54                ADC2_IN3_autoreg_coeffs
 .text.ADC2_IN4_autocorr_calc
                0x0000000008001094       0x6c ./Core/Src/_ADCn_INx_AR.o
                0x0000000008001094                ADC2_IN4_autocorr_calc
 .text.ADC2_IN4_autoreg_coeffs
                0x0000000008001100      0x140 ./Core/Src/_ADCn_INx_AR.o
                0x0000000008001100                ADC2_IN4_autoreg_coeffs
 .text.ADC3_IN1_autocorr_calc
                0x0000000008001240       0x6c ./Core/Src/_ADCn_INx_AR.o
                0x0000000008001240                ADC3_IN1_autocorr_calc
 .text.ADC3_IN1_autoreg_coeffs
                0x00000000080012ac      0x144 ./Core/Src/_ADCn_INx_AR.o
                0x00000000080012ac                ADC3_IN1_autoreg_coeffs
 .text.ADC3_IN2_autocorr_calc
                0x00000000080013f0       0x6c ./Core/Src/_ADCn_INx_AR.o
                0x00000000080013f0                ADC3_IN2_autocorr_calc
 .text.ADC3_IN2_autoreg_coeffs
                0x000000000800145c      0x140 ./Core/Src/_ADCn_INx_AR.o
                0x000000000800145c                ADC3_IN2_autoreg_coeffs
 .text.MA_ADC1_IN1_Init
                0x000000000800159c       0x62 ./Core/Src/_ADCn_INx_MA.o
                0x000000000800159c                MA_ADC1_IN1_Init
 *fill*         0x00000000080015fe        0x2 
 .text.MA_ADC1_IN1_Update
                0x0000000008001600       0xe4 ./Core/Src/_ADCn_INx_MA.o
                0x0000000008001600                MA_ADC1_IN1_Update
 .text.MA_ADC1_IN2_Init
                0x00000000080016e4       0x62 ./Core/Src/_ADCn_INx_MA.o
                0x00000000080016e4                MA_ADC1_IN2_Init
 *fill*         0x0000000008001746        0x2 
 .text.MA_ADC1_IN2_Update
                0x0000000008001748       0xe4 ./Core/Src/_ADCn_INx_MA.o
                0x0000000008001748                MA_ADC1_IN2_Update
 .text.MA_ADC2_IN3_Init
                0x000000000800182c       0x62 ./Core/Src/_ADCn_INx_MA.o
                0x000000000800182c                MA_ADC2_IN3_Init
 *fill*         0x000000000800188e        0x2 
 .text.MA_ADC2_IN3_Update
                0x0000000008001890       0xe4 ./Core/Src/_ADCn_INx_MA.o
                0x0000000008001890                MA_ADC2_IN3_Update
 .text.MA_ADC2_IN4_Init
                0x0000000008001974       0x62 ./Core/Src/_ADCn_INx_MA.o
                0x0000000008001974                MA_ADC2_IN4_Init
 *fill*         0x00000000080019d6        0x2 
 .text.MA_ADC2_IN4_Update
                0x00000000080019d8       0xe4 ./Core/Src/_ADCn_INx_MA.o
                0x00000000080019d8                MA_ADC2_IN4_Update
 .text.MA_ADC3_IN1_Init
                0x0000000008001abc       0x62 ./Core/Src/_ADCn_INx_MA.o
                0x0000000008001abc                MA_ADC3_IN1_Init
 *fill*         0x0000000008001b1e        0x2 
 .text.MA_ADC3_IN1_Update
                0x0000000008001b20       0xe4 ./Core/Src/_ADCn_INx_MA.o
                0x0000000008001b20                MA_ADC3_IN1_Update
 .text.MA_ADC3_IN2_Init
                0x0000000008001c04       0x62 ./Core/Src/_ADCn_INx_MA.o
                0x0000000008001c04                MA_ADC3_IN2_Init
 *fill*         0x0000000008001c66        0x2 
 .text.MA_ADC3_IN2_Update
                0x0000000008001c68       0xe4 ./Core/Src/_ADCn_INx_MA.o
                0x0000000008001c68                MA_ADC3_IN2_Update
 .text.init_ADC1_IN1_struct
                0x0000000008001d4c       0x24 ./Core/Src/_ADCn_INx_NF.o
                0x0000000008001d4c                init_ADC1_IN1_struct
 .text.init_ADC1_IN1_FO_biquad_filter
                0x0000000008001d70       0x24 ./Core/Src/_ADCn_INx_NF.o
                0x0000000008001d70                init_ADC1_IN1_FO_biquad_filter
 .text.update_ADC1_IN1_FO_biquad_filter
                0x0000000008001d94       0x30 ./Core/Src/_ADCn_INx_NF.o
                0x0000000008001d94                update_ADC1_IN1_FO_biquad_filter
 .text.init_ADC1_IN2_struct
                0x0000000008001dc4       0x24 ./Core/Src/_ADCn_INx_NF.o
                0x0000000008001dc4                init_ADC1_IN2_struct
 .text.init_ADC1_IN2_FO_biquad_filter
                0x0000000008001de8       0x24 ./Core/Src/_ADCn_INx_NF.o
                0x0000000008001de8                init_ADC1_IN2_FO_biquad_filter
 .text.update_ADC1_IN2_FO_biquad_filter
                0x0000000008001e0c       0x30 ./Core/Src/_ADCn_INx_NF.o
                0x0000000008001e0c                update_ADC1_IN2_FO_biquad_filter
 .text.init_ADC2_IN3_struct
                0x0000000008001e3c       0x24 ./Core/Src/_ADCn_INx_NF.o
                0x0000000008001e3c                init_ADC2_IN3_struct
 .text.init_ADC2_IN3_FO_biquad_filter
                0x0000000008001e60       0x24 ./Core/Src/_ADCn_INx_NF.o
                0x0000000008001e60                init_ADC2_IN3_FO_biquad_filter
 .text.update_ADC2_IN3_FO_biquad_filter
                0x0000000008001e84       0x30 ./Core/Src/_ADCn_INx_NF.o
                0x0000000008001e84                update_ADC2_IN3_FO_biquad_filter
 .text.init_ADC2_IN4_struct
                0x0000000008001eb4       0x24 ./Core/Src/_ADCn_INx_NF.o
                0x0000000008001eb4                init_ADC2_IN4_struct
 .text.init_ADC2_IN4_FO_biquad_filter
                0x0000000008001ed8       0x24 ./Core/Src/_ADCn_INx_NF.o
                0x0000000008001ed8                init_ADC2_IN4_FO_biquad_filter
 .text.update_ADC2_IN4_FO_biquad_filter
                0x0000000008001efc       0x30 ./Core/Src/_ADCn_INx_NF.o
                0x0000000008001efc                update_ADC2_IN4_FO_biquad_filter
 .text.init_ADC3_IN1_struct
                0x0000000008001f2c       0x24 ./Core/Src/_ADCn_INx_NF.o
                0x0000000008001f2c                init_ADC3_IN1_struct
 .text.init_ADC3_IN1_FO_biquad_filter
                0x0000000008001f50       0x24 ./Core/Src/_ADCn_INx_NF.o
                0x0000000008001f50                init_ADC3_IN1_FO_biquad_filter
 .text.update_ADC3_IN1_FO_biquad_filter
                0x0000000008001f74       0x30 ./Core/Src/_ADCn_INx_NF.o
                0x0000000008001f74                update_ADC3_IN1_FO_biquad_filter
 .text.init_ADC3_IN2_struct
                0x0000000008001fa4       0x24 ./Core/Src/_ADCn_INx_NF.o
                0x0000000008001fa4                init_ADC3_IN2_struct
 .text.init_ADC3_IN2_FO_biquad_filter
                0x0000000008001fc8       0x24 ./Core/Src/_ADCn_INx_NF.o
                0x0000000008001fc8                init_ADC3_IN2_FO_biquad_filter
 .text.update_ADC3_IN2_FO_biquad_filter
                0x0000000008001fec       0x30 ./Core/Src/_ADCn_INx_NF.o
                0x0000000008001fec                update_ADC3_IN2_FO_biquad_filter
 .text.ADC1_IN1_OffsetCalc
                0x000000000800201c       0x60 ./Core/Src/_ADCn_INx_Offset.o
                0x000000000800201c                ADC1_IN1_OffsetCalc
 .text.ADC1_IN2_OffsetCalc
                0x000000000800207c       0x60 ./Core/Src/_ADCn_INx_Offset.o
                0x000000000800207c                ADC1_IN2_OffsetCalc
 .text.ADC2_IN3_OffsetCalc
                0x00000000080020dc       0x60 ./Core/Src/_ADCn_INx_Offset.o
                0x00000000080020dc                ADC2_IN3_OffsetCalc
 .text.ADC2_IN4_OffsetCalc
                0x000000000800213c       0x60 ./Core/Src/_ADCn_INx_Offset.o
                0x000000000800213c                ADC2_IN4_OffsetCalc
 .text.ADC3_IN1_OffsetCalc
                0x000000000800219c       0x60 ./Core/Src/_ADCn_INx_Offset.o
                0x000000000800219c                ADC3_IN1_OffsetCalc
 .text.ADC3_IN2_OffsetCalc
                0x00000000080021fc       0x60 ./Core/Src/_ADCn_INx_Offset.o
                0x00000000080021fc                ADC3_IN2_OffsetCalc
 .text.ADC1_IN1_SD_BL
                0x000000000800225c       0x98 ./Core/Src/_ADCn_INx_SD_BL.o
                0x000000000800225c                ADC1_IN1_SD_BL
 .text.ADC1_IN2_SD_BL
                0x00000000080022f4       0x98 ./Core/Src/_ADCn_INx_SD_BL.o
                0x00000000080022f4                ADC1_IN2_SD_BL
 .text.ADC2_IN3_SD_BL
                0x000000000800238c       0x98 ./Core/Src/_ADCn_INx_SD_BL.o
                0x000000000800238c                ADC2_IN3_SD_BL
 .text.ADC2_IN4_SD_BL
                0x0000000008002424       0x98 ./Core/Src/_ADCn_INx_SD_BL.o
                0x0000000008002424                ADC2_IN4_SD_BL
 .text.ADC3_IN1_SD_BL
                0x00000000080024bc       0x98 ./Core/Src/_ADCn_INx_SD_BL.o
                0x00000000080024bc                ADC3_IN1_SD_BL
 .text.ADC3_IN2_SD_BL
                0x0000000008002554       0x98 ./Core/Src/_ADCn_INx_SD_BL.o
                0x0000000008002554                ADC3_IN2_SD_BL
 .text.ADC1_IN1_SSC
                0x00000000080025ec       0xde ./Core/Src/_ADCn_INx_SSC.o
                0x00000000080025ec                ADC1_IN1_SSC
 .text.ADC1_IN2_SSC
                0x00000000080026ca       0xde ./Core/Src/_ADCn_INx_SSC.o
                0x00000000080026ca                ADC1_IN2_SSC
 .text.ADC2_IN3_SSC
                0x00000000080027a8       0xde ./Core/Src/_ADCn_INx_SSC.o
                0x00000000080027a8                ADC2_IN3_SSC
 .text.ADC2_IN4_SSC
                0x0000000008002886       0xde ./Core/Src/_ADCn_INx_SSC.o
                0x0000000008002886                ADC2_IN4_SSC
 .text.ADC3_IN1_SSC
                0x0000000008002964       0xde ./Core/Src/_ADCn_INx_SSC.o
                0x0000000008002964                ADC3_IN1_SSC
 .text.ADC3_IN2_SSC
                0x0000000008002a42       0xde ./Core/Src/_ADCn_INx_SSC.o
                0x0000000008002a42                ADC3_IN2_SSC
 .text.ADC1_IN1_TKEO
                0x0000000008002b20      0x188 ./Core/Src/_ADCn_INx_TKEO.o
                0x0000000008002b20                ADC1_IN1_TKEO
 .text.ADC1_IN2_TKEO
                0x0000000008002ca8      0x188 ./Core/Src/_ADCn_INx_TKEO.o
                0x0000000008002ca8                ADC1_IN2_TKEO
 .text.ADC2_IN3_TKEO
                0x0000000008002e30      0x188 ./Core/Src/_ADCn_INx_TKEO.o
                0x0000000008002e30                ADC2_IN3_TKEO
 .text.ADC2_IN4_TKEO
                0x0000000008002fb8      0x188 ./Core/Src/_ADCn_INx_TKEO.o
                0x0000000008002fb8                ADC2_IN4_TKEO
 .text.ADC3_IN1_TKEO
                0x0000000008003140      0x188 ./Core/Src/_ADCn_INx_TKEO.o
                0x0000000008003140                ADC3_IN1_TKEO
 .text.ADC3_IN2_TKEO
                0x00000000080032c8      0x188 ./Core/Src/_ADCn_INx_TKEO.o
                0x00000000080032c8                ADC3_IN2_TKEO
 .text.ADC1_DMA_sort_uhb
                0x0000000008003450       0x98 ./Core/Src/_DMA_Sort.o
                0x0000000008003450                ADC1_DMA_sort_uhb
 .text.ADC1_DMA_sort_lhb
                0x00000000080034e8       0xa0 ./Core/Src/_DMA_Sort.o
                0x00000000080034e8                ADC1_DMA_sort_lhb
 .text.ADC2_DMA_sort_uhb
                0x0000000008003588       0x98 ./Core/Src/_DMA_Sort.o
                0x0000000008003588                ADC2_DMA_sort_uhb
 .text.ADC2_DMA_sort_lhb
                0x0000000008003620       0xa0 ./Core/Src/_DMA_Sort.o
                0x0000000008003620                ADC2_DMA_sort_lhb
 .text.ADC3_DMA_sort_uhb
                0x00000000080036c0       0x98 ./Core/Src/_DMA_Sort.o
                0x00000000080036c0                ADC3_DMA_sort_uhb
 .text.ADC3_DMA_sort_lhb
                0x0000000008003758       0xa0 ./Core/Src/_DMA_Sort.o
                0x0000000008003758                ADC3_DMA_sort_lhb
 .text.main     0x00000000080037f8      0x8d4 ./Core/Src/main.o
                0x00000000080037f8                main
 .text.SystemClock_Config
                0x00000000080040cc       0x94 ./Core/Src/main.o
                0x00000000080040cc                SystemClock_Config
 .text.MX_ADC1_Init
                0x0000000008004160      0x114 ./Core/Src/main.o
 .text.MX_ADC2_Init
                0x0000000008004274       0xf0 ./Core/Src/main.o
 .text.MX_ADC3_Init
                0x0000000008004364       0xf0 ./Core/Src/main.o
 .text.MX_FMAC_Init
                0x0000000008004454       0x28 ./Core/Src/main.o
 .text.MX_TIM6_Init
                0x000000000800447c       0x6c ./Core/Src/main.o
 .text.MX_TIM7_Init
                0x00000000080044e8       0x6c ./Core/Src/main.o
 .text.MX_TIM20_Init
                0x0000000008004554       0xa8 ./Core/Src/main.o
 .text.MX_DMA_Init
                0x00000000080045fc       0x8c ./Core/Src/main.o
 .text.MX_GPIO_Init
                0x0000000008004688       0x78 ./Core/Src/main.o
 .text.HAL_ADC_ConvHalfCpltCallback
                0x0000000008004700      0x11c ./Core/Src/main.o
                0x0000000008004700                HAL_ADC_ConvHalfCpltCallback
 .text.HAL_ADC_ConvCpltCallback
                0x000000000800481c      0x128 ./Core/Src/main.o
                0x000000000800481c                HAL_ADC_ConvCpltCallback
 .text.Error_Handler
                0x0000000008004944        0xa ./Core/Src/main.o
                0x0000000008004944                Error_Handler
 *fill*         0x000000000800494e        0x2 
 .text.HAL_MspInit
                0x0000000008004950       0x48 ./Core/Src/stm32g4xx_hal_msp.o
                0x0000000008004950                HAL_MspInit
 .text.HAL_ADC_MspInit
                0x0000000008004998      0x31c ./Core/Src/stm32g4xx_hal_msp.o
                0x0000000008004998                HAL_ADC_MspInit
 .text.HAL_FMAC_MspInit
                0x0000000008004cb4       0x40 ./Core/Src/stm32g4xx_hal_msp.o
                0x0000000008004cb4                HAL_FMAC_MspInit
 .text.HAL_TIM_Base_MspInit
                0x0000000008004cf4       0x90 ./Core/Src/stm32g4xx_hal_msp.o
                0x0000000008004cf4                HAL_TIM_Base_MspInit
 .text.NMI_Handler
                0x0000000008004d84        0x6 ./Core/Src/stm32g4xx_it.o
                0x0000000008004d84                NMI_Handler
 .text.HardFault_Handler
                0x0000000008004d8a        0x6 ./Core/Src/stm32g4xx_it.o
                0x0000000008004d8a                HardFault_Handler
 .text.MemManage_Handler
                0x0000000008004d90        0x6 ./Core/Src/stm32g4xx_it.o
                0x0000000008004d90                MemManage_Handler
 .text.BusFault_Handler
                0x0000000008004d96        0x6 ./Core/Src/stm32g4xx_it.o
                0x0000000008004d96                BusFault_Handler
 .text.UsageFault_Handler
                0x0000000008004d9c        0x6 ./Core/Src/stm32g4xx_it.o
                0x0000000008004d9c                UsageFault_Handler
 .text.SVC_Handler
                0x0000000008004da2        0xe ./Core/Src/stm32g4xx_it.o
                0x0000000008004da2                SVC_Handler
 .text.DebugMon_Handler
                0x0000000008004db0        0xe ./Core/Src/stm32g4xx_it.o
                0x0000000008004db0                DebugMon_Handler
 .text.PendSV_Handler
                0x0000000008004dbe        0xe ./Core/Src/stm32g4xx_it.o
                0x0000000008004dbe                PendSV_Handler
 .text.SysTick_Handler
                0x0000000008004dcc        0xc ./Core/Src/stm32g4xx_it.o
                0x0000000008004dcc                SysTick_Handler
 .text.DMA1_Channel1_IRQHandler
                0x0000000008004dd8       0x14 ./Core/Src/stm32g4xx_it.o
                0x0000000008004dd8                DMA1_Channel1_IRQHandler
 .text.DMA1_Channel6_IRQHandler
                0x0000000008004dec       0x14 ./Core/Src/stm32g4xx_it.o
                0x0000000008004dec                DMA1_Channel6_IRQHandler
 .text.DMA2_Channel1_IRQHandler
                0x0000000008004e00       0x14 ./Core/Src/stm32g4xx_it.o
                0x0000000008004e00                DMA2_Channel1_IRQHandler
 .text.SystemInit
                0x0000000008004e14       0x24 ./Core/Src/system_stm32g4xx.o
                0x0000000008004e14                SystemInit
 .text.Reset_Handler
                0x0000000008004e38       0x50 ./Core/Startup/startup_stm32g4a1vetx.o
                0x0000000008004e38                Reset_Handler
 .text.Default_Handler
                0x0000000008004e88        0x2 ./Core/Startup/startup_stm32g4a1vetx.o
                0x0000000008004e88                RTC_Alarm_IRQHandler
                0x0000000008004e88                EXTI2_IRQHandler
                0x0000000008004e88                TIM8_TRG_COM_IRQHandler
                0x0000000008004e88                TIM8_CC_IRQHandler
                0x0000000008004e88                TIM1_CC_IRQHandler
                0x0000000008004e88                USB_HP_IRQHandler
                0x0000000008004e88                CORDIC_IRQHandler
                0x0000000008004e88                DMA2_Channel8_IRQHandler
                0x0000000008004e88                EXTI3_IRQHandler
                0x0000000008004e88                I2C3_ER_IRQHandler
                0x0000000008004e88                EXTI0_IRQHandler
                0x0000000008004e88                I2C2_EV_IRQHandler
                0x0000000008004e88                FPU_IRQHandler
                0x0000000008004e88                FDCAN1_IT1_IRQHandler
                0x0000000008004e88                TIM1_UP_TIM16_IRQHandler
                0x0000000008004e88                ADC1_2_IRQHandler
                0x0000000008004e88                SPI1_IRQHandler
                0x0000000008004e88                TIM6_DAC_IRQHandler
                0x0000000008004e88                TIM8_UP_IRQHandler
                0x0000000008004e88                DMA2_Channel2_IRQHandler
                0x0000000008004e88                DMA1_Channel4_IRQHandler
                0x0000000008004e88                TIM20_TRG_COM_IRQHandler
                0x0000000008004e88                USART3_IRQHandler
                0x0000000008004e88                DMA1_Channel7_IRQHandler
                0x0000000008004e88                UART5_IRQHandler
                0x0000000008004e88                ADC3_IRQHandler
                0x0000000008004e88                TIM4_IRQHandler
                0x0000000008004e88                QUADSPI_IRQHandler
                0x0000000008004e88                I2C1_EV_IRQHandler
                0x0000000008004e88                UART4_IRQHandler
                0x0000000008004e88                DMA2_Channel4_IRQHandler
                0x0000000008004e88                TIM3_IRQHandler
                0x0000000008004e88                RCC_IRQHandler
                0x0000000008004e88                TIM20_UP_IRQHandler
                0x0000000008004e88                Default_Handler
                0x0000000008004e88                DMA2_Channel7_IRQHandler
                0x0000000008004e88                RTC_TAMP_LSECSS_IRQHandler
                0x0000000008004e88                FMAC_IRQHandler
                0x0000000008004e88                EXTI15_10_IRQHandler
                0x0000000008004e88                DMA1_Channel8_IRQHandler
                0x0000000008004e88                TIM7_IRQHandler
                0x0000000008004e88                UCPD1_IRQHandler
                0x0000000008004e88                I2C3_EV_IRQHandler
                0x0000000008004e88                EXTI9_5_IRQHandler
                0x0000000008004e88                RTC_WKUP_IRQHandler
                0x0000000008004e88                PVD_PVM_IRQHandler
                0x0000000008004e88                SPI2_IRQHandler
                0x0000000008004e88                DMA2_Channel5_IRQHandler
                0x0000000008004e88                CRS_IRQHandler
                0x0000000008004e88                DMA1_Channel5_IRQHandler
                0x0000000008004e88                USB_LP_IRQHandler
                0x0000000008004e88                EXTI4_IRQHandler
                0x0000000008004e88                RNG_IRQHandler
                0x0000000008004e88                TIM1_TRG_COM_TIM17_IRQHandler
                0x0000000008004e88                FDCAN2_IT1_IRQHandler
                0x0000000008004e88                DMA1_Channel3_IRQHandler
                0x0000000008004e88                WWDG_IRQHandler
                0x0000000008004e88                FDCAN2_IT0_IRQHandler
                0x0000000008004e88                LPUART1_IRQHandler
                0x0000000008004e88                DMA2_Channel6_IRQHandler
                0x0000000008004e88                FDCAN1_IT0_IRQHandler
                0x0000000008004e88                TIM2_IRQHandler
                0x0000000008004e88                COMP1_2_3_IRQHandler
                0x0000000008004e88                EXTI1_IRQHandler
                0x0000000008004e88                AES_IRQHandler
                0x0000000008004e88                USART2_IRQHandler
                0x0000000008004e88                TIM20_BRK_IRQHandler
                0x0000000008004e88                I2C2_ER_IRQHandler
                0x0000000008004e88                DMA1_Channel2_IRQHandler
                0x0000000008004e88                TIM8_BRK_IRQHandler
                0x0000000008004e88                FLASH_IRQHandler
                0x0000000008004e88                TIM20_CC_IRQHandler
                0x0000000008004e88                USART1_IRQHandler
                0x0000000008004e88                SPI3_IRQHandler
                0x0000000008004e88                I2C1_ER_IRQHandler
                0x0000000008004e88                LPTIM1_IRQHandler
                0x0000000008004e88                DMAMUX_OVR_IRQHandler
                0x0000000008004e88                USBWakeUp_IRQHandler
                0x0000000008004e88                SAI1_IRQHandler
                0x0000000008004e88                DMA2_Channel3_IRQHandler
                0x0000000008004e88                COMP4_IRQHandler
                0x0000000008004e88                TIM1_BRK_TIM15_IRQHandler
 .text.HAL_Init
                0x0000000008004e8a       0x30 ./Drivers/STM32G4xx_HAL_Driver/Src/stm32g4xx_hal.o
                0x0000000008004e8a                HAL_Init
 *fill*         0x0000000008004eba        0x2 
 .text.HAL_InitTick
                0x0000000008004ebc       0x74 ./Drivers/STM32G4xx_HAL_Driver/Src/stm32g4xx_hal.o
                0x0000000008004ebc                HAL_InitTick
 .text.HAL_IncTick
                0x0000000008004f30       0x24 ./Drivers/STM32G4xx_HAL_Driver/Src/stm32g4xx_hal.o
                0x0000000008004f30                HAL_IncTick
 .text.HAL_GetTick
                0x0000000008004f54       0x18 ./Drivers/STM32G4xx_HAL_Driver/Src/stm32g4xx_hal.o
                0x0000000008004f54                HAL_GetTick
 .text.LL_ADC_SetCommonClock
                0x0000000008004f6c       0x26 ./Drivers/STM32G4xx_HAL_Driver/Src/stm32g4xx_hal_adc.o
 .text.LL_ADC_SetCommonPathInternalCh
                0x0000000008004f92       0x26 ./Drivers/STM32G4xx_HAL_Driver/Src/stm32g4xx_hal_adc.o
 .text.LL_ADC_GetCommonPathInternalCh
                0x0000000008004fb8       0x1c ./Drivers/STM32G4xx_HAL_Driver/Src/stm32g4xx_hal_adc.o
 .text.LL_ADC_SetOffset
                0x0000000008004fd4       0x48 ./Drivers/STM32G4xx_HAL_Driver/Src/stm32g4xx_hal_adc.o
 .text.LL_ADC_GetOffsetChannel
                0x000000000800501c       0x2c ./Drivers/STM32G4xx_HAL_Driver/Src/stm32g4xx_hal_adc.o
 .text.LL_ADC_SetOffsetState
                0x0000000008005048       0x36 ./Drivers/STM32G4xx_HAL_Driver/Src/stm32g4xx_hal_adc.o
 .text.LL_ADC_SetOffsetSign
                0x000000000800507e       0x36 ./Drivers/STM32G4xx_HAL_Driver/Src/stm32g4xx_hal_adc.o
 .text.LL_ADC_SetOffsetSaturation
                0x00000000080050b4       0x36 ./Drivers/STM32G4xx_HAL_Driver/Src/stm32g4xx_hal_adc.o
 .text.LL_ADC_SetSamplingTimeCommonConfig
                0x00000000080050ea       0x26 ./Drivers/STM32G4xx_HAL_Driver/Src/stm32g4xx_hal_adc.o
 .text.LL_ADC_REG_IsTriggerSourceSWStart
                0x0000000008005110       0x26 ./Drivers/STM32G4xx_HAL_Driver/Src/stm32g4xx_hal_adc.o
 .text.LL_ADC_REG_SetSequencerRanks
                0x0000000008005136       0x58 ./Drivers/STM32G4xx_HAL_Driver/Src/stm32g4xx_hal_adc.o
 .text.LL_ADC_SetChannelSamplingTime
                0x000000000800518e       0x56 ./Drivers/STM32G4xx_HAL_Driver/Src/stm32g4xx_hal_adc.o
 .text.LL_ADC_SetChannelSingleDiff
                0x00000000080051e4       0x48 ./Drivers/STM32G4xx_HAL_Driver/Src/stm32g4xx_hal_adc.o
 .text.LL_ADC_GetMultimode
                0x000000000800522c       0x1c ./Drivers/STM32G4xx_HAL_Driver/Src/stm32g4xx_hal_adc.o
 .text.LL_ADC_DisableDeepPowerDown
                0x0000000008005248       0x24 ./Drivers/STM32G4xx_HAL_Driver/Src/stm32g4xx_hal_adc.o
 .text.LL_ADC_IsDeepPowerDownEnabled
                0x000000000800526c       0x28 ./Drivers/STM32G4xx_HAL_Driver/Src/stm32g4xx_hal_adc.o
 .text.LL_ADC_EnableInternalRegulator
                0x0000000008005294       0x28 ./Drivers/STM32G4xx_HAL_Driver/Src/stm32g4xx_hal_adc.o
 .text.LL_ADC_IsInternalRegulatorEnabled
                0x00000000080052bc       0x28 ./Drivers/STM32G4xx_HAL_Driver/Src/stm32g4xx_hal_adc.o
 .text.LL_ADC_Enable
                0x00000000080052e4       0x28 ./Drivers/STM32G4xx_HAL_Driver/Src/stm32g4xx_hal_adc.o
 .text.LL_ADC_IsEnabled
                0x000000000800530c       0x26 ./Drivers/STM32G4xx_HAL_Driver/Src/stm32g4xx_hal_adc.o
 .text.LL_ADC_REG_StartConversion
                0x0000000008005332       0x28 ./Drivers/STM32G4xx_HAL_Driver/Src/stm32g4xx_hal_adc.o
 .text.LL_ADC_REG_IsConversionOngoing
                0x000000000800535a       0x26 ./Drivers/STM32G4xx_HAL_Driver/Src/stm32g4xx_hal_adc.o
 .text.LL_ADC_INJ_IsConversionOngoing
                0x0000000008005380       0x26 ./Drivers/STM32G4xx_HAL_Driver/Src/stm32g4xx_hal_adc.o
 *fill*         0x00000000080053a6        0x2 
 .text.HAL_ADC_Init
                0x00000000080053a8      0x35c ./Drivers/STM32G4xx_HAL_Driver/Src/stm32g4xx_hal_adc.o
                0x00000000080053a8                HAL_ADC_Init
 .text.HAL_ADC_Start_DMA
                0x0000000008005704      0x194 ./Drivers/STM32G4xx_HAL_Driver/Src/stm32g4xx_hal_adc.o
                0x0000000008005704                HAL_ADC_Start_DMA
 .text.HAL_ADC_ErrorCallback
                0x0000000008005898       0x14 ./Drivers/STM32G4xx_HAL_Driver/Src/stm32g4xx_hal_adc.o
                0x0000000008005898                HAL_ADC_ErrorCallback
 .text.HAL_ADC_ConfigChannel
                0x00000000080058ac      0x858 ./Drivers/STM32G4xx_HAL_Driver/Src/stm32g4xx_hal_adc.o
                0x00000000080058ac                HAL_ADC_ConfigChannel
 .text.ADC_Enable
                0x0000000008006104      0x12c ./Drivers/STM32G4xx_HAL_Driver/Src/stm32g4xx_hal_adc.o
                0x0000000008006104                ADC_Enable
 .text.ADC_DMAConvCplt
                0x0000000008006230       0xd8 ./Drivers/STM32G4xx_HAL_Driver/Src/stm32g4xx_hal_adc.o
                0x0000000008006230                ADC_DMAConvCplt
 .text.ADC_DMAHalfConvCplt
                0x0000000008006308       0x1c ./Drivers/STM32G4xx_HAL_Driver/Src/stm32g4xx_hal_adc.o
                0x0000000008006308                ADC_DMAHalfConvCplt
 .text.ADC_DMAError
                0x0000000008006324       0x34 ./Drivers/STM32G4xx_HAL_Driver/Src/stm32g4xx_hal_adc.o
                0x0000000008006324                ADC_DMAError
 .text.LL_ADC_IsEnabled
                0x0000000008006358       0x26 ./Drivers/STM32G4xx_HAL_Driver/Src/stm32g4xx_hal_adc_ex.o
 .text.LL_ADC_REG_IsConversionOngoing
                0x000000000800637e       0x26 ./Drivers/STM32G4xx_HAL_Driver/Src/stm32g4xx_hal_adc_ex.o
 .text.HAL_ADCEx_MultiModeConfigChannel
                0x00000000080063a4      0x1d0 ./Drivers/STM32G4xx_HAL_Driver/Src/stm32g4xx_hal_adc_ex.o
                0x00000000080063a4                HAL_ADCEx_MultiModeConfigChannel
 .text.__NVIC_SetPriorityGrouping
                0x0000000008006574       0x48 ./Drivers/STM32G4xx_HAL_Driver/Src/stm32g4xx_hal_cortex.o
 .text.__NVIC_GetPriorityGrouping
                0x00000000080065bc       0x1c ./Drivers/STM32G4xx_HAL_Driver/Src/stm32g4xx_hal_cortex.o
 .text.__NVIC_EnableIRQ
                0x00000000080065d8       0x3c ./Drivers/STM32G4xx_HAL_Driver/Src/stm32g4xx_hal_cortex.o
 .text.__NVIC_SetPriority
                0x0000000008006614       0x54 ./Drivers/STM32G4xx_HAL_Driver/Src/stm32g4xx_hal_cortex.o
 .text.NVIC_EncodePriority
                0x0000000008006668       0x66 ./Drivers/STM32G4xx_HAL_Driver/Src/stm32g4xx_hal_cortex.o
 *fill*         0x00000000080066ce        0x2 
 .text.SysTick_Config
                0x00000000080066d0       0x44 ./Drivers/STM32G4xx_HAL_Driver/Src/stm32g4xx_hal_cortex.o
 .text.HAL_NVIC_SetPriorityGrouping
                0x0000000008006714       0x16 ./Drivers/STM32G4xx_HAL_Driver/Src/stm32g4xx_hal_cortex.o
                0x0000000008006714                HAL_NVIC_SetPriorityGrouping
 .text.HAL_NVIC_SetPriority
                0x000000000800672a       0x34 ./Drivers/STM32G4xx_HAL_Driver/Src/stm32g4xx_hal_cortex.o
                0x000000000800672a                HAL_NVIC_SetPriority
 .text.HAL_NVIC_EnableIRQ
                0x000000000800675e       0x1c ./Drivers/STM32G4xx_HAL_Driver/Src/stm32g4xx_hal_cortex.o
                0x000000000800675e                HAL_NVIC_EnableIRQ
 .text.HAL_SYSTICK_Config
                0x000000000800677a       0x18 ./Drivers/STM32G4xx_HAL_Driver/Src/stm32g4xx_hal_cortex.o
                0x000000000800677a                HAL_SYSTICK_Config
 *fill*         0x0000000008006792        0x2 
 .text.HAL_DMA_Init
                0x0000000008006794      0x150 ./Drivers/STM32G4xx_HAL_Driver/Src/stm32g4xx_hal_dma.o
                0x0000000008006794                HAL_DMA_Init
 .text.HAL_DMA_Start_IT
                0x00000000080068e4       0xf6 ./Drivers/STM32G4xx_HAL_Driver/Src/stm32g4xx_hal_dma.o
                0x00000000080068e4                HAL_DMA_Start_IT
 .text.HAL_DMA_IRQHandler
                0x00000000080069da      0x15e ./Drivers/STM32G4xx_HAL_Driver/Src/stm32g4xx_hal_dma.o
                0x00000000080069da                HAL_DMA_IRQHandler
 .text.DMA_SetConfig
                0x0000000008006b38       0x7c ./Drivers/STM32G4xx_HAL_Driver/Src/stm32g4xx_hal_dma.o
 .text.DMA_CalcDMAMUXChannelBaseAndMask
                0x0000000008006bb4       0x7c ./Drivers/STM32G4xx_HAL_Driver/Src/stm32g4xx_hal_dma.o
 .text.DMA_CalcDMAMUXRequestGenBaseAndMask
                0x0000000008006c30       0x48 ./Drivers/STM32G4xx_HAL_Driver/Src/stm32g4xx_hal_dma.o
 .text.HAL_FMAC_Init
                0x0000000008006c78       0x82 ./Drivers/STM32G4xx_HAL_Driver/Src/stm32g4xx_hal_fmac.o
                0x0000000008006c78                HAL_FMAC_Init
 .text.FMAC_Reset
                0x0000000008006cfa       0x5e ./Drivers/STM32G4xx_HAL_Driver/Src/stm32g4xx_hal_fmac.o
 .text.FMAC_ResetDataPointers
                0x0000000008006d58       0x1c ./Drivers/STM32G4xx_HAL_Driver/Src/stm32g4xx_hal_fmac.o
 .text.FMAC_ResetInputStateAndDataPointers
                0x0000000008006d74       0x2e ./Drivers/STM32G4xx_HAL_Driver/Src/stm32g4xx_hal_fmac.o
 .text.FMAC_ResetOutputStateAndDataPointers
                0x0000000008006da2       0x2e ./Drivers/STM32G4xx_HAL_Driver/Src/stm32g4xx_hal_fmac.o
 .text.HAL_GPIO_Init
                0x0000000008006dd0      0x304 ./Drivers/STM32G4xx_HAL_Driver/Src/stm32g4xx_hal_gpio.o
                0x0000000008006dd0                HAL_GPIO_Init
 .text.HAL_PWREx_ControlVoltageScaling
                0x00000000080070d4      0x148 ./Drivers/STM32G4xx_HAL_Driver/Src/stm32g4xx_hal_pwr_ex.o
                0x00000000080070d4                HAL_PWREx_ControlVoltageScaling
 .text.HAL_PWREx_DisableUCPDDeadBattery
                0x000000000800721c       0x20 ./Drivers/STM32G4xx_HAL_Driver/Src/stm32g4xx_hal_pwr_ex.o
                0x000000000800721c                HAL_PWREx_DisableUCPDDeadBattery
 .text.HAL_RCC_OscConfig
                0x000000000800723c      0x624 ./Drivers/STM32G4xx_HAL_Driver/Src/stm32g4xx_hal_rcc.o
                0x000000000800723c                HAL_RCC_OscConfig
 .text.HAL_RCC_ClockConfig
                0x0000000008007860      0x278 ./Drivers/STM32G4xx_HAL_Driver/Src/stm32g4xx_hal_rcc.o
                0x0000000008007860                HAL_RCC_ClockConfig
 .text.HAL_RCC_GetSysClockFreq
                0x0000000008007ad8       0xc0 ./Drivers/STM32G4xx_HAL_Driver/Src/stm32g4xx_hal_rcc.o
                0x0000000008007ad8                HAL_RCC_GetSysClockFreq
 .text.RCC_GetSysClockFreqFromPLLSource
                0x0000000008007b98       0x88 ./Drivers/STM32G4xx_HAL_Driver/Src/stm32g4xx_hal_rcc.o
 .text.HAL_RCCEx_PeriphCLKConfig
                0x0000000008007c20      0x478 ./Drivers/STM32G4xx_HAL_Driver/Src/stm32g4xx_hal_rcc_ex.o
                0x0000000008007c20                HAL_RCCEx_PeriphCLKConfig
 .text.HAL_TIM_Base_Init
                0x0000000008008098       0xae ./Drivers/STM32G4xx_HAL_Driver/Src/stm32g4xx_hal_tim.o
                0x0000000008008098                HAL_TIM_Base_Init
 .text.HAL_TIM_SlaveConfigSynchro
                0x0000000008008146       0x84 ./Drivers/STM32G4xx_HAL_Driver/Src/stm32g4xx_hal_tim.o
                0x0000000008008146                HAL_TIM_SlaveConfigSynchro
 *fill*         0x00000000080081ca        0x2 
 .text.TIM_Base_SetConfig
                0x00000000080081cc      0x154 ./Drivers/STM32G4xx_HAL_Driver/Src/stm32g4xx_hal_tim.o
                0x00000000080081cc                TIM_Base_SetConfig
 .text.TIM_SlaveTimer_SetConfig
                0x0000000008008320      0x19c ./Drivers/STM32G4xx_HAL_Driver/Src/stm32g4xx_hal_tim.o
 .text.TIM_TI1_ConfigInputStage
                0x00000000080084bc       0x5e ./Drivers/STM32G4xx_HAL_Driver/Src/stm32g4xx_hal_tim.o
 .text.TIM_TI2_ConfigInputStage
                0x000000000800851a       0x60 ./Drivers/STM32G4xx_HAL_Driver/Src/stm32g4xx_hal_tim.o
 .text.TIM_ETR_SetConfig
                0x000000000800857a       0x40 ./Drivers/STM32G4xx_HAL_Driver/Src/stm32g4xx_hal_tim.o
                0x000000000800857a                TIM_ETR_SetConfig
 *fill*         0x00000000080085ba        0x2 
 .text.HAL_TIMEx_MasterConfigSynchronization
                0x00000000080085bc      0x11c ./Drivers/STM32G4xx_HAL_Driver/Src/stm32g4xx_hal_tim_ex.o
                0x00000000080085bc                HAL_TIMEx_MasterConfigSynchronization
 .text.arm_mat_mult_f32
                0x00000000080086d8      0x140 C:\Users\moshte\Desktop\moshte\Firmware projects\CubeIDE\Workspace\semgdaq_\Firmware\semgdaq\Drivers\CMSIS\Lib\GCC\libarm_cortexM4lf_math.a(arm_mat_mult_f32.o)
                0x00000000080086d8                arm_mat_mult_f32
 .text.arm_mat_inverse_f32
                0x0000000008008818      0x20c C:\Users\moshte\Desktop\moshte\Firmware projects\CubeIDE\Workspace\semgdaq_\Firmware\semgdaq\Drivers\CMSIS\Lib\GCC\libarm_cortexM4lf_math.a(arm_mat_inverse_f32.o)
                0x0000000008008818                arm_mat_inverse_f32
 .text.arm_mat_init_f32
                0x0000000008008a24        0x8 C:\Users\moshte\Desktop\moshte\Firmware projects\CubeIDE\Workspace\semgdaq_\Firmware\semgdaq\Drivers\CMSIS\Lib\GCC\libarm_cortexM4lf_math.a(arm_mat_init_f32.o)
                0x0000000008008a24                arm_mat_init_f32
 .text.arm_biquad_cascade_df2T_f32
                0x0000000008008a2c      0x376 C:\Users\moshte\Desktop\moshte\Firmware projects\CubeIDE\Workspace\semgdaq_\Firmware\semgdaq\Drivers\CMSIS\Lib\GCC\libarm_cortexM4lf_math.a(arm_biquad_cascade_df2t_f32.o)
                0x0000000008008a2c                arm_biquad_cascade_df2T_f32
 *fill*         0x0000000008008da2        0x2 
 .text.arm_biquad_cascade_df2T_init_f32
                0x0000000008008da4       0x18 C:\Users\moshte\Desktop\moshte\Firmware projects\CubeIDE\Workspace\semgdaq_\Firmware\semgdaq\Drivers\CMSIS\Lib\GCC\libarm_cortexM4lf_math.a(arm_biquad_cascade_df2t_init_f32.o)
                0x0000000008008da4                arm_biquad_cascade_df2T_init_f32
 .text.arm_dot_prod_f32
                0x0000000008008dbc       0xb0 C:\Users\moshte\Desktop\moshte\Firmware projects\CubeIDE\Workspace\semgdaq_\Firmware\semgdaq\Drivers\CMSIS\Lib\GCC\libarm_cortexM4lf_math.a(arm_dot_prod_f32.o)
                0x0000000008008dbc                arm_dot_prod_f32
 .text.memset   0x0000000008008e6c       0x10 C:/ST/STM32CubeIDE_1.14.0/STM32CubeIDE/plugins/com.st.stm32cube.ide.mcu.externaltools.gnu-tools-for-stm32.11.3.rel1.win32_1.1.100.202309141235/tools/bin/../lib/gcc/arm-none-eabi/11.3.1/../../../../arm-none-eabi/lib/thumb/v7e-m+fp/hard\libc_nano.a(libc_a-memset.o)
                0x0000000008008e6c                memset
 .text.__errno  0x0000000008008e7c        0xc C:/ST/STM32CubeIDE_1.14.0/STM32CubeIDE/plugins/com.st.stm32cube.ide.mcu.externaltools.gnu-tools-for-stm32.11.3.rel1.win32_1.1.100.202309141235/tools/bin/../lib/gcc/arm-none-eabi/11.3.1/../../../../arm-none-eabi/lib/thumb/v7e-m+fp/hard\libc_nano.a(libc_a-errno.o)
                0x0000000008008e7c                __errno
 .text.__libc_init_array
                0x0000000008008e88       0x48 C:/ST/STM32CubeIDE_1.14.0/STM32CubeIDE/plugins/com.st.stm32cube.ide.mcu.externaltools.gnu-tools-for-stm32.11.3.rel1.win32_1.1.100.202309141235/tools/bin/../lib/gcc/arm-none-eabi/11.3.1/../../../../arm-none-eabi/lib/thumb/v7e-m+fp/hard\libc_nano.a(libc_a-init.o)
                0x0000000008008e88                __libc_init_array
 .text.sqrt     0x0000000008008ed0       0x58 C:/ST/STM32CubeIDE_1.14.0/STM32CubeIDE/plugins/com.st.stm32cube.ide.mcu.externaltools.gnu-tools-for-stm32.11.3.rel1.win32_1.1.100.202309141235/tools/bin/../lib/gcc/arm-none-eabi/11.3.1/../../../../arm-none-eabi/lib/thumb/v7e-m+fp/hard\libm.a(libm_a-w_sqrt.o)
                0x0000000008008ed0                sqrt
 .text.__ieee754_sqrt
                0x0000000008008f28      0x1b4 C:/ST/STM32CubeIDE_1.14.0/STM32CubeIDE/plugins/com.st.stm32cube.ide.mcu.externaltools.gnu-tools-for-stm32.11.3.rel1.win32_1.1.100.202309141235/tools/bin/../lib/gcc/arm-none-eabi/11.3.1/../../../../arm-none-eabi/lib/thumb/v7e-m+fp/hard\libm.a(libm_a-e_sqrt.o)
                0x0000000008008f28                __ieee754_sqrt
 *(.glue_7)
 .glue_7        0x00000000080090dc        0x0 linker stubs
 *(.glue_7t)
 .glue_7t       0x00000000080090dc        0x0 linker stubs
 *(.eh_frame)
 .eh_frame      0x00000000080090dc        0x0 C:/ST/STM32CubeIDE_1.14.0/STM32CubeIDE/plugins/com.st.stm32cube.ide.mcu.externaltools.gnu-tools-for-stm32.11.3.rel1.win32_1.1.100.202309141235/tools/bin/../lib/gcc/arm-none-eabi/11.3.1/thumb/v7e-m+fp/hard/crtbegin.o
 *(.init)
 .init          0x00000000080090dc        0x4 C:/ST/STM32CubeIDE_1.14.0/STM32CubeIDE/plugins/com.st.stm32cube.ide.mcu.externaltools.gnu-tools-for-stm32.11.3.rel1.win32_1.1.100.202309141235/tools/bin/../lib/gcc/arm-none-eabi/11.3.1/thumb/v7e-m+fp/hard/crti.o
                0x00000000080090dc                _init
 .init          0x00000000080090e0        0x8 C:/ST/STM32CubeIDE_1.14.0/STM32CubeIDE/plugins/com.st.stm32cube.ide.mcu.externaltools.gnu-tools-for-stm32.11.3.rel1.win32_1.1.100.202309141235/tools/bin/../lib/gcc/arm-none-eabi/11.3.1/thumb/v7e-m+fp/hard/crtn.o
 *(.fini)
 .fini          0x00000000080090e8        0x4 C:/ST/STM32CubeIDE_1.14.0/STM32CubeIDE/plugins/com.st.stm32cube.ide.mcu.externaltools.gnu-tools-for-stm32.11.3.rel1.win32_1.1.100.202309141235/tools/bin/../lib/gcc/arm-none-eabi/11.3.1/thumb/v7e-m+fp/hard/crti.o
                0x00000000080090e8                _fini
 .fini          0x00000000080090ec        0x8 C:/ST/STM32CubeIDE_1.14.0/STM32CubeIDE/plugins/com.st.stm32cube.ide.mcu.externaltools.gnu-tools-for-stm32.11.3.rel1.win32_1.1.100.202309141235/tools/bin/../lib/gcc/arm-none-eabi/11.3.1/thumb/v7e-m+fp/hard/crtn.o
                0x00000000080090f4                . = ALIGN (0x4)
                0x00000000080090f4                _etext = .

.vfp11_veneer   0x00000000080090f4        0x0
 .vfp11_veneer  0x00000000080090f4        0x0 linker stubs

.v4_bx          0x00000000080090f4        0x0
 .v4_bx         0x00000000080090f4        0x0 linker stubs

.iplt           0x00000000080090f4        0x0
 .iplt          0x00000000080090f4        0x0 C:/ST/STM32CubeIDE_1.14.0/STM32CubeIDE/plugins/com.st.stm32cube.ide.mcu.externaltools.gnu-tools-for-stm32.11.3.rel1.win32_1.1.100.202309141235/tools/bin/../lib/gcc/arm-none-eabi/11.3.1/thumb/v7e-m+fp/hard/crtbegin.o

.rodata         0x00000000080090f4       0x10
                0x00000000080090f4                . = ALIGN (0x4)
 *(.rodata)
 *(.rodata*)
 .rodata.AHBPrescTable
                0x00000000080090f4       0x10 ./Core/Src/system_stm32g4xx.o
                0x00000000080090f4                AHBPrescTable
                0x0000000008009104                . = ALIGN (0x4)

.rel.dyn        0x0000000008009104        0x0
 .rel.iplt      0x0000000008009104        0x0 C:/ST/STM32CubeIDE_1.14.0/STM32CubeIDE/plugins/com.st.stm32cube.ide.mcu.externaltools.gnu-tools-for-stm32.11.3.rel1.win32_1.1.100.202309141235/tools/bin/../lib/gcc/arm-none-eabi/11.3.1/thumb/v7e-m+fp/hard/crtbegin.o

.ARM.extab      0x0000000008009104        0x0
                0x0000000008009104                . = ALIGN (0x4)
 *(.ARM.extab* .gnu.linkonce.armextab.*)
                0x0000000008009104                . = ALIGN (0x4)

.ARM            0x0000000008009104        0x0
                0x0000000008009104                . = ALIGN (0x4)
                0x0000000008009104                __exidx_start = .
 *(.ARM.exidx*)
                0x0000000008009104                __exidx_end = .
                0x0000000008009104                . = ALIGN (0x4)

.preinit_array  0x0000000008009104        0x0
                0x0000000008009104                . = ALIGN (0x4)
                0x0000000008009104                PROVIDE (__preinit_array_start = .)
 *(.preinit_array*)
                0x0000000008009104                PROVIDE (__preinit_array_end = .)
                0x0000000008009104                . = ALIGN (0x4)

.init_array     0x0000000008009104        0x4
                0x0000000008009104                . = ALIGN (0x4)
                0x0000000008009104                PROVIDE (__init_array_start = .)
 *(SORT_BY_NAME(.init_array.*))
 *(.init_array*)
 .init_array    0x0000000008009104        0x4 C:/ST/STM32CubeIDE_1.14.0/STM32CubeIDE/plugins/com.st.stm32cube.ide.mcu.externaltools.gnu-tools-for-stm32.11.3.rel1.win32_1.1.100.202309141235/tools/bin/../lib/gcc/arm-none-eabi/11.3.1/thumb/v7e-m+fp/hard/crtbegin.o
                0x0000000008009108                PROVIDE (__init_array_end = .)
                0x0000000008009108                . = ALIGN (0x4)

.fini_array     0x0000000008009108        0x4
                0x0000000008009108                . = ALIGN (0x4)
                [!provide]                        PROVIDE (__fini_array_start = .)
 *(SORT_BY_NAME(.fini_array.*))
 *(.fini_array*)
 .fini_array    0x0000000008009108        0x4 C:/ST/STM32CubeIDE_1.14.0/STM32CubeIDE/plugins/com.st.stm32cube.ide.mcu.externaltools.gnu-tools-for-stm32.11.3.rel1.win32_1.1.100.202309141235/tools/bin/../lib/gcc/arm-none-eabi/11.3.1/thumb/v7e-m+fp/hard/crtbegin.o
                [!provide]                        PROVIDE (__fini_array_end = .)
                0x000000000800910c                . = ALIGN (0x4)
                0x000000000800910c                _sidata = LOADADDR (.data)

.data           0x0000000020000000     0x78d8 load address 0x000000000800910c
                0x0000000020000000                . = ALIGN (0x4)
                0x0000000020000000                _sdata = .
 *(.data)
 *(.data*)
 .data.MA_IMPULSERESPONSE
                0x0000000020000000       0x20 ./Core/Src/_ADCn_INx_MA.o
 .data.ADC1_IN1_coeffs
                0x0000000020000020       0x28 ./Core/Src/_ADCn_INx_NF.o
                0x0000000020000020                ADC1_IN1_coeffs
 .data.ADC1_IN1_NF_arg
                0x0000000020000048     0x13e4 ./Core/Src/_ADCn_INx_NF.o
                0x0000000020000048                ADC1_IN1_NF_arg
 .data.ADC1_IN2_coeffs
                0x000000002000142c       0x28 ./Core/Src/_ADCn_INx_NF.o
                0x000000002000142c                ADC1_IN2_coeffs
 .data.ADC1_IN2_NF_arg
                0x0000000020001454     0x13e4 ./Core/Src/_ADCn_INx_NF.o
                0x0000000020001454                ADC1_IN2_NF_arg
 .data.ADC2_IN3_coeffs
                0x0000000020002838       0x28 ./Core/Src/_ADCn_INx_NF.o
                0x0000000020002838                ADC2_IN3_coeffs
 .data.ADC2_IN3_NF_arg
                0x0000000020002860     0x13e4 ./Core/Src/_ADCn_INx_NF.o
                0x0000000020002860                ADC2_IN3_NF_arg
 .data.ADC2_IN4_coeffs
                0x0000000020003c44       0x28 ./Core/Src/_ADCn_INx_NF.o
                0x0000000020003c44                ADC2_IN4_coeffs
 .data.ADC2_IN4_NF_arg
                0x0000000020003c6c     0x13e4 ./Core/Src/_ADCn_INx_NF.o
                0x0000000020003c6c                ADC2_IN4_NF_arg
 .data.ADC3_IN1_coeffs
                0x0000000020005050       0x28 ./Core/Src/_ADCn_INx_NF.o
                0x0000000020005050                ADC3_IN1_coeffs
 .data.ADC3_IN1_NF_arg
                0x0000000020005078     0x13e4 ./Core/Src/_ADCn_INx_NF.o
                0x0000000020005078                ADC3_IN1_NF_arg
 .data.ADC3_IN2_coeffs
                0x000000002000645c       0x28 ./Core/Src/_ADCn_INx_NF.o
                0x000000002000645c                ADC3_IN2_coeffs
 .data.ADC3_IN2_NF_arg
                0x0000000020006484     0x13e4 ./Core/Src/_ADCn_INx_NF.o
                0x0000000020006484                ADC3_IN2_NF_arg
 .data.SystemCoreClock
                0x0000000020007868        0x4 ./Core/Src/system_stm32g4xx.o
                0x0000000020007868                SystemCoreClock
 .data.uwTickPrio
                0x000000002000786c        0x4 ./Drivers/STM32G4xx_HAL_Driver/Src/stm32g4xx_hal.o
                0x000000002000786c                uwTickPrio
 .data.uwTickFreq
                0x0000000020007870        0x4 ./Drivers/STM32G4xx_HAL_Driver/Src/stm32g4xx_hal.o
                0x0000000020007870                uwTickFreq
 .data._impure_data
                0x0000000020007874       0x4c C:/ST/STM32CubeIDE_1.14.0/STM32CubeIDE/plugins/com.st.stm32cube.ide.mcu.externaltools.gnu-tools-for-stm32.11.3.rel1.win32_1.1.100.202309141235/tools/bin/../lib/gcc/arm-none-eabi/11.3.1/../../../../arm-none-eabi/lib/thumb/v7e-m+fp/hard\libc_nano.a(libc_a-impure.o)
                0x0000000020007874                _impure_data
 .data._impure_ptr
                0x00000000200078c0        0x4 C:/ST/STM32CubeIDE_1.14.0/STM32CubeIDE/plugins/com.st.stm32cube.ide.mcu.externaltools.gnu-tools-for-stm32.11.3.rel1.win32_1.1.100.202309141235/tools/bin/../lib/gcc/arm-none-eabi/11.3.1/../../../../arm-none-eabi/lib/thumb/v7e-m+fp/hard\libc_nano.a(libc_a-impure.o)
                0x00000000200078c0                _impure_ptr
 *fill*         0x00000000200078c4        0x4 
 .data.one      0x00000000200078c8        0x8 C:/ST/STM32CubeIDE_1.14.0/STM32CubeIDE/plugins/com.st.stm32cube.ide.mcu.externaltools.gnu-tools-for-stm32.11.3.rel1.win32_1.1.100.202309141235/tools/bin/../lib/gcc/arm-none-eabi/11.3.1/../../../../arm-none-eabi/lib/thumb/v7e-m+fp/hard\libm.a(libm_a-e_sqrt.o)
 .data.tiny     0x00000000200078d0        0x8 C:/ST/STM32CubeIDE_1.14.0/STM32CubeIDE/plugins/com.st.stm32cube.ide.mcu.externaltools.gnu-tools-for-stm32.11.3.rel1.win32_1.1.100.202309141235/tools/bin/../lib/gcc/arm-none-eabi/11.3.1/../../../../arm-none-eabi/lib/thumb/v7e-m+fp/hard\libm.a(libm_a-e_sqrt.o)
 *(.RamFunc)
 *(.RamFunc*)
                0x00000000200078d8                . = ALIGN (0x4)
                0x00000000200078d8                _edata = .

.igot.plt       0x00000000200078d8        0x0 load address 0x00000000080109e4
 .igot.plt      0x00000000200078d8        0x0 C:/ST/STM32CubeIDE_1.14.0/STM32CubeIDE/plugins/com.st.stm32cube.ide.mcu.externaltools.gnu-tools-for-stm32.11.3.rel1.win32_1.1.100.202309141235/tools/bin/../lib/gcc/arm-none-eabi/11.3.1/thumb/v7e-m+fp/hard/crtbegin.o
                0x00000000200078d8                . = ALIGN (0x4)

.bss            0x00000000200078d8     0x768c load address 0x00000000080109e4
                0x00000000200078d8                _sbss = .
                0x00000000200078d8                __bss_start__ = _sbss
 *(.bss)
 .bss           0x00000000200078d8       0x1c C:/ST/STM32CubeIDE_1.14.0/STM32CubeIDE/plugins/com.st.stm32cube.ide.mcu.externaltools.gnu-tools-for-stm32.11.3.rel1.win32_1.1.100.202309141235/tools/bin/../lib/gcc/arm-none-eabi/11.3.1/thumb/v7e-m+fp/hard/crtbegin.o
 *(.bss*)
 .bss.AutoCorr_1
                0x00000000200078f4       0x2c ./Core/Src/_ADCn_INx_AR.o
                0x00000000200078f4                AutoCorr_1
 .bss.AutoCorr_2
                0x0000000020007920       0x2c ./Core/Src/_ADCn_INx_AR.o
                0x0000000020007920                AutoCorr_2
 .bss.AutoCorr_3
                0x000000002000794c       0x2c ./Core/Src/_ADCn_INx_AR.o
                0x000000002000794c                AutoCorr_3
 .bss.AutoCorr_4
                0x0000000020007978       0x2c ./Core/Src/_ADCn_INx_AR.o
                0x0000000020007978                AutoCorr_4
 .bss.AutoCorr_5
                0x00000000200079a4       0x2c ./Core/Src/_ADCn_INx_AR.o
                0x00000000200079a4                AutoCorr_5
 .bss.AutoCorr_6
                0x00000000200079d0       0x2c ./Core/Src/_ADCn_INx_AR.o
                0x00000000200079d0                AutoCorr_6
 .bss.AR_Coeffs_1
                0x00000000200079fc       0x28 ./Core/Src/_ADCn_INx_AR.o
                0x00000000200079fc                AR_Coeffs_1
 .bss.AR_Coeffs_2
                0x0000000020007a24       0x28 ./Core/Src/_ADCn_INx_AR.o
                0x0000000020007a24                AR_Coeffs_2
 .bss.AR_Coeffs_3
                0x0000000020007a4c       0x28 ./Core/Src/_ADCn_INx_AR.o
                0x0000000020007a4c                AR_Coeffs_3
 .bss.AR_Coeffs_4
                0x0000000020007a74       0x28 ./Core/Src/_ADCn_INx_AR.o
                0x0000000020007a74                AR_Coeffs_4
 .bss.AR_Coeffs_5
                0x0000000020007a9c       0x28 ./Core/Src/_ADCn_INx_AR.o
                0x0000000020007a9c                AR_Coeffs_5
 .bss.AR_Coeffs_6
                0x0000000020007ac4       0x28 ./Core/Src/_ADCn_INx_AR.o
                0x0000000020007ac4                AR_Coeffs_6
 .bss.AR_ADC1_IN1
                0x0000000020007aec      0x2a4 ./Core/Src/_ADCn_INx_AR.o
                0x0000000020007aec                AR_ADC1_IN1
 .bss.AR_ADC1_IN2
                0x0000000020007d90      0x2a4 ./Core/Src/_ADCn_INx_AR.o
                0x0000000020007d90                AR_ADC1_IN2
 .bss.AR_ADC2_IN3
                0x0000000020008034      0x2a4 ./Core/Src/_ADCn_INx_AR.o
                0x0000000020008034                AR_ADC2_IN3
 .bss.AR_ADC2_IN4
                0x00000000200082d8      0x2a4 ./Core/Src/_ADCn_INx_AR.o
                0x00000000200082d8                AR_ADC2_IN4
 .bss.AR_ADC3_IN1
                0x000000002000857c      0x2a4 ./Core/Src/_ADCn_INx_AR.o
                0x000000002000857c                AR_ADC3_IN1
 .bss.AR_ADC3_IN2
                0x0000000020008820      0x2a4 ./Core/Src/_ADCn_INx_AR.o
                0x0000000020008820                AR_ADC3_IN2
 .bss.ADC1_IN1_YW_mtx
                0x0000000020008ac4        0x8 ./Core/Src/_ADCn_INx_AR.o
                0x0000000020008ac4                ADC1_IN1_YW_mtx
 .bss.ADC1_IN2_YW_mtx
                0x0000000020008acc        0x8 ./Core/Src/_ADCn_INx_AR.o
                0x0000000020008acc                ADC1_IN2_YW_mtx
 .bss.ADC2_IN3_YW_mtx
                0x0000000020008ad4        0x8 ./Core/Src/_ADCn_INx_AR.o
                0x0000000020008ad4                ADC2_IN3_YW_mtx
 .bss.ADC2_IN4_YW_mtx
                0x0000000020008adc        0x8 ./Core/Src/_ADCn_INx_AR.o
                0x0000000020008adc                ADC2_IN4_YW_mtx
 .bss.ADC3_IN1_YW_mtx
                0x0000000020008ae4        0x8 ./Core/Src/_ADCn_INx_AR.o
                0x0000000020008ae4                ADC3_IN1_YW_mtx
 .bss.ADC3_IN2_YW_mtx
                0x0000000020008aec        0x8 ./Core/Src/_ADCn_INx_AR.o
                0x0000000020008aec                ADC3_IN2_YW_mtx
 .bss.ADC1_IN1_Inv_YW_mtx
                0x0000000020008af4        0x8 ./Core/Src/_ADCn_INx_AR.o
                0x0000000020008af4                ADC1_IN1_Inv_YW_mtx
 .bss.ADC1_IN2_Inv_YW_mtx
                0x0000000020008afc        0x8 ./Core/Src/_ADCn_INx_AR.o
                0x0000000020008afc                ADC1_IN2_Inv_YW_mtx
 .bss.ADC2_IN3_Inv_YW_mtx
                0x0000000020008b04        0x8 ./Core/Src/_ADCn_INx_AR.o
                0x0000000020008b04                ADC2_IN3_Inv_YW_mtx
 .bss.ADC2_IN4_Inv_YW_mtx
                0x0000000020008b0c        0x8 ./Core/Src/_ADCn_INx_AR.o
                0x0000000020008b0c                ADC2_IN4_Inv_YW_mtx
 .bss.ADC3_IN1_Inv_YW_mtx
                0x0000000020008b14        0x8 ./Core/Src/_ADCn_INx_AR.o
                0x0000000020008b14                ADC3_IN1_Inv_YW_mtx
 .bss.ADC3_IN2_Inv_YW_mtx
                0x0000000020008b1c        0x8 ./Core/Src/_ADCn_INx_AR.o
                0x0000000020008b1c                ADC3_IN2_Inv_YW_mtx
 .bss.ADC1_IN1_AC_mtx
                0x0000000020008b24        0x8 ./Core/Src/_ADCn_INx_AR.o
                0x0000000020008b24                ADC1_IN1_AC_mtx
 .bss.ADC1_IN2_AC_mtx
                0x0000000020008b2c        0x8 ./Core/Src/_ADCn_INx_AR.o
                0x0000000020008b2c                ADC1_IN2_AC_mtx
 .bss.ADC2_IN3_AC_mtx
                0x0000000020008b34        0x8 ./Core/Src/_ADCn_INx_AR.o
                0x0000000020008b34                ADC2_IN3_AC_mtx
 .bss.ADC2_IN4_AC_mtx
                0x0000000020008b3c        0x8 ./Core/Src/_ADCn_INx_AR.o
                0x0000000020008b3c                ADC2_IN4_AC_mtx
 .bss.ADC3_IN1_AC_mtx
                0x0000000020008b44        0x8 ./Core/Src/_ADCn_INx_AR.o
                0x0000000020008b44                ADC3_IN1_AC_mtx
 .bss.ADC3_IN2_AC_mtx
                0x0000000020008b4c        0x8 ./Core/Src/_ADCn_INx_AR.o
                0x0000000020008b4c                ADC3_IN2_AC_mtx
 .bss.ADC1_IN1_coeffs_mtx
                0x0000000020008b54        0x8 ./Core/Src/_ADCn_INx_AR.o
                0x0000000020008b54                ADC1_IN1_coeffs_mtx
 .bss.ADC1_IN2_coeffs_mtx
                0x0000000020008b5c        0x8 ./Core/Src/_ADCn_INx_AR.o
                0x0000000020008b5c                ADC1_IN2_coeffs_mtx
 .bss.ADC2_IN3_coeffs_mtx
                0x0000000020008b64        0x8 ./Core/Src/_ADCn_INx_AR.o
                0x0000000020008b64                ADC2_IN3_coeffs_mtx
 .bss.ADC2_IN4_coeffs_mtx
                0x0000000020008b6c        0x8 ./Core/Src/_ADCn_INx_AR.o
                0x0000000020008b6c                ADC2_IN4_coeffs_mtx
 .bss.ADC3_IN1_coeffs_mtx
                0x0000000020008b74        0x8 ./Core/Src/_ADCn_INx_AR.o
                0x0000000020008b74                ADC3_IN1_coeffs_mtx
 .bss.ADC3_IN2_coeffs_mtx
                0x0000000020008b7c        0x8 ./Core/Src/_ADCn_INx_AR.o
                0x0000000020008b7c                ADC3_IN2_coeffs_mtx
 .bss.StatusCoeffs_1
                0x0000000020008b84        0x1 ./Core/Src/_ADCn_INx_AR.o
                0x0000000020008b84                StatusCoeffs_1
 .bss.StatusCoeffs_2
                0x0000000020008b85        0x1 ./Core/Src/_ADCn_INx_AR.o
                0x0000000020008b85                StatusCoeffs_2
 .bss.StatusCoeffs_3
                0x0000000020008b86        0x1 ./Core/Src/_ADCn_INx_AR.o
                0x0000000020008b86                StatusCoeffs_3
 .bss.StatusCoeffs_4
                0x0000000020008b87        0x1 ./Core/Src/_ADCn_INx_AR.o
                0x0000000020008b87                StatusCoeffs_4
 .bss.StatusCoeffs_5
                0x0000000020008b88        0x1 ./Core/Src/_ADCn_INx_AR.o
                0x0000000020008b88                StatusCoeffs_5
 .bss.StatusCoeffs_6
                0x0000000020008b89        0x1 ./Core/Src/_ADCn_INx_AR.o
                0x0000000020008b89                StatusCoeffs_6
 *fill*         0x0000000020008b8a        0x2 
 .bss.ADC1_IN1_States
                0x0000000020008b8c       0x10 ./Core/Src/_ADCn_INx_NF.o
                0x0000000020008b8c                ADC1_IN1_States
 .bss.ADC1_IN2_States
                0x0000000020008b9c       0x10 ./Core/Src/_ADCn_INx_NF.o
                0x0000000020008b9c                ADC1_IN2_States
 .bss.ADC2_IN3_States
                0x0000000020008bac       0x10 ./Core/Src/_ADCn_INx_NF.o
                0x0000000020008bac                ADC2_IN3_States
 .bss.ADC2_IN4_States
                0x0000000020008bbc       0x10 ./Core/Src/_ADCn_INx_NF.o
                0x0000000020008bbc                ADC2_IN4_States
 .bss.ADC3_IN1_States
                0x0000000020008bcc       0x10 ./Core/Src/_ADCn_INx_NF.o
                0x0000000020008bcc                ADC3_IN1_States
 .bss.ADC3_IN2_States
                0x0000000020008bdc       0x10 ./Core/Src/_ADCn_INx_NF.o
                0x0000000020008bdc                ADC3_IN2_States
 .bss.ADC1_IN1_Tkeo_bfr
                0x0000000020008bec      0x280 ./Core/Src/_ADCn_INx_TKEO.o
                0x0000000020008bec                ADC1_IN1_Tkeo_bfr
 .bss.ADC1_IN2_Tkeo_bfr
                0x0000000020008e6c      0x280 ./Core/Src/_ADCn_INx_TKEO.o
                0x0000000020008e6c                ADC1_IN2_Tkeo_bfr
 .bss.ADC2_IN3_Tkeo_bfr
                0x00000000200090ec      0x280 ./Core/Src/_ADCn_INx_TKEO.o
                0x00000000200090ec                ADC2_IN3_Tkeo_bfr
 .bss.ADC2_IN4_Tkeo_bfr
                0x000000002000936c      0x280 ./Core/Src/_ADCn_INx_TKEO.o
                0x000000002000936c                ADC2_IN4_Tkeo_bfr
 .bss.ADC3_IN1_Tkeo_bfr
                0x00000000200095ec      0x280 ./Core/Src/_ADCn_INx_TKEO.o
                0x00000000200095ec                ADC3_IN1_Tkeo_bfr
 .bss.ADC3_IN2_Tkeo_bfr
                0x000000002000986c      0x280 ./Core/Src/_ADCn_INx_TKEO.o
                0x000000002000986c                ADC3_IN2_Tkeo_bfr
 .bss.hadc1     0x0000000020009aec       0x6c ./Core/Src/main.o
                0x0000000020009aec                hadc1
 .bss.hadc2     0x0000000020009b58       0x6c ./Core/Src/main.o
                0x0000000020009b58                hadc2
 .bss.hadc3     0x0000000020009bc4       0x6c ./Core/Src/main.o
                0x0000000020009bc4                hadc3
 .bss.hdma_adc1
                0x0000000020009c30       0x60 ./Core/Src/main.o
                0x0000000020009c30                hdma_adc1
 .bss.hdma_adc2
                0x0000000020009c90       0x60 ./Core/Src/main.o
                0x0000000020009c90                hdma_adc2
 .bss.hdma_adc3
                0x0000000020009cf0       0x60 ./Core/Src/main.o
                0x0000000020009cf0                hdma_adc3
 .bss.hfmac     0x0000000020009d50       0x38 ./Core/Src/main.o
                0x0000000020009d50                hfmac
 .bss.htim6     0x0000000020009d88       0x4c ./Core/Src/main.o
                0x0000000020009d88                htim6
 .bss.htim7     0x0000000020009dd4       0x4c ./Core/Src/main.o
                0x0000000020009dd4                htim7
 .bss.htim20    0x0000000020009e20       0x4c ./Core/Src/main.o
                0x0000000020009e20                htim20
 .bss.ADC1_DMA_sort_ptr
                0x0000000020009e6c        0x4 ./Core/Src/main.o
                0x0000000020009e6c                ADC1_DMA_sort_ptr
 .bss.ADC2_DMA_sort_ptr
                0x0000000020009e70        0x4 ./Core/Src/main.o
                0x0000000020009e70                ADC2_DMA_sort_ptr
 .bss.ADC3_DMA_sort_ptr
                0x0000000020009e74        0x4 ./Core/Src/main.o
                0x0000000020009e74                ADC3_DMA_sort_ptr
 .bss.MovingAverage_ADC1_IN1
                0x0000000020009e78      0x2a4 ./Core/Src/main.o
                0x0000000020009e78                MovingAverage_ADC1_IN1
 .bss.MovingAverage_ADC1_IN2
                0x000000002000a11c      0x2a4 ./Core/Src/main.o
                0x000000002000a11c                MovingAverage_ADC1_IN2
 .bss.MovingAverage_ADC2_IN3
                0x000000002000a3c0      0x2a4 ./Core/Src/main.o
                0x000000002000a3c0                MovingAverage_ADC2_IN3
 .bss.MovingAverage_ADC2_IN4
                0x000000002000a664      0x2a4 ./Core/Src/main.o
                0x000000002000a664                MovingAverage_ADC2_IN4
 .bss.MovingAverage_ADC3_IN1
                0x000000002000a908      0x2a4 ./Core/Src/main.o
                0x000000002000a908                MovingAverage_ADC3_IN1
 .bss.MovingAverage_ADC3_IN2
                0x000000002000abac      0x2a4 ./Core/Src/main.o
                0x000000002000abac                MovingAverage_ADC3_IN2
 .bss.OffsetCalc_ADC1_IN1
                0x000000002000ae50      0x2a4 ./Core/Src/main.o
                0x000000002000ae50                OffsetCalc_ADC1_IN1
 .bss.OffsetCalc_ADC1_IN2
                0x000000002000b0f4      0x2a4 ./Core/Src/main.o
                0x000000002000b0f4                OffsetCalc_ADC1_IN2
 .bss.OffsetCalc_ADC2_IN3
                0x000000002000b398      0x2a4 ./Core/Src/main.o
                0x000000002000b398                OffsetCalc_ADC2_IN3
 .bss.OffsetCalc_ADC2_IN4
                0x000000002000b63c      0x2a4 ./Core/Src/main.o
                0x000000002000b63c                OffsetCalc_ADC2_IN4
 .bss.OffsetCalc_ADC3_IN1
                0x000000002000b8e0      0x2a4 ./Core/Src/main.o
                0x000000002000b8e0                OffsetCalc_ADC3_IN1
 .bss.OffsetCalc_ADC3_IN2
                0x000000002000bb84      0x2a4 ./Core/Src/main.o
                0x000000002000bb84                OffsetCalc_ADC3_IN2
 .bss.SD_BL_ADC1_IN1
                0x000000002000be28      0x2a4 ./Core/Src/main.o
                0x000000002000be28                SD_BL_ADC1_IN1
 .bss.SD_BL_ADC1_IN2
                0x000000002000c0cc      0x2a4 ./Core/Src/main.o
                0x000000002000c0cc                SD_BL_ADC1_IN2
 .bss.SD_BL_ADC2_IN3
                0x000000002000c370      0x2a4 ./Core/Src/main.o
                0x000000002000c370                SD_BL_ADC2_IN3
 .bss.SD_BL_ADC2_IN4
                0x000000002000c614      0x2a4 ./Core/Src/main.o
                0x000000002000c614                SD_BL_ADC2_IN4
 .bss.SD_BL_ADC3_IN1
                0x000000002000c8b8      0x2a4 ./Core/Src/main.o
                0x000000002000c8b8                SD_BL_ADC3_IN1
 .bss.SD_BL_ADC3_IN2
                0x000000002000cb5c      0x2a4 ./Core/Src/main.o
                0x000000002000cb5c                SD_BL_ADC3_IN2
 .bss.TKEO_ADC1_IN1
                0x000000002000ce00      0x2a4 ./Core/Src/main.o
                0x000000002000ce00                TKEO_ADC1_IN1
 .bss.TKEO_ADC1_IN2
                0x000000002000d0a4      0x2a4 ./Core/Src/main.o
                0x000000002000d0a4                TKEO_ADC1_IN2
 .bss.TKEO_ADC2_IN3
                0x000000002000d348      0x2a4 ./Core/Src/main.o
                0x000000002000d348                TKEO_ADC2_IN3
 .bss.TKEO_ADC2_IN4
                0x000000002000d5ec      0x2a4 ./Core/Src/main.o
                0x000000002000d5ec                TKEO_ADC2_IN4
 .bss.TKEO_ADC3_IN1
                0x000000002000d890      0x2a4 ./Core/Src/main.o
                0x000000002000d890                TKEO_ADC3_IN1
 .bss.TKEO_ADC3_IN2
                0x000000002000db34      0x2a4 ./Core/Src/main.o
                0x000000002000db34                TKEO_ADC3_IN2
 .bss.SSC_ADC1_IN1
                0x000000002000ddd8      0x2a4 ./Core/Src/main.o
                0x000000002000ddd8                SSC_ADC1_IN1
 .bss.SSC_ADC1_IN2
                0x000000002000e07c      0x2a4 ./Core/Src/main.o
                0x000000002000e07c                SSC_ADC1_IN2
 .bss.SSC_ADC2_IN3
                0x000000002000e320      0x2a4 ./Core/Src/main.o
                0x000000002000e320                SSC_ADC2_IN3
 .bss.SSC_ADC2_IN4
                0x000000002000e5c4      0x2a4 ./Core/Src/main.o
                0x000000002000e5c4                SSC_ADC2_IN4
 .bss.SSC_ADC3_IN1
                0x000000002000e868      0x2a4 ./Core/Src/main.o
                0x000000002000e868                SSC_ADC3_IN1
 .bss.SSC_ADC3_IN2
                0x000000002000eb0c      0x2a4 ./Core/Src/main.o
                0x000000002000eb0c                SSC_ADC3_IN2
 .bss.ADC_status
                0x000000002000edb0        0x1 ./Core/Src/main.o
                0x000000002000edb0                ADC_status
 *fill*         0x000000002000edb1        0x3 
 .bss.Offset_1  0x000000002000edb4        0x4 ./Core/Src/main.o
                0x000000002000edb4                Offset_1
 .bss.Offset_2  0x000000002000edb8        0x4 ./Core/Src/main.o
                0x000000002000edb8                Offset_2
 .bss.Offset_3  0x000000002000edbc        0x4 ./Core/Src/main.o
                0x000000002000edbc                Offset_3
 .bss.Offset_4  0x000000002000edc0        0x4 ./Core/Src/main.o
                0x000000002000edc0                Offset_4
 .bss.Offset_5  0x000000002000edc4        0x4 ./Core/Src/main.o
                0x000000002000edc4                Offset_5
 .bss.Offset_6  0x000000002000edc8        0x4 ./Core/Src/main.o
                0x000000002000edc8                Offset_6
 .bss.Offset_1_Calculated
                0x000000002000edcc        0x1 ./Core/Src/main.o
                0x000000002000edcc                Offset_1_Calculated
 .bss.Offset_2_Calculated
                0x000000002000edcd        0x1 ./Core/Src/main.o
                0x000000002000edcd                Offset_2_Calculated
 .bss.Offset_3_Calculated
                0x000000002000edce        0x1 ./Core/Src/main.o
                0x000000002000edce                Offset_3_Calculated
 .bss.Offset_4_Calculated
                0x000000002000edcf        0x1 ./Core/Src/main.o
                0x000000002000edcf                Offset_4_Calculated
 .bss.Offset_5_Calculated
                0x000000002000edd0        0x1 ./Core/Src/main.o
                0x000000002000edd0                Offset_5_Calculated
 .bss.Offset_6_Calculated
                0x000000002000edd1        0x1 ./Core/Src/main.o
                0x000000002000edd1                Offset_6_Calculated
 *fill*         0x000000002000edd2        0x2 
 .bss.SD_BL_1   0x000000002000edd4        0x4 ./Core/Src/main.o
                0x000000002000edd4                SD_BL_1
 .bss.SD_BL_2   0x000000002000edd8        0x4 ./Core/Src/main.o
                0x000000002000edd8                SD_BL_2
 .bss.SD_BL_3   0x000000002000eddc        0x4 ./Core/Src/main.o
                0x000000002000eddc                SD_BL_3
 .bss.SD_BL_4   0x000000002000ede0        0x4 ./Core/Src/main.o
                0x000000002000ede0                SD_BL_4
 .bss.SD_BL_5   0x000000002000ede4        0x4 ./Core/Src/main.o
                0x000000002000ede4                SD_BL_5
 .bss.SD_BL_6   0x000000002000ede8        0x4 ./Core/Src/main.o
                0x000000002000ede8                SD_BL_6
 .bss.TKEO_1    0x000000002000edec        0x1 ./Core/Src/main.o
                0x000000002000edec                TKEO_1
 .bss.TKEO_2    0x000000002000eded        0x1 ./Core/Src/main.o
                0x000000002000eded                TKEO_2
 .bss.TKEO_3    0x000000002000edee        0x1 ./Core/Src/main.o
                0x000000002000edee                TKEO_3
 .bss.TKEO_4    0x000000002000edef        0x1 ./Core/Src/main.o
                0x000000002000edef                TKEO_4
 .bss.TKEO_5    0x000000002000edf0        0x1 ./Core/Src/main.o
                0x000000002000edf0                TKEO_5
 .bss.TKEO_6    0x000000002000edf1        0x1 ./Core/Src/main.o
                0x000000002000edf1                TKEO_6
 *fill*         0x000000002000edf2        0x2 
 .bss.SSC_1     0x000000002000edf4        0x4 ./Core/Src/main.o
                0x000000002000edf4                SSC_1
 .bss.SSC_2     0x000000002000edf8        0x4 ./Core/Src/main.o
                0x000000002000edf8                SSC_2
 .bss.SSC_3     0x000000002000edfc        0x4 ./Core/Src/main.o
                0x000000002000edfc                SSC_3
 .bss.SSC_4     0x000000002000ee00        0x4 ./Core/Src/main.o
                0x000000002000ee00                SSC_4
 .bss.SSC_5     0x000000002000ee04        0x4 ./Core/Src/main.o
                0x000000002000ee04                SSC_5
 .bss.SSC_6     0x000000002000ee08        0x4 ./Core/Src/main.o
                0x000000002000ee08                SSC_6
 .bss.AR_1      0x000000002000ee0c        0x4 ./Core/Src/main.o
                0x000000002000ee0c                AR_1
 .bss.AR_2      0x000000002000ee10        0x4 ./Core/Src/main.o
                0x000000002000ee10                AR_2
 .bss.AR_3      0x000000002000ee14        0x4 ./Core/Src/main.o
                0x000000002000ee14                AR_3
 .bss.AR_4      0x000000002000ee18        0x4 ./Core/Src/main.o
                0x000000002000ee18                AR_4
 .bss.AR_5      0x000000002000ee1c        0x4 ./Core/Src/main.o
                0x000000002000ee1c                AR_5
 .bss.AR_6      0x000000002000ee20        0x4 ./Core/Src/main.o
                0x000000002000ee20                AR_6
 .bss.HAL_RCC_ADC12_CLK_ENABLED
                0x000000002000ee24        0x4 ./Core/Src/stm32g4xx_hal_msp.o
 .bss.uwTick    0x000000002000ee28        0x4 ./Drivers/STM32G4xx_HAL_Driver/Src/stm32g4xx_hal.o
                0x000000002000ee28                uwTick
 .bss.__sf      0x000000002000ee2c      0x138 C:/ST/STM32CubeIDE_1.14.0/STM32CubeIDE/plugins/com.st.stm32cube.ide.mcu.externaltools.gnu-tools-for-stm32.11.3.rel1.win32_1.1.100.202309141235/tools/bin/../lib/gcc/arm-none-eabi/11.3.1/../../../../arm-none-eabi/lib/thumb/v7e-m+fp/hard\libc_nano.a(libc_a-findfp.o)
                0x000000002000ee2c                __sf
 *(COMMON)
                0x000000002000ef64                . = ALIGN (0x4)
                0x000000002000ef64                _ebss = .
                0x000000002000ef64                __bss_end__ = _ebss

._user_heap_stack
                0x000000002000ef64      0x604 load address 0x00000000080109e4
                0x000000002000ef68                . = ALIGN (0x8)
 *fill*         0x000000002000ef64        0x4 
                [!provide]                        PROVIDE (end = .)
                0x000000002000ef68                PROVIDE (_end = .)
                0x000000002000f168                . = (. + _Min_Heap_Size)
 *fill*         0x000000002000ef68      0x200 
                0x000000002000f568                . = (. + _Min_Stack_Size)
 *fill*         0x000000002000f168      0x400 
                0x000000002000f568                . = ALIGN (0x8)

/DISCARD/
 libc.a(*)
 libm.a(*)
 libgcc.a(*)

.ARM.attributes
                0x0000000000000000       0x30
 *(.ARM.attributes)
 .ARM.attributes
                0x0000000000000000       0x1e C:/ST/STM32CubeIDE_1.14.0/STM32CubeIDE/plugins/com.st.stm32cube.ide.mcu.externaltools.gnu-tools-for-stm32.11.3.rel1.win32_1.1.100.202309141235/tools/bin/../lib/gcc/arm-none-eabi/11.3.1/thumb/v7e-m+fp/hard/crti.o
 .ARM.attributes
                0x000000000000001e       0x34 C:/ST/STM32CubeIDE_1.14.0/STM32CubeIDE/plugins/com.st.stm32cube.ide.mcu.externaltools.gnu-tools-for-stm32.11.3.rel1.win32_1.1.100.202309141235/tools/bin/../lib/gcc/arm-none-eabi/11.3.1/thumb/v7e-m+fp/hard/crtbegin.o
 .ARM.attributes
                0x0000000000000052       0x34 ./Core/Src/_ADCn_INx_AR.o
 .ARM.attributes
                0x0000000000000086       0x34 ./Core/Src/_ADCn_INx_MA.o
 .ARM.attributes
                0x00000000000000ba       0x34 ./Core/Src/_ADCn_INx_NF.o
 .ARM.attributes
                0x00000000000000ee       0x34 ./Core/Src/_ADCn_INx_Offset.o
 .ARM.attributes
                0x0000000000000122       0x34 ./Core/Src/_ADCn_INx_SD_BL.o
 .ARM.attributes
                0x0000000000000156       0x34 ./Core/Src/_ADCn_INx_SSC.o
 .ARM.attributes
                0x000000000000018a       0x34 ./Core/Src/_ADCn_INx_TKEO.o
 .ARM.attributes
                0x00000000000001be       0x34 ./Core/Src/_DMA_Sort.o
 .ARM.attributes
                0x00000000000001f2       0x34 ./Core/Src/main.o
 .ARM.attributes
                0x0000000000000226       0x34 ./Core/Src/stm32g4xx_hal_msp.o
 .ARM.attributes
                0x000000000000025a       0x34 ./Core/Src/stm32g4xx_it.o
 .ARM.attributes
                0x000000000000028e       0x34 ./Core/Src/system_stm32g4xx.o
 .ARM.attributes
                0x00000000000002c2       0x21 ./Core/Startup/startup_stm32g4a1vetx.o
 .ARM.attributes
                0x00000000000002e3       0x34 ./Drivers/STM32G4xx_HAL_Driver/Src/stm32g4xx_hal.o
 .ARM.attributes
                0x0000000000000317       0x34 ./Drivers/STM32G4xx_HAL_Driver/Src/stm32g4xx_hal_adc.o
 .ARM.attributes
                0x000000000000034b       0x34 ./Drivers/STM32G4xx_HAL_Driver/Src/stm32g4xx_hal_adc_ex.o
 .ARM.attributes
                0x000000000000037f       0x34 ./Drivers/STM32G4xx_HAL_Driver/Src/stm32g4xx_hal_cortex.o
 .ARM.attributes
                0x00000000000003b3       0x34 ./Drivers/STM32G4xx_HAL_Driver/Src/stm32g4xx_hal_dma.o
 .ARM.attributes
                0x00000000000003e7       0x34 ./Drivers/STM32G4xx_HAL_Driver/Src/stm32g4xx_hal_fmac.o
 .ARM.attributes
                0x000000000000041b       0x34 ./Drivers/STM32G4xx_HAL_Driver/Src/stm32g4xx_hal_gpio.o
 .ARM.attributes
                0x000000000000044f       0x34 ./Drivers/STM32G4xx_HAL_Driver/Src/stm32g4xx_hal_pwr_ex.o
 .ARM.attributes
                0x0000000000000483       0x34 ./Drivers/STM32G4xx_HAL_Driver/Src/stm32g4xx_hal_rcc.o
 .ARM.attributes
                0x00000000000004b7       0x34 ./Drivers/STM32G4xx_HAL_Driver/Src/stm32g4xx_hal_rcc_ex.o
 .ARM.attributes
                0x00000000000004eb       0x34 ./Drivers/STM32G4xx_HAL_Driver/Src/stm32g4xx_hal_tim.o
 .ARM.attributes
                0x000000000000051f       0x34 ./Drivers/STM32G4xx_HAL_Driver/Src/stm32g4xx_hal_tim_ex.o
 .ARM.attributes
                0x0000000000000553       0x34 C:\Users\moshte\Desktop\moshte\Firmware projects\CubeIDE\Workspace\semgdaq_\Firmware\semgdaq\Drivers\CMSIS\Lib\GCC\libarm_cortexM4lf_math.a(arm_mat_mult_f32.o)
 .ARM.attributes
                0x0000000000000587       0x34 C:\Users\moshte\Desktop\moshte\Firmware projects\CubeIDE\Workspace\semgdaq_\Firmware\semgdaq\Drivers\CMSIS\Lib\GCC\libarm_cortexM4lf_math.a(arm_mat_inverse_f32.o)
 .ARM.attributes
                0x00000000000005bb       0x34 C:\Users\moshte\Desktop\moshte\Firmware projects\CubeIDE\Workspace\semgdaq_\Firmware\semgdaq\Drivers\CMSIS\Lib\GCC\libarm_cortexM4lf_math.a(arm_mat_init_f32.o)
 .ARM.attributes
                0x00000000000005ef       0x34 C:\Users\moshte\Desktop\moshte\Firmware projects\CubeIDE\Workspace\semgdaq_\Firmware\semgdaq\Drivers\CMSIS\Lib\GCC\libarm_cortexM4lf_math.a(arm_biquad_cascade_df2t_f32.o)
 .ARM.attributes
                0x0000000000000623       0x34 C:\Users\moshte\Desktop\moshte\Firmware projects\CubeIDE\Workspace\semgdaq_\Firmware\semgdaq\Drivers\CMSIS\Lib\GCC\libarm_cortexM4lf_math.a(arm_biquad_cascade_df2t_init_f32.o)
 .ARM.attributes
                0x0000000000000657       0x34 C:\Users\moshte\Desktop\moshte\Firmware projects\CubeIDE\Workspace\semgdaq_\Firmware\semgdaq\Drivers\CMSIS\Lib\GCC\libarm_cortexM4lf_math.a(arm_dot_prod_f32.o)
 .ARM.attributes
                0x000000000000068b       0x34 C:/ST/STM32CubeIDE_1.14.0/STM32CubeIDE/plugins/com.st.stm32cube.ide.mcu.externaltools.gnu-tools-for-stm32.11.3.rel1.win32_1.1.100.202309141235/tools/bin/../lib/gcc/arm-none-eabi/11.3.1/../../../../arm-none-eabi/lib/thumb/v7e-m+fp/hard\libc_nano.a(libc_a-findfp.o)
 .ARM.attributes
                0x00000000000006bf       0x34 C:/ST/STM32CubeIDE_1.14.0/STM32CubeIDE/plugins/com.st.stm32cube.ide.mcu.externaltools.gnu-tools-for-stm32.11.3.rel1.win32_1.1.100.202309141235/tools/bin/../lib/gcc/arm-none-eabi/11.3.1/../../../../arm-none-eabi/lib/thumb/v7e-m+fp/hard\libc_nano.a(libc_a-memset.o)
 .ARM.attributes
                0x00000000000006f3       0x34 C:/ST/STM32CubeIDE_1.14.0/STM32CubeIDE/plugins/com.st.stm32cube.ide.mcu.externaltools.gnu-tools-for-stm32.11.3.rel1.win32_1.1.100.202309141235/tools/bin/../lib/gcc/arm-none-eabi/11.3.1/../../../../arm-none-eabi/lib/thumb/v7e-m+fp/hard\libc_nano.a(libc_a-impure.o)
 .ARM.attributes
                0x0000000000000727       0x34 C:/ST/STM32CubeIDE_1.14.0/STM32CubeIDE/plugins/com.st.stm32cube.ide.mcu.externaltools.gnu-tools-for-stm32.11.3.rel1.win32_1.1.100.202309141235/tools/bin/../lib/gcc/arm-none-eabi/11.3.1/../../../../arm-none-eabi/lib/thumb/v7e-m+fp/hard\libc_nano.a(libc_a-errno.o)
 .ARM.attributes
                0x000000000000075b       0x34 C:/ST/STM32CubeIDE_1.14.0/STM32CubeIDE/plugins/com.st.stm32cube.ide.mcu.externaltools.gnu-tools-for-stm32.11.3.rel1.win32_1.1.100.202309141235/tools/bin/../lib/gcc/arm-none-eabi/11.3.1/../../../../arm-none-eabi/lib/thumb/v7e-m+fp/hard\libc_nano.a(libc_a-init.o)
 .ARM.attributes
                0x000000000000078f       0x34 C:/ST/STM32CubeIDE_1.14.0/STM32CubeIDE/plugins/com.st.stm32cube.ide.mcu.externaltools.gnu-tools-for-stm32.11.3.rel1.win32_1.1.100.202309141235/tools/bin/../lib/gcc/arm-none-eabi/11.3.1/../../../../arm-none-eabi/lib/thumb/v7e-m+fp/hard\libm.a(libm_a-w_sqrt.o)
 .ARM.attributes
                0x00000000000007c3       0x34 C:/ST/STM32CubeIDE_1.14.0/STM32CubeIDE/plugins/com.st.stm32cube.ide.mcu.externaltools.gnu-tools-for-stm32.11.3.rel1.win32_1.1.100.202309141235/tools/bin/../lib/gcc/arm-none-eabi/11.3.1/../../../../arm-none-eabi/lib/thumb/v7e-m+fp/hard\libm.a(libm_a-e_sqrt.o)
 .ARM.attributes
                0x00000000000007f7       0x1e C:/ST/STM32CubeIDE_1.14.0/STM32CubeIDE/plugins/com.st.stm32cube.ide.mcu.externaltools.gnu-tools-for-stm32.11.3.rel1.win32_1.1.100.202309141235/tools/bin/../lib/gcc/arm-none-eabi/11.3.1/thumb/v7e-m+fp/hard\libgcc.a(_arm_addsubdf3.o)
 .ARM.attributes
                0x0000000000000815       0x1e C:/ST/STM32CubeIDE_1.14.0/STM32CubeIDE/plugins/com.st.stm32cube.ide.mcu.externaltools.gnu-tools-for-stm32.11.3.rel1.win32_1.1.100.202309141235/tools/bin/../lib/gcc/arm-none-eabi/11.3.1/thumb/v7e-m+fp/hard\libgcc.a(_arm_muldivdf3.o)
 .ARM.attributes
                0x0000000000000833       0x1e C:/ST/STM32CubeIDE_1.14.0/STM32CubeIDE/plugins/com.st.stm32cube.ide.mcu.externaltools.gnu-tools-for-stm32.11.3.rel1.win32_1.1.100.202309141235/tools/bin/../lib/gcc/arm-none-eabi/11.3.1/thumb/v7e-m+fp/hard\libgcc.a(_arm_cmpdf2.o)
 .ARM.attributes
                0x0000000000000851       0x1e C:/ST/STM32CubeIDE_1.14.0/STM32CubeIDE/plugins/com.st.stm32cube.ide.mcu.externaltools.gnu-tools-for-stm32.11.3.rel1.win32_1.1.100.202309141235/tools/bin/../lib/gcc/arm-none-eabi/11.3.1/thumb/v7e-m+fp/hard\libgcc.a(_arm_unorddf2.o)
 .ARM.attributes
                0x000000000000086f       0x1e C:/ST/STM32CubeIDE_1.14.0/STM32CubeIDE/plugins/com.st.stm32cube.ide.mcu.externaltools.gnu-tools-for-stm32.11.3.rel1.win32_1.1.100.202309141235/tools/bin/../lib/gcc/arm-none-eabi/11.3.1/thumb/v7e-m+fp/hard\libgcc.a(_arm_truncdfsf2.o)
 .ARM.attributes
                0x000000000000088d       0x1e C:/ST/STM32CubeIDE_1.14.0/STM32CubeIDE/plugins/com.st.stm32cube.ide.mcu.externaltools.gnu-tools-for-stm32.11.3.rel1.win32_1.1.100.202309141235/tools/bin/../lib/gcc/arm-none-eabi/11.3.1/thumb/v7e-m+fp/hard/crtn.o
OUTPUT(semgdaq.elf elf32-littlearm)
LOAD linker stubs
LOAD C:/ST/STM32CubeIDE_1.14.0/STM32CubeIDE/plugins/com.st.stm32cube.ide.mcu.externaltools.gnu-tools-for-stm32.11.3.rel1.win32_1.1.100.202309141235/tools/bin/../lib/gcc/arm-none-eabi/11.3.1/../../../../arm-none-eabi/lib/thumb/v7e-m+fp/hard\libc.a
LOAD C:/ST/STM32CubeIDE_1.14.0/STM32CubeIDE/plugins/com.st.stm32cube.ide.mcu.externaltools.gnu-tools-for-stm32.11.3.rel1.win32_1.1.100.202309141235/tools/bin/../lib/gcc/arm-none-eabi/11.3.1/../../../../arm-none-eabi/lib/thumb/v7e-m+fp/hard\libm.a
LOAD C:/ST/STM32CubeIDE_1.14.0/STM32CubeIDE/plugins/com.st.stm32cube.ide.mcu.externaltools.gnu-tools-for-stm32.11.3.rel1.win32_1.1.100.202309141235/tools/bin/../lib/gcc/arm-none-eabi/11.3.1/thumb/v7e-m+fp/hard\libgcc.a

.comment        0x0000000000000000       0xb8
 .comment       0x0000000000000000       0x43 C:/ST/STM32CubeIDE_1.14.0/STM32CubeIDE/plugins/com.st.stm32cube.ide.mcu.externaltools.gnu-tools-for-stm32.11.3.rel1.win32_1.1.100.202309141235/tools/bin/../lib/gcc/arm-none-eabi/11.3.1/thumb/v7e-m+fp/hard/crtbegin.o
                                         0x44 (size before relaxing)
 .comment       0x0000000000000043       0x44 ./Core/Src/_ADCn_INx_AR.o
 .comment       0x0000000000000043       0x44 ./Core/Src/_ADCn_INx_MA.o
 .comment       0x0000000000000043       0x44 ./Core/Src/_ADCn_INx_NF.o
 .comment       0x0000000000000043       0x44 ./Core/Src/_ADCn_INx_Offset.o
 .comment       0x0000000000000043       0x44 ./Core/Src/_ADCn_INx_SD_BL.o
 .comment       0x0000000000000043       0x44 ./Core/Src/_ADCn_INx_SSC.o
 .comment       0x0000000000000043       0x44 ./Core/Src/_ADCn_INx_TKEO.o
 .comment       0x0000000000000043       0x44 ./Core/Src/_DMA_Sort.o
 .comment       0x0000000000000043       0x44 ./Core/Src/main.o
 .comment       0x0000000000000043       0x44 ./Core/Src/stm32g4xx_hal_msp.o
 .comment       0x0000000000000043       0x44 ./Core/Src/stm32g4xx_it.o
 .comment       0x0000000000000043       0x44 ./Core/Src/system_stm32g4xx.o
 .comment       0x0000000000000043       0x44 ./Drivers/STM32G4xx_HAL_Driver/Src/stm32g4xx_hal.o
 .comment       0x0000000000000043       0x44 ./Drivers/STM32G4xx_HAL_Driver/Src/stm32g4xx_hal_adc.o
 .comment       0x0000000000000043       0x44 ./Drivers/STM32G4xx_HAL_Driver/Src/stm32g4xx_hal_adc_ex.o
 .comment       0x0000000000000043       0x44 ./Drivers/STM32G4xx_HAL_Driver/Src/stm32g4xx_hal_cortex.o
 .comment       0x0000000000000043       0x44 ./Drivers/STM32G4xx_HAL_Driver/Src/stm32g4xx_hal_dma.o
 .comment       0x0000000000000043       0x44 ./Drivers/STM32G4xx_HAL_Driver/Src/stm32g4xx_hal_fmac.o
 .comment       0x0000000000000043       0x44 ./Drivers/STM32G4xx_HAL_Driver/Src/stm32g4xx_hal_gpio.o
 .comment       0x0000000000000043       0x44 ./Drivers/STM32G4xx_HAL_Driver/Src/stm32g4xx_hal_pwr_ex.o
 .comment       0x0000000000000043       0x44 ./Drivers/STM32G4xx_HAL_Driver/Src/stm32g4xx_hal_rcc.o
 .comment       0x0000000000000043       0x44 ./Drivers/STM32G4xx_HAL_Driver/Src/stm32g4xx_hal_rcc_ex.o
 .comment       0x0000000000000043       0x44 ./Drivers/STM32G4xx_HAL_Driver/Src/stm32g4xx_hal_tim.o
 .comment       0x0000000000000043       0x44 ./Drivers/STM32G4xx_HAL_Driver/Src/stm32g4xx_hal_tim_ex.o
 .comment       0x0000000000000043       0x75 C:\Users\moshte\Desktop\moshte\Firmware projects\CubeIDE\Workspace\semgdaq_\Firmware\semgdaq\Drivers\CMSIS\Lib\GCC\libarm_cortexM4lf_math.a(arm_mat_mult_f32.o)
                                         0x76 (size before relaxing)
 .comment       0x00000000000000b8       0x76 C:\Users\moshte\Desktop\moshte\Firmware projects\CubeIDE\Workspace\semgdaq_\Firmware\semgdaq\Drivers\CMSIS\Lib\GCC\libarm_cortexM4lf_math.a(arm_mat_inverse_f32.o)