11:44:06 **** Incremental Build of configuration Debug for project semgdaq ****
make -j8 all 
arm-none-eabi-gcc "../Core/Src/_ADCn_INx_Offset.c" -mcpu=cortex-m4 -std=gnu11 -g3 -DDEBUG -DARM_MATH_CM4 -DUSE_HAL_DRIVER -DSTM32G4A1xx -c -I../Core/Inc -I"C:/Users/moshte/Desktop/moshte/Firmware projects/CubeIDE/Workspace/semgdaq_/Firmware/semgdaq/Drivers/CMSIS/DSP/Include" -I../Drivers/STM32G4xx_HAL_Driver/Inc -I../Drivers/STM32G4xx_HAL_Driver/Inc/Legacy -I../Drivers/CMSIS/Device/ST/STM32G4xx/Include -I../Drivers/CMSIS/Include -O0 -ffunction-sections -fdata-sections -Wall -fstack-usage -fcyclomatic-complexity -MMD -MP -MF"Core/Src/_ADCn_INx_Offset.d" -MT"Core/Src/_ADCn_INx_Offset.o" --specs=nano.specs -mfpu=fpv4-sp-d16 -mfloat-abi=hard -mthumb -o "Core/Src/_ADCn_INx_Offset.o"
../Core/Src/_ADCn_INx_Offset.c: In function 'ADC1_IN1_OffsetCalc':
../Core/Src/_ADCn_INx_Offset.c:20:26: error: 'ADC1_IN2_MA_ptr' undeclared (first use in this function); did you mean 'ADC1_IN2_MA'?
   20 |                 Sum_1 += ADC1_IN2_MA_ptr->
      |                          ^~~~~~~~~~~~~~~
      |                          ADC1_IN2_MA
../Core/Src/_ADCn_INx_Offset.c:20:26: note: each undeclared identifier is reported only once for each function it appears in
../Core/Src/_ADCn_INx_Offset.c:21:9: error: expected identifier before '}' token
   21 |         }
      |         ^
../Core/Src/_ADCn_INx_Offset.c:16:19: warning: variable 'Sum_1' set but not used [-Wunused-but-set-variable]
   16 |         float32_t Sum_1 = 0.0f;
      |                   ^~~~~
../Core/Src/_ADCn_INx_Offset.c:22:1: warning: control reaches end of non-void function [-Wreturn-type]
   22 | }
      | ^
make: *** [Core/Src/subdir.mk:46: Core/Src/_ADCn_INx_Offset.o] Error 1
"make -j8 all" terminated with exit code 2. Build might be incomplete.
11:45:06 **** Incremental Build of configuration Debug for project semgdaq ****
make -j8 all 
arm-none-eabi-gcc "../Core/Src/_ADCn_INx_Offset.c" -mcpu=cortex-m4 -std=gnu11 -g3 -DDEBUG -DARM_MATH_CM4 -DUSE_HAL_DRIVER -DSTM32G4A1xx -c -I../Core/Inc -I"C:/Users/moshte/Desktop/moshte/Firmware projects/CubeIDE/Workspace/semgdaq_/Firmware/semgdaq/Drivers/CMSIS/DSP/Include" -I../Drivers/STM32G4xx_HAL_Driver/Inc -I../Drivers/STM32G4xx_HAL_Driver/Inc/Legacy -I../Drivers/CMSIS/Device/ST/STM32G4xx/Include -I../Drivers/CMSIS/Include -O0 -ffunction-sections -fdata-sections -Wall -fstack-usage -fcyclomatic-complexity -MMD -MP -MF"Core/Src/_ADCn_INx_Offset.d" -MT"Core/Src/_ADCn_INx_Offset.o" --specs=nano.specs -mfpu=fpv4-sp-d16 -mfloat-abi=hard -mthumb -o "Core/Src/_ADCn_INx_Offset.o"
../Core/Src/_ADCn_INx_Offset.c: In function 'ADC1_IN1_OffsetCalc':
../Core/Src/_ADCn_INx_Offset.c:20:26: error: 'ADC1_IN2_MA_ptr' undeclared (first use in this function); did you mean 'ADC1_IN2_MA'?
   20 |                 Sum_1 += ADC1_IN2_MA_ptr->
      |                          ^~~~~~~~~~~~~~~
      |                          ADC1_IN2_MA
../Core/Src/_ADCn_INx_Offset.c:20:26: note: each undeclared identifier is reported only once for each function it appears in
../Core/Src/_ADCn_INx_Offset.c:21:9: error: expected identifier before '}' token
   21 |         }
      |         ^
../Core/Src/_ADCn_INx_Offset.c:16:19: warning: variable 'Sum_1' set but not used [-Wunused-but-set-variable]
   16 |         float32_t Sum_1 = 0.0f;
      |                   ^~~~~
../Core/Src/_ADCn_INx_Offset.c:22:1: warning: control reaches end of non-void function [-Wreturn-type]
   22 | }
      | ^
make: *** [Core/Src/subdir.mk:46: Core/Src/_ADCn_INx_Offset.o] Error 1
"make -j8 all" terminated with exit code 2. Build might be incomplete.
11:49:15 **** Incremental Build of configuration Debug for project semgdaq ****
make -j8 all 
arm-none-eabi-gcc "../Core/Src/_ADCn_INx_Offset.c" -mcpu=cortex-m4 -std=gnu11 -g3 -DDEBUG -DARM_MATH_CM4 -DUSE_HAL_DRIVER -DSTM32G4A1xx -c -I../Core/Inc -I"C:/Users/moshte/Desktop/moshte/Firmware projects/CubeIDE/Workspace/semgdaq_/Firmware/semgdaq/Drivers/CMSIS/DSP/Include" -I../Drivers/STM32G4xx_HAL_Driver/Inc -I../Drivers/STM32G4xx_HAL_Driver/Inc/Legacy -I../Drivers/CMSIS/Device/ST/STM32G4xx/Include -I../Drivers/CMSIS/Include -O0 -ffunction-sections -fdata-sections -Wall -fstack-usage -fcyclomatic-complexity -MMD -MP -MF"Core/Src/_ADCn_INx_Offset.d" -MT"Core/Src/_ADCn_INx_Offset.o" --specs=nano.specs -mfpu=fpv4-sp-d16 -mfloat-abi=hard -mthumb -o "Core/Src/_ADCn_INx_Offset.o"
../Core/Src/_ADCn_INx_Offset.c: In function 'ADC1_IN1_OffsetCalc':
../Core/Src/_ADCn_INx_Offset.c:16:19: warning: unused variable 'Sum_1' [-Wunused-variable]
   16 |         float32_t Sum_1 = 0.0f;
      |                   ^~~~~
../Core/Src/_ADCn_INx_Offset.c:22:1: warning: control reaches end of non-void function [-Wreturn-type]
   22 | }
      | ^
arm-none-eabi-gcc -o "semgdaq.elf" @"objects.list"  -larm_cortexM4lf_math -mcpu=cortex-m4 -T"C:\Users\moshte\Desktop\moshte\Firmware projects\CubeIDE\Workspace\semgdaq_\Firmware\semgdaq\STM32G4A1VETX_FLASH.ld" --specs=nosys.specs -Wl,-Map="semgdaq.map" -Wl,--gc-sections -static -L"C:\Users\moshte\Desktop\moshte\Firmware projects\CubeIDE\Workspace\semgdaq_\Firmware\semgdaq\Drivers\CMSIS\Lib\GCC" --specs=nano.specs -mfpu=fpv4-sp-d16 -mfloat-abi=hard -mthumb -Wl,--start-group -lc -lm -Wl,--end-group
Finished building target: semgdaq.elf
 
arm-none-eabi-size  semgdaq.elf 
arm-none-eabi-objdump -h -S semgdaq.elf  > "semgdaq.list"
   text	   data	    bss	    dec	    hex	filename
  23452	  30844	   6564	  60860	   edbc	semgdaq.elf
Finished building: default.size.stdout
 
Finished building: semgdaq.list
 
11:51:18 **** Incremental Build of configuration Debug for project semgdaq ****
make -j8 all 
arm-none-eabi-gcc "../Core/Src/_ADCn_INx_Offset.c" -mcpu=cortex-m4 -std=gnu11 -g3 -DDEBUG -DARM_MATH_CM4 -DUSE_HAL_DRIVER -DSTM32G4A1xx -c -I../Core/Inc -I"C:/Users/moshte/Desktop/moshte/Firmware projects/CubeIDE/Workspace/semgdaq_/Firmware/semgdaq/Drivers/CMSIS/DSP/Include" -I../Drivers/STM32G4xx_HAL_Driver/Inc -I../Drivers/STM32G4xx_HAL_Driver/Inc/Legacy -I../Drivers/CMSIS/Device/ST/STM32G4xx/Include -I../Drivers/CMSIS/Include -O0 -ffunction-sections -fdata-sections -Wall -fstack-usage -fcyclomatic-complexity -MMD -MP -MF"Core/Src/_ADCn_INx_Offset.d" -MT"Core/Src/_ADCn_INx_Offset.o" --specs=nano.specs -mfpu=fpv4-sp-d16 -mfloat-abi=hard -mthumb -o "Core/Src/_ADCn_INx_Offset.o"
../Core/Src/_ADCn_INx_Offset.c: In function 'ADC1_IN1_OffsetCalc':
../Core/Src/_ADCn_INx_Offset.c:20:68: error: expected ';' before '}' token
   20 |                 Sum_1 += ADC1_IN1_Offset_ptr->MA_ADC1_IN1_OutBfr[h]
      |                                                                    ^
      |                                                                    ;
   21 |         }
      |         ~                                                           
make: *** [Core/Src/subdir.mk:46: Core/Src/_ADCn_INx_Offset.o] Error 1
"make -j8 all" terminated with exit code 2. Build might be incomplete.
11:51:44 **** Incremental Build of configuration Debug for project semgdaq ****
make -j8 all 
arm-none-eabi-gcc "../Core/Src/_ADCn_INx_Offset.c" -mcpu=cortex-m4 -std=gnu11 -g3 -DDEBUG -DARM_MATH_CM4 -DUSE_HAL_DRIVER -DSTM32G4A1xx -c -I../Core/Inc -I"C:/Users/moshte/Desktop/moshte/Firmware projects/CubeIDE/Workspace/semgdaq_/Firmware/semgdaq/Drivers/CMSIS/DSP/Include" -I../Drivers/STM32G4xx_HAL_Driver/Inc -I../Drivers/STM32G4xx_HAL_Driver/Inc/Legacy -I../Drivers/CMSIS/Device/ST/STM32G4xx/Include -I../Drivers/CMSIS/Include -O0 -ffunction-sections -fdata-sections -Wall -fstack-usage -fcyclomatic-complexity -MMD -MP -MF"Core/Src/_ADCn_INx_Offset.d" -MT"Core/Src/_ADCn_INx_Offset.o" --specs=nano.specs -mfpu=fpv4-sp-d16 -mfloat-abi=hard -mthumb -o "Core/Src/_ADCn_INx_Offset.o"
arm-none-eabi-gcc -o "semgdaq.elf" @"objects.list"  -larm_cortexM4lf_math -mcpu=cortex-m4 -T"C:\Users\moshte\Desktop\moshte\Firmware projects\CubeIDE\Workspace\semgdaq_\Firmware\semgdaq\STM32G4A1VETX_FLASH.ld" --specs=nosys.specs -Wl,-Map="semgdaq.map" -Wl,--gc-sections -static -L"C:\Users\moshte\Desktop\moshte\Firmware projects\CubeIDE\Workspace\semgdaq_\Firmware\semgdaq\Drivers\CMSIS\Lib\GCC" --specs=nano.specs -mfpu=fpv4-sp-d16 -mfloat-abi=hard -mthumb -Wl,--start-group -lc -lm -Wl,--end-group
Finished building target: semgdaq.elf
 
arm-none-eabi-size  semgdaq.elf 
arm-none-eabi-objdump -h -S semgdaq.elf  > "semgdaq.list"
   text	   data	    bss	    dec	    hex	filename
  23452	  30844	   6564	  60860	   edbc	semgdaq.elf
Finished building: default.size.stdout
 
Finished building: semgdaq.list
 
11:54:09 **** Incremental Build of configuration Debug for project semgdaq ****
make -j8 all 
arm-none-eabi-gcc "../Core/Src/_ADCn_INx_Offset.c" -mcpu=cortex-m4 -std=gnu11 -g3 -DDEBUG -DARM_MATH_CM4 -DUSE_HAL_DRIVER -DSTM32G4A1xx -c -I../Core/Inc -I"C:/Users/moshte/Desktop/moshte/Firmware projects/CubeIDE/Workspace/semgdaq_/Firmware/semgdaq/Drivers/CMSIS/DSP/Include" -I../Drivers/STM32G4xx_HAL_Driver/Inc -I../Drivers/STM32G4xx_HAL_Driver/Inc/Legacy -I../Drivers/CMSIS/Device/ST/STM32G4xx/Include -I../Drivers/CMSIS/Include -O0 -ffunction-sections -fdata-sections -Wall -fstack-usage -fcyclomatic-complexity -MMD -MP -MF"Core/Src/_ADCn_INx_Offset.d" -MT"Core/Src/_ADCn_INx_Offset.o" --specs=nano.specs -mfpu=fpv4-sp-d16 -mfloat-abi=hard -mthumb -o "Core/Src/_ADCn_INx_Offset.o"
arm-none-eabi-gcc -o "semgdaq.elf" @"objects.list"  -larm_cortexM4lf_math -mcpu=cortex-m4 -T"C:\Users\moshte\Desktop\moshte\Firmware projects\CubeIDE\Workspace\semgdaq_\Firmware\semgdaq\STM32G4A1VETX_FLASH.ld" --specs=nosys.specs -Wl,-Map="semgdaq.map" -Wl,--gc-sections -static -L"C:\Users\moshte\Desktop\moshte\Firmware projects\CubeIDE\Workspace\semgdaq_\Firmware\semgdaq\Drivers\CMSIS\Lib\GCC" --specs=nano.specs -mfpu=fpv4-sp-d16 -mfloat-abi=hard -mthumb -Wl,--start-group -lc -lm -Wl,--end-group
Finished building target: semgdaq.elf
 
arm-none-eabi-size  semgdaq.elf 
arm-none-eabi-objdump -h -S semgdaq.elf  > "semgdaq.list"
   text	   data	    bss	    dec	    hex	filename
  23452	  30844	   6564	  60860	   edbc	semgdaq.elf
Finished building: default.size.stdout
 
Finished building: semgdaq.list
 
11:55:55 **** Incremental Build of configuration Debug for project semgdaq ****
make -j8 all 
arm-none-eabi-gcc "../Core/Src/_ADCn_INx_Offset.c" -mcpu=cortex-m4 -std=gnu11 -g3 -DDEBUG -DARM_MATH_CM4 -DUSE_HAL_DRIVER -DSTM32G4A1xx -c -I../Core/Inc -I"C:/Users/moshte/Desktop/moshte/Firmware projects/CubeIDE/Workspace/semgdaq_/Firmware/semgdaq/Drivers/CMSIS/DSP/Include" -I../Drivers/STM32G4xx_HAL_Driver/Inc -I../Drivers/STM32G4xx_HAL_Driver/Inc/Legacy -I../Drivers/CMSIS/Device/ST/STM32G4xx/Include -I../Drivers/CMSIS/Include -O0 -ffunction-sections -fdata-sections -Wall -fstack-usage -fcyclomatic-complexity -MMD -MP -MF"Core/Src/_ADCn_INx_Offset.d" -MT"Core/Src/_ADCn_INx_Offset.o" --specs=nano.specs -mfpu=fpv4-sp-d16 -mfloat-abi=hard -mthumb -o "Core/Src/_ADCn_INx_Offset.o"
arm-none-eabi-gcc -o "semgdaq.elf" @"objects.list"  -larm_cortexM4lf_math -mcpu=cortex-m4 -T"C:\Users\moshte\Desktop\moshte\Firmware projects\CubeIDE\Workspace\semgdaq_\Firmware\semgdaq\STM32G4A1VETX_FLASH.ld" --specs=nosys.specs -Wl,-Map="semgdaq.map" -Wl,--gc-sections -static -L"C:\Users\moshte\Desktop\moshte\Firmware projects\CubeIDE\Workspace\semgdaq_\Firmware\semgdaq\Drivers\CMSIS\Lib\GCC" --specs=nano.specs -mfpu=fpv4-sp-d16 -mfloat-abi=hard -mthumb -Wl,--start-group -lc -lm -Wl,--end-group
Finished building target: semgdaq.elf
 
arm-none-eabi-size  semgdaq.elf 
arm-none-eabi-objdump -h -S semgdaq.elf  > "semgdaq.list"
   text	   data	    bss	    dec	    hex	filename
  23452	  30844	   6564	  60860	   edbc	semgdaq.elf
Finished building: default.size.stdout
 
Finished building: semgdaq.list
 
11:57:25 **** Incremental Build of configuration Debug for project semgdaq ****
make -j8 all 
arm-none-eabi-gcc "../Core/Src/_ADCn_INx_Offset.c" -mcpu=cortex-m4 -std=gnu11 -g3 -DDEBUG -DARM_MATH_CM4 -DUSE_HAL_DRIVER -DSTM32G4A1xx -c -I../Core/Inc -I"C:/Users/moshte/Desktop/moshte/Firmware projects/CubeIDE/Workspace/semgdaq_/Firmware/semgdaq/Drivers/CMSIS/DSP/Include" -I../Drivers/STM32G4xx_HAL_Driver/Inc -I../Drivers/STM32G4xx_HAL_Driver/Inc/Legacy -I../Drivers/CMSIS/Device/ST/STM32G4xx/Include -I../Drivers/CMSIS/Include -O0 -ffunction-sections -fdata-sections -Wall -fstack-usage -fcyclomatic-complexity -MMD -MP -MF"Core/Src/_ADCn_INx_Offset.d" -MT"Core/Src/_ADCn_INx_Offset.o" --specs=nano.specs -mfpu=fpv4-sp-d16 -mfloat-abi=hard -mthumb -o "Core/Src/_ADCn_INx_Offset.o"
arm-none-eabi-gcc -o "semgdaq.elf" @"objects.list"  -larm_cortexM4lf_math -mcpu=cortex-m4 -T"C:\Users\moshte\Desktop\moshte\Firmware projects\CubeIDE\Workspace\semgdaq_\Firmware\semgdaq\STM32G4A1VETX_FLASH.ld" --specs=nosys.specs -Wl,-Map="semgdaq.map" -Wl,--gc-sections -static -L"C:\Users\moshte\Desktop\moshte\Firmware projects\CubeIDE\Workspace\semgdaq_\Firmware\semgdaq\Drivers\CMSIS\Lib\GCC" --specs=nano.specs -mfpu=fpv4-sp-d16 -mfloat-abi=hard -mthumb -Wl,--start-group -lc -lm -Wl,--end-group
Finished building target: semgdaq.elf
 
arm-none-eabi-size  semgdaq.elf 
arm-none-eabi-objdump -h -S semgdaq.elf  > "semgdaq.list"
   text	   data	    bss	    dec	    hex	filename
  23452	  30844	   6564	  60860	   edbc	semgdaq.elf
Finished building: default.size.stdout
 
Finished building: semgdaq.list
 
11:58:13 **** Incremental Build of configuration Debug for project semgdaq ****
make -j8 all 
arm-none-eabi-gcc "../Core/Src/_ADCn_INx_Offset.c" -mcpu=cortex-m4 -std=gnu11 -g3 -DDEBUG -DARM_MATH_CM4 -DUSE_HAL_DRIVER -DSTM32G4A1xx -c -I../Core/Inc -I"C:/Users/moshte/Desktop/moshte/Firmware projects/CubeIDE/Workspace/semgdaq_/Firmware/semgdaq/Drivers/CMSIS/DSP/Include" -I../Drivers/STM32G4xx_HAL_Driver/Inc -I../Drivers/STM32G4xx_HAL_Driver/Inc/Legacy -I../Drivers/CMSIS/Device/ST/STM32G4xx/Include -I../Drivers/CMSIS/Include -O0 -ffunction-sections -fdata-sections -Wall -fstack-usage -fcyclomatic-complexity -MMD -MP -MF"Core/Src/_ADCn_INx_Offset.d" -MT"Core/Src/_ADCn_INx_Offset.o" --specs=nano.specs -mfpu=fpv4-sp-d16 -mfloat-abi=hard -mthumb -o "Core/Src/_ADCn_INx_Offset.o"
arm-none-eabi-gcc -o "semgdaq.elf" @"objects.list"  -larm_cortexM4lf_math -mcpu=cortex-m4 -T"C:\Users\moshte\Desktop\moshte\Firmware projects\CubeIDE\Workspace\semgdaq_\Firmware\semgdaq\STM32G4A1VETX_FLASH.ld" --specs=nosys.specs -Wl,-Map="semgdaq.map" -Wl,--gc-sections -static -L"C:\Users\moshte\Desktop\moshte\Firmware projects\CubeIDE\Workspace\semgdaq_\Firmware\semgdaq\Drivers\CMSIS\Lib\GCC" --specs=nano.specs -mfpu=fpv4-sp-d16 -mfloat-abi=hard -mthumb -Wl,--start-group -lc -lm -Wl,--end-group
Finished building target: semgdaq.elf
 
arm-none-eabi-size  semgdaq.elf 
arm-none-eabi-objdump -h -S semgdaq.elf  > "semgdaq.list"
   text	   data	    bss	    dec	    hex	filename
  23452	  30844	   6564	  60860	   edbc	semgdaq.elf
Finished building: default.size.stdout
 
Finished building: semgdaq.list
 
12:05:21 **** Incremental Build of configuration Debug for project semgdaq ****
make -j8 all 
arm-none-eabi-gcc "../Core/Src/_ADCn_INx_MA.c" -mcpu=cortex-m4 -std=gnu11 -g3 -DDEBUG -DARM_MATH_CM4 -DUSE_HAL_DRIVER -DSTM32G4A1xx -c -I../Core/Inc -I"C:/Users/moshte/Desktop/moshte/Firmware projects/CubeIDE/Workspace/semgdaq_/Firmware/semgdaq/Drivers/CMSIS/DSP/Include" -I../Drivers/STM32G4xx_HAL_Driver/Inc -I../Drivers/STM32G4xx_HAL_Driver/Inc/Legacy -I../Drivers/CMSIS/Device/ST/STM32G4xx/Include -I../Drivers/CMSIS/Include -O0 -ffunction-sections -fdata-sections -Wall -fstack-usage -fcyclomatic-complexity -MMD -MP -MF"Core/Src/_ADCn_INx_MA.d" -MT"Core/Src/_ADCn_INx_MA.o" --specs=nano.specs -mfpu=fpv4-sp-d16 -mfloat-abi=hard -mthumb -o "Core/Src/_ADCn_INx_MA.o"
../Core/Src/_ADCn_INx_MA.c: In function 'MA_ADC1_IN1_Update':
../Core/Src/_ADCn_INx_MA.c:77:51: error: 'Offset_1' undeclared (first use in this function)
   77 |         ADC1_IN1_MA_ptr->MA_ADC1_IN1_OutBfr[u] -= Offset_1;
      |                                                   ^~~~~~~~
../Core/Src/_ADCn_INx_MA.c:77:51: note: each undeclared identifier is reported only once for each function it appears in
../Core/Src/_ADCn_INx_MA.c: In function 'MA_ADC1_IN2_Update':
../Core/Src/_ADCn_INx_MA.c:143:51: error: 'Offset_2' undeclared (first use in this function)
  143 |         ADC1_IN2_MA_ptr->MA_ADC1_IN2_OutBfr[u] -= Offset_2;
      |                                                   ^~~~~~~~
../Core/Src/_ADCn_INx_MA.c: In function 'MA_ADC2_IN3_Update':
../Core/Src/_ADCn_INx_MA.c:209:41: error: 'u' undeclared (first use in this function)
  209 |     ADC2_IN3_MA_ptr->MA_ADC2_IN3_OutBfr[u] -= Offset_3;
      |                                         ^
../Core/Src/_ADCn_INx_MA.c:209:47: error: 'Offset_3' undeclared (first use in this function)
  209 |     ADC2_IN3_MA_ptr->MA_ADC2_IN3_OutBfr[u] -= Offset_3;
      |                                               ^~~~~~~~
../Core/Src/_ADCn_INx_MA.c: In function 'MA_ADC2_IN4_Update':
../Core/Src/_ADCn_INx_MA.c:273:41: error: 'u' undeclared (first use in this function)
  273 |     ADC2_IN4_MA_ptr->MA_ADC2_IN4_OutBfr[u] -= Offset_4;
      |                                         ^
../Core/Src/_ADCn_INx_MA.c:273:47: error: 'Offset_4' undeclared (first use in this function)
  273 |     ADC2_IN4_MA_ptr->MA_ADC2_IN4_OutBfr[u] -= Offset_4;
      |                                               ^~~~~~~~
../Core/Src/_ADCn_INx_MA.c: In function 'MA_ADC3_IN1_Update':
../Core/Src/_ADCn_INx_MA.c:338:41: error: 'u' undeclared (first use in this function)
  338 |     ADC3_IN1_MA_ptr->MA_ADC3_IN1_OutBfr[u] -= Offset_5;
      |                                         ^
../Core/Src/_ADCn_INx_MA.c:338:47: error: 'Offset_5' undeclared (first use in this function)
  338 |     ADC3_IN1_MA_ptr->MA_ADC3_IN1_OutBfr[u] -= Offset_5;
      |                                               ^~~~~~~~
../Core/Src/_ADCn_INx_MA.c: In function 'MA_ADC3_IN2_Update':
../Core/Src/_ADCn_INx_MA.c:403:41: error: 'u' undeclared (first use in this function)
  403 |     ADC3_IN2_MA_ptr->MA_ADC3_IN2_OutBfr[u] -= Offset_6;
      |                                         ^
../Core/Src/_ADCn_INx_MA.c:403:47: error: 'Offset_6' undeclared (first use in this function)
  403 |     ADC3_IN2_MA_ptr->MA_ADC3_IN2_OutBfr[u] -= Offset_6;
      |                                               ^~~~~~~~
make: *** [Core/Src/subdir.mk:46: Core/Src/_ADCn_INx_MA.o] Error 1
"make -j8 all" terminated with exit code 2. Build might be incomplete.
12:08:50 **** Incremental Build of configuration Debug for project semgdaq ****
make -j8 all 
arm-none-eabi-gcc "../Core/Src/_ADCn_INx_MA.c" -mcpu=cortex-m4 -std=gnu11 -g3 -DDEBUG -DARM_MATH_CM4 -DUSE_HAL_DRIVER -DSTM32G4A1xx -c -I../Core/Inc -I"C:/Users/moshte/Desktop/moshte/Firmware projects/CubeIDE/Workspace/semgdaq_/Firmware/semgdaq/Drivers/CMSIS/DSP/Include" -I../Drivers/STM32G4xx_HAL_Driver/Inc -I../Drivers/STM32G4xx_HAL_Driver/Inc/Legacy -I../Drivers/CMSIS/Device/ST/STM32G4xx/Include -I../Drivers/CMSIS/Include -O0 -ffunction-sections -fdata-sections -Wall -fstack-usage -fcyclomatic-complexity -MMD -MP -MF"Core/Src/_ADCn_INx_MA.d" -MT"Core/Src/_ADCn_INx_MA.o" --specs=nano.specs -mfpu=fpv4-sp-d16 -mfloat-abi=hard -mthumb -o "Core/Src/_ADCn_INx_MA.o"
arm-none-eabi-gcc "../Core/Src/main.c" -mcpu=cortex-m4 -std=gnu11 -g3 -DDEBUG -DARM_MATH_CM4 -DUSE_HAL_DRIVER -DSTM32G4A1xx -c -I../Core/Inc -I"C:/Users/moshte/Desktop/moshte/Firmware projects/CubeIDE/Workspace/semgdaq_/Firmware/semgdaq/Drivers/CMSIS/DSP/Include" -I../Drivers/STM32G4xx_HAL_Driver/Inc -I../Drivers/STM32G4xx_HAL_Driver/Inc/Legacy -I../Drivers/CMSIS/Device/ST/STM32G4xx/Include -I../Drivers/CMSIS/Include -O0 -ffunction-sections -fdata-sections -Wall -fstack-usage -fcyclomatic-complexity -MMD -MP -MF"Core/Src/main.d" -MT"Core/Src/main.o" --specs=nano.specs -mfpu=fpv4-sp-d16 -mfloat-abi=hard -mthumb -o "Core/Src/main.o"
../Core/Src/_ADCn_INx_MA.c: In function 'MA_ADC1_IN1_Update':
../Core/Src/_ADCn_INx_MA.c:77:51: error: 'Offset_1' undeclared (first use in this function)
   77 |         ADC1_IN1_MA_ptr->MA_ADC1_IN1_OutBfr[u] -= Offset_1;
      |                                                   ^~~~~~~~
../Core/Src/_ADCn_INx_MA.c:77:51: note: each undeclared identifier is reported only once for each function it appears in
../Core/Src/_ADCn_INx_MA.c: In function 'MA_ADC1_IN2_Update':
../Core/Src/_ADCn_INx_MA.c:143:51: error: 'Offset_2' undeclared (first use in this function)
  143 |         ADC1_IN2_MA_ptr->MA_ADC1_IN2_OutBfr[u] -= Offset_2;
      |                                                   ^~~~~~~~
../Core/Src/_ADCn_INx_MA.c: In function 'MA_ADC2_IN3_Update':
../Core/Src/_ADCn_INx_MA.c:209:41: error: 'u' undeclared (first use in this function)
  209 |     ADC2_IN3_MA_ptr->MA_ADC2_IN3_OutBfr[u] -= Offset_3;
      |                                         ^
../Core/Src/_ADCn_INx_MA.c:209:47: error: 'Offset_3' undeclared (first use in this function)
  209 |     ADC2_IN3_MA_ptr->MA_ADC2_IN3_OutBfr[u] -= Offset_3;
      |                                               ^~~~~~~~
../Core/Src/_ADCn_INx_MA.c: In function 'MA_ADC2_IN4_Update':
../Core/Src/_ADCn_INx_MA.c:273:41: error: 'u' undeclared (first use in this function)
  273 |     ADC2_IN4_MA_ptr->MA_ADC2_IN4_OutBfr[u] -= Offset_4;
      |                                         ^
../Core/Src/_ADCn_INx_MA.c:273:47: error: 'Offset_4' undeclared (first use in this function)
  273 |     ADC2_IN4_MA_ptr->MA_ADC2_IN4_OutBfr[u] -= Offset_4;
      |                                               ^~~~~~~~
../Core/Src/_ADCn_INx_MA.c: In function 'MA_ADC3_IN1_Update':
../Core/Src/_ADCn_INx_MA.c:338:41: error: 'u' undeclared (first use in this function)
  338 |     ADC3_IN1_MA_ptr->MA_ADC3_IN1_OutBfr[u] -= Offset_5;
      |                                         ^
../Core/Src/_ADCn_INx_MA.c:338:47: error: 'Offset_5' undeclared (first use in this function)
  338 |     ADC3_IN1_MA_ptr->MA_ADC3_IN1_OutBfr[u] -= Offset_5;
      |                                               ^~~~~~~~
../Core/Src/_ADCn_INx_MA.c: In function 'MA_ADC3_IN2_Update':
../Core/Src/_ADCn_INx_MA.c:403:41: error: 'u' undeclared (first use in this function)
  403 |     ADC3_IN2_MA_ptr->MA_ADC3_IN2_OutBfr[u] -= Offset_6;
      |                                         ^
../Core/Src/_ADCn_INx_MA.c:403:47: error: 'Offset_6' undeclared (first use in this function)
  403 |     ADC3_IN2_MA_ptr->MA_ADC3_IN2_OutBfr[u] -= Offset_6;
      |                                               ^~~~~~~~
make: *** [Core/Src/subdir.mk:46: Core/Src/_ADCn_INx_MA.o] Error 1
make: *** Waiting for unfinished jobs....
"make -j8 all" terminated with exit code 2. Build might be incomplete.
12:09:22 **** Incremental Build of configuration Debug for project semgdaq ****
make -j8 all 
arm-none-eabi-gcc "../Core/Src/_ADCn_INx_MA.c" -mcpu=cortex-m4 -std=gnu11 -g3 -DDEBUG -DARM_MATH_CM4 -DUSE_HAL_DRIVER -DSTM32G4A1xx -c -I../Core/Inc -I"C:/Users/moshte/Desktop/moshte/Firmware projects/CubeIDE/Workspace/semgdaq_/Firmware/semgdaq/Drivers/CMSIS/DSP/Include" -I../Drivers/STM32G4xx_HAL_Driver/Inc -I../Drivers/STM32G4xx_HAL_Driver/Inc/Legacy -I../Drivers/CMSIS/Device/ST/STM32G4xx/Include -I../Drivers/CMSIS/Include -O0 -ffunction-sections -fdata-sections -Wall -fstack-usage -fcyclomatic-complexity -MMD -MP -MF"Core/Src/_ADCn_INx_MA.d" -MT"Core/Src/_ADCn_INx_MA.o" --specs=nano.specs -mfpu=fpv4-sp-d16 -mfloat-abi=hard -mthumb -o "Core/Src/_ADCn_INx_MA.o"
arm-none-eabi-gcc "../Core/Src/main.c" -mcpu=cortex-m4 -std=gnu11 -g3 -DDEBUG -DARM_MATH_CM4 -DUSE_HAL_DRIVER -DSTM32G4A1xx -c -I../Core/Inc -I"C:/Users/moshte/Desktop/moshte/Firmware projects/CubeIDE/Workspace/semgdaq_/Firmware/semgdaq/Drivers/CMSIS/DSP/Include" -I../Drivers/STM32G4xx_HAL_Driver/Inc -I../Drivers/STM32G4xx_HAL_Driver/Inc/Legacy -I../Drivers/CMSIS/Device/ST/STM32G4xx/Include -I../Drivers/CMSIS/Include -O0 -ffunction-sections -fdata-sections -Wall -fstack-usage -fcyclomatic-complexity -MMD -MP -MF"Core/Src/main.d" -MT"Core/Src/main.o" --specs=nano.specs -mfpu=fpv4-sp-d16 -mfloat-abi=hard -mthumb -o "Core/Src/main.o"
../Core/Src/_ADCn_INx_MA.c: In function 'MA_ADC1_IN1_Update':
../Core/Src/_ADCn_INx_MA.c:77:51: error: 'Offset_1' undeclared (first use in this function)
   77 |         ADC1_IN1_MA_ptr->MA_ADC1_IN1_OutBfr[u] -= Offset_1;
      |                                                   ^~~~~~~~
../Core/Src/_ADCn_INx_MA.c:77:51: note: each undeclared identifier is reported only once for each function it appears in
../Core/Src/_ADCn_INx_MA.c: In function 'MA_ADC1_IN2_Update':
../Core/Src/_ADCn_INx_MA.c:143:51: error: 'Offset_2' undeclared (first use in this function)
  143 |         ADC1_IN2_MA_ptr->MA_ADC1_IN2_OutBfr[u] -= Offset_2;
      |                                                   ^~~~~~~~
../Core/Src/_ADCn_INx_MA.c: In function 'MA_ADC2_IN3_Update':
../Core/Src/_ADCn_INx_MA.c:209:41: error: 'u' undeclared (first use in this function)
  209 |     ADC2_IN3_MA_ptr->MA_ADC2_IN3_OutBfr[u] -= Offset_3;
      |                                         ^
../Core/Src/_ADCn_INx_MA.c:209:47: error: 'Offset_3' undeclared (first use in this function)
  209 |     ADC2_IN3_MA_ptr->MA_ADC2_IN3_OutBfr[u] -= Offset_3;
      |                                               ^~~~~~~~
../Core/Src/_ADCn_INx_MA.c: In function 'MA_ADC2_IN4_Update':
../Core/Src/_ADCn_INx_MA.c:273:41: error: 'u' undeclared (first use in this function)
  273 |     ADC2_IN4_MA_ptr->MA_ADC2_IN4_OutBfr[u] -= Offset_4;
      |                                         ^
../Core/Src/_ADCn_INx_MA.c:273:47: error: 'Offset_4' undeclared (first use in this function)
  273 |     ADC2_IN4_MA_ptr->MA_ADC2_IN4_OutBfr[u] -= Offset_4;
      |                                               ^~~~~~~~
../Core/Src/_ADCn_INx_MA.c: In function 'MA_ADC3_IN1_Update':
../Core/Src/_ADCn_INx_MA.c:338:41: error: 'u' undeclared (first use in this function)
  338 |     ADC3_IN1_MA_ptr->MA_ADC3_IN1_OutBfr[u] -= Offset_5;
      |                                         ^
../Core/Src/_ADCn_INx_MA.c:338:47: error: 'Offset_5' undeclared (first use in this function)
  338 |     ADC3_IN1_MA_ptr->MA_ADC3_IN1_OutBfr[u] -= Offset_5;
      |                                               ^~~~~~~~
../Core/Src/_ADCn_INx_MA.c: In function 'MA_ADC3_IN2_Update':
../Core/Src/_ADCn_INx_MA.c:403:41: error: 'u' undeclared (first use in this function)
  403 |     ADC3_IN2_MA_ptr->MA_ADC3_IN2_OutBfr[u] -= Offset_6;
      |                                         ^
../Core/Src/_ADCn_INx_MA.c:403:47: error: 'Offset_6' undeclared (first use in this function)
  403 |     ADC3_IN2_MA_ptr->MA_ADC3_IN2_OutBfr[u] -= Offset_6;
      |                                               ^~~~~~~~
make: *** [Core/Src/subdir.mk:46: Core/Src/_ADCn_INx_MA.o] Error 1
make: *** Waiting for unfinished jobs....
"make -j8 all" terminated with exit code 2. Build might be incomplete.
12:14:58 **** Incremental Build of configuration Debug for project semgdaq ****
make -j8 all 
arm-none-eabi-gcc "../Core/Src/_ADCn_INx_MA.c" -mcpu=cortex-m4 -std=gnu11 -g3 -DDEBUG -DARM_MATH_CM4 -DUSE_HAL_DRIVER -DSTM32G4A1xx -c -I../Core/Inc -I"C:/Users/moshte/Desktop/moshte/Firmware projects/CubeIDE/Workspace/semgdaq_/Firmware/semgdaq/Drivers/CMSIS/DSP/Include" -I../Drivers/STM32G4xx_HAL_Driver/Inc -I../Drivers/STM32G4xx_HAL_Driver/Inc/Legacy -I../Drivers/CMSIS/Device/ST/STM32G4xx/Include -I../Drivers/CMSIS/Include -O0 -ffunction-sections -fdata-sections -Wall -fstack-usage -fcyclomatic-complexity -MMD -MP -MF"Core/Src/_ADCn_INx_MA.d" -MT"Core/Src/_ADCn_INx_MA.o" --specs=nano.specs -mfpu=fpv4-sp-d16 -mfloat-abi=hard -mthumb -o "Core/Src/_ADCn_INx_MA.o"
arm-none-eabi-gcc "../Core/Src/main.c" -mcpu=cortex-m4 -std=gnu11 -g3 -DDEBUG -DARM_MATH_CM4 -DUSE_HAL_DRIVER -DSTM32G4A1xx -c -I../Core/Inc -I"C:/Users/moshte/Desktop/moshte/Firmware projects/CubeIDE/Workspace/semgdaq_/Firmware/semgdaq/Drivers/CMSIS/DSP/Include" -I../Drivers/STM32G4xx_HAL_Driver/Inc -I../Drivers/STM32G4xx_HAL_Driver/Inc/Legacy -I../Drivers/CMSIS/Device/ST/STM32G4xx/Include -I../Drivers/CMSIS/Include -O0 -ffunction-sections -fdata-sections -Wall -fstack-usage -fcyclomatic-complexity -MMD -MP -MF"Core/Src/main.d" -MT"Core/Src/main.o" --specs=nano.specs -mfpu=fpv4-sp-d16 -mfloat-abi=hard -mthumb -o "Core/Src/main.o"
../Core/Src/_ADCn_INx_MA.c: In function 'MA_ADC1_IN1_Update':
../Core/Src/_ADCn_INx_MA.c:77:51: error: 'Offset_1' undeclared (first use in this function)
   77 |         ADC1_IN1_MA_ptr->MA_ADC1_IN1_OutBfr[u] -= Offset_1;
      |                                                   ^~~~~~~~
../Core/Src/_ADCn_INx_MA.c:77:51: note: each undeclared identifier is reported only once for each function it appears in
../Core/Src/_ADCn_INx_MA.c: In function 'MA_ADC1_IN2_Update':
../Core/Src/_ADCn_INx_MA.c:143:51: error: 'Offset_2' undeclared (first use in this function)
  143 |         ADC1_IN2_MA_ptr->MA_ADC1_IN2_OutBfr[u] -= Offset_2;
      |                                                   ^~~~~~~~
../Core/Src/_ADCn_INx_MA.c: In function 'MA_ADC2_IN3_Update':
../Core/Src/_ADCn_INx_MA.c:209:41: error: 'u' undeclared (first use in this function)
  209 |     ADC2_IN3_MA_ptr->MA_ADC2_IN3_OutBfr[u] -= Offset_3;
      |                                         ^
../Core/Src/_ADCn_INx_MA.c:209:47: error: 'Offset_3' undeclared (first use in this function)
  209 |     ADC2_IN3_MA_ptr->MA_ADC2_IN3_OutBfr[u] -= Offset_3;
      |                                               ^~~~~~~~
../Core/Src/_ADCn_INx_MA.c: In function 'MA_ADC2_IN4_Update':
../Core/Src/_ADCn_INx_MA.c:273:41: error: 'u' undeclared (first use in this function)
  273 |     ADC2_IN4_MA_ptr->MA_ADC2_IN4_OutBfr[u] -= Offset_4;
      |                                         ^
../Core/Src/_ADCn_INx_MA.c:273:47: error: 'Offset_4' undeclared (first use in this function)
  273 |     ADC2_IN4_MA_ptr->MA_ADC2_IN4_OutBfr[u] -= Offset_4;
      |                                               ^~~~~~~~
../Core/Src/_ADCn_INx_MA.c: In function 'MA_ADC3_IN1_Update':
../Core/Src/_ADCn_INx_MA.c:338:41: error: 'u' undeclared (first use in this function)
  338 |     ADC3_IN1_MA_ptr->MA_ADC3_IN1_OutBfr[u] -= Offset_5;
      |                                         ^
../Core/Src/_ADCn_INx_MA.c:338:47: error: 'Offset_5' undeclared (first use in this function)
  338 |     ADC3_IN1_MA_ptr->MA_ADC3_IN1_OutBfr[u] -= Offset_5;
      |                                               ^~~~~~~~
../Core/Src/_ADCn_INx_MA.c: In function 'MA_ADC3_IN2_Update':
../Core/Src/_ADCn_INx_MA.c:403:41: error: 'u' undeclared (first use in this function)
  403 |     ADC3_IN2_MA_ptr->MA_ADC3_IN2_OutBfr[u] -= Offset_6;
      |                                         ^
../Core/Src/_ADCn_INx_MA.c:403:47: error: 'Offset_6' undeclared (first use in this function)
  403 |     ADC3_IN2_MA_ptr->MA_ADC3_IN2_OutBfr[u] -= Offset_6;
      |                                               ^~~~~~~~
make: *** [Core/Src/subdir.mk:46: Core/Src/_ADCn_INx_MA.o] Error 1
make: *** Waiting for unfinished jobs....
../Core/Src/main.c: In function 'main':
../Core/Src/main.c:172:3: error: unknown type name 'floa32_t'; did you mean 'float32_t'?
  172 |   floa32_t Offset_1 = float32_t  ADC1_IN1_OffsetCalc(OffsetCalc_ADC1_IN1); // Collect baseline data
      |   ^~~~~~~~
      |   float32_t
../Core/Src/main.c:172:23: error: expected expression before 'float32_t'
  172 |   floa32_t Offset_1 = float32_t  ADC1_IN1_OffsetCalc(OffsetCalc_ADC1_IN1); // Collect baseline data
      |                       ^~~~~~~~~
../Core/Src/main.c:173:3: error: unknown type name 'floa32_t'; did you mean 'float32_t'?
  173 |   floa32_t Offset_2 = float32_t  ADC1_IN2_OffsetCalc(OffsetCalc_ADC1_IN2);
      |   ^~~~~~~~
      |   float32_t
../Core/Src/main.c:173:23: error: expected expression before 'float32_t'
  173 |   floa32_t Offset_2 = float32_t  ADC1_IN2_OffsetCalc(OffsetCalc_ADC1_IN2);
      |                       ^~~~~~~~~
../Core/Src/main.c:175:3: error: unknown type name 'floa32_t'; did you mean 'float32_t'?
  175 |   floa32_t Offset_3 = float32_t  ADC2_IN3_OffsetCalc(OffsetCalc_ADC2_IN3);
      |   ^~~~~~~~
      |   float32_t
../Core/Src/main.c:175:23: error: expected expression before 'float32_t'
  175 |   floa32_t Offset_3 = float32_t  ADC2_IN3_OffsetCalc(OffsetCalc_ADC2_IN3);
      |                       ^~~~~~~~~
../Core/Src/main.c:176:3: error: unknown type name 'floa32_t'; did you mean 'float32_t'?
  176 |   floa32_t Offset_4 = float32_t  ADC2_IN4_OffsetCalc(OffsetCalc_ADC2_IN4);
      |   ^~~~~~~~
      |   float32_t
../Core/Src/main.c:176:23: error: expected expression before 'float32_t'
  176 |   floa32_t Offset_4 = float32_t  ADC2_IN4_OffsetCalc(OffsetCalc_ADC2_IN4);
      |                       ^~~~~~~~~
../Core/Src/main.c:178:3: error: unknown type name 'floa32_t'; did you mean 'float32_t'?
  178 |   floa32_t Offset_5 = float32_t  ADC3_IN1_OffsetCalc(OffsetCalc_ADC3_IN1);
      |   ^~~~~~~~
      |   float32_t
../Core/Src/main.c:178:23: error: expected expression before 'float32_t'
  178 |   floa32_t Offset_5 = float32_t  ADC3_IN1_OffsetCalc(OffsetCalc_ADC3_IN1);
      |                       ^~~~~~~~~
../Core/Src/main.c:179:3: error: unknown type name 'floa32_t'; did you mean 'float32_t'?
  179 |   floa32_t Offset_6 = float32_t  ADC3_IN2_OffsetCalc(OffsetCalc_ADC3_IN2);
      |   ^~~~~~~~
      |   float32_t
../Core/Src/main.c:179:23: error: expected expression before 'float32_t'
  179 |   floa32_t Offset_6 = float32_t  ADC3_IN2_OffsetCalc(OffsetCalc_ADC3_IN2);
      |                       ^~~~~~~~~
../Core/Src/main.c:179:12: warning: unused variable 'Offset_6' [-Wunused-variable]
  179 |   floa32_t Offset_6 = float32_t  ADC3_IN2_OffsetCalc(OffsetCalc_ADC3_IN2);
      |            ^~~~~~~~
../Core/Src/main.c:178:12: warning: unused variable 'Offset_5' [-Wunused-variable]
  178 |   floa32_t Offset_5 = float32_t  ADC3_IN1_OffsetCalc(OffsetCalc_ADC3_IN1);
      |            ^~~~~~~~
../Core/Src/main.c:176:12: warning: unused variable 'Offset_4' [-Wunused-variable]
  176 |   floa32_t Offset_4 = float32_t  ADC2_IN4_OffsetCalc(OffsetCalc_ADC2_IN4);
      |            ^~~~~~~~
../Core/Src/main.c:175:12: warning: unused variable 'Offset_3' [-Wunused-variable]
  175 |   floa32_t Offset_3 = float32_t  ADC2_IN3_OffsetCalc(OffsetCalc_ADC2_IN3);
      |            ^~~~~~~~
../Core/Src/main.c:173:12: warning: unused variable 'Offset_2' [-Wunused-variable]
  173 |   floa32_t Offset_2 = float32_t  ADC1_IN2_OffsetCalc(OffsetCalc_ADC1_IN2);
      |            ^~~~~~~~
../Core/Src/main.c:172:12: warning: unused variable 'Offset_1' [-Wunused-variable]
  172 |   floa32_t Offset_1 = float32_t  ADC1_IN1_OffsetCalc(OffsetCalc_ADC1_IN1); // Collect baseline data
      |            ^~~~~~~~
make: *** [Core/Src/subdir.mk:46: Core/Src/main.o] Error 1
"make -j8 all" terminated with exit code 2. Build might be incomplete.
12:20:26 **** Incremental Build of configuration Debug for project semgdaq ****
make -j8 all 
arm-none-eabi-gcc "../Core/Src/_ADCn_INx_MA.c" -mcpu=cortex-m4 -std=gnu11 -g3 -DDEBUG -DARM_MATH_CM4 -DUSE_HAL_DRIVER -DSTM32G4A1xx -c -I../Core/Inc -I"C:/Users/moshte/Desktop/moshte/Firmware projects/CubeIDE/Workspace/semgdaq_/Firmware/semgdaq/Drivers/CMSIS/DSP/Include" -I../Drivers/STM32G4xx_HAL_Driver/Inc -I../Drivers/STM32G4xx_HAL_Driver/Inc/Legacy -I../Drivers/CMSIS/Device/ST/STM32G4xx/Include -I../Drivers/CMSIS/Include -O0 -ffunction-sections -fdata-sections -Wall -fstack-usage -fcyclomatic-complexity -MMD -MP -MF"Core/Src/_ADCn_INx_MA.d" -MT"Core/Src/_ADCn_INx_MA.o" --specs=nano.specs -mfpu=fpv4-sp-d16 -mfloat-abi=hard -mthumb -o "Core/Src/_ADCn_INx_MA.o"
arm-none-eabi-gcc "../Core/Src/main.c" -mcpu=cortex-m4 -std=gnu11 -g3 -DDEBUG -DARM_MATH_CM4 -DUSE_HAL_DRIVER -DSTM32G4A1xx -c -I../Core/Inc -I"C:/Users/moshte/Desktop/moshte/Firmware projects/CubeIDE/Workspace/semgdaq_/Firmware/semgdaq/Drivers/CMSIS/DSP/Include" -I../Drivers/STM32G4xx_HAL_Driver/Inc -I../Drivers/STM32G4xx_HAL_Driver/Inc/Legacy -I../Drivers/CMSIS/Device/ST/STM32G4xx/Include -I../Drivers/CMSIS/Include -O0 -ffunction-sections -fdata-sections -Wall -fstack-usage -fcyclomatic-complexity -MMD -MP -MF"Core/Src/main.d" -MT"Core/Src/main.o" --specs=nano.specs -mfpu=fpv4-sp-d16 -mfloat-abi=hard -mthumb -o "Core/Src/main.o"
../Core/Src/_ADCn_INx_MA.c: In function 'MA_ADC1_IN1_Update':
../Core/Src/_ADCn_INx_MA.c:77:51: error: 'Offset_1' undeclared (first use in this function)
   77 |         ADC1_IN1_MA_ptr->MA_ADC1_IN1_OutBfr[u] -= Offset_1;
      |                                                   ^~~~~~~~
../Core/Src/_ADCn_INx_MA.c:77:51: note: each undeclared identifier is reported only once for each function it appears in
../Core/Src/_ADCn_INx_MA.c: In function 'MA_ADC1_IN2_Update':
../Core/Src/_ADCn_INx_MA.c:143:51: error: 'Offset_2' undeclared (first use in this function)
  143 |         ADC1_IN2_MA_ptr->MA_ADC1_IN2_OutBfr[u] -= Offset_2;
      |                                                   ^~~~~~~~
../Core/Src/_ADCn_INx_MA.c: In function 'MA_ADC2_IN3_Update':
../Core/Src/_ADCn_INx_MA.c:209:41: error: 'u' undeclared (first use in this function)
  209 |     ADC2_IN3_MA_ptr->MA_ADC2_IN3_OutBfr[u] -= Offset_3;
      |                                         ^
../Core/Src/_ADCn_INx_MA.c:209:47: error: 'Offset_3' undeclared (first use in this function)
  209 |     ADC2_IN3_MA_ptr->MA_ADC2_IN3_OutBfr[u] -= Offset_3;
      |                                               ^~~~~~~~
../Core/Src/_ADCn_INx_MA.c: In function 'MA_ADC2_IN4_Update':
../Core/Src/_ADCn_INx_MA.c:273:41: error: 'u' undeclared (first use in this function)
  273 |     ADC2_IN4_MA_ptr->MA_ADC2_IN4_OutBfr[u] -= Offset_4;
      |                                         ^
../Core/Src/_ADCn_INx_MA.c:273:47: error: 'Offset_4' undeclared (first use in this function)
  273 |     ADC2_IN4_MA_ptr->MA_ADC2_IN4_OutBfr[u] -= Offset_4;
      |                                               ^~~~~~~~
../Core/Src/_ADCn_INx_MA.c: In function 'MA_ADC3_IN1_Update':
../Core/Src/_ADCn_INx_MA.c:338:41: error: 'u' undeclared (first use in this function)
  338 |     ADC3_IN1_MA_ptr->MA_ADC3_IN1_OutBfr[u] -= Offset_5;
      |                                         ^
../Core/Src/_ADCn_INx_MA.c:338:47: error: 'Offset_5' undeclared (first use in this function)
  338 |     ADC3_IN1_MA_ptr->MA_ADC3_IN1_OutBfr[u] -= Offset_5;
      |                                               ^~~~~~~~
../Core/Src/_ADCn_INx_MA.c: In function 'MA_ADC3_IN2_Update':
../Core/Src/_ADCn_INx_MA.c:403:41: error: 'u' undeclared (first use in this function)
  403 |     ADC3_IN2_MA_ptr->MA_ADC3_IN2_OutBfr[u] -= Offset_6;
      |                                         ^
../Core/Src/_ADCn_INx_MA.c:403:47: error: 'Offset_6' undeclared (first use in this function)
  403 |     ADC3_IN2_MA_ptr->MA_ADC3_IN2_OutBfr[u] -= Offset_6;
      |                                               ^~~~~~~~
make: *** [Core/Src/subdir.mk:46: Core/Src/_ADCn_INx_MA.o] Error 1
make: *** Waiting for unfinished jobs....
../Core/Src/main.c: In function 'main':
../Core/Src/main.c:172:3: error: unknown type name 'floa32_t'; did you mean 'float32_t'?
  172 |   floa32_t Offset_1 = float32_t  ADC1_IN1_OffsetCalc(&OffsetCalc_ADC1_IN1); // Collect baseline data
      |   ^~~~~~~~
      |   float32_t
../Core/Src/main.c:172:23: error: expected expression before 'float32_t'
  172 |   floa32_t Offset_1 = float32_t  ADC1_IN1_OffsetCalc(&OffsetCalc_ADC1_IN1); // Collect baseline data
      |                       ^~~~~~~~~
../Core/Src/main.c:173:3: error: unknown type name 'floa32_t'; did you mean 'float32_t'?
  173 |   floa32_t Offset_2 = float32_t  ADC1_IN2_OffsetCalc(&OffsetCalc_ADC1_IN2);
      |   ^~~~~~~~
      |   float32_t
../Core/Src/main.c:173:23: error: expected expression before 'float32_t'
  173 |   floa32_t Offset_2 = float32_t  ADC1_IN2_OffsetCalc(&OffsetCalc_ADC1_IN2);
      |                       ^~~~~~~~~
../Core/Src/main.c:175:3: error: unknown type name 'floa32_t'; did you mean 'float32_t'?
  175 |   floa32_t Offset_3 = float32_t  ADC2_IN3_OffsetCalc(&OffsetCalc_ADC2_IN3);
      |   ^~~~~~~~
      |   float32_t
../Core/Src/main.c:175:23: error: expected expression before 'float32_t'
  175 |   floa32_t Offset_3 = float32_t  ADC2_IN3_OffsetCalc(&OffsetCalc_ADC2_IN3);
      |                       ^~~~~~~~~
../Core/Src/main.c:176:3: error: unknown type name 'floa32_t'; did you mean 'float32_t'?
  176 |   floa32_t Offset_4 = float32_t  ADC2_IN4_OffsetCalc(&OffsetCalc_ADC2_IN4);
      |   ^~~~~~~~
      |   float32_t
../Core/Src/main.c:176:23: error: expected expression before 'float32_t'
  176 |   floa32_t Offset_4 = float32_t  ADC2_IN4_OffsetCalc(&OffsetCalc_ADC2_IN4);
      |                       ^~~~~~~~~
../Core/Src/main.c:178:3: error: unknown type name 'floa32_t'; did you mean 'float32_t'?
  178 |   floa32_t Offset_5 = float32_t  ADC3_IN1_OffsetCalc(&OffsetCalc_ADC3_IN1);
      |   ^~~~~~~~
      |   float32_t
../Core/Src/main.c:178:23: error: expected expression before 'float32_t'
  178 |   floa32_t Offset_5 = float32_t  ADC3_IN1_OffsetCalc(&OffsetCalc_ADC3_IN1);
      |                       ^~~~~~~~~
../Core/Src/main.c:179:3: error: unknown type name 'floa32_t'; did you mean 'float32_t'?
  179 |   floa32_t Offset_6 = float32_t  ADC3_IN2_OffsetCalc(&OffsetCalc_ADC3_IN2);
      |   ^~~~~~~~
      |   float32_t
../Core/Src/main.c:179:23: error: expected expression before 'float32_t'
  179 |   floa32_t Offset_6 = float32_t  ADC3_IN2_OffsetCalc(&OffsetCalc_ADC3_IN2);
      |                       ^~~~~~~~~
../Core/Src/main.c:179:12: warning: unused variable 'Offset_6' [-Wunused-variable]
  179 |   floa32_t Offset_6 = float32_t  ADC3_IN2_OffsetCalc(&OffsetCalc_ADC3_IN2);
      |            ^~~~~~~~
../Core/Src/main.c:178:12: warning: unused variable 'Offset_5' [-Wunused-variable]
  178 |   floa32_t Offset_5 = float32_t  ADC3_IN1_OffsetCalc(&OffsetCalc_ADC3_IN1);
      |            ^~~~~~~~
../Core/Src/main.c:176:12: warning: unused variable 'Offset_4' [-Wunused-variable]
  176 |   floa32_t Offset_4 = float32_t  ADC2_IN4_OffsetCalc(&OffsetCalc_ADC2_IN4);
      |            ^~~~~~~~
../Core/Src/main.c:175:12: warning: unused variable 'Offset_3' [-Wunused-variable]
  175 |   floa32_t Offset_3 = float32_t  ADC2_IN3_OffsetCalc(&OffsetCalc_ADC2_IN3);
      |            ^~~~~~~~
../Core/Src/main.c:173:12: warning: unused variable 'Offset_2' [-Wunused-variable]
  173 |   floa32_t Offset_2 = float32_t  ADC1_IN2_OffsetCalc(&OffsetCalc_ADC1_IN2);
      |            ^~~~~~~~
../Core/Src/main.c:172:12: warning: unused variable 'Offset_1' [-Wunused-variable]
  172 |   floa32_t Offset_1 = float32_t  ADC1_IN1_OffsetCalc(&OffsetCalc_ADC1_IN1); // Collect baseline data
      |            ^~~~~~~~
make: *** [Core/Src/subdir.mk:46: Core/Src/main.o] Error 1
"make -j8 all" terminated with exit code 2. Build might be incomplete.
12:23:53 **** Incremental Build of configuration Debug for project semgdaq ****
make -j8 all 
arm-none-eabi-gcc "../Core/Src/_ADCn_INx_MA.c" -mcpu=cortex-m4 -std=gnu11 -g3 -DDEBUG -DARM_MATH_CM4 -DUSE_HAL_DRIVER -DSTM32G4A1xx -c -I../Core/Inc -I"C:/Users/moshte/Desktop/moshte/Firmware projects/CubeIDE/Workspace/semgdaq_/Firmware/semgdaq/Drivers/CMSIS/DSP/Include" -I../Drivers/STM32G4xx_HAL_Driver/Inc -I../Drivers/STM32G4xx_HAL_Driver/Inc/Legacy -I../Drivers/CMSIS/Device/ST/STM32G4xx/Include -I../Drivers/CMSIS/Include -O0 -ffunction-sections -fdata-sections -Wall -fstack-usage -fcyclomatic-complexity -MMD -MP -MF"Core/Src/_ADCn_INx_MA.d" -MT"Core/Src/_ADCn_INx_MA.o" --specs=nano.specs -mfpu=fpv4-sp-d16 -mfloat-abi=hard -mthumb -o "Core/Src/_ADCn_INx_MA.o"
arm-none-eabi-gcc "../Core/Src/main.c" -mcpu=cortex-m4 -std=gnu11 -g3 -DDEBUG -DARM_MATH_CM4 -DUSE_HAL_DRIVER -DSTM32G4A1xx -c -I../Core/Inc -I"C:/Users/moshte/Desktop/moshte/Firmware projects/CubeIDE/Workspace/semgdaq_/Firmware/semgdaq/Drivers/CMSIS/DSP/Include" -I../Drivers/STM32G4xx_HAL_Driver/Inc -I../Drivers/STM32G4xx_HAL_Driver/Inc/Legacy -I../Drivers/CMSIS/Device/ST/STM32G4xx/Include -I../Drivers/CMSIS/Include -O0 -ffunction-sections -fdata-sections -Wall -fstack-usage -fcyclomatic-complexity -MMD -MP -MF"Core/Src/main.d" -MT"Core/Src/main.o" --specs=nano.specs -mfpu=fpv4-sp-d16 -mfloat-abi=hard -mthumb -o "Core/Src/main.o"
../Core/Src/_ADCn_INx_MA.c: In function 'MA_ADC1_IN1_Update':
../Core/Src/_ADCn_INx_MA.c:77:51: error: 'Offset_1' undeclared (first use in this function)
   77 |         ADC1_IN1_MA_ptr->MA_ADC1_IN1_OutBfr[u] -= Offset_1;
      |                                                   ^~~~~~~~
../Core/Src/_ADCn_INx_MA.c:77:51: note: each undeclared identifier is reported only once for each function it appears in
../Core/Src/_ADCn_INx_MA.c: In function 'MA_ADC1_IN2_Update':
../Core/Src/_ADCn_INx_MA.c:143:51: error: 'Offset_2' undeclared (first use in this function)
  143 |         ADC1_IN2_MA_ptr->MA_ADC1_IN2_OutBfr[u] -= Offset_2;
      |                                                   ^~~~~~~~
../Core/Src/_ADCn_INx_MA.c: In function 'MA_ADC2_IN3_Update':
../Core/Src/_ADCn_INx_MA.c:209:41: error: 'u' undeclared (first use in this function)
  209 |     ADC2_IN3_MA_ptr->MA_ADC2_IN3_OutBfr[u] -= Offset_3;
      |                                         ^
../Core/Src/_ADCn_INx_MA.c:209:47: error: 'Offset_3' undeclared (first use in this function)
  209 |     ADC2_IN3_MA_ptr->MA_ADC2_IN3_OutBfr[u] -= Offset_3;
      |                                               ^~~~~~~~
../Core/Src/_ADCn_INx_MA.c: In function 'MA_ADC2_IN4_Update':
../Core/Src/_ADCn_INx_MA.c:273:41: error: 'u' undeclared (first use in this function)
  273 |     ADC2_IN4_MA_ptr->MA_ADC2_IN4_OutBfr[u] -= Offset_4;
      |                                         ^
../Core/Src/_ADCn_INx_MA.c:273:47: error: 'Offset_4' undeclared (first use in this function)
  273 |     ADC2_IN4_MA_ptr->MA_ADC2_IN4_OutBfr[u] -= Offset_4;
      |                                               ^~~~~~~~
../Core/Src/_ADCn_INx_MA.c: In function 'MA_ADC3_IN1_Update':
../Core/Src/_ADCn_INx_MA.c:338:41: error: 'u' undeclared (first use in this function)
  338 |     ADC3_IN1_MA_ptr->MA_ADC3_IN1_OutBfr[u] -= Offset_5;
      |                                         ^
../Core/Src/_ADCn_INx_MA.c:338:47: error: 'Offset_5' undeclared (first use in this function)
  338 |     ADC3_IN1_MA_ptr->MA_ADC3_IN1_OutBfr[u] -= Offset_5;
      |                                               ^~~~~~~~
../Core/Src/_ADCn_INx_MA.c: In function 'MA_ADC3_IN2_Update':
../Core/Src/_ADCn_INx_MA.c:403:41: error: 'u' undeclared (first use in this function)
  403 |     ADC3_IN2_MA_ptr->MA_ADC3_IN2_OutBfr[u] -= Offset_6;
      |                                         ^
../Core/Src/_ADCn_INx_MA.c:403:47: error: 'Offset_6' undeclared (first use in this function)
  403 |     ADC3_IN2_MA_ptr->MA_ADC3_IN2_OutBfr[u] -= Offset_6;
      |                                               ^~~~~~~~
make: *** [Core/Src/subdir.mk:46: Core/Src/_ADCn_INx_MA.o] Error 1
make: *** Waiting for unfinished jobs....
../Core/Src/main.c: In function 'main':
../Core/Src/main.c:172:3: error: unknown type name 'floa32_t'; did you mean 'float32_t'?
  172 |   floa32_t Offset_1 = ADC1_IN1_OffsetCalc(&OffsetCalc_ADC1_IN1); // Collect baseline data
      |   ^~~~~~~~
      |   float32_t
../Core/Src/main.c:172:23: warning: implicit declaration of function 'ADC1_IN1_OffsetCalc' [-Wimplicit-function-declaration]
  172 |   floa32_t Offset_1 = ADC1_IN1_OffsetCalc(&OffsetCalc_ADC1_IN1); // Collect baseline data
      |                       ^~~~~~~~~~~~~~~~~~~
../Core/Src/main.c:173:3: error: unknown type name 'floa32_t'; did you mean 'float32_t'?
  173 |   floa32_t Offset_2 = ADC1_IN2_OffsetCalc(&OffsetCalc_ADC1_IN2);
      |   ^~~~~~~~
      |   float32_t
../Core/Src/main.c:173:23: warning: implicit declaration of function 'ADC1_IN2_OffsetCalc' [-Wimplicit-function-declaration]
  173 |   floa32_t Offset_2 = ADC1_IN2_OffsetCalc(&OffsetCalc_ADC1_IN2);
      |                       ^~~~~~~~~~~~~~~~~~~
../Core/Src/main.c:175:3: error: unknown type name 'floa32_t'; did you mean 'float32_t'?
  175 |   floa32_t Offset_3 = ADC2_IN3_OffsetCalc(&OffsetCalc_ADC2_IN3);
      |   ^~~~~~~~
      |   float32_t
../Core/Src/main.c:175:23: warning: implicit declaration of function 'ADC2_IN3_OffsetCalc' [-Wimplicit-function-declaration]
  175 |   floa32_t Offset_3 = ADC2_IN3_OffsetCalc(&OffsetCalc_ADC2_IN3);
      |                       ^~~~~~~~~~~~~~~~~~~
../Core/Src/main.c:176:3: error: unknown type name 'floa32_t'; did you mean 'float32_t'?
  176 |   floa32_t Offset_4 = ADC2_IN4_OffsetCalc(&OffsetCalc_ADC2_IN4);
      |   ^~~~~~~~
      |   float32_t
../Core/Src/main.c:176:23: warning: implicit declaration of function 'ADC2_IN4_OffsetCalc' [-Wimplicit-function-declaration]
  176 |   floa32_t Offset_4 = ADC2_IN4_OffsetCalc(&OffsetCalc_ADC2_IN4);
      |                       ^~~~~~~~~~~~~~~~~~~
../Core/Src/main.c:178:3: error: unknown type name 'floa32_t'; did you mean 'float32_t'?
  178 |   floa32_t Offset_5 = ADC3_IN1_OffsetCalc(&OffsetCalc_ADC3_IN1);
      |   ^~~~~~~~
      |   float32_t
../Core/Src/main.c:178:23: warning: implicit declaration of function 'ADC3_IN1_OffsetCalc' [-Wimplicit-function-declaration]
  178 |   floa32_t Offset_5 = ADC3_IN1_OffsetCalc(&OffsetCalc_ADC3_IN1);
      |                       ^~~~~~~~~~~~~~~~~~~
../Core/Src/main.c:179:3: error: unknown type name 'floa32_t'; did you mean 'float32_t'?
  179 |   floa32_t Offset_6 = ADC3_IN2_OffsetCalc(&OffsetCalc_ADC3_IN2);
      |   ^~~~~~~~
      |   float32_t
../Core/Src/main.c:179:23: warning: implicit declaration of function 'ADC3_IN2_OffsetCalc' [-Wimplicit-function-declaration]
  179 |   floa32_t Offset_6 = ADC3_IN2_OffsetCalc(&OffsetCalc_ADC3_IN2);
      |                       ^~~~~~~~~~~~~~~~~~~
../Core/Src/main.c:179:12: warning: unused variable 'Offset_6' [-Wunused-variable]
  179 |   floa32_t Offset_6 = ADC3_IN2_OffsetCalc(&OffsetCalc_ADC3_IN2);
      |            ^~~~~~~~
../Core/Src/main.c:178:12: warning: unused variable 'Offset_5' [-Wunused-variable]
  178 |   floa32_t Offset_5 = ADC3_IN1_OffsetCalc(&OffsetCalc_ADC3_IN1);
      |            ^~~~~~~~
../Core/Src/main.c:176:12: warning: unused variable 'Offset_4' [-Wunused-variable]
  176 |   floa32_t Offset_4 = ADC2_IN4_OffsetCalc(&OffsetCalc_ADC2_IN4);
      |            ^~~~~~~~
../Core/Src/main.c:175:12: warning: unused variable 'Offset_3' [-Wunused-variable]
  175 |   floa32_t Offset_3 = ADC2_IN3_OffsetCalc(&OffsetCalc_ADC2_IN3);
      |            ^~~~~~~~
../Core/Src/main.c:173:12: warning: unused variable 'Offset_2' [-Wunused-variable]
  173 |   floa32_t Offset_2 = ADC1_IN2_OffsetCalc(&OffsetCalc_ADC1_IN2);
      |            ^~~~~~~~
../Core/Src/main.c:172:12: warning: unused variable 'Offset_1' [-Wunused-variable]
  172 |   floa32_t Offset_1 = ADC1_IN1_OffsetCalc(&OffsetCalc_ADC1_IN1); // Collect baseline data
      |            ^~~~~~~~
make: *** [Core/Src/subdir.mk:46: Core/Src/main.o] Error 1
"make -j8 all" terminated with exit code 2. Build might be incomplete.
12:24:24 **** Incremental Build of configuration Debug for project semgdaq ****
make -j8 all 
arm-none-eabi-gcc "../Core/Src/_ADCn_INx_MA.c" -mcpu=cortex-m4 -std=gnu11 -g3 -DDEBUG -DARM_MATH_CM4 -DUSE_HAL_DRIVER -DSTM32G4A1xx -c -I../Core/Inc -I"C:/Users/moshte/Desktop/moshte/Firmware projects/CubeIDE/Workspace/semgdaq_/Firmware/semgdaq/Drivers/CMSIS/DSP/Include" -I../Drivers/STM32G4xx_HAL_Driver/Inc -I../Drivers/STM32G4xx_HAL_Driver/Inc/Legacy -I../Drivers/CMSIS/Device/ST/STM32G4xx/Include -I../Drivers/CMSIS/Include -O0 -ffunction-sections -fdata-sections -Wall -fstack-usage -fcyclomatic-complexity -MMD -MP -MF"Core/Src/_ADCn_INx_MA.d" -MT"Core/Src/_ADCn_INx_MA.o" --specs=nano.specs -mfpu=fpv4-sp-d16 -mfloat-abi=hard -mthumb -o "Core/Src/_ADCn_INx_MA.o"
arm-none-eabi-gcc "../Core/Src/main.c" -mcpu=cortex-m4 -std=gnu11 -g3 -DDEBUG -DARM_MATH_CM4 -DUSE_HAL_DRIVER -DSTM32G4A1xx -c -I../Core/Inc -I"C:/Users/moshte/Desktop/moshte/Firmware projects/CubeIDE/Workspace/semgdaq_/Firmware/semgdaq/Drivers/CMSIS/DSP/Include" -I../Drivers/STM32G4xx_HAL_Driver/Inc -I../Drivers/STM32G4xx_HAL_Driver/Inc/Legacy -I../Drivers/CMSIS/Device/ST/STM32G4xx/Include -I../Drivers/CMSIS/Include -O0 -ffunction-sections -fdata-sections -Wall -fstack-usage -fcyclomatic-complexity -MMD -MP -MF"Core/Src/main.d" -MT"Core/Src/main.o" --specs=nano.specs -mfpu=fpv4-sp-d16 -mfloat-abi=hard -mthumb -o "Core/Src/main.o"
../Core/Src/_ADCn_INx_MA.c: In function 'MA_ADC1_IN1_Update':
../Core/Src/_ADCn_INx_MA.c:77:51: error: 'Offset_1' undeclared (first use in this function)
   77 |         ADC1_IN1_MA_ptr->MA_ADC1_IN1_OutBfr[u] -= Offset_1;
      |                                                   ^~~~~~~~
../Core/Src/_ADCn_INx_MA.c:77:51: note: each undeclared identifier is reported only once for each function it appears in
../Core/Src/_ADCn_INx_MA.c: In function 'MA_ADC1_IN2_Update':
../Core/Src/_ADCn_INx_MA.c:143:51: error: 'Offset_2' undeclared (first use in this function)
  143 |         ADC1_IN2_MA_ptr->MA_ADC1_IN2_OutBfr[u] -= Offset_2;
      |                                                   ^~~~~~~~
../Core/Src/_ADCn_INx_MA.c: In function 'MA_ADC2_IN3_Update':
../Core/Src/_ADCn_INx_MA.c:209:41: error: 'u' undeclared (first use in this function)
  209 |     ADC2_IN3_MA_ptr->MA_ADC2_IN3_OutBfr[u] -= Offset_3;
      |                                         ^
../Core/Src/_ADCn_INx_MA.c:209:47: error: 'Offset_3' undeclared (first use in this function)
  209 |     ADC2_IN3_MA_ptr->MA_ADC2_IN3_OutBfr[u] -= Offset_3;
      |                                               ^~~~~~~~
../Core/Src/_ADCn_INx_MA.c: In function 'MA_ADC2_IN4_Update':
../Core/Src/_ADCn_INx_MA.c:273:41: error: 'u' undeclared (first use in this function)
  273 |     ADC2_IN4_MA_ptr->MA_ADC2_IN4_OutBfr[u] -= Offset_4;
      |                                         ^
../Core/Src/_ADCn_INx_MA.c:273:47: error: 'Offset_4' undeclared (first use in this function)
  273 |     ADC2_IN4_MA_ptr->MA_ADC2_IN4_OutBfr[u] -= Offset_4;
      |                                               ^~~~~~~~
../Core/Src/_ADCn_INx_MA.c: In function 'MA_ADC3_IN1_Update':
../Core/Src/_ADCn_INx_MA.c:338:41: error: 'u' undeclared (first use in this function)
  338 |     ADC3_IN1_MA_ptr->MA_ADC3_IN1_OutBfr[u] -= Offset_5;
      |                                         ^
../Core/Src/_ADCn_INx_MA.c:338:47: error: 'Offset_5' undeclared (first use in this function)
  338 |     ADC3_IN1_MA_ptr->MA_ADC3_IN1_OutBfr[u] -= Offset_5;
      |                                               ^~~~~~~~
../Core/Src/_ADCn_INx_MA.c: In function 'MA_ADC3_IN2_Update':
../Core/Src/_ADCn_INx_MA.c:403:41: error: 'u' undeclared (first use in this function)
  403 |     ADC3_IN2_MA_ptr->MA_ADC3_IN2_OutBfr[u] -= Offset_6;
      |                                         ^
../Core/Src/_ADCn_INx_MA.c:403:47: error: 'Offset_6' undeclared (first use in this function)
  403 |     ADC3_IN2_MA_ptr->MA_ADC3_IN2_OutBfr[u] -= Offset_6;
      |                                               ^~~~~~~~
make: *** [Core/Src/subdir.mk:46: Core/Src/_ADCn_INx_MA.o] Error 1
make: *** Waiting for unfinished jobs....
../Core/Src/main.c: In function 'main':
../Core/Src/main.c:172:24: warning: implicit declaration of function 'ADC1_IN1_OffsetCalc' [-Wimplicit-function-declaration]
  172 |   float32_t Offset_1 = ADC1_IN1_OffsetCalc(&OffsetCalc_ADC1_IN1); // Collect baseline data
      |                        ^~~~~~~~~~~~~~~~~~~
../Core/Src/main.c:173:24: warning: implicit declaration of function 'ADC1_IN2_OffsetCalc' [-Wimplicit-function-declaration]
  173 |   float32_t Offset_2 = ADC1_IN2_OffsetCalc(&OffsetCalc_ADC1_IN2);
      |                        ^~~~~~~~~~~~~~~~~~~
../Core/Src/main.c:175:24: warning: implicit declaration of function 'ADC2_IN3_OffsetCalc' [-Wimplicit-function-declaration]
  175 |   float32_t Offset_3 = ADC2_IN3_OffsetCalc(&OffsetCalc_ADC2_IN3);
      |                        ^~~~~~~~~~~~~~~~~~~
../Core/Src/main.c:176:24: warning: implicit declaration of function 'ADC2_IN4_OffsetCalc' [-Wimplicit-function-declaration]
  176 |   float32_t Offset_4 = ADC2_IN4_OffsetCalc(&OffsetCalc_ADC2_IN4);
      |                        ^~~~~~~~~~~~~~~~~~~
../Core/Src/main.c:178:24: warning: implicit declaration of function 'ADC3_IN1_OffsetCalc' [-Wimplicit-function-declaration]
  178 |   float32_t Offset_5 = ADC3_IN1_OffsetCalc(&OffsetCalc_ADC3_IN1);
      |                        ^~~~~~~~~~~~~~~~~~~
../Core/Src/main.c:179:24: warning: implicit declaration of function 'ADC3_IN2_OffsetCalc' [-Wimplicit-function-declaration]
  179 |   float32_t Offset_6 = ADC3_IN2_OffsetCalc(&OffsetCalc_ADC3_IN2);
      |                        ^~~~~~~~~~~~~~~~~~~
../Core/Src/main.c:179:13: warning: unused variable 'Offset_6' [-Wunused-variable]
  179 |   float32_t Offset_6 = ADC3_IN2_OffsetCalc(&OffsetCalc_ADC3_IN2);
      |             ^~~~~~~~
../Core/Src/main.c:178:13: warning: unused variable 'Offset_5' [-Wunused-variable]
  178 |   float32_t Offset_5 = ADC3_IN1_OffsetCalc(&OffsetCalc_ADC3_IN1);
      |             ^~~~~~~~
../Core/Src/main.c:176:13: warning: unused variable 'Offset_4' [-Wunused-variable]
  176 |   float32_t Offset_4 = ADC2_IN4_OffsetCalc(&OffsetCalc_ADC2_IN4);
      |             ^~~~~~~~
../Core/Src/main.c:175:13: warning: unused variable 'Offset_3' [-Wunused-variable]
  175 |   float32_t Offset_3 = ADC2_IN3_OffsetCalc(&OffsetCalc_ADC2_IN3);
      |             ^~~~~~~~
../Core/Src/main.c:173:13: warning: unused variable 'Offset_2' [-Wunused-variable]
  173 |   float32_t Offset_2 = ADC1_IN2_OffsetCalc(&OffsetCalc_ADC1_IN2);
      |             ^~~~~~~~
../Core/Src/main.c:172:13: warning: unused variable 'Offset_1' [-Wunused-variable]
  172 |   float32_t Offset_1 = ADC1_IN1_OffsetCalc(&OffsetCalc_ADC1_IN1); // Collect baseline data
      |             ^~~~~~~~
"make -j8 all" terminated with exit code 2. Build might be incomplete.
12:32:51 **** Incremental Build of configuration Debug for project semgdaq ****
make -j8 all 
arm-none-eabi-gcc "../Core/Src/_ADCn_INx_MA.c" -mcpu=cortex-m4 -std=gnu11 -g3 -DDEBUG -DARM_MATH_CM4 -DUSE_HAL_DRIVER -DSTM32G4A1xx -c -I../Core/Inc -I"C:/Users/moshte/Desktop/moshte/Firmware projects/CubeIDE/Workspace/semgdaq_/Firmware/semgdaq/Drivers/CMSIS/DSP/Include" -I../Drivers/STM32G4xx_HAL_Driver/Inc -I../Drivers/STM32G4xx_HAL_Driver/Inc/Legacy -I../Drivers/CMSIS/Device/ST/STM32G4xx/Include -I../Drivers/CMSIS/Include -O0 -ffunction-sections -fdata-sections -Wall -fstack-usage -fcyclomatic-complexity -MMD -MP -MF"Core/Src/_ADCn_INx_MA.d" -MT"Core/Src/_ADCn_INx_MA.o" --specs=nano.specs -mfpu=fpv4-sp-d16 -mfloat-abi=hard -mthumb -o "Core/Src/_ADCn_INx_MA.o"
arm-none-eabi-gcc "../Core/Src/main.c" -mcpu=cortex-m4 -std=gnu11 -g3 -DDEBUG -DARM_MATH_CM4 -DUSE_HAL_DRIVER -DSTM32G4A1xx -c -I../Core/Inc -I"C:/Users/moshte/Desktop/moshte/Firmware projects/CubeIDE/Workspace/semgdaq_/Firmware/semgdaq/Drivers/CMSIS/DSP/Include" -I../Drivers/STM32G4xx_HAL_Driver/Inc -I../Drivers/STM32G4xx_HAL_Driver/Inc/Legacy -I../Drivers/CMSIS/Device/ST/STM32G4xx/Include -I../Drivers/CMSIS/Include -O0 -ffunction-sections -fdata-sections -Wall -fstack-usage -fcyclomatic-complexity -MMD -MP -MF"Core/Src/main.d" -MT"Core/Src/main.o" --specs=nano.specs -mfpu=fpv4-sp-d16 -mfloat-abi=hard -mthumb -o "Core/Src/main.o"
../Core/Src/_ADCn_INx_MA.c: In function 'MA_ADC1_IN1_Update':
../Core/Src/_ADCn_INx_MA.c:77:51: error: 'Offset_1' undeclared (first use in this function)
   77 |         ADC1_IN1_MA_ptr->MA_ADC1_IN1_OutBfr[u] -= Offset_1;
      |                                                   ^~~~~~~~
../Core/Src/_ADCn_INx_MA.c:77:51: note: each undeclared identifier is reported only once for each function it appears in
../Core/Src/_ADCn_INx_MA.c: In function 'MA_ADC1_IN2_Update':
../Core/Src/_ADCn_INx_MA.c:143:51: error: 'Offset_2' undeclared (first use in this function)
  143 |         ADC1_IN2_MA_ptr->MA_ADC1_IN2_OutBfr[u] -= Offset_2;
      |                                                   ^~~~~~~~
../Core/Src/_ADCn_INx_MA.c: In function 'MA_ADC2_IN3_Update':
../Core/Src/_ADCn_INx_MA.c:209:41: error: 'u' undeclared (first use in this function)
  209 |     ADC2_IN3_MA_ptr->MA_ADC2_IN3_OutBfr[u] -= Offset_3;
      |                                         ^
../Core/Src/_ADCn_INx_MA.c:209:47: error: 'Offset_3' undeclared (first use in this function)
  209 |     ADC2_IN3_MA_ptr->MA_ADC2_IN3_OutBfr[u] -= Offset_3;
      |                                               ^~~~~~~~
../Core/Src/_ADCn_INx_MA.c: In function 'MA_ADC2_IN4_Update':
../Core/Src/_ADCn_INx_MA.c:273:41: error: 'u' undeclared (first use in this function)
  273 |     ADC2_IN4_MA_ptr->MA_ADC2_IN4_OutBfr[u] -= Offset_4;
      |                                         ^
../Core/Src/_ADCn_INx_MA.c:273:47: error: 'Offset_4' undeclared (first use in this function)
  273 |     ADC2_IN4_MA_ptr->MA_ADC2_IN4_OutBfr[u] -= Offset_4;
      |                                               ^~~~~~~~
../Core/Src/_ADCn_INx_MA.c: In function 'MA_ADC3_IN1_Update':
../Core/Src/_ADCn_INx_MA.c:338:41: error: 'u' undeclared (first use in this function)
  338 |     ADC3_IN1_MA_ptr->MA_ADC3_IN1_OutBfr[u] -= Offset_5;
      |                                         ^
../Core/Src/_ADCn_INx_MA.c:338:47: error: 'Offset_5' undeclared (first use in this function)
  338 |     ADC3_IN1_MA_ptr->MA_ADC3_IN1_OutBfr[u] -= Offset_5;
      |                                               ^~~~~~~~
../Core/Src/_ADCn_INx_MA.c: In function 'MA_ADC3_IN2_Update':
../Core/Src/_ADCn_INx_MA.c:403:41: error: 'u' undeclared (first use in this function)
  403 |     ADC3_IN2_MA_ptr->MA_ADC3_IN2_OutBfr[u] -= Offset_6;
      |                                         ^
../Core/Src/_ADCn_INx_MA.c:403:47: error: 'Offset_6' undeclared (first use in this function)
  403 |     ADC3_IN2_MA_ptr->MA_ADC3_IN2_OutBfr[u] -= Offset_6;
      |                                               ^~~~~~~~
make: *** [Core/Src/subdir.mk:46: Core/Src/_ADCn_INx_MA.o] Error 1
make: *** Waiting for unfinished jobs....
../Core/Src/main.c: In function 'main':
../Core/Src/main.c:179:13: warning: unused variable 'Offset_6' [-Wunused-variable]
  179 |   float32_t Offset_6 = ADC3_IN2_OffsetCalc(&OffsetCalc_ADC3_IN2);
      |             ^~~~~~~~
../Core/Src/main.c:178:13: warning: unused variable 'Offset_5' [-Wunused-variable]
  178 |   float32_t Offset_5 = ADC3_IN1_OffsetCalc(&OffsetCalc_ADC3_IN1);
      |             ^~~~~~~~
../Core/Src/main.c:176:13: warning: unused variable 'Offset_4' [-Wunused-variable]
  176 |   float32_t Offset_4 = ADC2_IN4_OffsetCalc(&OffsetCalc_ADC2_IN4);
      |             ^~~~~~~~
../Core/Src/main.c:175:13: warning: unused variable 'Offset_3' [-Wunused-variable]
  175 |   float32_t Offset_3 = ADC2_IN3_OffsetCalc(&OffsetCalc_ADC2_IN3);
      |             ^~~~~~~~
../Core/Src/main.c:173:13: warning: unused variable 'Offset_2' [-Wunused-variable]
  173 |   float32_t Offset_2 = ADC1_IN2_OffsetCalc(&OffsetCalc_ADC1_IN2);
      |             ^~~~~~~~
../Core/Src/main.c:172:13: warning: unused variable 'Offset_1' [-Wunused-variable]
  172 |   float32_t Offset_1 = ADC1_IN1_OffsetCalc(&OffsetCalc_ADC1_IN1); // Collect baseline data
      |             ^~~~~~~~
"make -j8 all" terminated with exit code 2. Build might be incomplete.
12:42:38 **** Incremental Build of configuration Debug for project semgdaq ****
make -j8 all 
arm-none-eabi-gcc "../Core/Src/_ADCn_INx_MA.c" -mcpu=cortex-m4 -std=gnu11 -g3 -DDEBUG -DARM_MATH_CM4 -DUSE_HAL_DRIVER -DSTM32G4A1xx -c -I../Core/Inc -I"C:/Users/moshte/Desktop/moshte/Firmware projects/CubeIDE/Workspace/semgdaq_/Firmware/semgdaq/Drivers/CMSIS/DSP/Include" -I../Drivers/STM32G4xx_HAL_Driver/Inc -I../Drivers/STM32G4xx_HAL_Driver/Inc/Legacy -I../Drivers/CMSIS/Device/ST/STM32G4xx/Include -I../Drivers/CMSIS/Include -O0 -ffunction-sections -fdata-sections -Wall -fstack-usage -fcyclomatic-complexity -MMD -MP -MF"Core/Src/_ADCn_INx_MA.d" -MT"Core/Src/_ADCn_INx_MA.o" --specs=nano.specs -mfpu=fpv4-sp-d16 -mfloat-abi=hard -mthumb -o "Core/Src/_ADCn_INx_MA.o"
arm-none-eabi-gcc "../Core/Src/main.c" -mcpu=cortex-m4 -std=gnu11 -g3 -DDEBUG -DARM_MATH_CM4 -DUSE_HAL_DRIVER -DSTM32G4A1xx -c -I../Core/Inc -I"C:/Users/moshte/Desktop/moshte/Firmware projects/CubeIDE/Workspace/semgdaq_/Firmware/semgdaq/Drivers/CMSIS/DSP/Include" -I../Drivers/STM32G4xx_HAL_Driver/Inc -I../Drivers/STM32G4xx_HAL_Driver/Inc/Legacy -I../Drivers/CMSIS/Device/ST/STM32G4xx/Include -I../Drivers/CMSIS/Include -O0 -ffunction-sections -fdata-sections -Wall -fstack-usage -fcyclomatic-complexity -MMD -MP -MF"Core/Src/main.d" -MT"Core/Src/main.o" --specs=nano.specs -mfpu=fpv4-sp-d16 -mfloat-abi=hard -mthumb -o "Core/Src/main.o"
../Core/Src/_ADCn_INx_MA.c: In function 'MA_ADC1_IN1_Update':
../Core/Src/_ADCn_INx_MA.c:77:51: error: 'Offset_1' undeclared (first use in this function)
   77 |         ADC1_IN1_MA_ptr->MA_ADC1_IN1_OutBfr[u] -= Offset_1;
      |                                                   ^~~~~~~~
../Core/Src/_ADCn_INx_MA.c:77:51: note: each undeclared identifier is reported only once for each function it appears in
../Core/Src/_ADCn_INx_MA.c: In function 'MA_ADC1_IN2_Update':
../Core/Src/_ADCn_INx_MA.c:143:51: error: 'Offset_2' undeclared (first use in this function)
  143 |         ADC1_IN2_MA_ptr->MA_ADC1_IN2_OutBfr[u] -= Offset_2;
      |                                                   ^~~~~~~~
../Core/Src/_ADCn_INx_MA.c: In function 'MA_ADC2_IN3_Update':
../Core/Src/_ADCn_INx_MA.c:209:41: error: 'u' undeclared (first use in this function)
  209 |     ADC2_IN3_MA_ptr->MA_ADC2_IN3_OutBfr[u] -= Offset_3;
      |                                         ^
../Core/Src/_ADCn_INx_MA.c:209:47: error: 'Offset_3' undeclared (first use in this function)
  209 |     ADC2_IN3_MA_ptr->MA_ADC2_IN3_OutBfr[u] -= Offset_3;
      |                                               ^~~~~~~~
../Core/Src/_ADCn_INx_MA.c: In function 'MA_ADC2_IN4_Update':
../Core/Src/_ADCn_INx_MA.c:273:41: error: 'u' undeclared (first use in this function)
  273 |     ADC2_IN4_MA_ptr->MA_ADC2_IN4_OutBfr[u] -= Offset_4;
      |                                         ^
../Core/Src/_ADCn_INx_MA.c:273:47: error: 'Offset_4' undeclared (first use in this function)
  273 |     ADC2_IN4_MA_ptr->MA_ADC2_IN4_OutBfr[u] -= Offset_4;
      |                                               ^~~~~~~~
../Core/Src/_ADCn_INx_MA.c: In function 'MA_ADC3_IN1_Update':
../Core/Src/_ADCn_INx_MA.c:338:41: error: 'u' undeclared (first use in this function)
  338 |     ADC3_IN1_MA_ptr->MA_ADC3_IN1_OutBfr[u] -= Offset_5;
      |                                         ^
../Core/Src/_ADCn_INx_MA.c:338:47: error: 'Offset_5' undeclared (first use in this function)
  338 |     ADC3_IN1_MA_ptr->MA_ADC3_IN1_OutBfr[u] -= Offset_5;
      |                                               ^~~~~~~~
../Core/Src/_ADCn_INx_MA.c: In function 'MA_ADC3_IN2_Update':
../Core/Src/_ADCn_INx_MA.c:403:41: error: 'u' undeclared (first use in this function)
  403 |     ADC3_IN2_MA_ptr->MA_ADC3_IN2_OutBfr[u] -= Offset_6;
      |                                         ^
../Core/Src/_ADCn_INx_MA.c:403:47: error: 'Offset_6' undeclared (first use in this function)
  403 |     ADC3_IN2_MA_ptr->MA_ADC3_IN2_OutBfr[u] -= Offset_6;
      |                                               ^~~~~~~~
make: *** [Core/Src/subdir.mk:46: Core/Src/_ADCn_INx_MA.o] Error 1
make: *** Waiting for unfinished jobs....
"make -j8 all" terminated with exit code 2. Build might be incomplete.
12:46:10 **** Incremental Build of configuration Debug for project semgdaq ****
make -j8 all 
arm-none-eabi-gcc "../Core/Src/_ADCn_INx_MA.c" -mcpu=cortex-m4 -std=gnu11 -g3 -DDEBUG -DARM_MATH_CM4 -DUSE_HAL_DRIVER -DSTM32G4A1xx -c -I../Core/Inc -I"C:/Users/moshte/Desktop/moshte/Firmware projects/CubeIDE/Workspace/semgdaq_/Firmware/semgdaq/Drivers/CMSIS/DSP/Include" -I../Drivers/STM32G4xx_HAL_Driver/Inc -I../Drivers/STM32G4xx_HAL_Driver/Inc/Legacy -I../Drivers/CMSIS/Device/ST/STM32G4xx/Include -I../Drivers/CMSIS/Include -O0 -ffunction-sections -fdata-sections -Wall -fstack-usage -fcyclomatic-complexity -MMD -MP -MF"Core/Src/_ADCn_INx_MA.d" -MT"Core/Src/_ADCn_INx_MA.o" --specs=nano.specs -mfpu=fpv4-sp-d16 -mfloat-abi=hard -mthumb -o "Core/Src/_ADCn_INx_MA.o"
../Core/Src/_ADCn_INx_MA.c: In function 'MA_ADC1_IN1_Update':
../Core/Src/_ADCn_INx_MA.c:77:51: error: 'Offset_1' undeclared (first use in this function)
   77 |         ADC1_IN1_MA_ptr->MA_ADC1_IN1_OutBfr[u] -= Offset_1;
      |                                                   ^~~~~~~~
../Core/Src/_ADCn_INx_MA.c:77:51: note: each undeclared identifier is reported only once for each function it appears in
../Core/Src/_ADCn_INx_MA.c: In function 'MA_ADC1_IN2_Update':
../Core/Src/_ADCn_INx_MA.c:143:51: error: 'Offset_2' undeclared (first use in this function)
  143 |         ADC1_IN2_MA_ptr->MA_ADC1_IN2_OutBfr[u] -= Offset_2;
      |                                                   ^~~~~~~~
../Core/Src/_ADCn_INx_MA.c: In function 'MA_ADC2_IN3_Update':
../Core/Src/_ADCn_INx_MA.c:209:41: error: 'u' undeclared (first use in this function)
  209 |     ADC2_IN3_MA_ptr->MA_ADC2_IN3_OutBfr[u] -= Offset_3;
      |                                         ^
../Core/Src/_ADCn_INx_MA.c:209:47: error: 'Offset_3' undeclared (first use in this function)
  209 |     ADC2_IN3_MA_ptr->MA_ADC2_IN3_OutBfr[u] -= Offset_3;
      |                                               ^~~~~~~~
../Core/Src/_ADCn_INx_MA.c: In function 'MA_ADC2_IN4_Update':
../Core/Src/_ADCn_INx_MA.c:273:41: error: 'u' undeclared (first use in this function)
  273 |     ADC2_IN4_MA_ptr->MA_ADC2_IN4_OutBfr[u] -= Offset_4;
      |                                         ^
../Core/Src/_ADCn_INx_MA.c:273:47: error: 'Offset_4' undeclared (first use in this function)
  273 |     ADC2_IN4_MA_ptr->MA_ADC2_IN4_OutBfr[u] -= Offset_4;
      |                                               ^~~~~~~~
../Core/Src/_ADCn_INx_MA.c: In function 'MA_ADC3_IN1_Update':
../Core/Src/_ADCn_INx_MA.c:338:41: error: 'u' undeclared (first use in this function)
  338 |     ADC3_IN1_MA_ptr->MA_ADC3_IN1_OutBfr[u] -= Offset_5;
      |                                         ^
../Core/Src/_ADCn_INx_MA.c:338:47: error: 'Offset_5' undeclared (first use in this function)
  338 |     ADC3_IN1_MA_ptr->MA_ADC3_IN1_OutBfr[u] -= Offset_5;
      |                                               ^~~~~~~~
../Core/Src/_ADCn_INx_MA.c: In function 'MA_ADC3_IN2_Update':
../Core/Src/_ADCn_INx_MA.c:403:5: error: 'ADC3_IN2_Offset_ptr' undeclared (first use in this function); did you mean 'ADC3_IN2_MA_ptr'?
  403 |     ADC3_IN2_Offset_ptr->MA_ADC3_IN2_OutBfr[u] -= Offset_6;
      |     ^~~~~~~~~~~~~~~~~~~
      |     ADC3_IN2_MA_ptr
../Core/Src/_ADCn_INx_MA.c:403:45: error: 'u' undeclared (first use in this function)
  403 |     ADC3_IN2_Offset_ptr->MA_ADC3_IN2_OutBfr[u] -= Offset_6;
      |                                             ^
../Core/Src/_ADCn_INx_MA.c:403:51: error: 'Offset_6' undeclared (first use in this function)
  403 |     ADC3_IN2_Offset_ptr->MA_ADC3_IN2_OutBfr[u] -= Offset_6;
      |                                                   ^~~~~~~~
make: *** [Core/Src/subdir.mk:46: Core/Src/_ADCn_INx_MA.o] Error 1
"make -j8 all" terminated with exit code 2. Build might be incomplete.
12:46:21 **** Incremental Build of configuration Debug for project semgdaq ****
make -j8 all 
arm-none-eabi-gcc "../Core/Src/_ADCn_INx_MA.c" -mcpu=cortex-m4 -std=gnu11 -g3 -DDEBUG -DARM_MATH_CM4 -DUSE_HAL_DRIVER -DSTM32G4A1xx -c -I../Core/Inc -I"C:/Users/moshte/Desktop/moshte/Firmware projects/CubeIDE/Workspace/semgdaq_/Firmware/semgdaq/Drivers/CMSIS/DSP/Include" -I../Drivers/STM32G4xx_HAL_Driver/Inc -I../Drivers/STM32G4xx_HAL_Driver/Inc/Legacy -I../Drivers/CMSIS/Device/ST/STM32G4xx/Include -I../Drivers/CMSIS/Include -O0 -ffunction-sections -fdata-sections -Wall -fstack-usage -fcyclomatic-complexity -MMD -MP -MF"Core/Src/_ADCn_INx_MA.d" -MT"Core/Src/_ADCn_INx_MA.o" --specs=nano.specs -mfpu=fpv4-sp-d16 -mfloat-abi=hard -mthumb -o "Core/Src/_ADCn_INx_MA.o"
../Core/Src/_ADCn_INx_MA.c: In function 'MA_ADC1_IN1_Update':
../Core/Src/_ADCn_INx_MA.c:77:51: error: 'Offset_1' undeclared (first use in this function)
   77 |         ADC1_IN1_MA_ptr->MA_ADC1_IN1_OutBfr[u] -= Offset_1;
      |                                                   ^~~~~~~~
../Core/Src/_ADCn_INx_MA.c:77:51: note: each undeclared identifier is reported only once for each function it appears in
../Core/Src/_ADCn_INx_MA.c: In function 'MA_ADC1_IN2_Update':
../Core/Src/_ADCn_INx_MA.c:143:51: error: 'Offset_2' undeclared (first use in this function)
  143 |         ADC1_IN2_MA_ptr->MA_ADC1_IN2_OutBfr[u] -= Offset_2;
      |                                                   ^~~~~~~~
../Core/Src/_ADCn_INx_MA.c: In function 'MA_ADC2_IN3_Update':
../Core/Src/_ADCn_INx_MA.c:209:41: error: 'u' undeclared (first use in this function)
  209 |     ADC2_IN3_MA_ptr->MA_ADC2_IN3_OutBfr[u] -= Offset_3;
      |                                         ^
../Core/Src/_ADCn_INx_MA.c:209:47: error: 'Offset_3' undeclared (first use in this function)
  209 |     ADC2_IN3_MA_ptr->MA_ADC2_IN3_OutBfr[u] -= Offset_3;
      |                                               ^~~~~~~~
../Core/Src/_ADCn_INx_MA.c: In function 'MA_ADC2_IN4_Update':
../Core/Src/_ADCn_INx_MA.c:273:41: error: 'u' undeclared (first use in this function)
  273 |     ADC2_IN4_MA_ptr->MA_ADC2_IN4_OutBfr[u] -= Offset_4;
      |                                         ^
../Core/Src/_ADCn_INx_MA.c:273:47: error: 'Offset_4' undeclared (first use in this function)
  273 |     ADC2_IN4_MA_ptr->MA_ADC2_IN4_OutBfr[u] -= Offset_4;
      |                                               ^~~~~~~~
../Core/Src/_ADCn_INx_MA.c: In function 'MA_ADC3_IN1_Update':
../Core/Src/_ADCn_INx_MA.c:338:41: error: 'u' undeclared (first use in this function)
  338 |     ADC3_IN1_MA_ptr->MA_ADC3_IN1_OutBfr[u] -= Offset_5;
      |                                         ^
../Core/Src/_ADCn_INx_MA.c:338:47: error: 'Offset_5' undeclared (first use in this function)
  338 |     ADC3_IN1_MA_ptr->MA_ADC3_IN1_OutBfr[u] -= Offset_5;
      |                                               ^~~~~~~~
../Core/Src/_ADCn_INx_MA.c: In function 'MA_ADC3_IN2_Update':
../Core/Src/_ADCn_INx_MA.c:403:41: error: 'u' undeclared (first use in this function)
  403 |     ADC3_IN2_MA_ptr->MA_ADC3_IN2_OutBfr[u] -= Offset_6;
      |                                         ^
../Core/Src/_ADCn_INx_MA.c:403:47: error: 'Offset_6' undeclared (first use in this function)
  403 |     ADC3_IN2_MA_ptr->MA_ADC3_IN2_OutBfr[u] -= Offset_6;
      |                                               ^~~~~~~~
make: *** [Core/Src/subdir.mk:46: Core/Src/_ADCn_INx_MA.o] Error 1
"make -j8 all" terminated with exit code 2. Build might be incomplete.
12:47:42 **** Incremental Build of configuration Debug for project semgdaq ****
make -j8 all 
arm-none-eabi-gcc "../Core/Src/_ADCn_INx_MA.c" -mcpu=cortex-m4 -std=gnu11 -g3 -DDEBUG -DARM_MATH_CM4 -DUSE_HAL_DRIVER -DSTM32G4A1xx -c -I../Core/Inc -I"C:/Users/moshte/Desktop/moshte/Firmware projects/CubeIDE/Workspace/semgdaq_/Firmware/semgdaq/Drivers/CMSIS/DSP/Include" -I../Drivers/STM32G4xx_HAL_Driver/Inc -I../Drivers/STM32G4xx_HAL_Driver/Inc/Legacy -I../Drivers/CMSIS/Device/ST/STM32G4xx/Include -I../Drivers/CMSIS/Include -O0 -ffunction-sections -fdata-sections -Wall -fstack-usage -fcyclomatic-complexity -MMD -MP -MF"Core/Src/_ADCn_INx_MA.d" -MT"Core/Src/_ADCn_INx_MA.o" --specs=nano.specs -mfpu=fpv4-sp-d16 -mfloat-abi=hard -mthumb -o "Core/Src/_ADCn_INx_MA.o"
arm-none-eabi-gcc "../Core/Src/_ADCn_INx_Offset.c" -mcpu=cortex-m4 -std=gnu11 -g3 -DDEBUG -DARM_MATH_CM4 -DUSE_HAL_DRIVER -DSTM32G4A1xx -c -I../Core/Inc -I"C:/Users/moshte/Desktop/moshte/Firmware projects/CubeIDE/Workspace/semgdaq_/Firmware/semgdaq/Drivers/CMSIS/DSP/Include" -I../Drivers/STM32G4xx_HAL_Driver/Inc -I../Drivers/STM32G4xx_HAL_Driver/Inc/Legacy -I../Drivers/CMSIS/Device/ST/STM32G4xx/Include -I../Drivers/CMSIS/Include -O0 -ffunction-sections -fdata-sections -Wall -fstack-usage -fcyclomatic-complexity -MMD -MP -MF"Core/Src/_ADCn_INx_Offset.d" -MT"Core/Src/_ADCn_INx_Offset.o" --specs=nano.specs -mfpu=fpv4-sp-d16 -mfloat-abi=hard -mthumb -o "Core/Src/_ADCn_INx_Offset.o"
arm-none-eabi-gcc "../Core/Src/main.c" -mcpu=cortex-m4 -std=gnu11 -g3 -DDEBUG -DARM_MATH_CM4 -DUSE_HAL_DRIVER -DSTM32G4A1xx -c -I../Core/Inc -I"C:/Users/moshte/Desktop/moshte/Firmware projects/CubeIDE/Workspace/semgdaq_/Firmware/semgdaq/Drivers/CMSIS/DSP/Include" -I../Drivers/STM32G4xx_HAL_Driver/Inc -I../Drivers/STM32G4xx_HAL_Driver/Inc/Legacy -I../Drivers/CMSIS/Device/ST/STM32G4xx/Include -I../Drivers/CMSIS/Include -O0 -ffunction-sections -fdata-sections -Wall -fstack-usage -fcyclomatic-complexity -MMD -MP -MF"Core/Src/main.d" -MT"Core/Src/main.o" --specs=nano.specs -mfpu=fpv4-sp-d16 -mfloat-abi=hard -mthumb -o "Core/Src/main.o"
../Core/Src/_ADCn_INx_MA.c: In function 'MA_ADC1_IN1_Update':
../Core/Src/_ADCn_INx_MA.c:77:51: error: 'Offset_1' undeclared (first use in this function)
   77 |         ADC1_IN1_MA_ptr->MA_ADC1_IN1_OutBfr[u] -= Offset_1;
      |                                                   ^~~~~~~~
../Core/Src/_ADCn_INx_MA.c:77:51: note: each undeclared identifier is reported only once for each function it appears in
../Core/Src/_ADCn_INx_MA.c: In function 'MA_ADC1_IN2_Update':
../Core/Src/_ADCn_INx_MA.c:143:51: error: 'Offset_2' undeclared (first use in this function)
  143 |         ADC1_IN2_MA_ptr->MA_ADC1_IN2_OutBfr[u] -= Offset_2;
      |                                                   ^~~~~~~~
../Core/Src/_ADCn_INx_MA.c: In function 'MA_ADC2_IN3_Update':
../Core/Src/_ADCn_INx_MA.c:209:41: error: 'u' undeclared (first use in this function)
  209 |     ADC2_IN3_MA_ptr->MA_ADC2_IN3_OutBfr[u] -= Offset_3;
      |                                         ^
../Core/Src/_ADCn_INx_MA.c:209:47: error: 'Offset_3' undeclared (first use in this function)
  209 |     ADC2_IN3_MA_ptr->MA_ADC2_IN3_OutBfr[u] -= Offset_3;
      |                                               ^~~~~~~~
../Core/Src/_ADCn_INx_MA.c: In function 'MA_ADC2_IN4_Update':
../Core/Src/_ADCn_INx_MA.c:273:41: error: 'u' undeclared (first use in this function)
  273 |     ADC2_IN4_MA_ptr->MA_ADC2_IN4_OutBfr[u] -= Offset_4;
      |                                         ^
../Core/Src/_ADCn_INx_MA.c:273:47: error: 'Offset_4' undeclared (first use in this function)
  273 |     ADC2_IN4_MA_ptr->MA_ADC2_IN4_OutBfr[u] -= Offset_4;
      |                                               ^~~~~~~~
../Core/Src/_ADCn_INx_MA.c: In function 'MA_ADC3_IN1_Update':
../Core/Src/_ADCn_INx_MA.c:338:41: error: 'u' undeclared (first use in this function)
  338 |     ADC3_IN1_MA_ptr->MA_ADC3_IN1_OutBfr[u] -= Offset_5;
      |                                         ^
../Core/Src/_ADCn_INx_MA.c:338:47: error: 'Offset_5' undeclared (first use in this function)
  338 |     ADC3_IN1_MA_ptr->MA_ADC3_IN1_OutBfr[u] -= Offset_5;
      |                                               ^~~~~~~~
../Core/Src/_ADCn_INx_MA.c: In function 'MA_ADC3_IN2_Update':
../Core/Src/_ADCn_INx_MA.c:403:41: error: 'u' undeclared (first use in this function)
  403 |     ADC3_IN2_MA_ptr->MA_ADC3_IN2_OutBfr[u] -= Offset_6;
      |                                         ^
../Core/Src/_ADCn_INx_MA.c:403:47: error: 'Offset_6' undeclared (first use in this function)
  403 |     ADC3_IN2_MA_ptr->MA_ADC3_IN2_OutBfr[u] -= Offset_6;
      |                                               ^~~~~~~~
make: *** [Core/Src/subdir.mk:46: Core/Src/_ADCn_INx_MA.o] Error 1
make: *** Waiting for unfinished jobs....
"make -j8 all" terminated with exit code 2. Build might be incomplete.
12:49:56 **** Incremental Build of configuration Debug for project semgdaq ****
make -j8 all 
[...]
arm-none-eabi-gcc "../Core/Src/main.c" -mcpu=cortex-m4 -std=gnu11 -g3 -DDEBUG -DARM_MATH_CM4 -DUSE_HAL_DRIVER -DSTM32G4A1xx -c -I../Core/Inc -I"C:/Users/moshte/Desktop/moshte/Firmware projects/CubeIDE/Workspace/semgdaq_/Firmware/semgdaq/Drivers/CMSIS/DSP/Include" -I../Drivers/STM32G4xx_HAL_Driver/Inc -I../Drivers/STM32G4xx_HAL_Driver/Inc/Legacy -I../Drivers/CMSIS/Device/ST/STM32G4xx/Include -I../Drivers/CMSIS/Include -O0 -ffunction-sections -fdata-sections -Wall -fstack-usage -fcyclomatic-complexity -MMD -MP -MF"Core/Src/main.d" -MT"Core/Src/main.o" --specs=nano.specs -mfpu=fpv4-sp-d16 -mfloat-abi=hard -mthumb -o "Core/Src/main.o"
../Core/Src/main.c: In function 'main':
../Core/Src/main.c:220:22: warning: statement with no effect [-Wunused-value]
  220 |   Offset_1_Calculated==1; // Set the flag indicating offset has been calculated
      |   ~~~~~~~~~~~~~~~~~~~^~~
arm-none-eabi-gcc -o "semgdaq.elf" @"objects.list"  -larm_cortexM4lf_math -mcpu=cortex-m4 -T"C:\Users\moshte\Desktop\moshte\Firmware projects\CubeIDE\Workspace\semgdaq_\Firmware\semgdaq\STM32G4A1VETX_FLASH.ld" --specs=nosys.specs -Wl,-Map="semgdaq.map" -Wl,--gc-sections -static -L"C:\Users\moshte\Desktop\moshte\Firmware projects\CubeIDE\Workspace\semgdaq_\Firmware\semgdaq\Drivers\CMSIS\Lib\GCC" --specs=nano.specs -mfpu=fpv4-sp-d16 -mfloat-abi=hard -mthumb -Wl,--start-group -lc -lm -Wl,--end-group
Finished building target: semgdaq.elf
 
arm-none-eabi-size  semgdaq.elf 
arm-none-eabi-objdump -h -S semgdaq.elf  > "semgdaq.list"
   text	   data	    bss	    dec	    hex	filename
  28848	  30944	  14904	  74696	  123c8	semgdaq.elf
Finished building: default.size.stdout
 
Finished building: semgdaq.list
 
08:50:10 **** Incremental Build of configuration Debug for project semgdaq ****
make -j8 all 
arm-none-eabi-gcc "../Core/Src/main.c" -mcpu=cortex-m4 -std=gnu11 -g3 -DDEBUG -DARM_MATH_CM4 -DUSE_HAL_DRIVER -DSTM32G4A1xx -c -I../Core/Inc -I"C:/Users/moshte/Desktop/moshte/Firmware projects/CubeIDE/Workspace/semgdaq_/Firmware/semgdaq/Drivers/CMSIS/DSP/Include" -I../Drivers/STM32G4xx_HAL_Driver/Inc -I../Drivers/STM32G4xx_HAL_Driver/Inc/Legacy -I../Drivers/CMSIS/Device/ST/STM32G4xx/Include -I../Drivers/CMSIS/Include -O0 -ffunction-sections -fdata-sections -Wall -fstack-usage -fcyclomatic-complexity -MMD -MP -MF"Core/Src/main.d" -MT"Core/Src/main.o" --specs=nano.specs -mfpu=fpv4-sp-d16 -mfloat-abi=hard -mthumb -o "Core/Src/main.o"
arm-none-eabi-gcc -o "semgdaq.elf" @"objects.list"  -larm_cortexM4lf_math -mcpu=cortex-m4 -T"C:\Users\moshte\Desktop\moshte\Firmware projects\CubeIDE\Workspace\semgdaq_\Firmware\semgdaq\STM32G4A1VETX_FLASH.ld" --specs=nosys.specs -Wl,-Map="semgdaq.map" -Wl,--gc-sections -static -L"C:\Users\moshte\Desktop\moshte\Firmware projects\CubeIDE\Workspace\semgdaq_\Firmware\semgdaq\Drivers\CMSIS\Lib\GCC" --specs=nano.specs -mfpu=fpv4-sp-d16 -mfloat-abi=hard -mthumb -Wl,--start-group -lc -lm -Wl,--end-group
Finished building target: semgdaq.elf
 
arm-none-eabi-size  semgdaq.elf 
arm-none-eabi-objdump -h -S semgdaq.elf  > "semgdaq.list"
   text	   data	    bss	    dec	    hex	filename
  28852	  30944	  14904	  74700	  123cc	semgdaq.elf
Finished building: default.size.stdout
 
Finished building: semgdaq.list
 
09:01:33 **** Incremental Build of configuration Debug for project semgdaq ****
make -j8 all 
arm-none-eabi-gcc "../Core/Src/main.c" -mcpu=cortex-m4 -std=gnu11 -g3 -DDEBUG -DARM_MATH_CM4 -DUSE_HAL_DRIVER -DSTM32G4A1xx -c -I../Core/Inc -I"C:/Users/moshte/Desktop/moshte/Firmware projects/CubeIDE/Workspace/semgdaq_/Firmware/semgdaq/Drivers/CMSIS/DSP/Include" -I../Drivers/STM32G4xx_HAL_Driver/Inc -I../Drivers/STM32G4xx_HAL_Driver/Inc/Legacy -I../Drivers/CMSIS/Device/ST/STM32G4xx/Include -I../Drivers/CMSIS/Include -O0 -ffunction-sections -fdata-sections -Wall -fstack-usage -fcyclomatic-complexity -MMD -MP -MF"Core/Src/main.d" -MT"Core/Src/main.o" --specs=nano.specs -mfpu=fpv4-sp-d16 -mfloat-abi=hard -mthumb -o "Core/Src/main.o"
arm-none-eabi-gcc -o "semgdaq.elf" @"objects.list"  -larm_cortexM4lf_math -mcpu=cortex-m4 -T"C:\Users\moshte\Desktop\moshte\Firmware projects\CubeIDE\Workspace\semgdaq_\Firmware\semgdaq\STM32G4A1VETX_FLASH.ld" --specs=nosys.specs -Wl,-Map="semgdaq.map" -Wl,--gc-sections -static -L"C:\Users\moshte\Desktop\moshte\Firmware projects\CubeIDE\Workspace\semgdaq_\Firmware\semgdaq\Drivers\CMSIS\Lib\GCC" --specs=nano.specs -mfpu=fpv4-sp-d16 -mfloat-abi=hard -mthumb -Wl,--start-group -lc -lm -Wl,--end-group
Finished building target: semgdaq.elf
 
arm-none-eabi-size  semgdaq.elf 
arm-none-eabi-objdump -h -S semgdaq.elf  > "semgdaq.list"
   text	   data	    bss	    dec	    hex	filename
  28896	  30944	  14904	  74744	  123f8	semgdaq.elf
Finished building: default.size.stdout
 
Finished building: semgdaq.list
 
09:09:35 **** Incremental Build of configuration Debug for project semgdaq ****
make -j8 all 
arm-none-eabi-gcc "../Core/Src/main.c" -mcpu=cortex-m4 -std=gnu11 -g3 -DDEBUG -DARM_MATH_CM4 -DUSE_HAL_DRIVER -DSTM32G4A1xx -c -I../Core/Inc -I"C:/Users/moshte/Desktop/moshte/Firmware projects/CubeIDE/Workspace/semgdaq_/Firmware/semgdaq/Drivers/CMSIS/DSP/Include" -I../Drivers/STM32G4xx_HAL_Driver/Inc -I../Drivers/STM32G4xx_HAL_Driver/Inc/Legacy -I../Drivers/CMSIS/Device/ST/STM32G4xx/Include -I../Drivers/CMSIS/Include -O0 -ffunction-sections -fdata-sections -Wall -fstack-usage -fcyclomatic-complexity -MMD -MP -MF"Core/Src/main.d" -MT"Core/Src/main.o" --specs=nano.specs -mfpu=fpv4-sp-d16 -mfloat-abi=hard -mthumb -o "Core/Src/main.o"
arm-none-eabi-gcc -o "semgdaq.elf" @"objects.list"  -larm_cortexM4lf_math -mcpu=cortex-m4 -T"C:\Users\moshte\Desktop\moshte\Firmware projects\CubeIDE\Workspace\semgdaq_\Firmware\semgdaq\STM32G4A1VETX_FLASH.ld" --specs=nosys.specs -Wl,-Map="semgdaq.map" -Wl,--gc-sections -static -L"C:\Users\moshte\Desktop\moshte\Firmware projects\CubeIDE\Workspace\semgdaq_\Firmware\semgdaq\Drivers\CMSIS\Lib\GCC" --specs=nano.specs -mfpu=fpv4-sp-d16 -mfloat-abi=hard -mthumb -Wl,--start-group -lc -lm -Wl,--end-group
Finished building target: semgdaq.elf
 
arm-none-eabi-size  semgdaq.elf 
arm-none-eabi-objdump -h -S semgdaq.elf  > "semgdaq.list"
   text	   data	    bss	    dec	    hex	filename
  27608	  30944	   9568	  68120	  10a18	semgdaq.elf
Finished building: default.size.stdout
 
Finished building: semgdaq.list
 
09:11:42 **** Incremental Build of configuration Debug for project semgdaq ****
make -j8 all 
arm-none-eabi-gcc "../Core/Src/main.c" -mcpu=cortex-m4 -std=gnu11 -g3 -DDEBUG -DARM_MATH_CM4 -DUSE_HAL_DRIVER -DSTM32G4A1xx -c -I../Core/Inc -I"C:/Users/moshte/Desktop/moshte/Firmware projects/CubeIDE/Workspace/semgdaq_/Firmware/semgdaq/Drivers/CMSIS/DSP/Include" -I../Drivers/STM32G4xx_HAL_Driver/Inc -I../Drivers/STM32G4xx_HAL_Driver/Inc/Legacy -I../Drivers/CMSIS/Device/ST/STM32G4xx/Include -I../Drivers/CMSIS/Include -O0 -ffunction-sections -fdata-sections -Wall -fstack-usage -fcyclomatic-complexity -MMD -MP -MF"Core/Src/main.d" -MT"Core/Src/main.o" --specs=nano.specs -mfpu=fpv4-sp-d16 -mfloat-abi=hard -mthumb -o "Core/Src/main.o"
arm-none-eabi-gcc -o "semgdaq.elf" @"objects.list"  -larm_cortexM4lf_math -mcpu=cortex-m4 -T"C:\Users\moshte\Desktop\moshte\Firmware projects\CubeIDE\Workspace\semgdaq_\Firmware\semgdaq\STM32G4A1VETX_FLASH.ld" --specs=nosys.specs -Wl,-Map="semgdaq.map" -Wl,--gc-sections -static -L"C:\Users\moshte\Desktop\moshte\Firmware projects\CubeIDE\Workspace\semgdaq_\Firmware\semgdaq\Drivers\CMSIS\Lib\GCC" --specs=nano.specs -mfpu=fpv4-sp-d16 -mfloat-abi=hard -mthumb -Wl,--start-group -lc -lm -Wl,--end-group
Finished building target: semgdaq.elf
 
arm-none-eabi-size  semgdaq.elf 
arm-none-eabi-objdump -h -S semgdaq.elf  > "semgdaq.list"
   text	   data	    bss	    dec	    hex	filename
  28012	  30944	  10904	  69860	  110e4	semgdaq.elf
Finished building: default.size.stdout
 
Finished building: semgdaq.list
 
09:13:11 **** Incremental Build of configuration Debug for project semgdaq ****
make -j8 all 
arm-none-eabi-gcc "../Core/Src/main.c" -mcpu=cortex-m4 -std=gnu11 -g3 -DDEBUG -DARM_MATH_CM4 -DUSE_HAL_DRIVER -DSTM32G4A1xx -c -I../Core/Inc -I"C:/Users/moshte/Desktop/moshte/Firmware projects/CubeIDE/Workspace/semgdaq_/Firmware/semgdaq/Drivers/CMSIS/DSP/Include" -I../Drivers/STM32G4xx_HAL_Driver/Inc -I../Drivers/STM32G4xx_HAL_Driver/Inc/Legacy -I../Drivers/CMSIS/Device/ST/STM32G4xx/Include -I../Drivers/CMSIS/Include -O0 -ffunction-sections -fdata-sections -Wall -fstack-usage -fcyclomatic-complexity -MMD -MP -MF"Core/Src/main.d" -MT"Core/Src/main.o" --specs=nano.specs -mfpu=fpv4-sp-d16 -mfloat-abi=hard -mthumb -o "Core/Src/main.o"
arm-none-eabi-gcc -o "semgdaq.elf" @"objects.list"  -larm_cortexM4lf_math -mcpu=cortex-m4 -T"C:\Users\moshte\Desktop\moshte\Firmware projects\CubeIDE\Workspace\semgdaq_\Firmware\semgdaq\STM32G4A1VETX_FLASH.ld" --specs=nosys.specs -Wl,-Map="semgdaq.map" -Wl,--gc-sections -static -L"C:\Users\moshte\Desktop\moshte\Firmware projects\CubeIDE\Workspace\semgdaq_\Firmware\semgdaq\Drivers\CMSIS\Lib\GCC" --specs=nano.specs -mfpu=fpv4-sp-d16 -mfloat-abi=hard -mthumb -Wl,--start-group -lc -lm -Wl,--end-group
Finished building target: semgdaq.elf
 
arm-none-eabi-size  semgdaq.elf 
arm-none-eabi-objdump -h -S semgdaq.elf  > "semgdaq.list"
   text	   data	    bss	    dec	    hex	filename
  28412	  30944	  12232	  71588	  117a4	semgdaq.elf
Finished building: default.size.stdout
 
Finished building: semgdaq.list
 
09:15:17 **** Incremental Build of configuration Debug for project semgdaq ****
make -j8 all 
arm-none-eabi-gcc "../Core/Src/main.c" -mcpu=cortex-m4 -std=gnu11 -g3 -DDEBUG -DARM_MATH_CM4 -DUSE_HAL_DRIVER -DSTM32G4A1xx -c -I../Core/Inc -I"C:/Users/moshte/Desktop/moshte/Firmware projects/CubeIDE/Workspace/semgdaq_/Firmware/semgdaq/Drivers/CMSIS/DSP/Include" -I../Drivers/STM32G4xx_HAL_Driver/Inc -I../Drivers/STM32G4xx_HAL_Driver/Inc/Legacy -I../Drivers/CMSIS/Device/ST/STM32G4xx/Include -I../Drivers/CMSIS/Include -O0 -ffunction-sections -fdata-sections -Wall -fstack-usage -fcyclomatic-complexity -MMD -MP -MF"Core/Src/main.d" -MT"Core/Src/main.o" --specs=nano.specs -mfpu=fpv4-sp-d16 -mfloat-abi=hard -mthumb -o "Core/Src/main.o"
../Core/Src/main.c: In function 'main':
../Core/Src/main.c:297:36: warning: passing argument 1 of 'MA_ADC1_IN1_Update' from incompatible pointer type [-Wincompatible-pointer-types]
  297 |                 MA_ADC1_IN1_Update(&MovingAverage_ADC3_IN1);  // Fill the buffer with ADC data
      |                                    ^~~~~~~~~~~~~~~~~~~~~~~
      |                                    |
      |                                    ADC3_IN1_MA *
In file included from ../Core/Inc/_ADCn_INx_Offset.h:13,
                 from ../Core/Inc/_ADCn_INx_SD_BL.h:12,
                 from ../Core/Src/main.c:24:
../Core/Inc/_ADCn_INx_MA.h:93:38: note: expected 'ADC1_IN1_MA *' but argument is of type 'ADC3_IN1_MA *'
   93 | void MA_ADC1_IN1_Update(ADC1_IN1_MA *ADC1_IN1_MA_ptr);
      |                         ~~~~~~~~~~~~~^~~~~~~~~~~~~~~
arm-none-eabi-gcc -o "semgdaq.elf" @"objects.list"  -larm_cortexM4lf_math -mcpu=cortex-m4 -T"C:\Users\moshte\Desktop\moshte\Firmware projects\CubeIDE\Workspace\semgdaq_\Firmware\semgdaq\STM32G4A1VETX_FLASH.ld" --specs=nosys.specs -Wl,-Map="semgdaq.map" -Wl,--gc-sections -static -L"C:\Users\moshte\Desktop\moshte\Firmware projects\CubeIDE\Workspace\semgdaq_\Firmware\semgdaq\Drivers\CMSIS\Lib\GCC" --specs=nano.specs -mfpu=fpv4-sp-d16 -mfloat-abi=hard -mthumb -Wl,--start-group -lc -lm -Wl,--end-group
Finished building target: semgdaq.elf
 
arm-none-eabi-size  semgdaq.elf 
arm-none-eabi-objdump -h -S semgdaq.elf  > "semgdaq.list"
   text	   data	    bss	    dec	    hex	filename
  28816	  30944	  13568	  73328	  11e70	semgdaq.elf
Finished building: default.size.stdout
 
Finished building: semgdaq.list
 
09:15:28 **** Incremental Build of configuration Debug for project semgdaq ****
make -j8 all 
arm-none-eabi-gcc "../Core/Src/main.c" -mcpu=cortex-m4 -std=gnu11 -g3 -DDEBUG -DARM_MATH_CM4 -DUSE_HAL_DRIVER -DSTM32G4A1xx -c -I../Core/Inc -I"C:/Users/moshte/Desktop/moshte/Firmware projects/CubeIDE/Workspace/semgdaq_/Firmware/semgdaq/Drivers/CMSIS/DSP/Include" -I../Drivers/STM32G4xx_HAL_Driver/Inc -I../Drivers/STM32G4xx_HAL_Driver/Inc/Legacy -I../Drivers/CMSIS/Device/ST/STM32G4xx/Include -I../Drivers/CMSIS/Include -O0 -ffunction-sections -fdata-sections -Wall -fstack-usage -fcyclomatic-complexity -MMD -MP -MF"Core/Src/main.d" -MT"Core/Src/main.o" --specs=nano.specs -mfpu=fpv4-sp-d16 -mfloat-abi=hard -mthumb -o "Core/Src/main.o"
arm-none-eabi-gcc -o "semgdaq.elf" @"objects.list"  -larm_cortexM4lf_math -mcpu=cortex-m4 -T"C:\Users\moshte\Desktop\moshte\Firmware projects\CubeIDE\Workspace\semgdaq_\Firmware\semgdaq\STM32G4A1VETX_FLASH.ld" --specs=nosys.specs -Wl,-Map="semgdaq.map" -Wl,--gc-sections -static -L"C:\Users\moshte\Desktop\moshte\Firmware projects\CubeIDE\Workspace\semgdaq_\Firmware\semgdaq\Drivers\CMSIS\Lib\GCC" --specs=nano.specs -mfpu=fpv4-sp-d16 -mfloat-abi=hard -mthumb -Wl,--start-group -lc -lm -Wl,--end-group
Finished building target: semgdaq.elf
 
arm-none-eabi-size  semgdaq.elf 
arm-none-eabi-objdump -h -S semgdaq.elf  > "semgdaq.list"
   text	   data	    bss	    dec	    hex	filename
  28816	  30944	  13568	  73328	  11e70	semgdaq.elf
Finished building: default.size.stdout
 
Finished building: semgdaq.list
 
09:15:51 **** Incremental Build of configuration Debug for project semgdaq ****
make -j8 all 
arm-none-eabi-gcc "../Core/Src/main.c" -mcpu=cortex-m4 -std=gnu11 -g3 -DDEBUG -DARM_MATH_CM4 -DUSE_HAL_DRIVER -DSTM32G4A1xx -c -I../Core/Inc -I"C:/Users/moshte/Desktop/moshte/Firmware projects/CubeIDE/Workspace/semgdaq_/Firmware/semgdaq/Drivers/CMSIS/DSP/Include" -I../Drivers/STM32G4xx_HAL_Driver/Inc -I../Drivers/STM32G4xx_HAL_Driver/Inc/Legacy -I../Drivers/CMSIS/Device/ST/STM32G4xx/Include -I../Drivers/CMSIS/Include -O0 -ffunction-sections -fdata-sections -Wall -fstack-usage -fcyclomatic-complexity -MMD -MP -MF"Core/Src/main.d" -MT"Core/Src/main.o" --specs=nano.specs -mfpu=fpv4-sp-d16 -mfloat-abi=hard -mthumb -o "Core/Src/main.o"
arm-none-eabi-gcc -o "semgdaq.elf" @"objects.list"  -larm_cortexM4lf_math -mcpu=cortex-m4 -T"C:\Users\moshte\Desktop\moshte\Firmware projects\CubeIDE\Workspace\semgdaq_\Firmware\semgdaq\STM32G4A1VETX_FLASH.ld" --specs=nosys.specs -Wl,-Map="semgdaq.map" -Wl,--gc-sections -static -L"C:\Users\moshte\Desktop\moshte\Firmware projects\CubeIDE\Workspace\semgdaq_\Firmware\semgdaq\Drivers\CMSIS\Lib\GCC" --specs=nano.specs -mfpu=fpv4-sp-d16 -mfloat-abi=hard -mthumb -Wl,--start-group -lc -lm -Wl,--end-group
Finished building target: semgdaq.elf
 
arm-none-eabi-size  semgdaq.elf 
arm-none-eabi-objdump -h -S semgdaq.elf  > "semgdaq.list"
   text	   data	    bss	    dec	    hex	filename
  28816	  30944	  13568	  73328	  11e70	semgdaq.elf
Finished building: default.size.stdout
 
Finished building: semgdaq.list
 
09:17:20 **** Incremental Build of configuration Debug for project semgdaq ****
make -j8 all 
arm-none-eabi-gcc "../Core/Src/main.c" -mcpu=cortex-m4 -std=gnu11 -g3 -DDEBUG -DARM_MATH_CM4 -DUSE_HAL_DRIVER -DSTM32G4A1xx -c -I../Core/Inc -I"C:/Users/moshte/Desktop/moshte/Firmware projects/CubeIDE/Workspace/semgdaq_/Firmware/semgdaq/Drivers/CMSIS/DSP/Include" -I../Drivers/STM32G4xx_HAL_Driver/Inc -I../Drivers/STM32G4xx_HAL_Driver/Inc/Legacy -I../Drivers/CMSIS/Device/ST/STM32G4xx/Include -I../Drivers/CMSIS/Include -O0 -ffunction-sections -fdata-sections -Wall -fstack-usage -fcyclomatic-complexity -MMD -MP -MF"Core/Src/main.d" -MT"Core/Src/main.o" --specs=nano.specs -mfpu=fpv4-sp-d16 -mfloat-abi=hard -mthumb -o "Core/Src/main.o"
arm-none-eabi-gcc -o "semgdaq.elf" @"objects.list"  -larm_cortexM4lf_math -mcpu=cortex-m4 -T"C:\Users\moshte\Desktop\moshte\Firmware projects\CubeIDE\Workspace\semgdaq_\Firmware\semgdaq\STM32G4A1VETX_FLASH.ld" --specs=nosys.specs -Wl,-Map="semgdaq.map" -Wl,--gc-sections -static -L"C:\Users\moshte\Desktop\moshte\Firmware projects\CubeIDE\Workspace\semgdaq_\Firmware\semgdaq\Drivers\CMSIS\Lib\GCC" --specs=nano.specs -mfpu=fpv4-sp-d16 -mfloat-abi=hard -mthumb -Wl,--start-group -lc -lm -Wl,--end-group
Finished building target: semgdaq.elf
 
arm-none-eabi-size  semgdaq.elf 
arm-none-eabi-objdump -h -S semgdaq.elf  > "semgdaq.list"
   text	   data	    bss	    dec	    hex	filename
  29212	  30944	  14904	  75060	  12534	semgdaq.elf
Finished building: default.size.stdout
 
Finished building: semgdaq.list
 
09:41:18 **** Incremental Build of configuration Debug for project semgdaq ****
make -j8 all 
arm-none-eabi-gcc "../Core/Src/_ADCn_INx_MA.c" -mcpu=cortex-m4 -std=gnu11 -g3 -DDEBUG -DARM_MATH_CM4 -DUSE_HAL_DRIVER -DSTM32G4A1xx -c -I../Core/Inc -I"C:/Users/moshte/Desktop/moshte/Firmware projects/CubeIDE/Workspace/semgdaq_/Firmware/semgdaq/Drivers/CMSIS/DSP/Include" -I../Drivers/STM32G4xx_HAL_Driver/Inc -I../Drivers/STM32G4xx_HAL_Driver/Inc/Legacy -I../Drivers/CMSIS/Device/ST/STM32G4xx/Include -I../Drivers/CMSIS/Include -O0 -ffunction-sections -fdata-sections -Wall -fstack-usage -fcyclomatic-complexity -MMD -MP -MF"Core/Src/_ADCn_INx_MA.d" -MT"Core/Src/_ADCn_INx_MA.o" --specs=nano.specs -mfpu=fpv4-sp-d16 -mfloat-abi=hard -mthumb -o "Core/Src/_ADCn_INx_MA.o"
arm-none-eabi-gcc "../Core/Src/_ADCn_INx_Offset.c" -mcpu=cortex-m4 -std=gnu11 -g3 -DDEBUG -DARM_MATH_CM4 -DUSE_HAL_DRIVER -DSTM32G4A1xx -c -I../Core/Inc -I"C:/Users/moshte/Desktop/moshte/Firmware projects/CubeIDE/Workspace/semgdaq_/Firmware/semgdaq/Drivers/CMSIS/DSP/Include" -I../Drivers/STM32G4xx_HAL_Driver/Inc -I../Drivers/STM32G4xx_HAL_Driver/Inc/Legacy -I../Drivers/CMSIS/Device/ST/STM32G4xx/Include -I../Drivers/CMSIS/Include -O0 -ffunction-sections -fdata-sections -Wall -fstack-usage -fcyclomatic-complexity -MMD -MP -MF"Core/Src/_ADCn_INx_Offset.d" -MT"Core/Src/_ADCn_INx_Offset.o" --specs=nano.specs -mfpu=fpv4-sp-d16 -mfloat-abi=hard -mthumb -o "Core/Src/_ADCn_INx_Offset.o"
arm-none-eabi-gcc "../Core/Src/_ADCn_INx_SD_BL.c" -mcpu=cortex-m4 -std=gnu11 -g3 -DDEBUG -DARM_MATH_CM4 -DUSE_HAL_DRIVER -DSTM32G4A1xx -c -I../Core/Inc -I"C:/Users/moshte/Desktop/moshte/Firmware projects/CubeIDE/Workspace/semgdaq_/Firmware/semgdaq/Drivers/CMSIS/DSP/Include" -I../Drivers/STM32G4xx_HAL_Driver/Inc -I../Drivers/STM32G4xx_HAL_Driver/Inc/Legacy -I../Drivers/CMSIS/Device/ST/STM32G4xx/Include -I../Drivers/CMSIS/Include -O0 -ffunction-sections -fdata-sections -Wall -fstack-usage -fcyclomatic-complexity -MMD -MP -MF"Core/Src/_ADCn_INx_SD_BL.d" -MT"Core/Src/_ADCn_INx_SD_BL.o" --specs=nano.specs -mfpu=fpv4-sp-d16 -mfloat-abi=hard -mthumb -o "Core/Src/_ADCn_INx_SD_BL.o"
arm-none-eabi-gcc "../Core/Src/main.c" -mcpu=cortex-m4 -std=gnu11 -g3 -DDEBUG -DARM_MATH_CM4 -DUSE_HAL_DRIVER -DSTM32G4A1xx -c -I../Core/Inc -I"C:/Users/moshte/Desktop/moshte/Firmware projects/CubeIDE/Workspace/semgdaq_/Firmware/semgdaq/Drivers/CMSIS/DSP/Include" -I../Drivers/STM32G4xx_HAL_Driver/Inc -I../Drivers/STM32G4xx_HAL_Driver/Inc/Legacy -I../Drivers/CMSIS/Device/ST/STM32G4xx/Include -I../Drivers/CMSIS/Include -O0 -ffunction-sections -fdata-sections -Wall -fstack-usage -fcyclomatic-complexity -MMD -MP -MF"Core/Src/main.d" -MT"Core/Src/main.o" --specs=nano.specs -mfpu=fpv4-sp-d16 -mfloat-abi=hard -mthumb -o "Core/Src/main.o"
arm-none-eabi-gcc -o "semgdaq.elf" @"objects.list"  -larm_cortexM4lf_math -mcpu=cortex-m4 -T"C:\Users\moshte\Desktop\moshte\Firmware projects\CubeIDE\Workspace\semgdaq_\Firmware\semgdaq\STM32G4A1VETX_FLASH.ld" --specs=nosys.specs -Wl,-Map="semgdaq.map" -Wl,--gc-sections -static -L"C:\Users\moshte\Desktop\moshte\Firmware projects\CubeIDE\Workspace\semgdaq_\Firmware\semgdaq\Drivers\CMSIS\Lib\GCC" --specs=nano.specs -mfpu=fpv4-sp-d16 -mfloat-abi=hard -mthumb -Wl,--start-group -lc -lm -Wl,--end-group
Finished building target: semgdaq.elf
 
arm-none-eabi-size  semgdaq.elf 
arm-none-eabi-objdump -h -S semgdaq.elf  > "semgdaq.list"
   text	   data	    bss	    dec	    hex	filename
  29212	  30944	  14904	  75060	  12534	semgdaq.elf
Finished building: default.size.stdout
 
Finished building: semgdaq.list
 
