11:04:01 **** Clean-only build of configuration Debug for project semgdaq ****
make -j8 clean 
rm -rf ./Drivers/STM32G4xx_HAL_Driver/Src/stm32g4xx_hal.cyclo ./Drivers/STM32G4xx_HAL_Driver/Src/stm32g4xx_hal.d ./Drivers/STM32G4xx_HAL_Driver/Src/stm32g4xx_hal.o ./Drivers/STM32G4xx_HAL_Driver/Src/stm32g4xx_hal.su ./Drivers/STM32G4xx_HAL_Driver/Src/stm32g4xx_hal_adc.cyclo ./Drivers/STM32G4xx_HAL_Driver/Src/stm32g4xx_hal_adc.d ./Drivers/STM32G4xx_HAL_Driver/Src/stm32g4xx_hal_adc.o ./Drivers/STM32G4xx_HAL_Driver/Src/stm32g4xx_hal_adc.su ./Drivers/STM32G4xx_HAL_Driver/Src/stm32g4xx_hal_adc_ex.cyclo ./Drivers/STM32G4xx_HAL_Driver/Src/stm32g4xx_hal_adc_ex.d ./Drivers/STM32G4xx_HAL_Driver/Src/stm32g4xx_hal_adc_ex.o ./Drivers/STM32G4xx_HAL_Driver/Src/stm32g4xx_hal_adc_ex.su ./Drivers/STM32G4xx_HAL_Driver/Src/stm32g4xx_hal_cortex.cyclo ./Drivers/STM32G4xx_HAL_Driver/Src/stm32g4xx_hal_cortex.d ./Drivers/STM32G4xx_HAL_Driver/Src/stm32g4xx_hal_cortex.o ./Drivers/STM32G4xx_HAL_Driver/Src/stm32g4xx_hal_cortex.su ./Drivers/STM32G4xx_HAL_Driver/Src/stm32g4xx_hal_dac.cyclo ./Drivers/STM32G4xx_HAL_Driver/Src/stm32g4xx_hal_dac.d ./Drivers/STM32G4xx_HAL_Driver/Src/stm32g4xx_hal_dac.o ./Drivers/STM32G4xx_HAL_Driver/Src/stm32g4xx_hal_dac.su ./Drivers/STM32G4xx_HAL_Driver/Src/stm32g4xx_hal_dac_ex.cyclo ./Drivers/STM32G4xx_HAL_Driver/Src/stm32g4xx_hal_dac_ex.d ./Drivers/STM32G4xx_HAL_Driver/Src/stm32g4xx_hal_dac_ex.o ./Drivers/STM32G4xx_HAL_Driver/Src/stm32g4xx_hal_dac_ex.su ./Drivers/STM32G4xx_HAL_Driver/Src/stm32g4xx_hal_dma.cyclo ./Drivers/STM32G4xx_HAL_Driver/Src/stm32g4xx_hal_dma.d ./Drivers/STM32G4xx_HAL_Driver/Src/stm32g4xx_hal_dma.o ./Drivers/STM32G4xx_HAL_Driver/Src/stm32g4xx_hal_dma.su ./Drivers/STM32G4xx_HAL_Driver/Src/stm32g4xx_hal_dma_ex.cyclo ./Drivers/STM32G4xx_HAL_Driver/Src/stm32g4xx_hal_dma_ex.d ./Drivers/STM32G4xx_HAL_Driver/Src/stm32g4xx_hal_dma_ex.o ./Drivers/STM32G4xx_HAL_Driver/Src/stm32g4xx_hal_dma_ex.su ./Drivers/STM32G4xx_HAL_Driver/Src/stm32g4xx_hal_exti.cyclo ./Drivers/STM32G4xx_HAL_Driver/Src/stm32g4xx_hal_exti.d ./Drivers/STM32G4xx_HAL_Driver/Src/stm32g4xx_hal_exti.o ./Drivers/STM32G4xx_HAL_Driver/Src/stm32g4xx_hal_exti.su ./Drivers/STM32G4xx_HAL_Driver/Src/stm32g4xx_hal_flash.cyclo ./Drivers/STM32G4xx_HAL_Driver/Src/stm32g4xx_hal_flash.d ./Drivers/STM32G4xx_HAL_Driver/Src/stm32g4xx_hal_flash.o ./Drivers/STM32G4xx_HAL_Driver/Src/stm32g4xx_hal_flash.su ./Drivers/STM32G4xx_HAL_Driver/Src/stm32g4xx_hal_flash_ex.cyclo ./Drivers/STM32G4xx_HAL_Driver/Src/stm32g4xx_hal_flash_ex.d ./Drivers/STM32G4xx_HAL_Driver/Src/stm32g4xx_hal_flash_ex.o ./Drivers/STM32G4xx_HAL_Driver/Src/stm32g4xx_hal_flash_ex.su ./Drivers/STM32G4xx_HAL_Driver/Src/stm32g4xx_hal_flash_ramfunc.cyclo ./Drivers/STM32G4xx_HAL_Driver/Src/stm32g4xx_hal_flash_ramfunc.d ./Drivers/STM32G4xx_HAL_Driver/Src/stm32g4xx_hal_flash_ramfunc.o ./Drivers/STM32G4xx_HAL_Driver/Src/stm32g4xx_hal_flash_ramfunc.su ./Drivers/STM32G4xx_HAL_Driver/Src/stm32g4xx_hal_fmac.cyclo ./Drivers/STM32G4xx_HAL_Driver/Src/stm32g4xx_hal_fmac.d ./Drivers/STM32G4xx_HAL_Driver/Src/stm32g4xx_hal_fmac.o ./Drivers/STM32G4xx_HAL_Driver/Src/stm32g4xx_hal_fmac.su ./Drivers/STM32G4xx_HAL_Driver/Src/stm32g4xx_hal_gpio.cyclo ./Drivers/STM32G4xx_HAL_Driver/Src/stm32g4xx_hal_gpio.d ./Drivers/STM32G4xx_HAL_Driver/Src/stm32g4xx_hal_gpio.o ./Drivers/STM32G4xx_HAL_Driver/Src/stm32g4xx_hal_gpio.su ./Drivers/STM32G4xx_HAL_Driver/Src/stm32g4xx_hal_pwr.cyclo ./Drivers/STM32G4xx_HAL_Driver/Src/stm32g4xx_hal_pwr.d ./Drivers/STM32G4xx_HAL_Driver/Src/stm32g4xx_hal_pwr.o ./Drivers/STM32G4xx_HAL_Driver/Src/stm32g4xx_hal_pwr.su ./Drivers/STM32G4xx_HAL_Driver/Src/stm32g4xx_hal_pwr_ex.cyclo ./Drivers/STM32G4xx_HAL_Driver/Src/stm32g4xx_hal_pwr_ex.d ./Drivers/STM32G4xx_HAL_Driver/Src/stm32g4xx_hal_pwr_ex.o ./Drivers/STM32G4xx_HAL_Driver/Src/stm32g4xx_hal_pwr_ex.su ./Drivers/STM32G4xx_HAL_Driver/Src/stm32g4xx_hal_rcc.cyclo ./Drivers/STM32G4xx_HAL_Driver/Src/stm32g4xx_hal_rcc.d ./Drivers/STM32G4xx_HAL_Driver/Src/stm32g4xx_hal_rcc.o ./Drivers/STM32G4xx_HAL_Driver/Src/stm32g4xx_hal_rcc.su ./Drivers/STM32G4xx_HAL_Driver/Src/stm32g4xx_hal_rcc_ex.cyclo ./Drivers/STM32G4xx_HAL_Driver/Src/stm32g4xx_hal_rcc_ex.d ./Drivers/STM32G4xx_HAL_Driver/Src/stm32g4xx_hal_rcc_ex.o ./Drivers/STM32G4xx_HAL_Driver/Src/stm32g4xx_hal_rcc_ex.su ./Drivers/STM32G4xx_HAL_Driver/Src/stm32g4xx_hal_tim.cyclo ./Drivers/STM32G4xx_HAL_Driver/Src/stm32g4xx_hal_tim.d ./Drivers/STM32G4xx_HAL_Driver/Src/stm32g4xx_hal_tim.o ./Drivers/STM32G4xx_HAL_Driver/Src/stm32g4xx_hal_tim.su ./Drivers/STM32G4xx_HAL_Driver/Src/stm32g4xx_hal_tim_ex.cyclo ./Drivers/STM32G4xx_HAL_Driver/Src/stm32g4xx_hal_tim_ex.d ./Drivers/STM32G4xx_HAL_Driver/Src/stm32g4xx_hal_tim_ex.o ./Drivers/STM32G4xx_HAL_Driver/Src/stm32g4xx_hal_tim_ex.su ./Drivers/STM32G4xx_HAL_Driver/Src/stm32g4xx_ll_adc.cyclo ./Drivers/STM32G4xx_HAL_Driver/Src/stm32g4xx_ll_adc.d ./Drivers/STM32G4xx_HAL_Driver/Src/stm32g4xx_ll_adc.o ./Drivers/STM32G4xx_HAL_Driver/Src/stm32g4xx_ll_adc.su
rm -rf ./Core/Startup/startup_stm32g4a1vetx.d ./Core/Startup/startup_stm32g4a1vetx.o
rm -rf ./Core/Src/_ADCn_INx_AR.cyclo ./Core/Src/_ADCn_INx_AR.d ./Core/Src/_ADCn_INx_AR.o ./Core/Src/_ADCn_INx_AR.su ./Core/Src/_ADCn_INx_DAC1_Cond.cyclo ./Core/Src/_ADCn_INx_DAC1_Cond.d ./Core/Src/_ADCn_INx_DAC1_Cond.o ./Core/Src/_ADCn_INx_DAC1_Cond.su ./Core/Src/_ADCn_INx_MA.cyclo ./Core/Src/_ADCn_INx_MA.d ./Core/Src/_ADCn_INx_MA.o ./Core/Src/_ADCn_INx_MA.su ./Core/Src/_ADCn_INx_NF.cyclo ./Core/Src/_ADCn_INx_NF.d ./Core/Src/_ADCn_INx_NF.o ./Core/Src/_ADCn_INx_NF.su ./Core/Src/_ADCn_INx_Offset.cyclo ./Core/Src/_ADCn_INx_Offset.d ./Core/Src/_ADCn_INx_Offset.o ./Core/Src/_ADCn_INx_Offset.su ./Core/Src/_ADCn_INx_SD_BL.cyclo ./Core/Src/_ADCn_INx_SD_BL.d ./Core/Src/_ADCn_INx_SD_BL.o ./Core/Src/_ADCn_INx_SD_BL.su ./Core/Src/_ADCn_INx_SSC.cyclo ./Core/Src/_ADCn_INx_SSC.d ./Core/Src/_ADCn_INx_SSC.o ./Core/Src/_ADCn_INx_SSC.su ./Core/Src/_ADCn_INx_STFT.cyclo ./Core/Src/_ADCn_INx_STFT.d ./Core/Src/_ADCn_INx_STFT.o ./Core/Src/_ADCn_INx_STFT.su ./Core/Src/_ADCn_INx_TKEO.cyclo ./Core/Src/_ADCn_INx_TKEO.d ./Core/Src/_ADCn_INx_TKEO.o ./Core/Src/_ADCn_INx_TKEO.su ./Core/Src/_DMA_Sort.cyclo ./Core/Src/_DMA_Sort.d ./Core/Src/_DMA_Sort.o ./Core/Src/_DMA_Sort.su ./Core/Src/main.cyclo ./Core/Src/main.d ./Core/Src/main.o ./Core/Src/main.su ./Core/Src/stm32g4xx_hal_msp.cyclo ./Core/Src/stm32g4xx_hal_msp.d ./Core/Src/stm32g4xx_hal_msp.o ./Core/Src/stm32g4xx_hal_msp.su ./Core/Src/stm32g4xx_it.cyclo ./Core/Src/stm32g4xx_it.d ./Core/Src/stm32g4xx_it.o ./Core/Src/stm32g4xx_it.su ./Core/Src/syscalls.cyclo ./Core/Src/syscalls.d ./Core/Src/syscalls.o ./Core/Src/syscalls.su ./Core/Src/sysmem.cyclo ./Core/Src/sysmem.d ./Core/Src/sysmem.o ./Core/Src/sysmem.su ./Core/Src/system_stm32g4xx.cyclo ./Core/Src/system_stm32g4xx.d ./Core/Src/system_stm32g4xx.o ./Core/Src/system_stm32g4xx.su
rm -rf default.size.stdout semgdaq.elf semgdaq.list semgdaq.map
 
11:05:08 **** Build of configuration Debug for project semgdaq ****
make -j8 all 
arm-none-eabi-gcc "../Drivers/STM32G4xx_HAL_Driver/Src/stm32g4xx_hal.c" -mcpu=cortex-m4 -std=gnu11 -g3 -DDEBUG -DARM_MATH_CM4 -DUSE_HAL_DRIVER -DSTM32G4A1xx -c -I../Core/Inc -I"C:/Users/moshte/Desktop/moshte/Firmware projects/CubeIDE/Workspace/semgdaq_/Firmware/semgdaq/Drivers/CMSIS/DSP/Include" -I../Drivers/STM32G4xx_HAL_Driver/Inc -I../Drivers/STM32G4xx_HAL_Driver/Inc/Legacy -I../Drivers/CMSIS/Device/ST/STM32G4xx/Include -I../Drivers/CMSIS/Include -O0 -ffunction-sections -fdata-sections -Wall -fstack-usage -fcyclomatic-complexity -MMD -MP -MF"Drivers/STM32G4xx_HAL_Driver/Src/stm32g4xx_hal.d" -MT"Drivers/STM32G4xx_HAL_Driver/Src/stm32g4xx_hal.o" --specs=nano.specs -mfpu=fpv4-sp-d16 -mfloat-abi=hard -mthumb -o "Drivers/STM32G4xx_HAL_Driver/Src/stm32g4xx_hal.o"
arm-none-eabi-gcc "../Drivers/STM32G4xx_HAL_Driver/Src/stm32g4xx_hal_adc.c" -mcpu=cortex-m4 -std=gnu11 -g3 -DDEBUG -DARM_MATH_CM4 -DUSE_HAL_DRIVER -DSTM32G4A1xx -c -I../Core/Inc -I"C:/Users/moshte/Desktop/moshte/Firmware projects/CubeIDE/Workspace/semgdaq_/Firmware/semgdaq/Drivers/CMSIS/DSP/Include" -I../Drivers/STM32G4xx_HAL_Driver/Inc -I../Drivers/STM32G4xx_HAL_Driver/Inc/Legacy -I../Drivers/CMSIS/Device/ST/STM32G4xx/Include -I../Drivers/CMSIS/Include -O0 -ffunction-sections -fdata-sections -Wall -fstack-usage -fcyclomatic-complexity -MMD -MP -MF"Drivers/STM32G4xx_HAL_Driver/Src/stm32g4xx_hal_adc.d" -MT"Drivers/STM32G4xx_HAL_Driver/Src/stm32g4xx_hal_adc.o" --specs=nano.specs -mfpu=fpv4-sp-d16 -mfloat-abi=hard -mthumb -o "Drivers/STM32G4xx_HAL_Driver/Src/stm32g4xx_hal_adc.o"
arm-none-eabi-gcc "../Drivers/STM32G4xx_HAL_Driver/Src/stm32g4xx_hal_adc_ex.c" -mcpu=cortex-m4 -std=gnu11 -g3 -DDEBUG -DARM_MATH_CM4 -DUSE_HAL_DRIVER -DSTM32G4A1xx -c -I../Core/Inc -I"C:/Users/moshte/Desktop/moshte/Firmware projects/CubeIDE/Workspace/semgdaq_/Firmware/semgdaq/Drivers/CMSIS/DSP/Include" -I../Drivers/STM32G4xx_HAL_Driver/Inc -I../Drivers/STM32G4xx_HAL_Driver/Inc/Legacy -I../Drivers/CMSIS/Device/ST/STM32G4xx/Include -I../Drivers/CMSIS/Include -O0 -ffunction-sections -fdata-sections -Wall -fstack-usage -fcyclomatic-complexity -MMD -MP -MF"Drivers/STM32G4xx_HAL_Driver/Src/stm32g4xx_hal_adc_ex.d" -MT"Drivers/STM32G4xx_HAL_Driver/Src/stm32g4xx_hal_adc_ex.o" --specs=nano.specs -mfpu=fpv4-sp-d16 -mfloat-abi=hard -mthumb -o "Drivers/STM32G4xx_HAL_Driver/Src/stm32g4xx_hal_adc_ex.o"
arm-none-eabi-gcc "../Drivers/STM32G4xx_HAL_Driver/Src/stm32g4xx_hal_cortex.c" -mcpu=cortex-m4 -std=gnu11 -g3 -DDEBUG -DARM_MATH_CM4 -DUSE_HAL_DRIVER -DSTM32G4A1xx -c -I../Core/Inc -I"C:/Users/moshte/Desktop/moshte/Firmware projects/CubeIDE/Workspace/semgdaq_/Firmware/semgdaq/Drivers/CMSIS/DSP/Include" -I../Drivers/STM32G4xx_HAL_Driver/Inc -I../Drivers/STM32G4xx_HAL_Driver/Inc/Legacy -I../Drivers/CMSIS/Device/ST/STM32G4xx/Include -I../Drivers/CMSIS/Include -O0 -ffunction-sections -fdata-sections -Wall -fstack-usage -fcyclomatic-complexity -MMD -MP -MF"Drivers/STM32G4xx_HAL_Driver/Src/stm32g4xx_hal_cortex.d" -MT"Drivers/STM32G4xx_HAL_Driver/Src/stm32g4xx_hal_cortex.o" --specs=nano.specs -mfpu=fpv4-sp-d16 -mfloat-abi=hard -mthumb -o "Drivers/STM32G4xx_HAL_Driver/Src/stm32g4xx_hal_cortex.o"
arm-none-eabi-gcc "../Drivers/STM32G4xx_HAL_Driver/Src/stm32g4xx_hal_dac.c" -mcpu=cortex-m4 -std=gnu11 -g3 -DDEBUG -DARM_MATH_CM4 -DUSE_HAL_DRIVER -DSTM32G4A1xx -c -I../Core/Inc -I"C:/Users/moshte/Desktop/moshte/Firmware projects/CubeIDE/Workspace/semgdaq_/Firmware/semgdaq/Drivers/CMSIS/DSP/Include" -I../Drivers/STM32G4xx_HAL_Driver/Inc -I../Drivers/STM32G4xx_HAL_Driver/Inc/Legacy -I../Drivers/CMSIS/Device/ST/STM32G4xx/Include -I../Drivers/CMSIS/Include -O0 -ffunction-sections -fdata-sections -Wall -fstack-usage -fcyclomatic-complexity -MMD -MP -MF"Drivers/STM32G4xx_HAL_Driver/Src/stm32g4xx_hal_dac.d" -MT"Drivers/STM32G4xx_HAL_Driver/Src/stm32g4xx_hal_dac.o" --specs=nano.specs -mfpu=fpv4-sp-d16 -mfloat-abi=hard -mthumb -o "Drivers/STM32G4xx_HAL_Driver/Src/stm32g4xx_hal_dac.o"
arm-none-eabi-gcc "../Drivers/STM32G4xx_HAL_Driver/Src/stm32g4xx_hal_dac_ex.c" -mcpu=cortex-m4 -std=gnu11 -g3 -DDEBUG -DARM_MATH_CM4 -DUSE_HAL_DRIVER -DSTM32G4A1xx -c -I../Core/Inc -I"C:/Users/moshte/Desktop/moshte/Firmware projects/CubeIDE/Workspace/semgdaq_/Firmware/semgdaq/Drivers/CMSIS/DSP/Include" -I../Drivers/STM32G4xx_HAL_Driver/Inc -I../Drivers/STM32G4xx_HAL_Driver/Inc/Legacy -I../Drivers/CMSIS/Device/ST/STM32G4xx/Include -I../Drivers/CMSIS/Include -O0 -ffunction-sections -fdata-sections -Wall -fstack-usage -fcyclomatic-complexity -MMD -MP -MF"Drivers/STM32G4xx_HAL_Driver/Src/stm32g4xx_hal_dac_ex.d" -MT"Drivers/STM32G4xx_HAL_Driver/Src/stm32g4xx_hal_dac_ex.o" --specs=nano.specs -mfpu=fpv4-sp-d16 -mfloat-abi=hard -mthumb -o "Drivers/STM32G4xx_HAL_Driver/Src/stm32g4xx_hal_dac_ex.o"
arm-none-eabi-gcc "../Drivers/STM32G4xx_HAL_Driver/Src/stm32g4xx_hal_dma.c" -mcpu=cortex-m4 -std=gnu11 -g3 -DDEBUG -DARM_MATH_CM4 -DUSE_HAL_DRIVER -DSTM32G4A1xx -c -I../Core/Inc -I"C:/Users/moshte/Desktop/moshte/Firmware projects/CubeIDE/Workspace/semgdaq_/Firmware/semgdaq/Drivers/CMSIS/DSP/Include" -I../Drivers/STM32G4xx_HAL_Driver/Inc -I../Drivers/STM32G4xx_HAL_Driver/Inc/Legacy -I../Drivers/CMSIS/Device/ST/STM32G4xx/Include -I../Drivers/CMSIS/Include -O0 -ffunction-sections -fdata-sections -Wall -fstack-usage -fcyclomatic-complexity -MMD -MP -MF"Drivers/STM32G4xx_HAL_Driver/Src/stm32g4xx_hal_dma.d" -MT"Drivers/STM32G4xx_HAL_Driver/Src/stm32g4xx_hal_dma.o" --specs=nano.specs -mfpu=fpv4-sp-d16 -mfloat-abi=hard -mthumb -o "Drivers/STM32G4xx_HAL_Driver/Src/stm32g4xx_hal_dma.o"
arm-none-eabi-gcc "../Drivers/STM32G4xx_HAL_Driver/Src/stm32g4xx_hal_dma_ex.c" -mcpu=cortex-m4 -std=gnu11 -g3 -DDEBUG -DARM_MATH_CM4 -DUSE_HAL_DRIVER -DSTM32G4A1xx -c -I../Core/Inc -I"C:/Users/moshte/Desktop/moshte/Firmware projects/CubeIDE/Workspace/semgdaq_/Firmware/semgdaq/Drivers/CMSIS/DSP/Include" -I../Drivers/STM32G4xx_HAL_Driver/Inc -I../Drivers/STM32G4xx_HAL_Driver/Inc/Legacy -I../Drivers/CMSIS/Device/ST/STM32G4xx/Include -I../Drivers/CMSIS/Include -O0 -ffunction-sections -fdata-sections -Wall -fstack-usage -fcyclomatic-complexity -MMD -MP -MF"Drivers/STM32G4xx_HAL_Driver/Src/stm32g4xx_hal_dma_ex.d" -MT"Drivers/STM32G4xx_HAL_Driver/Src/stm32g4xx_hal_dma_ex.o" --specs=nano.specs -mfpu=fpv4-sp-d16 -mfloat-abi=hard -mthumb -o "Drivers/STM32G4xx_HAL_Driver/Src/stm32g4xx_hal_dma_ex.o"
make: *** [Drivers/STM32G4xx_HAL_Driver/Src/stm32g4xx_hal_dma_ex.o] Deleting file 'Drivers/STM32G4xx_HAL_Driver/Src/stm32g4xx_hal_dma_ex.cyclo'
make: *** [Drivers/STM32G4xx_HAL_Driver/Src/stm32g4xx_hal_dma_ex.o] Deleting file 'Drivers/STM32G4xx_HAL_Driver/Src/stm32g4xx_hal_dma_ex.su'
make: *** [Drivers/STM32G4xx_HAL_Driver/Src/stm32g4xx_hal_dma.o] Deleting file 'Drivers/STM32G4xx_HAL_Driver/Src/stm32g4xx_hal_dma.cyclo'
make: *** [Drivers/STM32G4xx_HAL_Driver/Src/stm32g4xx_hal_dma.o] Deleting file 'Drivers/STM32G4xx_HAL_Driver/Src/stm32g4xx_hal_dma.su'
make: *** [Drivers/STM32G4xx_HAL_Driver/Src/stm32g4xx_hal_dac_ex.o] Deleting file 'Drivers/STM32G4xx_HAL_Driver/Src/stm32g4xx_hal_dac_ex.cyclo'
make: *** [Drivers/STM32G4xx_HAL_Driver/Src/stm32g4xx_hal_dac_ex.o] Deleting file 'Drivers/STM32G4xx_HAL_Driver/Src/stm32g4xx_hal_dac_ex.su'
make: *** [Drivers/STM32G4xx_HAL_Driver/Src/stm32g4xx_hal_dac.o] Deleting file 'Drivers/STM32G4xx_HAL_Driver/Src/stm32g4xx_hal_dac.cyclo'
make: *** [Drivers/STM32G4xx_HAL_Driver/Src/stm32g4xx_hal_dac.o] Deleting file 'Drivers/STM32G4xx_HAL_Driver/Src/stm32g4xx_hal_dac.su'
make: *** [Drivers/STM32G4xx_HAL_Driver/Src/stm32g4xx_hal_cortex.o] Deleting file 'Drivers/STM32G4xx_HAL_Driver/Src/stm32g4xx_hal_cortex.cyclo'
make: *** [Drivers/STM32G4xx_HAL_Driver/Src/stm32g4xx_hal_cortex.o] Deleting file 'Drivers/STM32G4xx_HAL_Driver/Src/stm32g4xx_hal_cortex.su'
make: *** [Drivers/STM32G4xx_HAL_Driver/Src/stm32g4xx_hal_adc_ex.o] Deleting file 'Drivers/STM32G4xx_HAL_Driver/Src/stm32g4xx_hal_adc_ex.cyclo'
make: *** [Drivers/STM32G4xx_HAL_Driver/Src/stm32g4xx_hal_adc_ex.o] Deleting file 'Drivers/STM32G4xx_HAL_Driver/Src/stm32g4xx_hal_adc_ex.su'
make: *** [Drivers/STM32G4xx_HAL_Driver/Src/stm32g4xx_hal_adc.o] Deleting file 'Drivers/STM32G4xx_HAL_Driver/Src/stm32g4xx_hal_adc.cyclo'
make: *** [Drivers/STM32G4xx_HAL_Driver/Src/stm32g4xx_hal_adc.o] Deleting file 'Drivers/STM32G4xx_HAL_Driver/Src/stm32g4xx_hal_adc.su'
make: *** [Drivers/STM32G4xx_HAL_Driver/Src/stm32g4xx_hal.o] Deleting file 'Drivers/STM32G4xx_HAL_Driver/Src/stm32g4xx_hal.cyclo'
make: *** [Drivers/STM32G4xx_HAL_Driver/Src/stm32g4xx_hal.o] Deleting file 'Drivers/STM32G4xx_HAL_Driver/Src/stm32g4xx_hal.su'
make: *** [Drivers/STM32G4xx_HAL_Driver/Src/subdir.mk:79: Drivers/STM32G4xx_HAL_Driver/Src/stm32g4xx_hal.o] Error 3
make: *** [Drivers/STM32G4xx_HAL_Driver/Src/subdir.mk:79: Drivers/STM32G4xx_HAL_Driver/Src/stm32g4xx_hal_dma.o] Error 3
make: *** [Drivers/STM32G4xx_HAL_Driver/Src/subdir.mk:79: Drivers/STM32G4xx_HAL_Driver/Src/stm32g4xx_hal_dma_ex.o] Error 3
make: *** [Drivers/STM32G4xx_HAL_Driver/Src/subdir.mk:79: Drivers/STM32G4xx_HAL_Driver/Src/stm32g4xx_hal_adc.o] Error 3
make: *** [Drivers/STM32G4xx_HAL_Driver/Src/subdir.mk:79: Drivers/STM32G4xx_HAL_Driver/Src/stm32g4xx_hal_cortex.o] Error 3
make: *** [Drivers/STM32G4xx_HAL_Driver/Src/subdir.mk:79: Drivers/STM32G4xx_HAL_Driver/Src/stm32g4xx_hal_dac.o] Error 3
make: *** [Drivers/STM32G4xx_HAL_Driver/Src/subdir.mk:79: Drivers/STM32G4xx_HAL_Driver/Src/stm32g4xx_hal_adc_ex.o] Error 3
make: *** [Drivers/STM32G4xx_HAL_Driver/Src/subdir.mk:79: Drivers/STM32G4xx_HAL_Driver/Src/stm32g4xx_hal_dac_ex.o] Error 3
Command canceled
11:05:49 **** Build of configuration Debug for project semgdaq ****
make -j8 all 
arm-none-eabi-gcc "../Drivers/STM32G4xx_HAL_Driver/Src/stm32g4xx_hal.c" -mcpu=cortex-m4 -std=gnu11 -g3 -DDEBUG -DARM_MATH_CM4 -DUSE_HAL_DRIVER -DSTM32G4A1xx -c -I../Core/Inc -I"C:/Users/moshte/Desktop/moshte/Firmware projects/CubeIDE/Workspace/semgdaq_/Firmware/semgdaq/Drivers/CMSIS/DSP/Include" -I../Drivers/STM32G4xx_HAL_Driver/Inc -I../Drivers/STM32G4xx_HAL_Driver/Inc/Legacy -I../Drivers/CMSIS/Device/ST/STM32G4xx/Include -I../Drivers/CMSIS/Include -O0 -ffunction-sections -fdata-sections -Wall -fstack-usage -fcyclomatic-complexity -MMD -MP -MF"Drivers/STM32G4xx_HAL_Driver/Src/stm32g4xx_hal.d" -MT"Drivers/STM32G4xx_HAL_Driver/Src/stm32g4xx_hal.o" --specs=nano.specs -mfpu=fpv4-sp-d16 -mfloat-abi=hard -mthumb -o "Drivers/STM32G4xx_HAL_Driver/Src/stm32g4xx_hal.o"
arm-none-eabi-gcc "../Drivers/STM32G4xx_HAL_Driver/Src/stm32g4xx_hal_adc.c" -mcpu=cortex-m4 -std=gnu11 -g3 -DDEBUG -DARM_MATH_CM4 -DUSE_HAL_DRIVER -DSTM32G4A1xx -c -I../Core/Inc -I"C:/Users/moshte/Desktop/moshte/Firmware projects/CubeIDE/Workspace/semgdaq_/Firmware/semgdaq/Drivers/CMSIS/DSP/Include" -I../Drivers/STM32G4xx_HAL_Driver/Inc -I../Drivers/STM32G4xx_HAL_Driver/Inc/Legacy -I../Drivers/CMSIS/Device/ST/STM32G4xx/Include -I../Drivers/CMSIS/Include -O0 -ffunction-sections -fdata-sections -Wall -fstack-usage -fcyclomatic-complexity -MMD -MP -MF"Drivers/STM32G4xx_HAL_Driver/Src/stm32g4xx_hal_adc.d" -MT"Drivers/STM32G4xx_HAL_Driver/Src/stm32g4xx_hal_adc.o" --specs=nano.specs -mfpu=fpv4-sp-d16 -mfloat-abi=hard -mthumb -o "Drivers/STM32G4xx_HAL_Driver/Src/stm32g4xx_hal_adc.o"
arm-none-eabi-gcc "../Drivers/STM32G4xx_HAL_Driver/Src/stm32g4xx_hal_adc_ex.c" -mcpu=cortex-m4 -std=gnu11 -g3 -DDEBUG -DARM_MATH_CM4 -DUSE_HAL_DRIVER -DSTM32G4A1xx -c -I../Core/Inc -I"C:/Users/moshte/Desktop/moshte/Firmware projects/CubeIDE/Workspace/semgdaq_/Firmware/semgdaq/Drivers/CMSIS/DSP/Include" -I../Drivers/STM32G4xx_HAL_Driver/Inc -I../Drivers/STM32G4xx_HAL_Driver/Inc/Legacy -I../Drivers/CMSIS/Device/ST/STM32G4xx/Include -I../Drivers/CMSIS/Include -O0 -ffunction-sections -fdata-sections -Wall -fstack-usage -fcyclomatic-complexity -MMD -MP -MF"Drivers/STM32G4xx_HAL_Driver/Src/stm32g4xx_hal_adc_ex.d" -MT"Drivers/STM32G4xx_HAL_Driver/Src/stm32g4xx_hal_adc_ex.o" --specs=nano.specs -mfpu=fpv4-sp-d16 -mfloat-abi=hard -mthumb -o "Drivers/STM32G4xx_HAL_Driver/Src/stm32g4xx_hal_adc_ex.o"
arm-none-eabi-gcc "../Drivers/STM32G4xx_HAL_Driver/Src/stm32g4xx_hal_cortex.c" -mcpu=cortex-m4 -std=gnu11 -g3 -DDEBUG -DARM_MATH_CM4 -DUSE_HAL_DRIVER -DSTM32G4A1xx -c -I../Core/Inc -I"C:/Users/moshte/Desktop/moshte/Firmware projects/CubeIDE/Workspace/semgdaq_/Firmware/semgdaq/Drivers/CMSIS/DSP/Include" -I../Drivers/STM32G4xx_HAL_Driver/Inc -I../Drivers/STM32G4xx_HAL_Driver/Inc/Legacy -I../Drivers/CMSIS/Device/ST/STM32G4xx/Include -I../Drivers/CMSIS/Include -O0 -ffunction-sections -fdata-sections -Wall -fstack-usage -fcyclomatic-complexity -MMD -MP -MF"Drivers/STM32G4xx_HAL_Driver/Src/stm32g4xx_hal_cortex.d" -MT"Drivers/STM32G4xx_HAL_Driver/Src/stm32g4xx_hal_cortex.o" --specs=nano.specs -mfpu=fpv4-sp-d16 -mfloat-abi=hard -mthumb -o "Drivers/STM32G4xx_HAL_Driver/Src/stm32g4xx_hal_cortex.o"
arm-none-eabi-gcc "../Drivers/STM32G4xx_HAL_Driver/Src/stm32g4xx_hal_dac.c" -mcpu=cortex-m4 -std=gnu11 -g3 -DDEBUG -DARM_MATH_CM4 -DUSE_HAL_DRIVER -DSTM32G4A1xx -c -I../Core/Inc -I"C:/Users/moshte/Desktop/moshte/Firmware projects/CubeIDE/Workspace/semgdaq_/Firmware/semgdaq/Drivers/CMSIS/DSP/Include" -I../Drivers/STM32G4xx_HAL_Driver/Inc -I../Drivers/STM32G4xx_HAL_Driver/Inc/Legacy -I../Drivers/CMSIS/Device/ST/STM32G4xx/Include -I../Drivers/CMSIS/Include -O0 -ffunction-sections -fdata-sections -Wall -fstack-usage -fcyclomatic-complexity -MMD -MP -MF"Drivers/STM32G4xx_HAL_Driver/Src/stm32g4xx_hal_dac.d" -MT"Drivers/STM32G4xx_HAL_Driver/Src/stm32g4xx_hal_dac.o" --specs=nano.specs -mfpu=fpv4-sp-d16 -mfloat-abi=hard -mthumb -o "Drivers/STM32G4xx_HAL_Driver/Src/stm32g4xx_hal_dac.o"
arm-none-eabi-gcc "../Drivers/STM32G4xx_HAL_Driver/Src/stm32g4xx_hal_dac_ex.c" -mcpu=cortex-m4 -std=gnu11 -g3 -DDEBUG -DARM_MATH_CM4 -DUSE_HAL_DRIVER -DSTM32G4A1xx -c -I../Core/Inc -I"C:/Users/moshte/Desktop/moshte/Firmware projects/CubeIDE/Workspace/semgdaq_/Firmware/semgdaq/Drivers/CMSIS/DSP/Include" -I../Drivers/STM32G4xx_HAL_Driver/Inc -I../Drivers/STM32G4xx_HAL_Driver/Inc/Legacy -I../Drivers/CMSIS/Device/ST/STM32G4xx/Include -I../Drivers/CMSIS/Include -O0 -ffunction-sections -fdata-sections -Wall -fstack-usage -fcyclomatic-complexity -MMD -MP -MF"Drivers/STM32G4xx_HAL_Driver/Src/stm32g4xx_hal_dac_ex.d" -MT"Drivers/STM32G4xx_HAL_Driver/Src/stm32g4xx_hal_dac_ex.o" --specs=nano.specs -mfpu=fpv4-sp-d16 -mfloat-abi=hard -mthumb -o "Drivers/STM32G4xx_HAL_Driver/Src/stm32g4xx_hal_dac_ex.o"
arm-none-eabi-gcc "../Drivers/STM32G4xx_HAL_Driver/Src/stm32g4xx_hal_dma.c" -mcpu=cortex-m4 -std=gnu11 -g3 -DDEBUG -DARM_MATH_CM4 -DUSE_HAL_DRIVER -DSTM32G4A1xx -c -I../Core/Inc -I"C:/Users/moshte/Desktop/moshte/Firmware projects/CubeIDE/Workspace/semgdaq_/Firmware/semgdaq/Drivers/CMSIS/DSP/Include" -I../Drivers/STM32G4xx_HAL_Driver/Inc -I../Drivers/STM32G4xx_HAL_Driver/Inc/Legacy -I../Drivers/CMSIS/Device/ST/STM32G4xx/Include -I../Drivers/CMSIS/Include -O0 -ffunction-sections -fdata-sections -Wall -fstack-usage -fcyclomatic-complexity -MMD -MP -MF"Drivers/STM32G4xx_HAL_Driver/Src/stm32g4xx_hal_dma.d" -MT"Drivers/STM32G4xx_HAL_Driver/Src/stm32g4xx_hal_dma.o" --specs=nano.specs -mfpu=fpv4-sp-d16 -mfloat-abi=hard -mthumb -o "Drivers/STM32G4xx_HAL_Driver/Src/stm32g4xx_hal_dma.o"
arm-none-eabi-gcc "../Drivers/STM32G4xx_HAL_Driver/Src/stm32g4xx_hal_dma_ex.c" -mcpu=cortex-m4 -std=gnu11 -g3 -DDEBUG -DARM_MATH_CM4 -DUSE_HAL_DRIVER -DSTM32G4A1xx -c -I../Core/Inc -I"C:/Users/moshte/Desktop/moshte/Firmware projects/CubeIDE/Workspace/semgdaq_/Firmware/semgdaq/Drivers/CMSIS/DSP/Include" -I../Drivers/STM32G4xx_HAL_Driver/Inc -I../Drivers/STM32G4xx_HAL_Driver/Inc/Legacy -I../Drivers/CMSIS/Device/ST/STM32G4xx/Include -I../Drivers/CMSIS/Include -O0 -ffunction-sections -fdata-sections -Wall -fstack-usage -fcyclomatic-complexity -MMD -MP -MF"Drivers/STM32G4xx_HAL_Driver/Src/stm32g4xx_hal_dma_ex.d" -MT"Drivers/STM32G4xx_HAL_Driver/Src/stm32g4xx_hal_dma_ex.o" --specs=nano.specs -mfpu=fpv4-sp-d16 -mfloat-abi=hard -mthumb -o "Drivers/STM32G4xx_HAL_Driver/Src/stm32g4xx_hal_dma_ex.o"
arm-none-eabi-gcc "../Drivers/STM32G4xx_HAL_Driver/Src/stm32g4xx_hal_exti.c" -mcpu=cortex-m4 -std=gnu11 -g3 -DDEBUG -DARM_MATH_CM4 -DUSE_HAL_DRIVER -DSTM32G4A1xx -c -I../Core/Inc -I"C:/Users/moshte/Desktop/moshte/Firmware projects/CubeIDE/Workspace/semgdaq_/Firmware/semgdaq/Drivers/CMSIS/DSP/Include" -I../Drivers/STM32G4xx_HAL_Driver/Inc -I../Drivers/STM32G4xx_HAL_Driver/Inc/Legacy -I../Drivers/CMSIS/Device/ST/STM32G4xx/Include -I../Drivers/CMSIS/Include -O0 -ffunction-sections -fdata-sections -Wall -fstack-usage -fcyclomatic-complexity -MMD -MP -MF"Drivers/STM32G4xx_HAL_Driver/Src/stm32g4xx_hal_exti.d" -MT"Drivers/STM32G4xx_HAL_Driver/Src/stm32g4xx_hal_exti.o" --specs=nano.specs -mfpu=fpv4-sp-d16 -mfloat-abi=hard -mthumb -o "Drivers/STM32G4xx_HAL_Driver/Src/stm32g4xx_hal_exti.o"
arm-none-eabi-gcc "../Drivers/STM32G4xx_HAL_Driver/Src/stm32g4xx_hal_flash.c" -mcpu=cortex-m4 -std=gnu11 -g3 -DDEBUG -DARM_MATH_CM4 -DUSE_HAL_DRIVER -DSTM32G4A1xx -c -I../Core/Inc -I"C:/Users/moshte/Desktop/moshte/Firmware projects/CubeIDE/Workspace/semgdaq_/Firmware/semgdaq/Drivers/CMSIS/DSP/Include" -I../Drivers/STM32G4xx_HAL_Driver/Inc -I../Drivers/STM32G4xx_HAL_Driver/Inc/Legacy -I../Drivers/CMSIS/Device/ST/STM32G4xx/Include -I../Drivers/CMSIS/Include -O0 -ffunction-sections -fdata-sections -Wall -fstack-usage -fcyclomatic-complexity -MMD -MP -MF"Drivers/STM32G4xx_HAL_Driver/Src/stm32g4xx_hal_flash.d" -MT"Drivers/STM32G4xx_HAL_Driver/Src/stm32g4xx_hal_flash.o" --specs=nano.specs -mfpu=fpv4-sp-d16 -mfloat-abi=hard -mthumb -o "Drivers/STM32G4xx_HAL_Driver/Src/stm32g4xx_hal_flash.o"
arm-none-eabi-gcc "../Drivers/STM32G4xx_HAL_Driver/Src/stm32g4xx_hal_flash_ex.c" -mcpu=cortex-m4 -std=gnu11 -g3 -DDEBUG -DARM_MATH_CM4 -DUSE_HAL_DRIVER -DSTM32G4A1xx -c -I../Core/Inc -I"C:/Users/moshte/Desktop/moshte/Firmware projects/CubeIDE/Workspace/semgdaq_/Firmware/semgdaq/Drivers/CMSIS/DSP/Include" -I../Drivers/STM32G4xx_HAL_Driver/Inc -I../Drivers/STM32G4xx_HAL_Driver/Inc/Legacy -I../Drivers/CMSIS/Device/ST/STM32G4xx/Include -I../Drivers/CMSIS/Include -O0 -ffunction-sections -fdata-sections -Wall -fstack-usage -fcyclomatic-complexity -MMD -MP -MF"Drivers/STM32G4xx_HAL_Driver/Src/stm32g4xx_hal_flash_ex.d" -MT"Drivers/STM32G4xx_HAL_Driver/Src/stm32g4xx_hal_flash_ex.o" --specs=nano.specs -mfpu=fpv4-sp-d16 -mfloat-abi=hard -mthumb -o "Drivers/STM32G4xx_HAL_Driver/Src/stm32g4xx_hal_flash_ex.o"
arm-none-eabi-gcc "../Drivers/STM32G4xx_HAL_Driver/Src/stm32g4xx_hal_flash_ramfunc.c" -mcpu=cortex-m4 -std=gnu11 -g3 -DDEBUG -DARM_MATH_CM4 -DUSE_HAL_DRIVER -DSTM32G4A1xx -c -I../Core/Inc -I"C:/Users/moshte/Desktop/moshte/Firmware projects/CubeIDE/Workspace/semgdaq_/Firmware/semgdaq/Drivers/CMSIS/DSP/Include" -I../Drivers/STM32G4xx_HAL_Driver/Inc -I../Drivers/STM32G4xx_HAL_Driver/Inc/Legacy -I../Drivers/CMSIS/Device/ST/STM32G4xx/Include -I../Drivers/CMSIS/Include -O0 -ffunction-sections -fdata-sections -Wall -fstack-usage -fcyclomatic-complexity -MMD -MP -MF"Drivers/STM32G4xx_HAL_Driver/Src/stm32g4xx_hal_flash_ramfunc.d" -MT"Drivers/STM32G4xx_HAL_Driver/Src/stm32g4xx_hal_flash_ramfunc.o" --specs=nano.specs -mfpu=fpv4-sp-d16 -mfloat-abi=hard -mthumb -o "Drivers/STM32G4xx_HAL_Driver/Src/stm32g4xx_hal_flash_ramfunc.o"
arm-none-eabi-gcc "../Drivers/STM32G4xx_HAL_Driver/Src/stm32g4xx_hal_fmac.c" -mcpu=cortex-m4 -std=gnu11 -g3 -DDEBUG -DARM_MATH_CM4 -DUSE_HAL_DRIVER -DSTM32G4A1xx -c -I../Core/Inc -I"C:/Users/moshte/Desktop/moshte/Firmware projects/CubeIDE/Workspace/semgdaq_/Firmware/semgdaq/Drivers/CMSIS/DSP/Include" -I../Drivers/STM32G4xx_HAL_Driver/Inc -I../Drivers/STM32G4xx_HAL_Driver/Inc/Legacy -I../Drivers/CMSIS/Device/ST/STM32G4xx/Include -I../Drivers/CMSIS/Include -O0 -ffunction-sections -fdata-sections -Wall -fstack-usage -fcyclomatic-complexity -MMD -MP -MF"Drivers/STM32G4xx_HAL_Driver/Src/stm32g4xx_hal_fmac.d" -MT"Drivers/STM32G4xx_HAL_Driver/Src/stm32g4xx_hal_fmac.o" --specs=nano.specs -mfpu=fpv4-sp-d16 -mfloat-abi=hard -mthumb -o "Drivers/STM32G4xx_HAL_Driver/Src/stm32g4xx_hal_fmac.o"
arm-none-eabi-gcc "../Drivers/STM32G4xx_HAL_Driver/Src/stm32g4xx_hal_gpio.c" -mcpu=cortex-m4 -std=gnu11 -g3 -DDEBUG -DARM_MATH_CM4 -DUSE_HAL_DRIVER -DSTM32G4A1xx -c -I../Core/Inc -I"C:/Users/moshte/Desktop/moshte/Firmware projects/CubeIDE/Workspace/semgdaq_/Firmware/semgdaq/Drivers/CMSIS/DSP/Include" -I../Drivers/STM32G4xx_HAL_Driver/Inc -I../Drivers/STM32G4xx_HAL_Driver/Inc/Legacy -I../Drivers/CMSIS/Device/ST/STM32G4xx/Include -I../Drivers/CMSIS/Include -O0 -ffunction-sections -fdata-sections -Wall -fstack-usage -fcyclomatic-complexity -MMD -MP -MF"Drivers/STM32G4xx_HAL_Driver/Src/stm32g4xx_hal_gpio.d" -MT"Drivers/STM32G4xx_HAL_Driver/Src/stm32g4xx_hal_gpio.o" --specs=nano.specs -mfpu=fpv4-sp-d16 -mfloat-abi=hard -mthumb -o "Drivers/STM32G4xx_HAL_Driver/Src/stm32g4xx_hal_gpio.o"
arm-none-eabi-gcc "../Drivers/STM32G4xx_HAL_Driver/Src/stm32g4xx_hal_pwr.c" -mcpu=cortex-m4 -std=gnu11 -g3 -DDEBUG -DARM_MATH_CM4 -DUSE_HAL_DRIVER -DSTM32G4A1xx -c -I../Core/Inc -I"C:/Users/moshte/Desktop/moshte/Firmware projects/CubeIDE/Workspace/semgdaq_/Firmware/semgdaq/Drivers/CMSIS/DSP/Include" -I../Drivers/STM32G4xx_HAL_Driver/Inc -I../Drivers/STM32G4xx_HAL_Driver/Inc/Legacy -I../Drivers/CMSIS/Device/ST/STM32G4xx/Include -I../Drivers/CMSIS/Include -O0 -ffunction-sections -fdata-sections -Wall -fstack-usage -fcyclomatic-complexity -MMD -MP -MF"Drivers/STM32G4xx_HAL_Driver/Src/stm32g4xx_hal_pwr.d" -MT"Drivers/STM32G4xx_HAL_Driver/Src/stm32g4xx_hal_pwr.o" --specs=nano.specs -mfpu=fpv4-sp-d16 -mfloat-abi=hard -mthumb -o "Drivers/STM32G4xx_HAL_Driver/Src/stm32g4xx_hal_pwr.o"
arm-none-eabi-gcc "../Drivers/STM32G4xx_HAL_Driver/Src/stm32g4xx_hal_pwr_ex.c" -mcpu=cortex-m4 -std=gnu11 -g3 -DDEBUG -DARM_MATH_CM4 -DUSE_HAL_DRIVER -DSTM32G4A1xx -c -I../Core/Inc -I"C:/Users/moshte/Desktop/moshte/Firmware projects/CubeIDE/Workspace/semgdaq_/Firmware/semgdaq/Drivers/CMSIS/DSP/Include" -I../Drivers/STM32G4xx_HAL_Driver/Inc -I../Drivers/STM32G4xx_HAL_Driver/Inc/Legacy -I../Drivers/CMSIS/Device/ST/STM32G4xx/Include -I../Drivers/CMSIS/Include -O0 -ffunction-sections -fdata-sections -Wall -fstack-usage -fcyclomatic-complexity -MMD -MP -MF"Drivers/STM32G4xx_HAL_Driver/Src/stm32g4xx_hal_pwr_ex.d" -MT"Drivers/STM32G4xx_HAL_Driver/Src/stm32g4xx_hal_pwr_ex.o" --specs=nano.specs -mfpu=fpv4-sp-d16 -mfloat-abi=hard -mthumb -o "Drivers/STM32G4xx_HAL_Driver/Src/stm32g4xx_hal_pwr_ex.o"
arm-none-eabi-gcc "../Drivers/STM32G4xx_HAL_Driver/Src/stm32g4xx_hal_rcc.c" -mcpu=cortex-m4 -std=gnu11 -g3 -DDEBUG -DARM_MATH_CM4 -DUSE_HAL_DRIVER -DSTM32G4A1xx -c -I../Core/Inc -I"C:/Users/moshte/Desktop/moshte/Firmware projects/CubeIDE/Workspace/semgdaq_/Firmware/semgdaq/Drivers/CMSIS/DSP/Include" -I../Drivers/STM32G4xx_HAL_Driver/Inc -I../Drivers/STM32G4xx_HAL_Driver/Inc/Legacy -I../Drivers/CMSIS/Device/ST/STM32G4xx/Include -I../Drivers/CMSIS/Include -O0 -ffunction-sections -fdata-sections -Wall -fstack-usage -fcyclomatic-complexity -MMD -MP -MF"Drivers/STM32G4xx_HAL_Driver/Src/stm32g4xx_hal_rcc.d" -MT"Drivers/STM32G4xx_HAL_Driver/Src/stm32g4xx_hal_rcc.o" --specs=nano.specs -mfpu=fpv4-sp-d16 -mfloat-abi=hard -mthumb -o "Drivers/STM32G4xx_HAL_Driver/Src/stm32g4xx_hal_rcc.o"
arm-none-eabi-gcc "../Drivers/STM32G4xx_HAL_Driver/Src/stm32g4xx_hal_rcc_ex.c" -mcpu=cortex-m4 -std=gnu11 -g3 -DDEBUG -DARM_MATH_CM4 -DUSE_HAL_DRIVER -DSTM32G4A1xx -c -I../Core/Inc -I"C:/Users/moshte/Desktop/moshte/Firmware projects/CubeIDE/Workspace/semgdaq_/Firmware/semgdaq/Drivers/CMSIS/DSP/Include" -I../Drivers/STM32G4xx_HAL_Driver/Inc -I../Drivers/STM32G4xx_HAL_Driver/Inc/Legacy -I../Drivers/CMSIS/Device/ST/STM32G4xx/Include -I../Drivers/CMSIS/Include -O0 -ffunction-sections -fdata-sections -Wall -fstack-usage -fcyclomatic-complexity -MMD -MP -MF"Drivers/STM32G4xx_HAL_Driver/Src/stm32g4xx_hal_rcc_ex.d" -MT"Drivers/STM32G4xx_HAL_Driver/Src/stm32g4xx_hal_rcc_ex.o" --specs=nano.specs -mfpu=fpv4-sp-d16 -mfloat-abi=hard -mthumb -o "Drivers/STM32G4xx_HAL_Driver/Src/stm32g4xx_hal_rcc_ex.o"
arm-none-eabi-gcc "../Drivers/STM32G4xx_HAL_Driver/Src/stm32g4xx_hal_tim.c" -mcpu=cortex-m4 -std=gnu11 -g3 -DDEBUG -DARM_MATH_CM4 -DUSE_HAL_DRIVER -DSTM32G4A1xx -c -I../Core/Inc -I"C:/Users/moshte/Desktop/moshte/Firmware projects/CubeIDE/Workspace/semgdaq_/Firmware/semgdaq/Drivers/CMSIS/DSP/Include" -I../Drivers/STM32G4xx_HAL_Driver/Inc -I../Drivers/STM32G4xx_HAL_Driver/Inc/Legacy -I../Drivers/CMSIS/Device/ST/STM32G4xx/Include -I../Drivers/CMSIS/Include -O0 -ffunction-sections -fdata-sections -Wall -fstack-usage -fcyclomatic-complexity -MMD -MP -MF"Drivers/STM32G4xx_HAL_Driver/Src/stm32g4xx_hal_tim.d" -MT"Drivers/STM32G4xx_HAL_Driver/Src/stm32g4xx_hal_tim.o" --specs=nano.specs -mfpu=fpv4-sp-d16 -mfloat-abi=hard -mthumb -o "Drivers/STM32G4xx_HAL_Driver/Src/stm32g4xx_hal_tim.o"
arm-none-eabi-gcc "../Drivers/STM32G4xx_HAL_Driver/Src/stm32g4xx_hal_tim_ex.c" -mcpu=cortex-m4 -std=gnu11 -g3 -DDEBUG -DARM_MATH_CM4 -DUSE_HAL_DRIVER -DSTM32G4A1xx -c -I../Core/Inc -I"C:/Users/moshte/Desktop/moshte/Firmware projects/CubeIDE/Workspace/semgdaq_/Firmware/semgdaq/Drivers/CMSIS/DSP/Include" -I../Drivers/STM32G4xx_HAL_Driver/Inc -I../Drivers/STM32G4xx_HAL_Driver/Inc/Legacy -I../Drivers/CMSIS/Device/ST/STM32G4xx/Include -I../Drivers/CMSIS/Include -O0 -ffunction-sections -fdata-sections -Wall -fstack-usage -fcyclomatic-complexity -MMD -MP -MF"Drivers/STM32G4xx_HAL_Driver/Src/stm32g4xx_hal_tim_ex.d" -MT"Drivers/STM32G4xx_HAL_Driver/Src/stm32g4xx_hal_tim_ex.o" --specs=nano.specs -mfpu=fpv4-sp-d16 -mfloat-abi=hard -mthumb -o "Drivers/STM32G4xx_HAL_Driver/Src/stm32g4xx_hal_tim_ex.o"
arm-none-eabi-gcc "../Drivers/STM32G4xx_HAL_Driver/Src/stm32g4xx_ll_adc.c" -mcpu=cortex-m4 -std=gnu11 -g3 -DDEBUG -DARM_MATH_CM4 -DUSE_HAL_DRIVER -DSTM32G4A1xx -c -I../Core/Inc -I"C:/Users/moshte/Desktop/moshte/Firmware projects/CubeIDE/Workspace/semgdaq_/Firmware/semgdaq/Drivers/CMSIS/DSP/Include" -I../Drivers/STM32G4xx_HAL_Driver/Inc -I../Drivers/STM32G4xx_HAL_Driver/Inc/Legacy -I../Drivers/CMSIS/Device/ST/STM32G4xx/Include -I../Drivers/CMSIS/Include -O0 -ffunction-sections -fdata-sections -Wall -fstack-usage -fcyclomatic-complexity -MMD -MP -MF"Drivers/STM32G4xx_HAL_Driver/Src/stm32g4xx_ll_adc.d" -MT"Drivers/STM32G4xx_HAL_Driver/Src/stm32g4xx_ll_adc.o" --specs=nano.specs -mfpu=fpv4-sp-d16 -mfloat-abi=hard -mthumb -o "Drivers/STM32G4xx_HAL_Driver/Src/stm32g4xx_ll_adc.o"
arm-none-eabi-gcc -mcpu=cortex-m4 -g3 -DDEBUG -c -x assembler-with-cpp -MMD -MP -MF"Core/Startup/startup_stm32g4a1vetx.d" -MT"Core/Startup/startup_stm32g4a1vetx.o" --specs=nano.specs -mfpu=fpv4-sp-d16 -mfloat-abi=hard -mthumb -o "Core/Startup/startup_stm32g4a1vetx.o" "../Core/Startup/startup_stm32g4a1vetx.s"
arm-none-eabi-gcc "../Core/Src/_ADCn_INx_AR.c" -mcpu=cortex-m4 -std=gnu11 -g3 -DDEBUG -DARM_MATH_CM4 -DUSE_HAL_DRIVER -DSTM32G4A1xx -c -I../Core/Inc -I"C:/Users/moshte/Desktop/moshte/Firmware projects/CubeIDE/Workspace/semgdaq_/Firmware/semgdaq/Drivers/CMSIS/DSP/Include" -I../Drivers/STM32G4xx_HAL_Driver/Inc -I../Drivers/STM32G4xx_HAL_Driver/Inc/Legacy -I../Drivers/CMSIS/Device/ST/STM32G4xx/Include -I../Drivers/CMSIS/Include -O0 -ffunction-sections -fdata-sections -Wall -fstack-usage -fcyclomatic-complexity -MMD -MP -MF"Core/Src/_ADCn_INx_AR.d" -MT"Core/Src/_ADCn_INx_AR.o" --specs=nano.specs -mfpu=fpv4-sp-d16 -mfloat-abi=hard -mthumb -o "Core/Src/_ADCn_INx_AR.o"
arm-none-eabi-gcc "../Core/Src/_ADCn_INx_DAC1_Cond.c" -mcpu=cortex-m4 -std=gnu11 -g3 -DDEBUG -DARM_MATH_CM4 -DUSE_HAL_DRIVER -DSTM32G4A1xx -c -I../Core/Inc -I"C:/Users/moshte/Desktop/moshte/Firmware projects/CubeIDE/Workspace/semgdaq_/Firmware/semgdaq/Drivers/CMSIS/DSP/Include" -I../Drivers/STM32G4xx_HAL_Driver/Inc -I../Drivers/STM32G4xx_HAL_Driver/Inc/Legacy -I../Drivers/CMSIS/Device/ST/STM32G4xx/Include -I../Drivers/CMSIS/Include -O0 -ffunction-sections -fdata-sections -Wall -fstack-usage -fcyclomatic-complexity -MMD -MP -MF"Core/Src/_ADCn_INx_DAC1_Cond.d" -MT"Core/Src/_ADCn_INx_DAC1_Cond.o" --specs=nano.specs -mfpu=fpv4-sp-d16 -mfloat-abi=hard -mthumb -o "Core/Src/_ADCn_INx_DAC1_Cond.o"
arm-none-eabi-gcc "../Core/Src/_ADCn_INx_MA.c" -mcpu=cortex-m4 -std=gnu11 -g3 -DDEBUG -DARM_MATH_CM4 -DUSE_HAL_DRIVER -DSTM32G4A1xx -c -I../Core/Inc -I"C:/Users/moshte/Desktop/moshte/Firmware projects/CubeIDE/Workspace/semgdaq_/Firmware/semgdaq/Drivers/CMSIS/DSP/Include" -I../Drivers/STM32G4xx_HAL_Driver/Inc -I../Drivers/STM32G4xx_HAL_Driver/Inc/Legacy -I../Drivers/CMSIS/Device/ST/STM32G4xx/Include -I../Drivers/CMSIS/Include -O0 -ffunction-sections -fdata-sections -Wall -fstack-usage -fcyclomatic-complexity -MMD -MP -MF"Core/Src/_ADCn_INx_MA.d" -MT"Core/Src/_ADCn_INx_MA.o" --specs=nano.specs -mfpu=fpv4-sp-d16 -mfloat-abi=hard -mthumb -o "Core/Src/_ADCn_INx_MA.o"
arm-none-eabi-gcc "../Core/Src/_ADCn_INx_NF.c" -mcpu=cortex-m4 -std=gnu11 -g3 -DDEBUG -DARM_MATH_CM4 -DUSE_HAL_DRIVER -DSTM32G4A1xx -c -I../Core/Inc -I"C:/Users/moshte/Desktop/moshte/Firmware projects/CubeIDE/Workspace/semgdaq_/Firmware/semgdaq/Drivers/CMSIS/DSP/Include" -I../Drivers/STM32G4xx_HAL_Driver/Inc -I../Drivers/STM32G4xx_HAL_Driver/Inc/Legacy -I../Drivers/CMSIS/Device/ST/STM32G4xx/Include -I../Drivers/CMSIS/Include -O0 -ffunction-sections -fdata-sections -Wall -fstack-usage -fcyclomatic-complexity -MMD -MP -MF"Core/Src/_ADCn_INx_NF.d" -MT"Core/Src/_ADCn_INx_NF.o" --specs=nano.specs -mfpu=fpv4-sp-d16 -mfloat-abi=hard -mthumb -o "Core/Src/_ADCn_INx_NF.o"
arm-none-eabi-gcc "../Core/Src/_ADCn_INx_Offset.c" -mcpu=cortex-m4 -std=gnu11 -g3 -DDEBUG -DARM_MATH_CM4 -DUSE_HAL_DRIVER -DSTM32G4A1xx -c -I../Core/Inc -I"C:/Users/moshte/Desktop/moshte/Firmware projects/CubeIDE/Workspace/semgdaq_/Firmware/semgdaq/Drivers/CMSIS/DSP/Include" -I../Drivers/STM32G4xx_HAL_Driver/Inc -I../Drivers/STM32G4xx_HAL_Driver/Inc/Legacy -I../Drivers/CMSIS/Device/ST/STM32G4xx/Include -I../Drivers/CMSIS/Include -O0 -ffunction-sections -fdata-sections -Wall -fstack-usage -fcyclomatic-complexity -MMD -MP -MF"Core/Src/_ADCn_INx_Offset.d" -MT"Core/Src/_ADCn_INx_Offset.o" --specs=nano.specs -mfpu=fpv4-sp-d16 -mfloat-abi=hard -mthumb -o "Core/Src/_ADCn_INx_Offset.o"
arm-none-eabi-gcc "../Core/Src/_ADCn_INx_SD_BL.c" -mcpu=cortex-m4 -std=gnu11 -g3 -DDEBUG -DARM_MATH_CM4 -DUSE_HAL_DRIVER -DSTM32G4A1xx -c -I../Core/Inc -I"C:/Users/moshte/Desktop/moshte/Firmware projects/CubeIDE/Workspace/semgdaq_/Firmware/semgdaq/Drivers/CMSIS/DSP/Include" -I../Drivers/STM32G4xx_HAL_Driver/Inc -I../Drivers/STM32G4xx_HAL_Driver/Inc/Legacy -I../Drivers/CMSIS/Device/ST/STM32G4xx/Include -I../Drivers/CMSIS/Include -O0 -ffunction-sections -fdata-sections -Wall -fstack-usage -fcyclomatic-complexity -MMD -MP -MF"Core/Src/_ADCn_INx_SD_BL.d" -MT"Core/Src/_ADCn_INx_SD_BL.o" --specs=nano.specs -mfpu=fpv4-sp-d16 -mfloat-abi=hard -mthumb -o "Core/Src/_ADCn_INx_SD_BL.o"
arm-none-eabi-gcc "../Core/Src/_ADCn_INx_SSC.c" -mcpu=cortex-m4 -std=gnu11 -g3 -DDEBUG -DARM_MATH_CM4 -DUSE_HAL_DRIVER -DSTM32G4A1xx -c -I../Core/Inc -I"C:/Users/moshte/Desktop/moshte/Firmware projects/CubeIDE/Workspace/semgdaq_/Firmware/semgdaq/Drivers/CMSIS/DSP/Include" -I../Drivers/STM32G4xx_HAL_Driver/Inc -I../Drivers/STM32G4xx_HAL_Driver/Inc/Legacy -I../Drivers/CMSIS/Device/ST/STM32G4xx/Include -I../Drivers/CMSIS/Include -O0 -ffunction-sections -fdata-sections -Wall -fstack-usage -fcyclomatic-complexity -MMD -MP -MF"Core/Src/_ADCn_INx_SSC.d" -MT"Core/Src/_ADCn_INx_SSC.o" --specs=nano.specs -mfpu=fpv4-sp-d16 -mfloat-abi=hard -mthumb -o "Core/Src/_ADCn_INx_SSC.o"
arm-none-eabi-gcc "../Core/Src/_ADCn_INx_STFT.c" -mcpu=cortex-m4 -std=gnu11 -g3 -DDEBUG -DARM_MATH_CM4 -DUSE_HAL_DRIVER -DSTM32G4A1xx -c -I../Core/Inc -I"C:/Users/moshte/Desktop/moshte/Firmware projects/CubeIDE/Workspace/semgdaq_/Firmware/semgdaq/Drivers/CMSIS/DSP/Include" -I../Drivers/STM32G4xx_HAL_Driver/Inc -I../Drivers/STM32G4xx_HAL_Driver/Inc/Legacy -I../Drivers/CMSIS/Device/ST/STM32G4xx/Include -I../Drivers/CMSIS/Include -O0 -ffunction-sections -fdata-sections -Wall -fstack-usage -fcyclomatic-complexity -MMD -MP -MF"Core/Src/_ADCn_INx_STFT.d" -MT"Core/Src/_ADCn_INx_STFT.o" --specs=nano.specs -mfpu=fpv4-sp-d16 -mfloat-abi=hard -mthumb -o "Core/Src/_ADCn_INx_STFT.o"
arm-none-eabi-gcc "../Core/Src/_ADCn_INx_TKEO.c" -mcpu=cortex-m4 -std=gnu11 -g3 -DDEBUG -DARM_MATH_CM4 -DUSE_HAL_DRIVER -DSTM32G4A1xx -c -I../Core/Inc -I"C:/Users/moshte/Desktop/moshte/Firmware projects/CubeIDE/Workspace/semgdaq_/Firmware/semgdaq/Drivers/CMSIS/DSP/Include" -I../Drivers/STM32G4xx_HAL_Driver/Inc -I../Drivers/STM32G4xx_HAL_Driver/Inc/Legacy -I../Drivers/CMSIS/Device/ST/STM32G4xx/Include -I../Drivers/CMSIS/Include -O0 -ffunction-sections -fdata-sections -Wall -fstack-usage -fcyclomatic-complexity -MMD -MP -MF"Core/Src/_ADCn_INx_TKEO.d" -MT"Core/Src/_ADCn_INx_TKEO.o" --specs=nano.specs -mfpu=fpv4-sp-d16 -mfloat-abi=hard -mthumb -o "Core/Src/_ADCn_INx_TKEO.o"
arm-none-eabi-gcc "../Core/Src/_DMA_Sort.c" -mcpu=cortex-m4 -std=gnu11 -g3 -DDEBUG -DARM_MATH_CM4 -DUSE_HAL_DRIVER -DSTM32G4A1xx -c -I../Core/Inc -I"C:/Users/moshte/Desktop/moshte/Firmware projects/CubeIDE/Workspace/semgdaq_/Firmware/semgdaq/Drivers/CMSIS/DSP/Include" -I../Drivers/STM32G4xx_HAL_Driver/Inc -I../Drivers/STM32G4xx_HAL_Driver/Inc/Legacy -I../Drivers/CMSIS/Device/ST/STM32G4xx/Include -I../Drivers/CMSIS/Include -O0 -ffunction-sections -fdata-sections -Wall -fstack-usage -fcyclomatic-complexity -MMD -MP -MF"Core/Src/_DMA_Sort.d" -MT"Core/Src/_DMA_Sort.o" --specs=nano.specs -mfpu=fpv4-sp-d16 -mfloat-abi=hard -mthumb -o "Core/Src/_DMA_Sort.o"
arm-none-eabi-gcc "../Core/Src/main.c" -mcpu=cortex-m4 -std=gnu11 -g3 -DDEBUG -DARM_MATH_CM4 -DUSE_HAL_DRIVER -DSTM32G4A1xx -c -I../Core/Inc -I"C:/Users/moshte/Desktop/moshte/Firmware projects/CubeIDE/Workspace/semgdaq_/Firmware/semgdaq/Drivers/CMSIS/DSP/Include" -I../Drivers/STM32G4xx_HAL_Driver/Inc -I../Drivers/STM32G4xx_HAL_Driver/Inc/Legacy -I../Drivers/CMSIS/Device/ST/STM32G4xx/Include -I../Drivers/CMSIS/Include -O0 -ffunction-sections -fdata-sections -Wall -fstack-usage -fcyclomatic-complexity -MMD -MP -MF"Core/Src/main.d" -MT"Core/Src/main.o" --specs=nano.specs -mfpu=fpv4-sp-d16 -mfloat-abi=hard -mthumb -o "Core/Src/main.o"
arm-none-eabi-gcc "../Core/Src/stm32g4xx_hal_msp.c" -mcpu=cortex-m4 -std=gnu11 -g3 -DDEBUG -DARM_MATH_CM4 -DUSE_HAL_DRIVER -DSTM32G4A1xx -c -I../Core/Inc -I"C:/Users/moshte/Desktop/moshte/Firmware projects/CubeIDE/Workspace/semgdaq_/Firmware/semgdaq/Drivers/CMSIS/DSP/Include" -I../Drivers/STM32G4xx_HAL_Driver/Inc -I../Drivers/STM32G4xx_HAL_Driver/Inc/Legacy -I../Drivers/CMSIS/Device/ST/STM32G4xx/Include -I../Drivers/CMSIS/Include -O0 -ffunction-sections -fdata-sections -Wall -fstack-usage -fcyclomatic-complexity -MMD -MP -MF"Core/Src/stm32g4xx_hal_msp.d" -MT"Core/Src/stm32g4xx_hal_msp.o" --specs=nano.specs -mfpu=fpv4-sp-d16 -mfloat-abi=hard -mthumb -o "Core/Src/stm32g4xx_hal_msp.o"
arm-none-eabi-gcc "../Core/Src/stm32g4xx_it.c" -mcpu=cortex-m4 -std=gnu11 -g3 -DDEBUG -DARM_MATH_CM4 -DUSE_HAL_DRIVER -DSTM32G4A1xx -c -I../Core/Inc -I"C:/Users/moshte/Desktop/moshte/Firmware projects/CubeIDE/Workspace/semgdaq_/Firmware/semgdaq/Drivers/CMSIS/DSP/Include" -I../Drivers/STM32G4xx_HAL_Driver/Inc -I../Drivers/STM32G4xx_HAL_Driver/Inc/Legacy -I../Drivers/CMSIS/Device/ST/STM32G4xx/Include -I../Drivers/CMSIS/Include -O0 -ffunction-sections -fdata-sections -Wall -fstack-usage -fcyclomatic-complexity -MMD -MP -MF"Core/Src/stm32g4xx_it.d" -MT"Core/Src/stm32g4xx_it.o" --specs=nano.specs -mfpu=fpv4-sp-d16 -mfloat-abi=hard -mthumb -o "Core/Src/stm32g4xx_it.o"
arm-none-eabi-gcc "../Core/Src/syscalls.c" -mcpu=cortex-m4 -std=gnu11 -g3 -DDEBUG -DARM_MATH_CM4 -DUSE_HAL_DRIVER -DSTM32G4A1xx -c -I../Core/Inc -I"C:/Users/moshte/Desktop/moshte/Firmware projects/CubeIDE/Workspace/semgdaq_/Firmware/semgdaq/Drivers/CMSIS/DSP/Include" -I../Drivers/STM32G4xx_HAL_Driver/Inc -I../Drivers/STM32G4xx_HAL_Driver/Inc/Legacy -I../Drivers/CMSIS/Device/ST/STM32G4xx/Include -I../Drivers/CMSIS/Include -O0 -ffunction-sections -fdata-sections -Wall -fstack-usage -fcyclomatic-complexity -MMD -MP -MF"Core/Src/syscalls.d" -MT"Core/Src/syscalls.o" --specs=nano.specs -mfpu=fpv4-sp-d16 -mfloat-abi=hard -mthumb -o "Core/Src/syscalls.o"
arm-none-eabi-gcc "../Core/Src/sysmem.c" -mcpu=cortex-m4 -std=gnu11 -g3 -DDEBUG -DARM_MATH_CM4 -DUSE_HAL_DRIVER -DSTM32G4A1xx -c -I../Core/Inc -I"C:/Users/moshte/Desktop/moshte/Firmware projects/CubeIDE/Workspace/semgdaq_/Firmware/semgdaq/Drivers/CMSIS/DSP/Include" -I../Drivers/STM32G4xx_HAL_Driver/Inc -I../Drivers/STM32G4xx_HAL_Driver/Inc/Legacy -I../Drivers/CMSIS/Device/ST/STM32G4xx/Include -I../Drivers/CMSIS/Include -O0 -ffunction-sections -fdata-sections -Wall -fstack-usage -fcyclomatic-complexity -MMD -MP -MF"Core/Src/sysmem.d" -MT"Core/Src/sysmem.o" --specs=nano.specs -mfpu=fpv4-sp-d16 -mfloat-abi=hard -mthumb -o "Core/Src/sysmem.o"
arm-none-eabi-gcc "../Core/Src/system_stm32g4xx.c" -mcpu=cortex-m4 -std=gnu11 -g3 -DDEBUG -DARM_MATH_CM4 -DUSE_HAL_DRIVER -DSTM32G4A1xx -c -I../Core/Inc -I"C:/Users/moshte/Desktop/moshte/Firmware projects/CubeIDE/Workspace/semgdaq_/Firmware/semgdaq/Drivers/CMSIS/DSP/Include" -I../Drivers/STM32G4xx_HAL_Driver/Inc -I../Drivers/STM32G4xx_HAL_Driver/Inc/Legacy -I../Drivers/CMSIS/Device/ST/STM32G4xx/Include -I../Drivers/CMSIS/Include -O0 -ffunction-sections -fdata-sections -Wall -fstack-usage -fcyclomatic-complexity -MMD -MP -MF"Core/Src/system_stm32g4xx.d" -MT"Core/Src/system_stm32g4xx.o" --specs=nano.specs -mfpu=fpv4-sp-d16 -mfloat-abi=hard -mthumb -o "Core/Src/system_stm32g4xx.o"
arm-none-eabi-gcc -o "semgdaq.elf" @"objects.list"  -larm_cortexM4lf_math -mcpu=cortex-m4 -T"C:\Users\moshte\Desktop\moshte\Firmware projects\CubeIDE\Workspace\semgdaq_\Firmware\semgdaq\STM32G4A1VETX_FLASH.ld" --specs=nosys.specs -Wl,-Map="semgdaq.map" -Wl,--gc-sections -static -L"C:\Users\moshte\Desktop\moshte\Firmware projects\CubeIDE\Workspace\semgdaq_\Firmware\semgdaq\Drivers\CMSIS\Lib\GCC" --specs=nano.specs -mfpu=fpv4-sp-d16 -mfloat-abi=hard -mthumb -Wl,--start-group -lc -lm -Wl,--end-group
Finished building target: semgdaq.elf
 
arm-none-eabi-size  semgdaq.elf 
arm-none-eabi-objdump -h -S semgdaq.elf  > "semgdaq.list"
   text	   data	    bss	    dec	    hex	filename
 128788	  30944	  83336	 243068	  3b57c	semgdaq.elf
Finished building: default.size.stdout
 
Finished building: semgdaq.list
 
11:24:09 **** Incremental Build of configuration Debug for project semgdaq ****
make -j8 all 
arm-none-eabi-gcc "../Core/Src/main.c" -mcpu=cortex-m4 -std=gnu11 -g3 -DDEBUG -DARM_MATH_CM4 -DUSE_HAL_DRIVER -DSTM32G4A1xx -c -I../Core/Inc -I"C:/Users/moshte/Desktop/moshte/Firmware projects/CubeIDE/Workspace/semgdaq_/Firmware/semgdaq/Drivers/CMSIS/DSP/Include" -I../Drivers/STM32G4xx_HAL_Driver/Inc -I../Drivers/STM32G4xx_HAL_Driver/Inc/Legacy -I../Drivers/CMSIS/Device/ST/STM32G4xx/Include -I../Drivers/CMSIS/Include -O0 -ffunction-sections -fdata-sections -Wall -fstack-usage -fcyclomatic-complexity -MMD -MP -MF"Core/Src/main.d" -MT"Core/Src/main.o" --specs=nano.specs -mfpu=fpv4-sp-d16 -mfloat-abi=hard -mthumb -o "Core/Src/main.o"
arm-none-eabi-gcc -o "semgdaq.elf" @"objects.list"  -larm_cortexM4lf_math -mcpu=cortex-m4 -T"C:\Users\moshte\Desktop\moshte\Firmware projects\CubeIDE\Workspace\semgdaq_\Firmware\semgdaq\STM32G4A1VETX_FLASH.ld" --specs=nosys.specs -Wl,-Map="semgdaq.map" -Wl,--gc-sections -static -L"C:\Users\moshte\Desktop\moshte\Firmware projects\CubeIDE\Workspace\semgdaq_\Firmware\semgdaq\Drivers\CMSIS\Lib\GCC" --specs=nano.specs -mfpu=fpv4-sp-d16 -mfloat-abi=hard -mthumb -Wl,--start-group -lc -lm -Wl,--end-group
Finished building target: semgdaq.elf
 
arm-none-eabi-size  semgdaq.elf 
arm-none-eabi-objdump -h -S semgdaq.elf  > "semgdaq.list"
   text	   data	    bss	    dec	    hex	filename
 128884	  30944	  83344	 243172	  3b5e4	semgdaq.elf
Finished building: default.size.stdout
 
Finished building: semgdaq.list
 
11:25:00 **** Incremental Build of configuration Debug for project semgdaq ****
make -j8 all 
arm-none-eabi-gcc "../Core/Src/main.c" -mcpu=cortex-m4 -std=gnu11 -g3 -DDEBUG -DARM_MATH_CM4 -DUSE_HAL_DRIVER -DSTM32G4A1xx -c -I../Core/Inc -I"C:/Users/moshte/Desktop/moshte/Firmware projects/CubeIDE/Workspace/semgdaq_/Firmware/semgdaq/Drivers/CMSIS/DSP/Include" -I../Drivers/STM32G4xx_HAL_Driver/Inc -I../Drivers/STM32G4xx_HAL_Driver/Inc/Legacy -I../Drivers/CMSIS/Device/ST/STM32G4xx/Include -I../Drivers/CMSIS/Include -O0 -ffunction-sections -fdata-sections -Wall -fstack-usage -fcyclomatic-complexity -MMD -MP -MF"Core/Src/main.d" -MT"Core/Src/main.o" --specs=nano.specs -mfpu=fpv4-sp-d16 -mfloat-abi=hard -mthumb -o "Core/Src/main.o"
arm-none-eabi-gcc -o "semgdaq.elf" @"objects.list"  -larm_cortexM4lf_math -mcpu=cortex-m4 -T"C:\Users\moshte\Desktop\moshte\Firmware projects\CubeIDE\Workspace\semgdaq_\Firmware\semgdaq\STM32G4A1VETX_FLASH.ld" --specs=nosys.specs -Wl,-Map="semgdaq.map" -Wl,--gc-sections -static -L"C:\Users\moshte\Desktop\moshte\Firmware projects\CubeIDE\Workspace\semgdaq_\Firmware\semgdaq\Drivers\CMSIS\Lib\GCC" --specs=nano.specs -mfpu=fpv4-sp-d16 -mfloat-abi=hard -mthumb -Wl,--start-group -lc -lm -Wl,--end-group
Finished building target: semgdaq.elf
 
arm-none-eabi-size  semgdaq.elf 
arm-none-eabi-objdump -h -S semgdaq.elf  > "semgdaq.list"
   text	   data	    bss	    dec	    hex	filename
 128884	  30944	  83344	 243172	  3b5e4	semgdaq.elf
Finished building: default.size.stdout
 
Finished building: semgdaq.list
 
14:17:33 **** Incremental Build of configuration Debug for project semgdaq ****
make -j8 all 
arm-none-eabi-gcc "../Core/Src/_ADCn_INx_AR.c" -mcpu=cortex-m4 -std=gnu11 -g3 -DDEBUG -DARM_MATH_CM4 -DUSE_HAL_DRIVER -DSTM32G4A1xx -c -I../Core/Inc -I"C:/Users/moshte/Desktop/moshte/Firmware projects/CubeIDE/Workspace/semgdaq_/Firmware/semgdaq/Drivers/CMSIS/DSP/Include" -I../Drivers/STM32G4xx_HAL_Driver/Inc -I../Drivers/STM32G4xx_HAL_Driver/Inc/Legacy -I../Drivers/CMSIS/Device/ST/STM32G4xx/Include -I../Drivers/CMSIS/Include -O0 -ffunction-sections -fdata-sections -Wall -fstack-usage -fcyclomatic-complexity -MMD -MP -MF"Core/Src/_ADCn_INx_AR.d" -MT"Core/Src/_ADCn_INx_AR.o" --specs=nano.specs -mfpu=fpv4-sp-d16 -mfloat-abi=hard -mthumb -o "Core/Src/_ADCn_INx_AR.o"
arm-none-eabi-gcc "../Core/Src/_ADCn_INx_DAC1_Cond.c" -mcpu=cortex-m4 -std=gnu11 -g3 -DDEBUG -DARM_MATH_CM4 -DUSE_HAL_DRIVER -DSTM32G4A1xx -c -I../Core/Inc -I"C:/Users/moshte/Desktop/moshte/Firmware projects/CubeIDE/Workspace/semgdaq_/Firmware/semgdaq/Drivers/CMSIS/DSP/Include" -I../Drivers/STM32G4xx_HAL_Driver/Inc -I../Drivers/STM32G4xx_HAL_Driver/Inc/Legacy -I../Drivers/CMSIS/Device/ST/STM32G4xx/Include -I../Drivers/CMSIS/Include -O0 -ffunction-sections -fdata-sections -Wall -fstack-usage -fcyclomatic-complexity -MMD -MP -MF"Core/Src/_ADCn_INx_DAC1_Cond.d" -MT"Core/Src/_ADCn_INx_DAC1_Cond.o" --specs=nano.specs -mfpu=fpv4-sp-d16 -mfloat-abi=hard -mthumb -o "Core/Src/_ADCn_INx_DAC1_Cond.o"
arm-none-eabi-gcc "../Core/Src/_ADCn_INx_MA.c" -mcpu=cortex-m4 -std=gnu11 -g3 -DDEBUG -DARM_MATH_CM4 -DUSE_HAL_DRIVER -DSTM32G4A1xx -c -I../Core/Inc -I"C:/Users/moshte/Desktop/moshte/Firmware projects/CubeIDE/Workspace/semgdaq_/Firmware/semgdaq/Drivers/CMSIS/DSP/Include" -I../Drivers/STM32G4xx_HAL_Driver/Inc -I../Drivers/STM32G4xx_HAL_Driver/Inc/Legacy -I../Drivers/CMSIS/Device/ST/STM32G4xx/Include -I../Drivers/CMSIS/Include -O0 -ffunction-sections -fdata-sections -Wall -fstack-usage -fcyclomatic-complexity -MMD -MP -MF"Core/Src/_ADCn_INx_MA.d" -MT"Core/Src/_ADCn_INx_MA.o" --specs=nano.specs -mfpu=fpv4-sp-d16 -mfloat-abi=hard -mthumb -o "Core/Src/_ADCn_INx_MA.o"
arm-none-eabi-gcc "../Core/Src/_ADCn_INx_NF.c" -mcpu=cortex-m4 -std=gnu11 -g3 -DDEBUG -DARM_MATH_CM4 -DUSE_HAL_DRIVER -DSTM32G4A1xx -c -I../Core/Inc -I"C:/Users/moshte/Desktop/moshte/Firmware projects/CubeIDE/Workspace/semgdaq_/Firmware/semgdaq/Drivers/CMSIS/DSP/Include" -I../Drivers/STM32G4xx_HAL_Driver/Inc -I../Drivers/STM32G4xx_HAL_Driver/Inc/Legacy -I../Drivers/CMSIS/Device/ST/STM32G4xx/Include -I../Drivers/CMSIS/Include -O0 -ffunction-sections -fdata-sections -Wall -fstack-usage -fcyclomatic-complexity -MMD -MP -MF"Core/Src/_ADCn_INx_NF.d" -MT"Core/Src/_ADCn_INx_NF.o" --specs=nano.specs -mfpu=fpv4-sp-d16 -mfloat-abi=hard -mthumb -o "Core/Src/_ADCn_INx_NF.o"
arm-none-eabi-gcc "../Core/Src/_ADCn_INx_Offset.c" -mcpu=cortex-m4 -std=gnu11 -g3 -DDEBUG -DARM_MATH_CM4 -DUSE_HAL_DRIVER -DSTM32G4A1xx -c -I../Core/Inc -I"C:/Users/moshte/Desktop/moshte/Firmware projects/CubeIDE/Workspace/semgdaq_/Firmware/semgdaq/Drivers/CMSIS/DSP/Include" -I../Drivers/STM32G4xx_HAL_Driver/Inc -I../Drivers/STM32G4xx_HAL_Driver/Inc/Legacy -I../Drivers/CMSIS/Device/ST/STM32G4xx/Include -I../Drivers/CMSIS/Include -O0 -ffunction-sections -fdata-sections -Wall -fstack-usage -fcyclomatic-complexity -MMD -MP -MF"Core/Src/_ADCn_INx_Offset.d" -MT"Core/Src/_ADCn_INx_Offset.o" --specs=nano.specs -mfpu=fpv4-sp-d16 -mfloat-abi=hard -mthumb -o "Core/Src/_ADCn_INx_Offset.o"
arm-none-eabi-gcc "../Core/Src/_ADCn_INx_SD_BL.c" -mcpu=cortex-m4 -std=gnu11 -g3 -DDEBUG -DARM_MATH_CM4 -DUSE_HAL_DRIVER -DSTM32G4A1xx -c -I../Core/Inc -I"C:/Users/moshte/Desktop/moshte/Firmware projects/CubeIDE/Workspace/semgdaq_/Firmware/semgdaq/Drivers/CMSIS/DSP/Include" -I../Drivers/STM32G4xx_HAL_Driver/Inc -I../Drivers/STM32G4xx_HAL_Driver/Inc/Legacy -I../Drivers/CMSIS/Device/ST/STM32G4xx/Include -I../Drivers/CMSIS/Include -O0 -ffunction-sections -fdata-sections -Wall -fstack-usage -fcyclomatic-complexity -MMD -MP -MF"Core/Src/_ADCn_INx_SD_BL.d" -MT"Core/Src/_ADCn_INx_SD_BL.o" --specs=nano.specs -mfpu=fpv4-sp-d16 -mfloat-abi=hard -mthumb -o "Core/Src/_ADCn_INx_SD_BL.o"
arm-none-eabi-gcc "../Core/Src/_ADCn_INx_SSC.c" -mcpu=cortex-m4 -std=gnu11 -g3 -DDEBUG -DARM_MATH_CM4 -DUSE_HAL_DRIVER -DSTM32G4A1xx -c -I../Core/Inc -I"C:/Users/moshte/Desktop/moshte/Firmware projects/CubeIDE/Workspace/semgdaq_/Firmware/semgdaq/Drivers/CMSIS/DSP/Include" -I../Drivers/STM32G4xx_HAL_Driver/Inc -I../Drivers/STM32G4xx_HAL_Driver/Inc/Legacy -I../Drivers/CMSIS/Device/ST/STM32G4xx/Include -I../Drivers/CMSIS/Include -O0 -ffunction-sections -fdata-sections -Wall -fstack-usage -fcyclomatic-complexity -MMD -MP -MF"Core/Src/_ADCn_INx_SSC.d" -MT"Core/Src/_ADCn_INx_SSC.o" --specs=nano.specs -mfpu=fpv4-sp-d16 -mfloat-abi=hard -mthumb -o "Core/Src/_ADCn_INx_SSC.o"
arm-none-eabi-gcc "../Core/Src/_ADCn_INx_STFT.c" -mcpu=cortex-m4 -std=gnu11 -g3 -DDEBUG -DARM_MATH_CM4 -DUSE_HAL_DRIVER -DSTM32G4A1xx -c -I../Core/Inc -I"C:/Users/moshte/Desktop/moshte/Firmware projects/CubeIDE/Workspace/semgdaq_/Firmware/semgdaq/Drivers/CMSIS/DSP/Include" -I../Drivers/STM32G4xx_HAL_Driver/Inc -I../Drivers/STM32G4xx_HAL_Driver/Inc/Legacy -I../Drivers/CMSIS/Device/ST/STM32G4xx/Include -I../Drivers/CMSIS/Include -O0 -ffunction-sections -fdata-sections -Wall -fstack-usage -fcyclomatic-complexity -MMD -MP -MF"Core/Src/_ADCn_INx_STFT.d" -MT"Core/Src/_ADCn_INx_STFT.o" --specs=nano.specs -mfpu=fpv4-sp-d16 -mfloat-abi=hard -mthumb -o "Core/Src/_ADCn_INx_STFT.o"
arm-none-eabi-gcc "../Core/Src/_ADCn_INx_TKEO.c" -mcpu=cortex-m4 -std=gnu11 -g3 -DDEBUG -DARM_MATH_CM4 -DUSE_HAL_DRIVER -DSTM32G4A1xx -c -I../Core/Inc -I"C:/Users/moshte/Desktop/moshte/Firmware projects/CubeIDE/Workspace/semgdaq_/Firmware/semgdaq/Drivers/CMSIS/DSP/Include" -I../Drivers/STM32G4xx_HAL_Driver/Inc -I../Drivers/STM32G4xx_HAL_Driver/Inc/Legacy -I../Drivers/CMSIS/Device/ST/STM32G4xx/Include -I../Drivers/CMSIS/Include -O0 -ffunction-sections -fdata-sections -Wall -fstack-usage -fcyclomatic-complexity -MMD -MP -MF"Core/Src/_ADCn_INx_TKEO.d" -MT"Core/Src/_ADCn_INx_TKEO.o" --specs=nano.specs -mfpu=fpv4-sp-d16 -mfloat-abi=hard -mthumb -o "Core/Src/_ADCn_INx_TKEO.o"
arm-none-eabi-gcc "../Core/Src/_DMA_Sort.c" -mcpu=cortex-m4 -std=gnu11 -g3 -DDEBUG -DARM_MATH_CM4 -DUSE_HAL_DRIVER -DSTM32G4A1xx -c -I../Core/Inc -I"C:/Users/moshte/Desktop/moshte/Firmware projects/CubeIDE/Workspace/semgdaq_/Firmware/semgdaq/Drivers/CMSIS/DSP/Include" -I../Drivers/STM32G4xx_HAL_Driver/Inc -I../Drivers/STM32G4xx_HAL_Driver/Inc/Legacy -I../Drivers/CMSIS/Device/ST/STM32G4xx/Include -I../Drivers/CMSIS/Include -O0 -ffunction-sections -fdata-sections -Wall -fstack-usage -fcyclomatic-complexity -MMD -MP -MF"Core/Src/_DMA_Sort.d" -MT"Core/Src/_DMA_Sort.o" --specs=nano.specs -mfpu=fpv4-sp-d16 -mfloat-abi=hard -mthumb -o "Core/Src/_DMA_Sort.o"
arm-none-eabi-gcc "../Core/Src/main.c" -mcpu=cortex-m4 -std=gnu11 -g3 -DDEBUG -DARM_MATH_CM4 -DUSE_HAL_DRIVER -DSTM32G4A1xx -c -I../Core/Inc -I"C:/Users/moshte/Desktop/moshte/Firmware projects/CubeIDE/Workspace/semgdaq_/Firmware/semgdaq/Drivers/CMSIS/DSP/Include" -I../Drivers/STM32G4xx_HAL_Driver/Inc -I../Drivers/STM32G4xx_HAL_Driver/Inc/Legacy -I../Drivers/CMSIS/Device/ST/STM32G4xx/Include -I../Drivers/CMSIS/Include -O0 -ffunction-sections -fdata-sections -Wall -fstack-usage -fcyclomatic-complexity -MMD -MP -MF"Core/Src/main.d" -MT"Core/Src/main.o" --specs=nano.specs -mfpu=fpv4-sp-d16 -mfloat-abi=hard -mthumb -o "Core/Src/main.o"
arm-none-eabi-gcc -o "semgdaq.elf" @"objects.list"  -larm_cortexM4lf_math -mcpu=cortex-m4 -T"C:\Users\moshte\Desktop\moshte\Firmware projects\CubeIDE\Workspace\semgdaq_\Firmware\semgdaq\STM32G4A1VETX_FLASH.ld" --specs=nosys.specs -Wl,-Map="semgdaq.map" -Wl,--gc-sections -static -L"C:\Users\moshte\Desktop\moshte\Firmware projects\CubeIDE\Workspace\semgdaq_\Firmware\semgdaq\Drivers\CMSIS\Lib\GCC" --specs=nano.specs -mfpu=fpv4-sp-d16 -mfloat-abi=hard -mthumb -Wl,--start-group -lc -lm -Wl,--end-group
Finished building target: semgdaq.elf
 
arm-none-eabi-size  semgdaq.elf 
arm-none-eabi-objdump -h -S semgdaq.elf  > "semgdaq.list"
   text	   data	    bss	    dec	    hex	filename
 128884	  30944	  83344	 243172	  3b5e4	semgdaq.elf
Finished building: default.size.stdout
 
Finished building: semgdaq.list
 
14:56:35 **** Incremental Build of configuration Debug for project semgdaq ****
make -j8 all 
arm-none-eabi-gcc "../Core/Src/_DMA_Sort.c" -mcpu=cortex-m4 -std=gnu11 -g3 -DDEBUG -DARM_MATH_CM4 -DUSE_HAL_DRIVER -DSTM32G4A1xx -c -I../Core/Inc -I"C:/Users/moshte/Desktop/moshte/Firmware projects/CubeIDE/Workspace/semgdaq_/Firmware/semgdaq/Drivers/CMSIS/DSP/Include" -I../Drivers/STM32G4xx_HAL_Driver/Inc -I../Drivers/STM32G4xx_HAL_Driver/Inc/Legacy -I../Drivers/CMSIS/Device/ST/STM32G4xx/Include -I../Drivers/CMSIS/Include -O0 -ffunction-sections -fdata-sections -Wall -fstack-usage -fcyclomatic-complexity -MMD -MP -MF"Core/Src/_DMA_Sort.d" -MT"Core/Src/_DMA_Sort.o" --specs=nano.specs -mfpu=fpv4-sp-d16 -mfloat-abi=hard -mthumb -o "Core/Src/_DMA_Sort.o"
../Core/Src/_DMA_Sort.c: In function 'ADC1_DMA_sort_uhb':
../Core/Src/_DMA_Sort.c:19:6: warning: suggest parentheses around assignment used as truth value [-Wparentheses]
   19 |   if(ADC1_Current_buffer = 1)
      |      ^~~~~~~~~~~~~~~~~~~
../Core/Src/_DMA_Sort.c: In function 'ADC1_DMA_sort_lhb':
../Core/Src/_DMA_Sort.c:65:7: warning: suggest parentheses around assignment used as truth value [-Wparentheses]
   65 |   if (ADC1_Current_buffer = 1)
      |       ^~~~~~~~~~~~~~~~~~~
../Core/Src/_DMA_Sort.c: In function 'ADC2_DMA_sort_uhb':
../Core/Src/_DMA_Sort.c:113:6: warning: suggest parentheses around assignment used as truth value [-Wparentheses]
  113 |   if(ADC2_Current_buffer = 1)
      |      ^~~~~~~~~~~~~~~~~~~
../Core/Src/_DMA_Sort.c: In function 'ADC2_DMA_sort_lhb':
../Core/Src/_DMA_Sort.c:160:6: warning: suggest parentheses around assignment used as truth value [-Wparentheses]
  160 |   if(ADC2_Current_buffer = 1)
      |      ^~~~~~~~~~~~~~~~~~~
../Core/Src/_DMA_Sort.c: In function 'ADC3_DMA_sort_uhb':
../Core/Src/_DMA_Sort.c:206:6: warning: suggest parentheses around assignment used as truth value [-Wparentheses]
  206 |   if(ADC3_Current_buffer = 1)
      |      ^~~~~~~~~~~~~~~~~~~
../Core/Src/_DMA_Sort.c: In function 'ADC3_DMA_sort_lhb':
../Core/Src/_DMA_Sort.c:252:6: warning: suggest parentheses around assignment used as truth value [-Wparentheses]
  252 |   if(ADC3_Current_buffer = 1)
      |      ^~~~~~~~~~~~~~~~~~~
arm-none-eabi-gcc -o "semgdaq.elf" @"objects.list"  -larm_cortexM4lf_math -mcpu=cortex-m4 -T"C:\Users\moshte\Desktop\moshte\Firmware projects\CubeIDE\Workspace\semgdaq_\Firmware\semgdaq\STM32G4A1VETX_FLASH.ld" --specs=nosys.specs -Wl,-Map="semgdaq.map" -Wl,--gc-sections -static -L"C:\Users\moshte\Desktop\moshte\Firmware projects\CubeIDE\Workspace\semgdaq_\Firmware\semgdaq\Drivers\CMSIS\Lib\GCC" --specs=nano.specs -mfpu=fpv4-sp-d16 -mfloat-abi=hard -mthumb -Wl,--start-group -lc -lm -Wl,--end-group
Finished building target: semgdaq.elf
 
arm-none-eabi-size  semgdaq.elf 
arm-none-eabi-objdump -h -S semgdaq.elf  > "semgdaq.list"
   text	   data	    bss	    dec	    hex	filename
 128940	  30944	  83344	 243228	  3b61c	semgdaq.elf
Finished building: default.size.stdout
 
Finished building: semgdaq.list
 
14:58:10 **** Incremental Build of configuration Debug for project semgdaq ****
make -j8 all 
arm-none-eabi-gcc "../Core/Src/_DMA_Sort.c" -mcpu=cortex-m4 -std=gnu11 -g3 -DDEBUG -DARM_MATH_CM4 -DUSE_HAL_DRIVER -DSTM32G4A1xx -c -I../Core/Inc -I"C:/Users/moshte/Desktop/moshte/Firmware projects/CubeIDE/Workspace/semgdaq_/Firmware/semgdaq/Drivers/CMSIS/DSP/Include" -I../Drivers/STM32G4xx_HAL_Driver/Inc -I../Drivers/STM32G4xx_HAL_Driver/Inc/Legacy -I../Drivers/CMSIS/Device/ST/STM32G4xx/Include -I../Drivers/CMSIS/Include -O0 -ffunction-sections -fdata-sections -Wall -fstack-usage -fcyclomatic-complexity -MMD -MP -MF"Core/Src/_DMA_Sort.d" -MT"Core/Src/_DMA_Sort.o" --specs=nano.specs -mfpu=fpv4-sp-d16 -mfloat-abi=hard -mthumb -o "Core/Src/_DMA_Sort.o"
arm-none-eabi-gcc -o "semgdaq.elf" @"objects.list"  -larm_cortexM4lf_math -mcpu=cortex-m4 -T"C:\Users\moshte\Desktop\moshte\Firmware projects\CubeIDE\Workspace\semgdaq_\Firmware\semgdaq\STM32G4A1VETX_FLASH.ld" --specs=nosys.specs -Wl,-Map="semgdaq.map" -Wl,--gc-sections -static -L"C:\Users\moshte\Desktop\moshte\Firmware projects\CubeIDE\Workspace\semgdaq_\Firmware\semgdaq\Drivers\CMSIS\Lib\GCC" --specs=nano.specs -mfpu=fpv4-sp-d16 -mfloat-abi=hard -mthumb -Wl,--start-group -lc -lm -Wl,--end-group
Finished building target: semgdaq.elf
 
arm-none-eabi-size  semgdaq.elf 
arm-none-eabi-objdump -h -S semgdaq.elf  > "semgdaq.list"
   text	   data	    bss	    dec	    hex	filename
 130116	  30944	  83344	 244404	  3bab4	semgdaq.elf
Finished building: default.size.stdout
 
Finished building: semgdaq.list
 
15:16:43 **** Incremental Build of configuration Debug for project semgdaq ****
make -j8 all 
arm-none-eabi-gcc "../Core/Src/_DMA_Sort.c" -mcpu=cortex-m4 -std=gnu11 -g3 -DDEBUG -DARM_MATH_CM4 -DUSE_HAL_DRIVER -DSTM32G4A1xx -c -I../Core/Inc -I"C:/Users/moshte/Desktop/moshte/Firmware projects/CubeIDE/Workspace/semgdaq_/Firmware/semgdaq/Drivers/CMSIS/DSP/Include" -I../Drivers/STM32G4xx_HAL_Driver/Inc -I../Drivers/STM32G4xx_HAL_Driver/Inc/Legacy -I../Drivers/CMSIS/Device/ST/STM32G4xx/Include -I../Drivers/CMSIS/Include -O0 -ffunction-sections -fdata-sections -Wall -fstack-usage -fcyclomatic-complexity -MMD -MP -MF"Core/Src/_DMA_Sort.d" -MT"Core/Src/_DMA_Sort.o" --specs=nano.specs -mfpu=fpv4-sp-d16 -mfloat-abi=hard -mthumb -o "Core/Src/_DMA_Sort.o"
../Core/Src/_DMA_Sort.c: In function 'ADC1_DMA_sort_lhb':
../Core/Src/_DMA_Sort.c:85:29: warning: value computed is not used [-Wunused-value]
   85 |         ADC1_Current_buffer == 2;
      |         ~~~~~~~~~~~~~~~~~~~~^~~~
../Core/Src/_DMA_Sort.c:108:29: warning: value computed is not used [-Wunused-value]
  108 |         ADC1_Current_buffer == 1;
      |         ~~~~~~~~~~~~~~~~~~~~^~~~
../Core/Src/_DMA_Sort.c: In function 'ADC2_DMA_sort_lhb':
../Core/Src/_DMA_Sort.c:183:29: warning: value computed is not used [-Wunused-value]
  183 |         ADC2_Current_buffer == 2;
      |         ~~~~~~~~~~~~~~~~~~~~^~~~
../Core/Src/_DMA_Sort.c:205:29: warning: value computed is not used [-Wunused-value]
  205 |         ADC2_Current_buffer == 1;
      |         ~~~~~~~~~~~~~~~~~~~~^~~~
../Core/Src/_DMA_Sort.c: In function 'ADC3_DMA_sort_lhb':
../Core/Src/_DMA_Sort.c:279:29: warning: value computed is not used [-Wunused-value]
  279 |         ADC3_Current_buffer == 2;
      |         ~~~~~~~~~~~~~~~~~~~~^~~~
../Core/Src/_DMA_Sort.c:301:29: warning: value computed is not used [-Wunused-value]
  301 |         ADC3_Current_buffer == 1;
      |         ~~~~~~~~~~~~~~~~~~~~^~~~
arm-none-eabi-gcc -o "semgdaq.elf" @"objects.list"  -larm_cortexM4lf_math -mcpu=cortex-m4 -T"C:\Users\moshte\Desktop\moshte\Firmware projects\CubeIDE\Workspace\semgdaq_\Firmware\semgdaq\STM32G4A1VETX_FLASH.ld" --specs=nosys.specs -Wl,-Map="semgdaq.map" -Wl,--gc-sections -static -L"C:\Users\moshte\Desktop\moshte\Firmware projects\CubeIDE\Workspace\semgdaq_\Firmware\semgdaq\Drivers\CMSIS\Lib\GCC" --specs=nano.specs -mfpu=fpv4-sp-d16 -mfloat-abi=hard -mthumb -Wl,--start-group -lc -lm -Wl,--end-group
Finished building target: semgdaq.elf
 
arm-none-eabi-size  semgdaq.elf 
arm-none-eabi-objdump -h -S semgdaq.elf  > "semgdaq.list"
   text	   data	    bss	    dec	    hex	filename
 130140	  30944	  83344	 244428	  3bacc	semgdaq.elf
Finished building: default.size.stdout
 
Finished building: semgdaq.list
 
15:17:32 **** Incremental Build of configuration Debug for project semgdaq ****
make -j8 all 
arm-none-eabi-gcc "../Core/Src/_DMA_Sort.c" -mcpu=cortex-m4 -std=gnu11 -g3 -DDEBUG -DARM_MATH_CM4 -DUSE_HAL_DRIVER -DSTM32G4A1xx -c -I../Core/Inc -I"C:/Users/moshte/Desktop/moshte/Firmware projects/CubeIDE/Workspace/semgdaq_/Firmware/semgdaq/Drivers/CMSIS/DSP/Include" -I../Drivers/STM32G4xx_HAL_Driver/Inc -I../Drivers/STM32G4xx_HAL_Driver/Inc/Legacy -I../Drivers/CMSIS/Device/ST/STM32G4xx/Include -I../Drivers/CMSIS/Include -O0 -ffunction-sections -fdata-sections -Wall -fstack-usage -fcyclomatic-complexity -MMD -MP -MF"Core/Src/_DMA_Sort.d" -MT"Core/Src/_DMA_Sort.o" --specs=nano.specs -mfpu=fpv4-sp-d16 -mfloat-abi=hard -mthumb -o "Core/Src/_DMA_Sort.o"
arm-none-eabi-gcc -o "semgdaq.elf" @"objects.list"  -larm_cortexM4lf_math -mcpu=cortex-m4 -T"C:\Users\moshte\Desktop\moshte\Firmware projects\CubeIDE\Workspace\semgdaq_\Firmware\semgdaq\STM32G4A1VETX_FLASH.ld" --specs=nosys.specs -Wl,-Map="semgdaq.map" -Wl,--gc-sections -static -L"C:\Users\moshte\Desktop\moshte\Firmware projects\CubeIDE\Workspace\semgdaq_\Firmware\semgdaq\Drivers\CMSIS\Lib\GCC" --specs=nano.specs -mfpu=fpv4-sp-d16 -mfloat-abi=hard -mthumb -Wl,--start-group -lc -lm -Wl,--end-group
Finished building target: semgdaq.elf
 
arm-none-eabi-size  semgdaq.elf 
arm-none-eabi-objdump -h -S semgdaq.elf  > "semgdaq.list"
   text	   data	    bss	    dec	    hex	filename
 130164	  30944	  83344	 244452	  3bae4	semgdaq.elf
Finished building: default.size.stdout
 
Finished building: semgdaq.list
 
21:48:42 **** Incremental Build of configuration Debug for project semgdaq ****
make -j8 all 
arm-none-eabi-gcc "../Core/Src/_ADCn_INx_NF.c" -mcpu=cortex-m4 -std=gnu11 -g3 -DDEBUG -DARM_MATH_CM4 -DUSE_HAL_DRIVER -DSTM32G4A1xx -c -I../Core/Inc -I"C:/Users/moshte/Desktop/moshte/Firmware projects/CubeIDE/Workspace/semgdaq_/Firmware/semgdaq/Drivers/CMSIS/DSP/Include" -I../Drivers/STM32G4xx_HAL_Driver/Inc -I../Drivers/STM32G4xx_HAL_Driver/Inc/Legacy -I../Drivers/CMSIS/Device/ST/STM32G4xx/Include -I../Drivers/CMSIS/Include -O0 -ffunction-sections -fdata-sections -Wall -fstack-usage -fcyclomatic-complexity -MMD -MP -MF"Core/Src/_ADCn_INx_NF.d" -MT"Core/Src/_ADCn_INx_NF.o" --specs=nano.specs -mfpu=fpv4-sp-d16 -mfloat-abi=hard -mthumb -o "Core/Src/_ADCn_INx_NF.o"
arm-none-eabi-gcc "../Core/Src/_DMA_Sort.c" -mcpu=cortex-m4 -std=gnu11 -g3 -DDEBUG -DARM_MATH_CM4 -DUSE_HAL_DRIVER -DSTM32G4A1xx -c -I../Core/Inc -I"C:/Users/moshte/Desktop/moshte/Firmware projects/CubeIDE/Workspace/semgdaq_/Firmware/semgdaq/Drivers/CMSIS/DSP/Include" -I../Drivers/STM32G4xx_HAL_Driver/Inc -I../Drivers/STM32G4xx_HAL_Driver/Inc/Legacy -I../Drivers/CMSIS/Device/ST/STM32G4xx/Include -I../Drivers/CMSIS/Include -O0 -ffunction-sections -fdata-sections -Wall -fstack-usage -fcyclomatic-complexity -MMD -MP -MF"Core/Src/_DMA_Sort.d" -MT"Core/Src/_DMA_Sort.o" --specs=nano.specs -mfpu=fpv4-sp-d16 -mfloat-abi=hard -mthumb -o "Core/Src/_DMA_Sort.o"
../Core/Src/_ADCn_INx_NF.c: In function 'init_ADC1_IN1_struct':
../Core/Src/_ADCn_INx_NF.c:250:12: error: 'ADC1_Current_buffer' undeclared (first use in this function)
  250 |         if(ADC1_Current_buffer == 1)
      |            ^~~~~~~~~~~~~~~~~~~
../Core/Src/_ADCn_INx_NF.c:250:12: note: each undeclared identifier is reported only once for each function it appears in
../Core/Src/_ADCn_INx_NF.c: In function 'init_ADC1_IN2_struct':
../Core/Src/_ADCn_INx_NF.c:284:12: error: 'ADC1_Current_buffer' undeclared (first use in this function)
  284 |         if(ADC1_Current_buffer == 1)
      |            ^~~~~~~~~~~~~~~~~~~
../Core/Src/_ADCn_INx_NF.c: In function 'init_ADC2_IN3_struct':
../Core/Src/_ADCn_INx_NF.c:318:12: error: 'ADC2_Current_buffer' undeclared (first use in this function)
  318 |         if(ADC2_Current_buffer == 1)
      |            ^~~~~~~~~~~~~~~~~~~
../Core/Src/_ADCn_INx_NF.c: In function 'init_ADC2_IN4_struct':
../Core/Src/_ADCn_INx_NF.c:352:12: error: 'ADC2_Current_buffer' undeclared (first use in this function)
  352 |         if(ADC2_Current_buffer == 1)
      |            ^~~~~~~~~~~~~~~~~~~
../Core/Src/_ADCn_INx_NF.c: In function 'init_ADC3_IN1_struct':
../Core/Src/_ADCn_INx_NF.c:385:8: error: 'ADC3_Current_buffer' undeclared (first use in this function)
  385 |     if(ADC3_Current_buffer == 1)
      |        ^~~~~~~~~~~~~~~~~~~
../Core/Src/_ADCn_INx_NF.c: In function 'init_ADC3_IN2_struct':
../Core/Src/_ADCn_INx_NF.c:418:8: error: 'ADC3_Current_buffer' undeclared (first use in this function)
  418 |     if(ADC3_Current_buffer == 1)
      |        ^~~~~~~~~~~~~~~~~~~
make: *** [Core/Src/subdir.mk:64: Core/Src/_ADCn_INx_NF.o] Error 1
make: *** Waiting for unfinished jobs....
"make -j8 all" terminated with exit code 2. Build might be incomplete.
21:50:57 **** Incremental Build of configuration Debug for project semgdaq ****
make -j8 all 
arm-none-eabi-gcc "../Core/Src/_ADCn_INx_AR.c" -mcpu=cortex-m4 -std=gnu11 -g3 -DDEBUG -DARM_MATH_CM4 -DUSE_HAL_DRIVER -DSTM32G4A1xx -c -I../Core/Inc -I"C:/Users/moshte/Desktop/moshte/Firmware projects/CubeIDE/Workspace/semgdaq_/Firmware/semgdaq/Drivers/CMSIS/DSP/Include" -I../Drivers/STM32G4xx_HAL_Driver/Inc -I../Drivers/STM32G4xx_HAL_Driver/Inc/Legacy -I../Drivers/CMSIS/Device/ST/STM32G4xx/Include -I../Drivers/CMSIS/Include -O0 -ffunction-sections -fdata-sections -Wall -fstack-usage -fcyclomatic-complexity -MMD -MP -MF"Core/Src/_ADCn_INx_AR.d" -MT"Core/Src/_ADCn_INx_AR.o" --specs=nano.specs -mfpu=fpv4-sp-d16 -mfloat-abi=hard -mthumb -o "Core/Src/_ADCn_INx_AR.o"
arm-none-eabi-gcc "../Core/Src/_ADCn_INx_DAC1_Cond.c" -mcpu=cortex-m4 -std=gnu11 -g3 -DDEBUG -DARM_MATH_CM4 -DUSE_HAL_DRIVER -DSTM32G4A1xx -c -I../Core/Inc -I"C:/Users/moshte/Desktop/moshte/Firmware projects/CubeIDE/Workspace/semgdaq_/Firmware/semgdaq/Drivers/CMSIS/DSP/Include" -I../Drivers/STM32G4xx_HAL_Driver/Inc -I../Drivers/STM32G4xx_HAL_Driver/Inc/Legacy -I../Drivers/CMSIS/Device/ST/STM32G4xx/Include -I../Drivers/CMSIS/Include -O0 -ffunction-sections -fdata-sections -Wall -fstack-usage -fcyclomatic-complexity -MMD -MP -MF"Core/Src/_ADCn_INx_DAC1_Cond.d" -MT"Core/Src/_ADCn_INx_DAC1_Cond.o" --specs=nano.specs -mfpu=fpv4-sp-d16 -mfloat-abi=hard -mthumb -o "Core/Src/_ADCn_INx_DAC1_Cond.o"
arm-none-eabi-gcc "../Core/Src/_ADCn_INx_MA.c" -mcpu=cortex-m4 -std=gnu11 -g3 -DDEBUG -DARM_MATH_CM4 -DUSE_HAL_DRIVER -DSTM32G4A1xx -c -I../Core/Inc -I"C:/Users/moshte/Desktop/moshte/Firmware projects/CubeIDE/Workspace/semgdaq_/Firmware/semgdaq/Drivers/CMSIS/DSP/Include" -I../Drivers/STM32G4xx_HAL_Driver/Inc -I../Drivers/STM32G4xx_HAL_Driver/Inc/Legacy -I../Drivers/CMSIS/Device/ST/STM32G4xx/Include -I../Drivers/CMSIS/Include -O0 -ffunction-sections -fdata-sections -Wall -fstack-usage -fcyclomatic-complexity -MMD -MP -MF"Core/Src/_ADCn_INx_MA.d" -MT"Core/Src/_ADCn_INx_MA.o" --specs=nano.specs -mfpu=fpv4-sp-d16 -mfloat-abi=hard -mthumb -o "Core/Src/_ADCn_INx_MA.o"
arm-none-eabi-gcc "../Core/Src/_ADCn_INx_NF.c" -mcpu=cortex-m4 -std=gnu11 -g3 -DDEBUG -DARM_MATH_CM4 -DUSE_HAL_DRIVER -DSTM32G4A1xx -c -I../Core/Inc -I"C:/Users/moshte/Desktop/moshte/Firmware projects/CubeIDE/Workspace/semgdaq_/Firmware/semgdaq/Drivers/CMSIS/DSP/Include" -I../Drivers/STM32G4xx_HAL_Driver/Inc -I../Drivers/STM32G4xx_HAL_Driver/Inc/Legacy -I../Drivers/CMSIS/Device/ST/STM32G4xx/Include -I../Drivers/CMSIS/Include -O0 -ffunction-sections -fdata-sections -Wall -fstack-usage -fcyclomatic-complexity -MMD -MP -MF"Core/Src/_ADCn_INx_NF.d" -MT"Core/Src/_ADCn_INx_NF.o" --specs=nano.specs -mfpu=fpv4-sp-d16 -mfloat-abi=hard -mthumb -o "Core/Src/_ADCn_INx_NF.o"
arm-none-eabi-gcc "../Core/Src/_ADCn_INx_Offset.c" -mcpu=cortex-m4 -std=gnu11 -g3 -DDEBUG -DARM_MATH_CM4 -DUSE_HAL_DRIVER -DSTM32G4A1xx -c -I../Core/Inc -I"C:/Users/moshte/Desktop/moshte/Firmware projects/CubeIDE/Workspace/semgdaq_/Firmware/semgdaq/Drivers/CMSIS/DSP/Include" -I../Drivers/STM32G4xx_HAL_Driver/Inc -I../Drivers/STM32G4xx_HAL_Driver/Inc/Legacy -I../Drivers/CMSIS/Device/ST/STM32G4xx/Include -I../Drivers/CMSIS/Include -O0 -ffunction-sections -fdata-sections -Wall -fstack-usage -fcyclomatic-complexity -MMD -MP -MF"Core/Src/_ADCn_INx_Offset.d" -MT"Core/Src/_ADCn_INx_Offset.o" --specs=nano.specs -mfpu=fpv4-sp-d16 -mfloat-abi=hard -mthumb -o "Core/Src/_ADCn_INx_Offset.o"
arm-none-eabi-gcc "../Core/Src/_ADCn_INx_SD_BL.c" -mcpu=cortex-m4 -std=gnu11 -g3 -DDEBUG -DARM_MATH_CM4 -DUSE_HAL_DRIVER -DSTM32G4A1xx -c -I../Core/Inc -I"C:/Users/moshte/Desktop/moshte/Firmware projects/CubeIDE/Workspace/semgdaq_/Firmware/semgdaq/Drivers/CMSIS/DSP/Include" -I../Drivers/STM32G4xx_HAL_Driver/Inc -I../Drivers/STM32G4xx_HAL_Driver/Inc/Legacy -I../Drivers/CMSIS/Device/ST/STM32G4xx/Include -I../Drivers/CMSIS/Include -O0 -ffunction-sections -fdata-sections -Wall -fstack-usage -fcyclomatic-complexity -MMD -MP -MF"Core/Src/_ADCn_INx_SD_BL.d" -MT"Core/Src/_ADCn_INx_SD_BL.o" --specs=nano.specs -mfpu=fpv4-sp-d16 -mfloat-abi=hard -mthumb -o "Core/Src/_ADCn_INx_SD_BL.o"
arm-none-eabi-gcc "../Core/Src/_ADCn_INx_SSC.c" -mcpu=cortex-m4 -std=gnu11 -g3 -DDEBUG -DARM_MATH_CM4 -DUSE_HAL_DRIVER -DSTM32G4A1xx -c -I../Core/Inc -I"C:/Users/moshte/Desktop/moshte/Firmware projects/CubeIDE/Workspace/semgdaq_/Firmware/semgdaq/Drivers/CMSIS/DSP/Include" -I../Drivers/STM32G4xx_HAL_Driver/Inc -I../Drivers/STM32G4xx_HAL_Driver/Inc/Legacy -I../Drivers/CMSIS/Device/ST/STM32G4xx/Include -I../Drivers/CMSIS/Include -O0 -ffunction-sections -fdata-sections -Wall -fstack-usage -fcyclomatic-complexity -MMD -MP -MF"Core/Src/_ADCn_INx_SSC.d" -MT"Core/Src/_ADCn_INx_SSC.o" --specs=nano.specs -mfpu=fpv4-sp-d16 -mfloat-abi=hard -mthumb -o "Core/Src/_ADCn_INx_SSC.o"
arm-none-eabi-gcc "../Core/Src/_ADCn_INx_STFT.c" -mcpu=cortex-m4 -std=gnu11 -g3 -DDEBUG -DARM_MATH_CM4 -DUSE_HAL_DRIVER -DSTM32G4A1xx -c -I../Core/Inc -I"C:/Users/moshte/Desktop/moshte/Firmware projects/CubeIDE/Workspace/semgdaq_/Firmware/semgdaq/Drivers/CMSIS/DSP/Include" -I../Drivers/STM32G4xx_HAL_Driver/Inc -I../Drivers/STM32G4xx_HAL_Driver/Inc/Legacy -I../Drivers/CMSIS/Device/ST/STM32G4xx/Include -I../Drivers/CMSIS/Include -O0 -ffunction-sections -fdata-sections -Wall -fstack-usage -fcyclomatic-complexity -MMD -MP -MF"Core/Src/_ADCn_INx_STFT.d" -MT"Core/Src/_ADCn_INx_STFT.o" --specs=nano.specs -mfpu=fpv4-sp-d16 -mfloat-abi=hard -mthumb -o "Core/Src/_ADCn_INx_STFT.o"
arm-none-eabi-gcc "../Core/Src/_ADCn_INx_TKEO.c" -mcpu=cortex-m4 -std=gnu11 -g3 -DDEBUG -DARM_MATH_CM4 -DUSE_HAL_DRIVER -DSTM32G4A1xx -c -I../Core/Inc -I"C:/Users/moshte/Desktop/moshte/Firmware projects/CubeIDE/Workspace/semgdaq_/Firmware/semgdaq/Drivers/CMSIS/DSP/Include" -I../Drivers/STM32G4xx_HAL_Driver/Inc -I../Drivers/STM32G4xx_HAL_Driver/Inc/Legacy -I../Drivers/CMSIS/Device/ST/STM32G4xx/Include -I../Drivers/CMSIS/Include -O0 -ffunction-sections -fdata-sections -Wall -fstack-usage -fcyclomatic-complexity -MMD -MP -MF"Core/Src/_ADCn_INx_TKEO.d" -MT"Core/Src/_ADCn_INx_TKEO.o" --specs=nano.specs -mfpu=fpv4-sp-d16 -mfloat-abi=hard -mthumb -o "Core/Src/_ADCn_INx_TKEO.o"
arm-none-eabi-gcc "../Core/Src/_DMA_Sort.c" -mcpu=cortex-m4 -std=gnu11 -g3 -DDEBUG -DARM_MATH_CM4 -DUSE_HAL_DRIVER -DSTM32G4A1xx -c -I../Core/Inc -I"C:/Users/moshte/Desktop/moshte/Firmware projects/CubeIDE/Workspace/semgdaq_/Firmware/semgdaq/Drivers/CMSIS/DSP/Include" -I../Drivers/STM32G4xx_HAL_Driver/Inc -I../Drivers/STM32G4xx_HAL_Driver/Inc/Legacy -I../Drivers/CMSIS/Device/ST/STM32G4xx/Include -I../Drivers/CMSIS/Include -O0 -ffunction-sections -fdata-sections -Wall -fstack-usage -fcyclomatic-complexity -MMD -MP -MF"Core/Src/_DMA_Sort.d" -MT"Core/Src/_DMA_Sort.o" --specs=nano.specs -mfpu=fpv4-sp-d16 -mfloat-abi=hard -mthumb -o "Core/Src/_DMA_Sort.o"
arm-none-eabi-gcc "../Core/Src/main.c" -mcpu=cortex-m4 -std=gnu11 -g3 -DDEBUG -DARM_MATH_CM4 -DUSE_HAL_DRIVER -DSTM32G4A1xx -c -I../Core/Inc -I"C:/Users/moshte/Desktop/moshte/Firmware projects/CubeIDE/Workspace/semgdaq_/Firmware/semgdaq/Drivers/CMSIS/DSP/Include" -I../Drivers/STM32G4xx_HAL_Driver/Inc -I../Drivers/STM32G4xx_HAL_Driver/Inc/Legacy -I../Drivers/CMSIS/Device/ST/STM32G4xx/Include -I../Drivers/CMSIS/Include -O0 -ffunction-sections -fdata-sections -Wall -fstack-usage -fcyclomatic-complexity -MMD -MP -MF"Core/Src/main.d" -MT"Core/Src/main.o" --specs=nano.specs -mfpu=fpv4-sp-d16 -mfloat-abi=hard -mthumb -o "Core/Src/main.o"
arm-none-eabi-gcc -o "semgdaq.elf" @"objects.list"  -larm_cortexM4lf_math -mcpu=cortex-m4 -T"C:\Users\moshte\Desktop\moshte\Firmware projects\CubeIDE\Workspace\semgdaq_\Firmware\semgdaq\STM32G4A1VETX_FLASH.ld" --specs=nosys.specs -Wl,-Map="semgdaq.map" -Wl,--gc-sections -static -L"C:\Users\moshte\Desktop\moshte\Firmware projects\CubeIDE\Workspace\semgdaq_\Firmware\semgdaq\Drivers\CMSIS\Lib\GCC" --specs=nano.specs -mfpu=fpv4-sp-d16 -mfloat-abi=hard -mthumb -Wl,--start-group -lc -lm -Wl,--end-group
Finished building target: semgdaq.elf
 
arm-none-eabi-size  semgdaq.elf 
arm-none-eabi-objdump -h -S semgdaq.elf  > "semgdaq.list"
   text	   data	    bss	    dec	    hex	filename
 130308	  30944	  83344	 244596	  3bb74	semgdaq.elf
Finished building: default.size.stdout
 
Finished building: semgdaq.list
 
